 CipherShed

 Timestamp is 5679e8c0 (Wed Dec 23 00:20:16 2015)

 Preferred load address is 00400000

 Start         Length     Name                   Class
 0001:00000000 0008bcdeH .text                   CODE
 0001:0008bce0 00004138H .text$x                 CODE
 0001:0008fe20 00000217H .text$yc                CODE
 0001:00090040 00000216H .text$yd                CODE
 0002:00000000 000005fcH .idata$5                DATA
 0002:000005fc 00000004H .CRT$XCA                DATA
 0002:00000600 0000000cH .CRT$XCC                DATA
 0002:0000060c 0000002cH .CRT$XCU                DATA
 0002:00000638 00000004H .CRT$XCZ                DATA
 0002:0000063c 00000004H .CRT$XIA                DATA
 0002:00000640 00000014H .CRT$XIC                DATA
 0002:00000654 00000004H .CRT$XID                DATA
 0002:00000658 00000004H .CRT$XIY                DATA
 0002:0000065c 00000004H .CRT$XIZ                DATA
 0002:00000660 00000004H .CRT$XPA                DATA
 0002:00000664 00000004H .CRT$XPX                DATA
 0002:00000668 00000004H .CRT$XPXA               DATA
 0002:0000066c 00000004H .CRT$XPZ                DATA
 0002:00000670 00000004H .CRT$XTA                DATA
 0002:00000674 00000004H .CRT$XTZ                DATA
 0002:00000680 00018f58H .rdata                  DATA
 0002:000195d8 00001520H .rdata$r                DATA
 0002:0001ab00 000003b8H .rdata$sxdata           DATA
 0002:0001aeb8 00000004H .rtc$IAA                DATA
 0002:0001aebc 00000004H .rtc$IZZ                DATA
 0002:0001aec0 00000004H .rtc$TAA                DATA
 0002:0001aec4 00000004H .rtc$TZZ                DATA
 0002:0001aec8 000060e4H .xdata$x                DATA
 0002:00020fac 00000000H ATL$__a                 DATA
 0002:00020fac 00000000H ATL$__z                 DATA
 0002:00020fac 000000dcH .idata$2                DATA
 0002:00021088 00000014H .idata$3                DATA
 0002:0002109c 000005fcH .idata$4                DATA
 0002:00021698 00001ad8H .idata$6                DATA
 0002:00023170 00000000H .edata                  DATA
 0003:00000000 00004e3cH .data                   DATA
 0003:00004e40 0002fc80H .bss                    DATA
 0004:00000000 00001008H .rsrc$01                DATA
 0004:00001010 000b7970H .rsrc$02                DATA

  Address         Publics by Value              Rva+Base       Lib:Object

 0000:00000000       __except_list              00000000     <absolute>
 0000:000000ee       ___safe_se_handler_count   000000ee     <absolute>
 0000:00000000       ___ImageBase               00400000     <linker-defined>
 0001:00000000       ??1bad_alloc@std@@UAE@XZ   00401000 f i Favorites.obj
 0001:00000010       ??_Gbad_alloc@std@@UAEPAXI@Z 00401010 f i Favorites.obj
 0001:00000010       ??_Ebad_alloc@std@@UAEPAXI@Z 00401010 f i Favorites.obj
 0001:00000040       ??3@YAXPAX0@Z              00401040 f i Favorites.obj
 0001:00000050       ?compare@?$char_traits@D@std@@SAHPBD0I@Z 00401050 f i Favorites.obj
 0001:000000d0       ??1Container@ForEach@CipherShed@@UAE@XZ 004010d0 f i Favorites.obj
 0001:000000e0       ??_GContainer@ForEach@CipherShed@@UAEPAXI@Z 004010e0 f i Favorites.obj
 0001:000000e0       ??_EContainer@ForEach@CipherShed@@UAEPAXI@Z 004010e0 f i Favorites.obj
 0001:00000120       ?empty@?$vector@UFavoriteVolume@CipherShed@@V?$allocator@UFavoriteVolume@CipherShed@@@std@@@std@@QBE_NXZ 00401120 f i Favorites.obj
 0001:00000150       ??A?$vector@UFavoriteVolume@CipherShed@@V?$allocator@UFavoriteVolume@CipherShed@@@std@@@std@@QAEAAUFavoriteVolume@CipherShed@@I@Z 00401150 f i Favorites.obj
 0001:00000190       ??D?$_Vector_const_iterator@UFavoriteVolume@CipherShed@@V?$allocator@UFavoriteVolume@CipherShed@@@std@@@std@@QBEABUFavoriteVolume@CipherShed@@XZ 00401190 f i Favorites.obj
 0001:000001c0       ?c_str@?$basic_string@DU?$char_traits@D@std@@V?$allocator@D@2@@std@@QBEPBDXZ 004011c0 f i Favorites.obj
 0001:000001c0       ?_Myptr@?$basic_string@DU?$char_traits@D@std@@V?$allocator@D@2@@std@@IBEPBDXZ 004011c0 f i Favorites.obj
 0001:000001d0       ??Y?$_Vector_const_iterator@UFavoriteVolume@CipherShed@@V?$allocator@UFavoriteVolume@CipherShed@@@std@@@std@@QAEAAV01@H@Z 004011d0 f i Favorites.obj
 0001:00000230       ??$_Allocate@UFavoriteVolume@CipherShed@@@std@@YAPAUFavoriteVolume@CipherShed@@IPAU12@@Z 00401230 f i Favorites.obj
 0001:000002a0       ??0bad_alloc@std@@QAE@ABV01@@Z 004012a0 f i Favorites.obj
 0001:000002c0       ??$_Allocate@D@std@@YAPADIPAD@Z 004012c0 f i Favorites.obj
 0001:000002c0       ??$_Allocate@E@std@@YAPAEIPAE@Z 004012c0 f i Dlgcode.obj
 0001:00000320       ??$_Allocate@_W@std@@YAPA_WIPA_W@Z 00401320 f i Favorites.obj
 0001:00000380       ??A?$basic_string@DU?$char_traits@D@std@@V?$allocator@D@2@@std@@QAEAADI@Z 00401380 f i Favorites.obj
 0001:000003b0       ?find@?$basic_string@DU?$char_traits@D@std@@V?$allocator@D@2@@std@@QBEIPBDII@Z 004013b0 f i Favorites.obj
 0001:00000470       ?rfind@?$basic_string@DU?$char_traits@D@std@@V?$allocator@D@2@@std@@QBEIPBDII@Z 00401470 f i Favorites.obj
 0001:00000520       ?compare@?$basic_string@DU?$char_traits@D@std@@V?$allocator@D@2@@std@@QBEHIIPBDI@Z 00401520 f i Favorites.obj
 0001:00000590       ??0?$_String_const_iterator@_WU?$char_traits@_W@std@@V?$allocator@_W@2@@std@@QAE@PB_WPBV_Container_base_secure@1@@Z 00401590 f i Favorites.obj
 0001:000005f0       ??$copy_s@U?$char_traits@D@std@@@_Traits_helper@std@@YAPADPADIPBDI@Z 004015f0 f i Favorites.obj
 0001:00000620       ??$copy_s@U?$char_traits@_W@std@@@_Traits_helper@std@@YAPA_WPA_WIPB_WI@Z 00401620 f i Favorites.obj
 0001:00000810       ?find@?$basic_string@DU?$char_traits@D@std@@V?$allocator@D@2@@std@@QBEIPBDI@Z 00401810 f i Favorites.obj
 0001:00000840       ?rfind@?$basic_string@DU?$char_traits@D@std@@V?$allocator@D@2@@std@@QBEIPBDI@Z 00401840 f i Favorites.obj
 0001:00000870       ??H?$_Vector_iterator@UFavoriteVolume@CipherShed@@V?$allocator@UFavoriteVolume@CipherShed@@@std@@@std@@QBE?AV01@H@Z 00401870 f i Favorites.obj
 0001:000008b0       ?_Tidy@?$basic_string@DU?$char_traits@D@std@@V?$allocator@D@2@@std@@IAEX_NI@Z 004018b0 f i Favorites.obj
 0001:00000900       ?_Buynode@?$list@UFavoriteVolume@CipherShed@@V?$allocator@UFavoriteVolume@CipherShed@@@std@@@std@@IAEPAU_Node@?$_List_nod@UFavoriteVolume@CipherShed@@V?$allocator@UFavoriteVolume@CipherShed@@@std@@@2@XZ 00401900 f i Favorites.obj
 0001:00000920       ?erase@?$basic_string@DU?$char_traits@D@std@@V?$allocator@D@2@@std@@QAEAAV12@II@Z 00401920 f i Favorites.obj
 0001:000009b0       ?erase@?$basic_string@_WU?$char_traits@_W@std@@V?$allocator@_W@2@@std@@QAEAAV12@II@Z 004019b0 f i Favorites.obj
 0001:00000a50       ?_Copy@?$basic_string@DU?$char_traits@D@std@@V?$allocator@D@2@@std@@IAEXII@Z 00401a50 f i Favorites.obj
 0001:00000b90       ?_Copy@?$basic_string@_WU?$char_traits@_W@std@@V?$allocator@_W@2@@std@@IAEXII@Z 00401b90 f i Favorites.obj
 0001:00000ce0       ??$?8DU?$char_traits@D@std@@V?$allocator@D@1@@std@@YA_NABV?$basic_string@DU?$char_traits@D@std@@V?$allocator@D@2@@0@PBD@Z 00401ce0 f i Favorites.obj
 0001:00000d20       ??$?8DU?$char_traits@D@std@@V?$allocator@D@1@@std@@YA_NABV?$basic_string@DU?$char_traits@D@std@@V?$allocator@D@2@@0@0@Z 00401d20 f i Favorites.obj
 0001:00000d50       ?Show@ErrorException@CipherShed@@UBEXPAUHWND__@@@Z 00401d50 f i Favorites.obj
 0001:00000d90       ??0FavoriteVolume@CipherShed@@QAE@XZ 00401d90 f i Favorites.obj
 0001:00000de0       ??1FavoriteVolume@CipherShed@@QAE@XZ 00401de0 f i Favorites.obj
 0001:00000e70       ??1FavoriteVolumesDlgProcArguments@CipherShed@@QAE@XZ 00401e70 f i Favorites.obj
 0001:00000e80       ?begin@?$vector@UFavoriteVolume@CipherShed@@V?$allocator@UFavoriteVolume@CipherShed@@@std@@@std@@QAE?AV?$_Vector_iterator@UFavoriteVolume@CipherShed@@V?$allocator@UFavoriteVolume@CipherShed@@@std@@@2@XZ 00401e80 f i Favorites.obj
 0001:00000eb0       ?assign@?$basic_string@DU?$char_traits@D@std@@V?$allocator@D@2@@std@@QAEAAV12@ABV12@II@Z 00401eb0 f i Favorites.obj
 0001:00000f90       ?assign@?$basic_string@_WU?$char_traits@_W@std@@V?$allocator@_W@2@@std@@QAEAAV12@ABV12@II@Z 00401f90 f i Favorites.obj
 0001:00001090       ?erase@?$basic_string@_WU?$char_traits@_W@std@@V?$allocator@_W@2@@std@@QAE?AV?$_String_iterator@_WU?$char_traits@_W@std@@V?$allocator@_W@2@@2@V?$_String_const_iterator@_WU?$char_traits@_W@std@@V?$allocator@_W@2@@2@0@Z 00402090 f i Favorites.obj
 0001:00001170       ?assign@?$basic_string@DU?$char_traits@D@std@@V?$allocator@D@2@@std@@QAEAAV12@PBDI@Z 00402170 f i Favorites.obj
 0001:00001250       ?append@?$basic_string@_WU?$char_traits@_W@std@@V?$allocator@_W@2@@std@@QAEAAV12@ABV12@II@Z 00402250 f i Favorites.obj
 0001:00001360       ?append@?$basic_string@_WU?$char_traits@_W@std@@V?$allocator@_W@2@@std@@QAEAAV12@PB_WI@Z 00402360 f i Favorites.obj
 0001:00001480       ?assign@?$basic_string@_WU?$char_traits@_W@std@@V?$allocator@_W@2@@std@@QAEAAV12@PB_WI@Z 00402480 f i Favorites.obj
 0001:00001570       ??0?$basic_string@DU?$char_traits@D@std@@V?$allocator@D@2@@std@@QAE@ABV01@@Z 00402570 f i Favorites.obj
 0001:000015a0       ?clear@?$basic_string@_WU?$char_traits@_W@std@@V?$allocator@_W@2@@std@@QAEXXZ 004025a0 f i Favorites.obj
 0001:00001640       ??0?$list@UFavoriteVolume@CipherShed@@V?$allocator@UFavoriteVolume@CipherShed@@@std@@@std@@QAE@XZ 00402640 f i Favorites.obj
 0001:000016b0       ??4?$basic_string@DU?$char_traits@D@std@@V?$allocator@D@2@@std@@QAEAAV01@PBD@Z 004026b0 f i Favorites.obj
 0001:000016b0       ?assign@?$basic_string@DU?$char_traits@D@std@@V?$allocator@D@2@@std@@QAEAAV12@PBD@Z 004026b0 f i Favorites.obj
 0001:000016e0       ??0logic_error@std@@QAE@ABV?$basic_string@DU?$char_traits@D@std@@V?$allocator@D@2@@1@@Z 004026e0 f i Favorites.obj
 0001:00001750       ??0length_error@std@@QAE@ABV?$basic_string@DU?$char_traits@D@std@@V?$allocator@D@2@@1@@Z 00402750 f i Favorites.obj
 0001:00001770       ??1length_error@std@@UAE@XZ 00402770 f i Favorites.obj
 0001:00001770       ??1out_of_range@std@@UAE@XZ 00402770 f i Dictionary.obj
 0001:000017b0       ??0FavoriteVolume@CipherShed@@QAE@ABU01@@Z 004027b0 f i Favorites.obj
 0001:000018b0       ??0?$basic_string@DU?$char_traits@D@std@@V?$allocator@D@2@@std@@QAE@PBD@Z 004028b0 f i Favorites.obj
 0001:000018f0       ??4?$basic_string@DU?$char_traits@D@std@@V?$allocator@D@2@@std@@QAEAAV01@ABV01@@Z 004028f0 f i Favorites.obj
 0001:00001910       ?substr@?$basic_string@DU?$char_traits@D@std@@V?$allocator@D@2@@std@@QBE?AV12@II@Z 00402910 f i Favorites.obj
 0001:00001950       ??0?$basic_string@_WU?$char_traits@_W@std@@V?$allocator@_W@2@@std@@QAE@PB_W@Z 00402950 f i Favorites.obj
 0001:00001990       ??Y?$basic_string@_WU?$char_traits@_W@std@@V?$allocator@_W@2@@std@@QAEAAV01@ABV01@@Z 00402990 f i Favorites.obj
 0001:000019b0       ??Y?$basic_string@_WU?$char_traits@_W@std@@V?$allocator@_W@2@@std@@QAEAAV01@PB_W@Z 004029b0 f i Favorites.obj
 0001:000019e0       ?substr@?$basic_string@_WU?$char_traits@_W@std@@V?$allocator@_W@2@@std@@QBE?AV12@II@Z 004029e0 f i Favorites.obj
 0001:00001a20       ??0logic_error@std@@QAE@ABV01@@Z 00402a20 f i Favorites.obj
 0001:00001aa0       ?_Incsize@?$list@UFavoriteVolume@CipherShed@@V?$allocator@UFavoriteVolume@CipherShed@@@std@@@std@@IAEXI@Z 00402aa0 f i Favorites.obj
 0001:00001b40       ??0length_error@std@@QAE@ABV01@@Z 00402b40 f i Favorites.obj
 0001:00001b60       ??$?H_WU?$char_traits@_W@std@@V?$allocator@_W@1@@std@@YA?AV?$basic_string@_WU?$char_traits@_W@std@@V?$allocator@_W@2@@0@ABV10@PB_W@Z 00402b60 f i Favorites.obj
 0001:00001c30       ??$?H_WU?$char_traits@_W@std@@V?$allocator@_W@1@@std@@YA?AV?$basic_string@_WU?$char_traits@_W@std@@V?$allocator@_W@2@@0@ABV10@0@Z 00402c30 f i Favorites.obj
 0001:00001ce0       ??$?H_WU?$char_traits@_W@std@@V?$allocator@_W@1@@std@@YA?AV?$basic_string@_WU?$char_traits@_W@std@@V?$allocator@_W@2@@0@PB_WABV10@@Z 00402ce0 f i Favorites.obj
 0001:00001da0       ??$_Construct@UFavoriteVolume@CipherShed@@U12@@std@@YAXPAUFavoriteVolume@CipherShed@@ABU12@@Z 00402da0 f i Favorites.obj
 0001:00001f70       ??4FavoriteVolume@CipherShed@@QAEAAU01@ABU01@@Z 00402f70 f i Favorites.obj
 0001:000024b0       ?_Buy@?$vector@UFavoriteVolume@CipherShed@@V?$allocator@UFavoriteVolume@CipherShed@@@std@@@std@@IAE_NI@Z 004034b0 f i Favorites.obj
 0001:00002500       ??$swap@UFavoriteVolume@CipherShed@@@std@@YAXAAUFavoriteVolume@CipherShed@@0@Z 00403500 f i Favorites.obj
 0001:000025a0       ??$_Uninit_fill_n@PAUFavoriteVolume@CipherShed@@IU12@V?$allocator@UFavoriteVolume@CipherShed@@@std@@@std@@YAXPAUFavoriteVolume@CipherShed@@IABU12@AAV?$allocator@UFavoriteVolume@CipherShed@@@0@U_Nonscalar_ptr_iterator_tag@0@U_Range_checked_iterator_tag@0@@Z 004035a0 f i Favorites.obj
 0001:00002640       ??$_Uninit_copy@PAUFavoriteVolume@CipherShed@@PAU12@V?$allocator@UFavoriteVolume@CipherShed@@@std@@@std@@YAPAUFavoriteVolume@CipherShed@@PAU12@00AAV?$allocator@UFavoriteVolume@CipherShed@@@0@U_Nonscalar_ptr_iterator_tag@0@U_Range_checked_iterator_tag@0@@Z 00403640 f i Favorites.obj
 0001:00002640       ??$_Uninit_copy@PBUFavoriteVolume@CipherShed@@PAU12@V?$allocator@UFavoriteVolume@CipherShed@@@std@@@std@@YAPAUFavoriteVolume@CipherShed@@PBU12@0PAU12@AAV?$allocator@UFavoriteVolume@CipherShed@@@0@U_Nonscalar_ptr_iterator_tag@0@U_Range_checked_iterator_tag@0@@Z 00403640 f i Favorites.obj
 0001:000026e0       ?erase@?$list@UFavoriteVolume@CipherShed@@V?$allocator@UFavoriteVolume@CipherShed@@@std@@@std@@QAE?AV?$_Iterator@$00@12@V?$_Const_iterator@$00@12@@Z 004036e0 f i Favorites.obj
 0001:00002770       ?clear@?$list@UFavoriteVolume@CipherShed@@V?$allocator@UFavoriteVolume@CipherShed@@@std@@@std@@QAEXXZ 00403770 f i Favorites.obj
 0001:000027b0       ?_Tidy@?$list@UFavoriteVolume@CipherShed@@V?$allocator@UFavoriteVolume@CipherShed@@@std@@@std@@IAEXXZ 004037b0 f i Favorites.obj
 0001:000027d0       ?_Buynode@?$list@UFavoriteVolume@CipherShed@@V?$allocator@UFavoriteVolume@CipherShed@@@std@@@std@@IAEPAU_Node@?$_List_nod@UFavoriteVolume@CipherShed@@V?$allocator@UFavoriteVolume@CipherShed@@@std@@@2@PAU342@0ABUFavoriteVolume@CipherShed@@@Z 004037d0 f i Favorites.obj
 0001:00002870       ??$fill@PAUFavoriteVolume@CipherShed@@U12@@std@@YAXPAUFavoriteVolume@CipherShed@@0ABU12@@Z 00403870 f i Favorites.obj
 0001:000028a0       ??$_Copy_opt@PAUFavoriteVolume@CipherShed@@PAU12@@std@@YAPAUFavoriteVolume@CipherShed@@PAU12@00Urandom_access_iterator_tag@0@U_Nonscalar_ptr_iterator_tag@0@U_Range_checked_iterator_tag@0@@Z 004038a0 f i Favorites.obj
 0001:000028f0       ??$_Copy_backward_opt@PAUFavoriteVolume@CipherShed@@PAU12@@std@@YAPAUFavoriteVolume@CipherShed@@PAU12@00Urandom_access_iterator_tag@0@U_Nonscalar_ptr_iterator_tag@0@U_Range_checked_iterator_tag@0@@Z 004038f0 f i Favorites.obj
 0001:00002950       ?_Destroy@?$vector@UFavoriteVolume@CipherShed@@V?$allocator@UFavoriteVolume@CipherShed@@@std@@@std@@IAEXPAUFavoriteVolume@CipherShed@@0@Z 00403950 f i Favorites.obj
 0001:00002980       ?_Tidy@?$vector@UFavoriteVolume@CipherShed@@V?$allocator@UFavoriteVolume@CipherShed@@@std@@@std@@IAEXXZ 00403980 f i Favorites.obj
 0001:000029d0       ?_Ufill@?$vector@UFavoriteVolume@CipherShed@@V?$allocator@UFavoriteVolume@CipherShed@@@std@@@std@@IAEPAUFavoriteVolume@CipherShed@@PAU34@IABU34@@Z 004039d0 f i Favorites.obj
 0001:00002a10       ??$unchecked_copy@PAUFavoriteVolume@CipherShed@@PAU12@@stdext@@YAPAUFavoriteVolume@CipherShed@@PAU12@00@Z 00403a10 f i Favorites.obj
 0001:00002a40       ??$_Insert@V?$_Const_iterator@$00@?$list@UFavoriteVolume@CipherShed@@V?$allocator@UFavoriteVolume@CipherShed@@@std@@@std@@@?$list@UFavoriteVolume@CipherShed@@V?$allocator@UFavoriteVolume@CipherShed@@@std@@@std@@QAEXV?$_Const_iterator@$00@01@00Uforward_iterator_tag@1@@Z 00403a40 f i Favorites.obj
 0001:00002ba0       ??1?$ContainerForward@V?$list@UFavoriteVolume@CipherShed@@V?$allocator@UFavoriteVolume@CipherShed@@@std@@@std@@@ForEach@CipherShed@@UAE@XZ 00403ba0 f i Favorites.obj
 0001:00002be0       ??1?$vector@UFavoriteVolume@CipherShed@@V?$allocator@UFavoriteVolume@CipherShed@@@std@@@std@@QAE@XZ 00403be0 f i Favorites.obj
 0001:00002c00       ?erase@?$vector@UFavoriteVolume@CipherShed@@V?$allocator@UFavoriteVolume@CipherShed@@@std@@@std@@QAE?AV?$_Vector_iterator@UFavoriteVolume@CipherShed@@V?$allocator@UFavoriteVolume@CipherShed@@@std@@@2@V?$_Vector_const_iterator@UFavoriteVolume@CipherShed@@V?$allocator@UFavoriteVolume@CipherShed@@@std@@@2@@Z 00403c00 f i Favorites.obj
 0001:00002c90       ?push_back@?$list@UFavoriteVolume@CipherShed@@V?$allocator@UFavoriteVolume@CipherShed@@@std@@@std@@QAEXABUFavoriteVolume@CipherShed@@@Z 00403c90 f i Favorites.obj
 0001:00002cd0       ?erase@?$vector@UFavoriteVolume@CipherShed@@V?$allocator@UFavoriteVolume@CipherShed@@@std@@@std@@QAE?AV?$_Vector_iterator@UFavoriteVolume@CipherShed@@V?$allocator@UFavoriteVolume@CipherShed@@@std@@@2@V?$_Vector_const_iterator@UFavoriteVolume@CipherShed@@V?$allocator@UFavoriteVolume@CipherShed@@@std@@@2@0@Z 00403cd0 f i Favorites.obj
 0001:00002d90       ??$_Ucopy@PAUFavoriteVolume@CipherShed@@@?$vector@UFavoriteVolume@CipherShed@@V?$allocator@UFavoriteVolume@CipherShed@@@std@@@std@@IAEPAUFavoriteVolume@CipherShed@@PAU23@00@Z 00403d90 f i Favorites.obj
 0001:00002d90       ??$_Umove@PAUFavoriteVolume@CipherShed@@@?$vector@UFavoriteVolume@CipherShed@@V?$allocator@UFavoriteVolume@CipherShed@@@std@@@std@@IAEPAUFavoriteVolume@CipherShed@@PAU23@00@Z 00403d90 f i Favorites.obj
 0001:00002dc0       ??$_Unchecked_move_backward@PAUFavoriteVolume@CipherShed@@PAU12@@stdext@@YAPAUFavoriteVolume@CipherShed@@PAU12@00@Z 00403dc0 f i Favorites.obj
 0001:00002df0       ??0?$vector@UFavoriteVolume@CipherShed@@V?$allocator@UFavoriteVolume@CipherShed@@@std@@@std@@QAE@ABV01@@Z 00403df0 f i Favorites.obj
 0001:00002ee0       ??1?$ContainerForward@V?$vector@UFavoriteVolume@CipherShed@@V?$allocator@UFavoriteVolume@CipherShed@@@std@@@std@@@ForEach@CipherShed@@UAE@XZ 00403ee0 f i Favorites.obj
 0001:00002f10       ?clear@?$vector@UFavoriteVolume@CipherShed@@V?$allocator@UFavoriteVolume@CipherShed@@@std@@@std@@QAEXXZ 00403f10 f i Favorites.obj
 0001:00002f50       ?_Insert_n@?$vector@UFavoriteVolume@CipherShed@@V?$allocator@UFavoriteVolume@CipherShed@@@std@@@std@@IAEXV?$_Vector_const_iterator@UFavoriteVolume@CipherShed@@V?$allocator@UFavoriteVolume@CipherShed@@@std@@@2@IABUFavoriteVolume@CipherShed@@@Z 00403f50 f i Favorites.obj
 0001:00003320       ??0?$ContainerForward@V?$vector@UFavoriteVolume@CipherShed@@V?$allocator@UFavoriteVolume@CipherShed@@@std@@@std@@@ForEach@CipherShed@@QAE@ABV?$vector@UFavoriteVolume@CipherShed@@V?$allocator@UFavoriteVolume@CipherShed@@@std@@@std@@@Z 00404320 f i Favorites.obj
 0001:000033c0       ?Next@?$ContainerForward@V?$vector@UFavoriteVolume@CipherShed@@V?$allocator@UFavoriteVolume@CipherShed@@@std@@@std@@@ForEach@CipherShed@@UBEXXZ 004043c0 f i Favorites.obj
 0001:000033f0       ??_E?$ContainerForward@V?$vector@UFavoriteVolume@CipherShed@@V?$allocator@UFavoriteVolume@CipherShed@@@std@@@std@@@ForEach@CipherShed@@UAEPAXI@Z 004043f0 f i Favorites.obj
 0001:000033f0       ??_G?$ContainerForward@V?$vector@UFavoriteVolume@CipherShed@@V?$allocator@UFavoriteVolume@CipherShed@@@std@@@std@@@ForEach@CipherShed@@UAEPAXI@Z 004043f0 f i Favorites.obj
 0001:00003430       ??0?$list@UFavoriteVolume@CipherShed@@V?$allocator@UFavoriteVolume@CipherShed@@@std@@@std@@QAE@ABV01@@Z 00404430 f i Favorites.obj
 0001:000034e0       ??4?$vector@UFavoriteVolume@CipherShed@@V?$allocator@UFavoriteVolume@CipherShed@@@std@@@std@@QAEAAV01@ABV01@@Z 004044e0 f i Favorites.obj
 0001:00003660       ?insert@?$vector@UFavoriteVolume@CipherShed@@V?$allocator@UFavoriteVolume@CipherShed@@@std@@@std@@QAE?AV?$_Vector_iterator@UFavoriteVolume@CipherShed@@V?$allocator@UFavoriteVolume@CipherShed@@@std@@@2@V?$_Vector_const_iterator@UFavoriteVolume@CipherShed@@V?$allocator@UFavoriteVolume@CipherShed@@@std@@@2@ABUFavoriteVolume@CipherShed@@@Z 00404660 f i Favorites.obj
 0001:00003720       ??$GetContainerForward@V?$vector@UFavoriteVolume@CipherShed@@V?$allocator@UFavoriteVolume@CipherShed@@@std@@@std@@@ForEach@CipherShed@@SA?AU?$ContainerForward@V?$vector@UFavoriteVolume@CipherShed@@V?$allocator@UFavoriteVolume@CipherShed@@@std@@@std@@@01@ABV?$vector@UFavoriteVolume@CipherShed@@V?$allocator@UFavoriteVolume@CipherShed@@@std@@@std@@@Z 00404720 f i Favorites.obj
 0001:00003740       ??0?$ContainerForward@V?$list@UFavoriteVolume@CipherShed@@V?$allocator@UFavoriteVolume@CipherShed@@@std@@@std@@@ForEach@CipherShed@@QAE@ABV?$list@UFavoriteVolume@CipherShed@@V?$allocator@UFavoriteVolume@CipherShed@@@std@@@std@@@Z 00404740 f i Favorites.obj
 0001:000037d0       ?Next@?$ContainerForward@V?$list@UPartition@CipherShed@@V?$allocator@UPartition@CipherShed@@@std@@@std@@@ForEach@CipherShed@@UBEXXZ 004047d0 f i BootEncryption.obj
 0001:000037d0       ?Next@?$ContainerForward@V?$list@UFavoriteVolume@CipherShed@@V?$allocator@UFavoriteVolume@CipherShed@@@std@@@std@@@ForEach@CipherShed@@UBEXXZ 004047d0 f i Favorites.obj
 0001:000037d0       ?Next@?$ContainerForward@V?$list@KV?$allocator@K@std@@@std@@@ForEach@CipherShed@@UBEXXZ 004047d0 f i Dlgcode.obj
 0001:000037d0       ?Next@?$ContainerForward@V?$list@V?$basic_string@DU?$char_traits@D@std@@V?$allocator@D@2@@std@@V?$allocator@V?$basic_string@DU?$char_traits@D@std@@V?$allocator@D@2@@std@@@2@@std@@@ForEach@CipherShed@@UBEXXZ 004047d0 f i Mount.obj
 0001:000037d0       ?Next@?$ContainerForward@V?$list@USecurityTokenKeyfile@CipherShed@@V?$allocator@USecurityTokenKeyfile@CipherShed@@@std@@@std@@@ForEach@CipherShed@@UBEXXZ 004047d0 f i Dlgcode.obj
 0001:000037d0       ?Next@?$ContainerForward@V?$list@USecurityTokenKeyfilePath@CipherShed@@V?$allocator@USecurityTokenKeyfilePath@CipherShed@@@std@@@std@@@ForEach@CipherShed@@UBEXXZ 004047d0 f i Keyfiles.obj
 0001:000037d0       ?Next@?$ContainerForward@V?$list@USecurityTokenInfo@CipherShed@@V?$allocator@USecurityTokenInfo@CipherShed@@@std@@@std@@@ForEach@CipherShed@@UBEXXZ 004047d0 f i Dlgcode.obj
 0001:00003810       ?IsNotEnd@?$ContainerForward@V?$list@USecurityTokenKeyfile@CipherShed@@V?$allocator@USecurityTokenKeyfile@CipherShed@@@std@@@std@@@ForEach@CipherShed@@UBE_NXZ 00404810 f i Dlgcode.obj
 0001:00003810       ?IsNotEnd@?$ContainerForward@V?$list@UFavoriteVolume@CipherShed@@V?$allocator@UFavoriteVolume@CipherShed@@@std@@@std@@@ForEach@CipherShed@@UBE_NXZ 00404810 f i Favorites.obj
 0001:00003810       ?IsNotEnd@?$ContainerForward@V?$list@USecurityTokenInfo@CipherShed@@V?$allocator@USecurityTokenInfo@CipherShed@@@std@@@std@@@ForEach@CipherShed@@UBE_NXZ 00404810 f i Dlgcode.obj
 0001:00003810       ?IsNotEnd@?$ContainerForward@V?$list@KV?$allocator@K@std@@@std@@@ForEach@CipherShed@@UBE_NXZ 00404810 f i Dlgcode.obj
 0001:00003810       ?IsNotEnd@?$ContainerForward@V?$list@V?$basic_string@DU?$char_traits@D@std@@V?$allocator@D@2@@std@@V?$allocator@V?$basic_string@DU?$char_traits@D@std@@V?$allocator@D@2@@std@@@2@@std@@@ForEach@CipherShed@@UBE_NXZ 00404810 f i Mount.obj
 0001:00003810       ?IsNotEnd@?$ContainerForward@V?$list@UPartition@CipherShed@@V?$allocator@UPartition@CipherShed@@@std@@@std@@@ForEach@CipherShed@@UBE_NXZ 00404810 f i BootEncryption.obj
 0001:00003810       ?IsNotEnd@?$ContainerForward@V?$list@USecurityTokenKeyfilePath@CipherShed@@V?$allocator@USecurityTokenKeyfilePath@CipherShed@@@std@@@std@@@ForEach@CipherShed@@UBE_NXZ 00404810 f i Keyfiles.obj
 0001:00003850       ??_G?$ContainerForward@V?$list@UFavoriteVolume@CipherShed@@V?$allocator@UFavoriteVolume@CipherShed@@@std@@@std@@@ForEach@CipherShed@@UAEPAXI@Z 00404850 f i Favorites.obj
 0001:00003850       ??_E?$ContainerForward@V?$list@UFavoriteVolume@CipherShed@@V?$allocator@UFavoriteVolume@CipherShed@@@std@@@std@@@ForEach@CipherShed@@UAEPAXI@Z 00404850 f i Favorites.obj
 0001:00004090       ?GetFavoriteVolumeLabel@CipherShed@@YA?AV?$basic_string@_WU?$char_traits@_W@std@@V?$allocator@_W@2@@std@@ABV?$basic_string@DU?$char_traits@D@std@@V?$allocator@D@2@@3@@Z 00405090 f   Favorites.obj
 0001:00004e00       ?push_back@?$vector@UFavoriteVolume@CipherShed@@V?$allocator@UFavoriteVolume@CipherShed@@@std@@@std@@QAEXABUFavoriteVolume@CipherShed@@@Z 00405e00 f i Favorites.obj
 0001:00004eb0       ??$GetContainerForward@V?$list@UFavoriteVolume@CipherShed@@V?$allocator@UFavoriteVolume@CipherShed@@@std@@@std@@@ForEach@CipherShed@@SA?AU?$ContainerForward@V?$list@UFavoriteVolume@CipherShed@@V?$allocator@UFavoriteVolume@CipherShed@@@std@@@std@@@01@ABV?$list@UFavoriteVolume@CipherShed@@V?$allocator@UFavoriteVolume@CipherShed@@@std@@@std@@@Z 00405eb0 f i Favorites.obj
 0001:00004ed0       ?LoadFavoriteVolumes@CipherShed@@YAXAAV?$vector@UFavoriteVolume@CipherShed@@V?$allocator@UFavoriteVolume@CipherShed@@@std@@@std@@_N1@Z 00405ed0 f   Favorites.obj
 0001:000067b0       ??0Exception@CipherShed@@QAE@ABU01@@Z 004077b0 f i Favorites.obj
 0001:000067c0       ??1ErrorException@CipherShed@@QAE@XZ 004077c0 f i Favorites.obj
 0001:000067f0       ??0ErrorException@CipherShed@@QAE@ABU01@@Z 004077f0 f i Favorites.obj
 0001:00006830       ?LoadFavoriteVolumes@CipherShed@@YAXXZ 00407830 f   Favorites.obj
 0001:000068b0       ?OrganizeFavoriteVolumes@CipherShed@@YAHPAUHWND__@@_NABUFavoriteVolume@1@@Z 004078b0 f   Favorites.obj
 0001:000069e0       ?UpdateDeviceHostedFavoriteVolumes@CipherShed@@YAXXZ 004079e0 f   Favorites.obj
 0001:00006a40       ?AddMountedVolumeToFavorites@CipherShed@@YAHPAUHWND__@@H_N@Z 00407a40 f   Favorites.obj
 0001:00007080       _GetKeyName                00408080 f   Hotkeys.obj
 0001:000078b0       _UnregisterAllHotkeys      004088b0 f   Hotkeys.obj
 0001:000078e0       _RegisterAllHotkeys        004088e0 f   Hotkeys.obj
 0001:00007d70       _HotkeysDlgProc@16         00408d70 f   Hotkeys.obj
 0001:00008450       ?AtlThrowImpl@ATL@@YGXJ@Z  00409450 f i MainCom.obj
 0001:00008470       ??1CComBSTR@ATL@@QAE@XZ    00409470 f i MainCom.obj
 0001:00008480       ?GetElevatedInstance@@YAPAUICipherShedMainCom@@PAUHWND__@@@Z 00409480 f   MainCom.obj
 0001:000084d0       ??1?$CAtlSafeAllocBufferManager@VCCRTAllocator@ATL@@@_ATL_SAFE_ALLOCA_IMPL@ATL@@QAE@XZ 004094d0 f i MainCom.obj
 0001:000084f0       _IsEqualGUID               004094f0 f i MainCom.obj
 0001:00008560       ?AtlThrowLastWin32@ATL@@YGXXZ 00409560 f i MainCom.obj
 0001:00008580       ?AddRef@CipherShedMainCom@@UAGKXZ 00409580 f i MainCom.obj
 0001:000085a0       ?QueryInterface@CipherShedMainCom@@UAGJABU_GUID@@PAPAX@Z 004095a0 f i MainCom.obj
 0001:00008600       ?AnalyzeKernelMiniDump@CipherShedMainCom@@UAGXJ@Z 00409600 f i MainCom.obj
 0001:00008620       ?CallDriver@CipherShedMainCom@@UAGKKPA_WPAPA_W@Z 00409620 f i MainCom.obj
 0001:00008640       ?CopyFileA@CipherShedMainCom@@UAGKPA_W0@Z 00409640 f i MainCom.obj
 0001:00008660       ?DeleteFileA@CipherShedMainCom@@UAGKPA_W@Z 00409660 f i MainCom.obj
 0001:00008670       ?IsPagingFileActive@CipherShedMainCom@@UAGHH@Z 00409670 f i MainCom.obj
 0001:00008680       ?ReadWriteFile@CipherShedMainCom@@UAGKHHPA_WPAPA_W_KIPAK@Z 00409680 f i MainCom.obj
 0001:000086c0       ?RegisterFilterDriver@CipherShedMainCom@@UAGKHH@Z 004096c0 f i MainCom.obj
 0001:000086e0       ?RegisterSystemFavoritesService@CipherShedMainCom@@UAGKH@Z 004096e0 f i MainCom.obj
 0001:000086f0       ?SetDriverServiceStartType@CipherShedMainCom@@UAGKK@Z 004096f0 f i MainCom.obj
 0001:00008700       ?WriteLocalMachineRegistryDwordValue@CipherShedMainCom@@UAGKPA_W0K@Z 00409700 f i MainCom.obj
 0001:00008720       ?AddRef@?$CipherShedFactory@VCipherShedMainCom@@@@UAGKXZ 00409720 f i MainCom.obj
 0001:00008740       ?QueryInterface@?$CipherShedFactory@VCipherShedMainCom@@@@UAGJABU_GUID@@PAPAX@Z 00409740 f i MainCom.obj
 0001:000087a0       ?LockServer@?$CipherShedFactory@VCipherShedMainCom@@@@UAGJH@Z 004097a0 f i MainCom.obj
 0001:000087f0       ?IsServerLocked@?$CipherShedFactory@VCipherShedMainCom@@@@UAE_NXZ 004097f0 f i MainCom.obj
 0001:00008800       ??$AtlConvAllocMemory@D@ATL@@YAXPAPADHPADH@Z 00409800 f i MainCom.obj
 0001:00008890       ??0CComBSTR@ATL@@QAE@PBD@Z 00409890 f i MainCom.obj
 0001:00008930       ?Release@CipherShedMainCom@@UAGKXZ 00409930 f i MainCom.obj
 0001:00008990       ??0UserAbort@CipherShed@@QAE@ABU01@@Z 00409990 f i MainCom.obj
 0001:000089a0       ??1?$CW2AEX@$0IA@@ATL@@QAE@XZ 004099a0 f i MainCom.obj
 0001:000089c0       ?Release@?$CipherShedFactory@VCipherShedMainCom@@@@UAGKXZ 004099c0 f i MainCom.obj
 0001:00008a00       ?Init@?$CW2AEX@$0IA@@ATL@@AAEXPB_WI@Z 00409a00 f i MainCom.obj
 0001:00008ac0       _ComServerMain             00409ac0 f   MainCom.obj
 0001:00008bb0       _UacAnalyzeKernelMiniDump  00409bb0 f   MainCom.obj
 0001:00008c20       _UacBackupVolumeHeader     00409c20 f   MainCom.obj
 0001:00008cb0       _UacRestoreVolumeHeader    00409cb0 f   MainCom.obj
 0001:00008d40       _UacChangePwd              00409d40 f   MainCom.obj
 0001:00008dd0       ?CreateInstance@?$CipherShedFactory@VCipherShedMainCom@@@@UAGJPAUIUnknown@@ABU_GUID@@PAPAX@Z 00409dd0 f i MainCom.obj
 0001:00008e70       ?BackupVolumeHeader@CipherShedMainCom@@UAGHJHPA_W@Z 00409e70 f i MainCom.obj
 0001:00008ee0       ?RestoreVolumeHeader@CipherShedMainCom@@UAGHJPA_W@Z 00409ee0 f i MainCom.obj
 0001:00008f40       ?ChangePassword@CipherShedMainCom@@UAGHPA_WPAUPassword@@1HJ@Z 00409f40 f i MainCom.obj
 0001:00008fc0       ?swprintf@@YAHPA_WPB_WZZ   00409fc0 f i Mount.obj
 0001:00008fe0       _wmemcmp                   00409fe0 f i Mount.obj
 0001:00009020       ?_Incref@facet@locale@std@@QAEXXZ 0040a020 f i Mount.obj
 0001:00009050       ?_Decref@facet@locale@std@@QAEPAV123@XZ 0040a050 f i Mount.obj
 0001:00009090       ??1facet@locale@std@@UAE@XZ 0040a090 f i Mount.obj
 0001:000090a0       ??1locale@std@@QAE@XZ      0040a0a0 f i Mount.obj
 0001:000090f0       ?getloc@ios_base@std@@QBE?AVlocale@2@XZ 0040a0f0 f i Mount.obj
 0001:00009130       _ConvertUTF16toUTF8s       0040a130 f i Mount.obj
 0001:00009160       _VolumeSelected            0040a160 f   Mount.obj
 0001:00009190       _LoadSettings              0040a190 f   Mount.obj
 0001:00009830       _WholeSysDriveEncryption   0040a830 f   Mount.obj
 0001:00009910       ?GetSysEncDeviceSize@@YA_KH@Z 0040a910 f   Mount.obj
 0001:000099b0       ?GetSysEncDeviceEncryptedPartSize@@YA_KH@Z 0040a9b0 f   Mount.obj
 0001:00009c90       _TCBootLoaderOnInactiveSysEncDrive 0040ac90 f   Mount.obj
 0001:0000a280       _PasswordChangeDlgProc@16  0040b280 f   Mount.obj
 0001:0000b390       _GetCipherBlockSizeByDriveNo 0040c390 f   Mount.obj
 0001:0000b480       _GetModeOfOperationByDriveNo 0040c480 f   Mount.obj
 0001:0000b500       ?TravelerDlgProc@@YGHPAUHWND__@@IIJ@Z 0040c500 f   Mount.obj
 0001:0000bdf0       _GetSelectedLong           0040cdf0 f   Mount.obj
 0001:0000be60       _GetItemLong               0040ce60 f   Mount.obj
 0001:0000c2e0       _ExtractCommandLine        0040d2e0 f   Mount.obj
 0001:0000d440       _TaskBarIconAdd            0040e440 f   Mount.obj
 0001:0000d5a0       _TaskBarIconRemove         0040e5a0 f   Mount.obj
 0001:0000d650       _TaskBarIconChange         0040e650 f   Mount.obj
 0001:0000d740       _DismountIdleVolumes       0040e740 f   Mount.obj
 0001:0000db10       _ChangeMainWindowVisibility 0040eb10 f   Mount.obj
 0001:0000db70       ?SetDriverConfigurationFlag@@YAXIH@Z 0040eb70 f   Mount.obj
 0001:0000dcc0       _HookMouseWheel            0040ecc0 f   Mount.obj
 0001:0000dd00       ??1?$basic_ios@_WU?$char_traits@_W@std@@@std@@UAE@XZ 0040ed00 f i BootEncryption.obj
 0001:0000dd00       ??1?$basic_ios@DU?$char_traits@D@std@@@std@@UAE@XZ 0040ed00 f i Mount.obj
 0001:0000dd10       ??1?$basic_istream@DU?$char_traits@D@std@@@std@@UAE@XZ 0040ed10 f i Mount.obj
 0001:0000dd20       ??1?$basic_iostream@DU?$char_traits@D@std@@@std@@UAE@XZ 0040ed20 f i Mount.obj
 0001:0000dd50       ??_Glocale@std@@QAEPAXI@Z  0040ed50 f i Mount.obj
 0001:0000ddc0       ?_Pnavail@?$basic_streambuf@_WU?$char_traits@_W@std@@@std@@IBEHXZ 0040edc0 f i BootEncryption.obj
 0001:0000ddc0       ?_Pnavail@?$basic_streambuf@DU?$char_traits@D@std@@@std@@IBEHXZ 0040edc0 f i Mount.obj
 0001:0000dde0       ?_Tidy@?$basic_stringbuf@DU?$char_traits@D@std@@V?$allocator@D@2@@std@@IAEXXZ 0040ede0 f i Mount.obj
 0001:0000dde0       ?_Tidy@?$basic_stringbuf@_WU?$char_traits@_W@std@@V?$allocator@_W@2@@std@@IAEXXZ 0040ede0 f i BootEncryption.obj
 0001:0000de40       ??1_Sentry_base@?$basic_ostream@DU?$char_traits@D@std@@@std@@QAE@XZ 0040ee40 f i Mount.obj
 0001:0000de40       ??1_Sentry_base@?$basic_ostream@_WU?$char_traits@_W@std@@@std@@QAE@XZ 0040ee40 f i BootEncryption.obj
 0001:0000de60       ?_Chassign@?$basic_string@DU?$char_traits@D@std@@V?$allocator@D@2@@std@@IAEXIID@Z 0040ee60 f i Mount.obj
 0001:0000dec0       ??$_Allocate@UHostDevice@@@std@@YAPAUHostDevice@@IPAU1@@Z 0040eec0 f i Mount.obj
 0001:0000df20       ?compare@?$basic_string@_WU?$char_traits@_W@std@@V?$allocator@_W@2@@std@@QBEHIIPB_WI@Z 0040ef20 f i Mount.obj
 0001:0000df90       ??$_Copy_opt@PAUHostDevice@@PAU1@Uforward_iterator_tag@std@@@std@@YAPAUHostDevice@@PAU1@00Uforward_iterator_tag@0@U_Nonscalar_ptr_iterator_tag@0@U_Range_checked_iterator_tag@0@@Z 0040ef90 f i Mount.obj
 0001:0000dfd0       ??0?$ctype@D@std@@QAE@ABV_Locinfo@1@I@Z 0040efd0 f i Mount.obj
 0001:0000e010       ?do_tolower@?$ctype@D@std@@MBEDD@Z 0040f010 f i Mount.obj
 0001:0000e030       ?do_tolower@?$ctype@D@std@@MBEPBDPADPBD@Z 0040f030 f i Mount.obj
 0001:0000e060       ?do_toupper@?$ctype@D@std@@MBEDD@Z 0040f060 f i Mount.obj
 0001:0000e080       ?do_toupper@?$ctype@D@std@@MBEPBDPADPBD@Z 0040f080 f i Mount.obj
 0001:0000e0b0       ?do_widen@?$ctype@D@std@@MBEDD@Z 0040f0b0 f i Mount.obj
 0001:0000e0c0       ?do_widen@?$ctype@D@std@@MBEPBDPBD0PAD@Z 0040f0c0 f i Mount.obj
 0001:0000e0f0       ?_Do_widen_s@?$ctype@D@std@@MBEPBDPBD0PADI@Z 0040f0f0 f i Mount.obj
 0001:0000e130       ?do_narrow@?$ctype@D@std@@MBEDDD@Z 0040f130 f i Mount.obj
 0001:0000e140       ?do_narrow@?$ctype@D@std@@MBEPBDPBD0DPAD@Z 0040f140 f i Mount.obj
 0001:0000e170       ?_Do_narrow_s@?$ctype@D@std@@MBEPBDPBD0DPADI@Z 0040f170 f i Mount.obj
 0001:0000e1b0       ??_E?$ctype@D@std@@MAEPAXI@Z 0040f1b0 f i Mount.obj
 0001:0000e1b0       ??_G?$ctype@D@std@@MAEPAXI@Z 0040f1b0 f i Mount.obj
 0001:0000e390       _EnableDisableButtons      0040f390 f   Mount.obj
 0001:0000e560       ?ActiveSysEncDeviceSelected@@YAHXZ 0040f560 f   Mount.obj
 0001:0000e670       _SaveSettings              0040f670 f   Mount.obj
 0001:0000ea90       _CheckSysEncMountWithoutPBA 0040fa90 f   Mount.obj
 0001:0000ecb0       _SelectItem                0040fcb0 f   Mount.obj
 0001:0000eda0       ?PreferencesDlgProc@@YGHPAUHWND__@@IIJ@Z 0040fda0 f   Mount.obj
 0001:0000f560       _MountOptionsDlgProc@16    00410560 f   Mount.obj
 0001:0000fd10       ??1?$basic_streambuf@DU?$char_traits@D@std@@@std@@UAE@XZ 00410d10 f i Mount.obj
 0001:0000fd80       ?pbackfail@?$basic_streambuf@DU?$char_traits@D@std@@@std@@MAEHH@Z 00410d80 f i Mount.obj
 0001:0000fd80       ?overflow@?$basic_streambuf@DU?$char_traits@D@std@@@std@@MAEHH@Z 00410d80 f i Mount.obj
 0001:0000fd90       ?underflow@?$basic_streambuf@DU?$char_traits@D@std@@@std@@MAEHXZ 00410d90 f i Mount.obj
 0001:0000fda0       ?xsgetn@?$basic_streambuf@_WU?$char_traits@_W@std@@@std@@MAEHPA_WH@Z 00410da0 f i BootEncryption.obj
 0001:0000fda0       ?xsgetn@?$basic_streambuf@DU?$char_traits@D@std@@@std@@MAEHPADH@Z 00410da0 f i Mount.obj
 0001:0000fdc0       ?uflow@?$basic_streambuf@DU?$char_traits@D@std@@@std@@MAEHXZ 00410dc0 f i Mount.obj
 0001:0000fdf0       ?seekpos@?$basic_streambuf@_WU?$char_traits@_W@std@@@std@@MAE?AV?$fpos@H@2@V32@H@Z 00410df0 f i BootEncryption.obj
 0001:0000fdf0       ?seekpos@?$basic_streambuf@DU?$char_traits@D@std@@@std@@MAE?AV?$fpos@H@2@V32@H@Z 00410df0 f i Mount.obj
 0001:0000fe10       ?pbackfail@?$basic_stringbuf@DU?$char_traits@D@std@@V?$allocator@D@2@@std@@MAEHH@Z 00410e10 f i Mount.obj
 0001:0000fe60       ?underflow@?$basic_stringbuf@DU?$char_traits@D@std@@V?$allocator@D@2@@std@@MAEHXZ 00410e60 f i Mount.obj
 0001:0000fed0       ?seekoff@?$basic_stringbuf@DU?$char_traits@D@std@@V?$allocator@D@2@@std@@MAE?AV?$fpos@H@2@JHH@Z 00410ed0 f i Mount.obj
 0001:00010030       ?seekpos@?$basic_stringbuf@DU?$char_traits@D@std@@V?$allocator@D@2@@std@@MAE?AV?$fpos@H@2@V32@H@Z 00411030 f i Mount.obj
 0001:00010100       ??_G?$basic_ostream@DU?$char_traits@D@std@@@std@@UAEPAXI@Z 00411100 f i Mount.obj
 0001:00010100       ??_E?$basic_ostream@DU?$char_traits@D@std@@@std@@UAEPAXI@Z 00411100 f i Mount.obj
 0001:00010140       ??_E?$basic_istream@DU?$char_traits@D@std@@@std@@UAEPAXI@Z 00411140 f i Mount.obj
 0001:00010140       ??_G?$basic_istream@DU?$char_traits@D@std@@@std@@UAEPAXI@Z 00411140 f i Mount.obj
 0001:00010180       ??_E?$basic_streambuf@DU?$char_traits@D@std@@@std@@UAEPAXI@Z 00411180 f i Mount.obj
 0001:00010180       ??_G?$basic_streambuf@DU?$char_traits@D@std@@@std@@UAEPAXI@Z 00411180 f i Mount.obj
 0001:000101a0       ??_E?$basic_iostream@DU?$char_traits@D@std@@@std@@UAEPAXI@Z 004111a0 f i Mount.obj
 0001:000101a0       ??_G?$basic_iostream@DU?$char_traits@D@std@@@std@@UAEPAXI@Z 004111a0 f i Mount.obj
 0001:00010200       ??_G?$basic_stringbuf@DU?$char_traits@D@std@@V?$allocator@D@2@@std@@UAEPAXI@Z 00411200 f i Mount.obj
 0001:00010200       ??_E?$basic_stringbuf@DU?$char_traits@D@std@@V?$allocator@D@2@@std@@UAEPAXI@Z 00411200 f i Mount.obj
 0001:00010230       ?_Tidy@?$vector@UHostDevice@@V?$allocator@UHostDevice@@@std@@@std@@IAEXXZ 00411230 f i Mount.obj
 0001:00010280       ??0?$basic_streambuf@DU?$char_traits@D@std@@@std@@IAE@XZ 00411280 f i Mount.obj
 0001:00010330       ??0?$_String_const_iterator@DU?$char_traits@D@std@@V?$allocator@D@2@@std@@QAE@PBDPBV_Container_base_secure@1@@Z 00411330 f i Mount.obj
 0001:00010390       ?_Ifmt@?$num_put@_WV?$ostreambuf_iterator@_WU?$char_traits@_W@std@@@std@@@std@@ABAPADPADPBDH@Z 00411390 f i Dlgcode.obj
 0001:00010390       ?_Ifmt@?$num_put@DV?$ostreambuf_iterator@DU?$char_traits@D@std@@@std@@@std@@ABAPADPADPBDH@Z 00411390 f i Mount.obj
 0001:00010420       ?_Tidy@?$numpunct@_W@std@@AAEXXZ 00411420 f i Dlgcode.obj
 0001:00010420       ?_Tidy@?$numpunct@D@std@@AAEXXZ 00411420 f i Mount.obj
 0001:00010450       ??$_Maklocstr@D@std@@YAPADPBDPADABU_Cvtvec@@@Z 00411450 f i Mount.obj
 0001:00010490       ?_Init@?$numpunct@D@std@@IAEXABV_Locinfo@2@_N@Z 00411490 f i Mount.obj
 0001:00010600       ??$_Copy_opt@PAUHostDevice@@PAU1@@std@@YAPAUHostDevice@@PAU1@00Urandom_access_iterator_tag@0@U_Nonscalar_ptr_iterator_tag@0@U_Range_checked_iterator_tag@0@@Z 00411600 f i Mount.obj
 0001:00010660       _EndMainDlg                00411660 f   Mount.obj
 0001:000107a0       ?_Xsgetn_s@?$basic_streambuf@DU?$char_traits@D@std@@@std@@MAEHPADIH@Z 004117a0 f i Mount.obj
 0001:00010830       ?xsputn@?$basic_streambuf@DU?$char_traits@D@std@@@std@@MAEHPBDH@Z 00411830 f i Mount.obj
 0001:000108c0       ??D?$_Const_iterator@$00@?$list@UFavoriteVolume@CipherShed@@V?$allocator@UFavoriteVolume@CipherShed@@@std@@@std@@QBEABUFavoriteVolume@CipherShed@@XZ 004118c0 f i Favorites.obj
 0001:000108c0       ??D?$_Const_iterator@$00@?$list@V?$basic_string@DU?$char_traits@D@std@@V?$allocator@D@2@@std@@V?$allocator@V?$basic_string@DU?$char_traits@D@std@@V?$allocator@D@2@@std@@@2@@std@@QBEABV?$basic_string@DU?$char_traits@D@std@@V?$allocator@D@2@@2@XZ 004118c0 f i Mount.obj
 0001:000108c0       ??D?$_Const_iterator@$00@?$list@USecurityTokenKeyfilePath@CipherShed@@V?$allocator@USecurityTokenKeyfilePath@CipherShed@@@std@@@std@@QBEABUSecurityTokenKeyfilePath@CipherShed@@XZ 004118c0 f i Keyfiles.obj
 0001:000108c0       ??C?$_Iterator@$00@?$list@UFavoriteVolume@CipherShed@@V?$allocator@UFavoriteVolume@CipherShed@@@std@@@std@@QBEPAUFavoriteVolume@CipherShed@@XZ 004118c0 f i Mount.obj
 0001:000108c0       ??D?$_Const_iterator@$00@?$list@USecurityTokenKeyfile@CipherShed@@V?$allocator@USecurityTokenKeyfile@CipherShed@@@std@@@std@@QBEABUSecurityTokenKeyfile@CipherShed@@XZ 004118c0 f i Dlgcode.obj
 0001:000108f0       ??1?$basic_stringstream@DU?$char_traits@D@std@@V?$allocator@D@2@@std@@UAE@XZ 004118f0 f i Mount.obj
 0001:00010980       ?overflow@?$basic_stringbuf@DU?$char_traits@D@std@@V?$allocator@D@2@@std@@MAEHH@Z 00411980 f i Mount.obj
 0001:00010b50       ?_Rep@?$num_put@DV?$ostreambuf_iterator@DU?$char_traits@D@std@@@std@@@std@@ABA?AV?$ostreambuf_iterator@DU?$char_traits@D@std@@@2@V32@DI@Z 00411b50 f i Mount.obj
 0001:00010bc0       ?_Putc@?$num_put@DV?$ostreambuf_iterator@DU?$char_traits@D@std@@@std@@@std@@ABA?AV?$ostreambuf_iterator@DU?$char_traits@D@std@@@2@V32@PBDI@Z 00411bc0 f i Mount.obj
 0001:00010bc0       ?_Put@?$num_put@DV?$ostreambuf_iterator@DU?$char_traits@D@std@@@std@@@std@@ABA?AV?$ostreambuf_iterator@DU?$char_traits@D@std@@@2@V32@PBDI@Z 00411bc0 f i Mount.obj
 0001:00010c30       ?_Putgrouped@?$num_put@DV?$ostreambuf_iterator@DU?$char_traits@D@std@@@std@@@std@@ABA?AV?$ostreambuf_iterator@DU?$char_traits@D@std@@@2@V32@PBDID@Z 00411c30 f i Mount.obj
 0001:00010cd0       ??$?9DU?$char_traits@D@std@@V?$allocator@D@1@@std@@YA_NABV?$basic_string@DU?$char_traits@D@std@@V?$allocator@D@2@@0@0@Z 00411cd0 f i Mount.obj
 0001:00010d00       ??$unchecked_copy@PAUHostDevice@@PAU1@@stdext@@YAPAUHostDevice@@PAU1@00@Z 00411d00 f i Mount.obj
 0001:00010d30       ??0?$numpunct@D@std@@QAE@ABV_Locinfo@1@I_N@Z 00411d30 f i Mount.obj
 0001:00010da0       ?do_decimal_point@?$numpunct@D@std@@MBEDXZ 00411da0 f i Mount.obj
 0001:00010db0       ?do_thousands_sep@?$numpunct@D@std@@MBEDXZ 00411db0 f i Mount.obj
 0001:00010dc0       ??_G?$numpunct@D@std@@MAEPAXI@Z 00411dc0 f i Mount.obj
 0001:00010dc0       ??_E?$numpunct@D@std@@MAEPAXI@Z 00411dc0 f i Mount.obj
 0001:00010e10       ??_D?$basic_stringstream@DU?$char_traits@D@std@@V?$allocator@D@2@@std@@QAEXXZ 00411e10 f i Mount.obj
 0001:00010e30       ??1?$vector@UHostDevice@@V?$allocator@UHostDevice@@@std@@@std@@QAE@XZ 00411e30 f i Mount.obj
 0001:00010e90       ??_G?$basic_stringstream@DU?$char_traits@D@std@@V?$allocator@D@2@@std@@UAEPAXI@Z 00411e90 f i Mount.obj
 0001:00010e90       ??_E?$basic_stringstream@DU?$char_traits@D@std@@V?$allocator@D@2@@std@@UAEPAXI@Z 00411e90 f i Mount.obj
 0001:00010ed0       ?erase@?$basic_string@DU?$char_traits@D@std@@V?$allocator@D@2@@std@@QAE?AV?$_String_iterator@DU?$char_traits@D@std@@V?$allocator@D@2@@2@V?$_String_const_iterator@DU?$char_traits@D@std@@V?$allocator@D@2@@2@0@Z 00411ed0 f i Mount.obj
 0001:00010fb0       ??0?$basic_stringbuf@DU?$char_traits@D@std@@V?$allocator@D@2@@std@@QAE@H@Z 00411fb0 f i Mount.obj
 0001:00011030       ?append@?$basic_string@DU?$char_traits@D@std@@V?$allocator@D@2@@std@@QAEAAV12@ABV12@II@Z 00412030 f i Mount.obj
 0001:00011130       ?append@?$basic_string@DU?$char_traits@D@std@@V?$allocator@D@2@@std@@QAEAAV12@PBDI@Z 00412130 f i Mount.obj
 0001:00011240       ?truename@?$numpunct@_W@std@@QBE?AV?$basic_string@_WU?$char_traits@_W@std@@V?$allocator@_W@2@@2@XZ 00412240 f i Dlgcode.obj
 0001:00011240       ?truename@?$numpunct@D@std@@QBE?AV?$basic_string@DU?$char_traits@D@std@@V?$allocator@D@2@@2@XZ 00412240 f i Mount.obj
 0001:00011260       ?append@?$basic_string@DU?$char_traits@D@std@@V?$allocator@D@2@@std@@QAEAAV12@ID@Z 00412260 f i Mount.obj
 0001:00011310       ?insert@?$basic_string@DU?$char_traits@D@std@@V?$allocator@D@2@@std@@QAEAAV12@IID@Z 00412310 f i Mount.obj
 0001:00011410       ?what@runtime_error@std@@UBEPBDXZ 00412410 f i Mount.obj
 0001:00011410       ?what@logic_error@std@@UBEPBDXZ 00412410 f i Favorites.obj
 0001:00011420       ??_Eruntime_error@std@@UAEPAXI@Z 00412420 f i Mount.obj
 0001:00011420       ??_Efailure@ios_base@std@@UAEPAXI@Z 00412420 f i Mount.obj
 0001:00011420       ??_Gfailure@ios_base@std@@UAEPAXI@Z 00412420 f i Mount.obj
 0001:00011420       ??_Gruntime_error@std@@UAEPAXI@Z 00412420 f i Mount.obj
 0001:00011470       ??0_Locinfo@std@@QAE@ABV?$basic_string@DU?$char_traits@D@std@@V?$allocator@D@2@@1@@Z 00412470 f i Mount.obj
 0001:00011500       ??1_Locinfo@std@@QAE@XZ    00412500 f i Mount.obj
 0001:000115e0       ??1HostDevice@@QAE@XZ      004125e0 f i Mount.obj
 0001:00011690       ?VolumePropertiesDlgProc@@YGHPAUHWND__@@IIJ@Z 00412690 f   Mount.obj
 0001:00012240       ??1?$ContainerForward@V?$vector@UHostDevice@@V?$allocator@UHostDevice@@@std@@@std@@@ForEach@CipherShed@@UAE@XZ 00413240 f i Mount.obj
 0001:00012460       ??1Partition@CipherShed@@QAE@XZ 00413460 f i Mount.obj
 0001:00012570       ?erase@?$basic_string@DU?$char_traits@D@std@@V?$allocator@D@2@@std@@QAE?AV?$_String_iterator@DU?$char_traits@D@std@@V?$allocator@D@2@@2@V?$_String_const_iterator@DU?$char_traits@D@std@@V?$allocator@D@2@@2@@Z 00413570 f i Mount.obj
 0001:00012610       ?clear@?$basic_string@DU?$char_traits@D@std@@V?$allocator@D@2@@std@@QAEXXZ 00413610 f i Mount.obj
 0001:000126b0       ?insert@?$basic_string@DU?$char_traits@D@std@@V?$allocator@D@2@@std@@QAEAAV12@IABV12@II@Z 004136b0 f i Mount.obj
 0001:00012820       ??Y?$basic_string@DU?$char_traits@D@std@@V?$allocator@D@2@@std@@QAEAAV01@ABV01@@Z 00413820 f i Mount.obj
 0001:00012840       ??Y?$basic_string@DU?$char_traits@D@std@@V?$allocator@D@2@@std@@QAEAAV01@PBD@Z 00413840 f i Mount.obj
 0001:00012870       ?insert@?$basic_string@DU?$char_traits@D@std@@V?$allocator@D@2@@std@@QAEAAV12@IPBDI@Z 00413870 f i Mount.obj
 0001:000129e0       ??$?HDU?$char_traits@D@std@@V?$allocator@D@1@@std@@YA?AV?$basic_string@DU?$char_traits@D@std@@V?$allocator@D@2@@0@ABV10@PBD@Z 004139e0 f i Mount.obj
 0001:00012aa0       ??$?HDU?$char_traits@D@std@@V?$allocator@D@1@@std@@YA?AV?$basic_string@DU?$char_traits@D@std@@V?$allocator@D@2@@0@DABV10@@Z 00413aa0 f i Mount.obj
 0001:00012b40       ??$?HDU?$char_traits@D@std@@V?$allocator@D@1@@std@@YA?AV?$basic_string@DU?$char_traits@D@std@@V?$allocator@D@2@@0@ABV10@D@Z 00413b40 f i Mount.obj
 0001:00012bf0       ??$?HDU?$char_traits@D@std@@V?$allocator@D@1@@std@@YA?AV?$basic_string@DU?$char_traits@D@std@@V?$allocator@D@2@@0@ABV10@0@Z 00413bf0 f i Mount.obj
 0001:00012ca0       ??$_Construct@V?$basic_string@DU?$char_traits@D@std@@V?$allocator@D@2@@std@@V12@@std@@YAXPAV?$basic_string@DU?$char_traits@D@std@@V?$allocator@D@2@@0@ABV10@@Z 00413ca0 f i Mount.obj
 0001:00012d10       ??0runtime_error@std@@QAE@ABV?$basic_string@DU?$char_traits@D@std@@V?$allocator@D@2@@1@@Z 00413d10 f i Mount.obj
 0001:00012d80       ?name@locale@std@@QBE?AV?$basic_string@DU?$char_traits@D@std@@V?$allocator@D@2@@2@XZ 00413d80 f i Mount.obj
 0001:00012db0       ?_Getcat@?$ctype@D@std@@SAIPAPBVfacet@locale@2@PBV42@@Z 00413db0 f i Mount.obj
 0001:00012eb0       ??1failure@ios_base@std@@UAE@XZ 00413eb0 f i Mount.obj
 0001:00012fb0       ?str@?$basic_stringbuf@DU?$char_traits@D@std@@V?$allocator@D@2@@std@@QBE?AV?$basic_string@DU?$char_traits@D@std@@V?$allocator@D@2@@2@XZ 00413fb0 f i Mount.obj
 0001:00013100       ?_Incsize@?$list@V?$basic_string@DU?$char_traits@D@std@@V?$allocator@D@2@@std@@V?$allocator@V?$basic_string@DU?$char_traits@D@std@@V?$allocator@D@2@@std@@@2@@std@@IAEXI@Z 00414100 f i Mount.obj
 0001:00013100       ?_Incsize@?$list@USecurityTokenKeyfilePath@CipherShed@@V?$allocator@USecurityTokenKeyfilePath@CipherShed@@@std@@@std@@IAEXI@Z 00414100 f i Dlgcode.obj
 0001:000131a0       ?do_falsename@?$numpunct@D@std@@MBE?AV?$basic_string@DU?$char_traits@D@std@@V?$allocator@D@2@@2@XZ 004141a0 f i Mount.obj
 0001:000131f0       ?do_truename@?$numpunct@D@std@@MBE?AV?$basic_string@DU?$char_traits@D@std@@V?$allocator@D@2@@2@XZ 004141f0 f i Mount.obj
 0001:00013240       ??$use_facet@V?$ctype@D@std@@@std@@YAABV?$ctype@D@0@ABVlocale@0@@Z 00414240 f i Mount.obj
 0001:00013390       ??$?HDU?$char_traits@D@std@@V?$allocator@D@1@@std@@YA?AV?$basic_string@DU?$char_traits@D@std@@V?$allocator@D@2@@0@PBDABV10@@Z 00414390 f i Mount.obj
 0001:00013450       ?_Getcat@?$num_put@DV?$ostreambuf_iterator@DU?$char_traits@D@std@@@std@@@std@@SAIPAPBVfacet@locale@2@PBV42@@Z 00414450 f i Mount.obj
 0001:00013560       ?_Getcat@?$numpunct@D@std@@SAIPAPBVfacet@locale@2@PBV42@@Z 00414560 f i Mount.obj
 0001:00013670       ?erase@?$list@V?$basic_string@DU?$char_traits@D@std@@V?$allocator@D@2@@std@@V?$allocator@V?$basic_string@DU?$char_traits@D@std@@V?$allocator@D@2@@std@@@2@@std@@QAE?AV?$_Iterator@$00@12@V?$_Const_iterator@$00@12@@Z 00414670 f i Mount.obj
 0001:00013710       ?clear@ios_base@std@@QAEXH_N@Z 00414710 f i Mount.obj
 0001:00013840       ??0runtime_error@std@@QAE@ABV01@@Z 00414840 f i Mount.obj
 0001:000138c0       ??0failure@ios_base@std@@QAE@ABV012@@Z 004148c0 f i Mount.obj
 0001:000138e0       ?_Init@ios_base@std@@IAEXXZ 004148e0 f i Mount.obj
 0001:00013960       _LoadDriveLetters          00414960 f   Mount.obj
 0001:000147d0       _PasswordDlgProc@16        004157d0 f   Mount.obj
 0001:00015160       _BuildTree                 00416160 f   Mount.obj
 0001:00015460       _CreateRescueDisk          00416460 f   Mount.obj
 0001:000158a0       _BackupVolumeHeader        004168a0 f   Mount.obj
 0001:00015f00       _RestoreVolumeHeader       00416f00 f   Mount.obj
 0001:00016cb0       _SecurityTokenPreferencesDialog 00417cb0 f   Mount.obj
 0001:00017020       ?str@?$basic_stringstream@DU?$char_traits@D@std@@V?$allocator@D@2@@std@@QBE?AV?$basic_string@DU?$char_traits@D@std@@V?$allocator@D@2@@2@XZ 00418020 f i Mount.obj
 0001:00017040       ?_Buy@?$vector@UHostDevice@@V?$allocator@UHostDevice@@@std@@@std@@IAE_NI@Z 00418040 f i Mount.obj
 0001:00017090       ?clear@?$list@V?$basic_string@DU?$char_traits@D@std@@V?$allocator@D@2@@std@@V?$allocator@V?$basic_string@DU?$char_traits@D@std@@V?$allocator@D@2@@std@@@2@@std@@QAEXXZ 00418090 f i Mount.obj
 0001:000170f0       ?_Buynode@?$list@V?$basic_string@DU?$char_traits@D@std@@V?$allocator@D@2@@std@@V?$allocator@V?$basic_string@DU?$char_traits@D@std@@V?$allocator@D@2@@std@@@2@@std@@IAEPAU_Node@?$_List_nod@V?$basic_string@DU?$char_traits@D@std@@V?$allocator@D@2@@std@@V?$allocator@V?$basic_string@DU?$char_traits@D@std@@V?$allocator@D@2@@std@@@2@@2@PAU342@0ABV?$basic_string@DU?$char_traits@D@std@@V?$allocator@D@2@@2@@Z 004180f0 f i Mount.obj
 0001:00017190       ?widen@?$basic_ios@DU?$char_traits@D@std@@@std@@QBEDD@Z 00418190 f i Mount.obj
 0001:00017250       ??$use_facet@V?$num_put@DV?$ostreambuf_iterator@DU?$char_traits@D@std@@@std@@@std@@@std@@YAABV?$num_put@DV?$ostreambuf_iterator@DU?$char_traits@D@std@@@std@@@0@ABVlocale@0@@Z 00418250 f i Mount.obj
 0001:000173a0       ??$use_facet@V?$numpunct@D@std@@@std@@YAABV?$numpunct@D@0@ABVlocale@0@@Z 004183a0 f i Mount.obj
 0001:000174f0       ?RefreshMainDlg@@YAXPAUHWND__@@@Z 004184f0 f   Mount.obj
 0001:000185c0       ?_Tidy@?$list@V?$basic_string@DU?$char_traits@D@std@@V?$allocator@D@2@@std@@V?$allocator@V?$basic_string@DU?$char_traits@D@std@@V?$allocator@D@2@@std@@@2@@std@@IAEXXZ 004195c0 f i Mount.obj
 0001:000185e0       ?do_put@?$num_put@DV?$ostreambuf_iterator@DU?$char_traits@D@std@@@std@@@std@@MBE?AV?$ostreambuf_iterator@DU?$char_traits@D@std@@@2@V32@AAVios_base@2@D_N@Z 004195e0 f i Mount.obj
 0001:00018800       ?clear@?$list@UPartition@CipherShed@@V?$allocator@UPartition@CipherShed@@@std@@@std@@QAEXXZ 00419800 f i Mount.obj
 0001:00018840       ?_Fput@?$num_put@DV?$ostreambuf_iterator@DU?$char_traits@D@std@@@std@@@std@@ABA?AV?$ostreambuf_iterator@DU?$char_traits@D@std@@@2@V32@AAVios_base@2@DPBDIIII@Z 00419840 f i Mount.obj
 0001:00018ed0       ?_Iput@?$num_put@DV?$ostreambuf_iterator@DU?$char_traits@D@std@@@std@@@std@@ABA?AV?$ostreambuf_iterator@DU?$char_traits@D@std@@@2@V32@AAVios_base@2@DPADI@Z 00419ed0 f i Mount.obj
 0001:000191c0       ??$_Insert@V?$_Const_iterator@$00@?$list@V?$basic_string@DU?$char_traits@D@std@@V?$allocator@D@2@@std@@V?$allocator@V?$basic_string@DU?$char_traits@D@std@@V?$allocator@D@2@@std@@@2@@std@@@?$list@V?$basic_string@DU?$char_traits@D@std@@V?$allocator@D@2@@std@@V?$allocator@V?$basic_string@DU?$char_traits@D@std@@V?$allocator@D@2@@std@@@2@@std@@QAEXV?$_Const_iterator@$00@01@00Uforward_iterator_tag@1@@Z 0041a1c0 f i Mount.obj
 0001:00019320       ?flush@?$basic_ostream@_WU?$char_traits@_W@std@@@std@@QAEAAV12@XZ 0041a320 f i BootEncryption.obj
 0001:00019320       ?flush@?$basic_ostream@DU?$char_traits@D@std@@@std@@QAEAAV12@XZ 0041a320 f i Mount.obj
 0001:00019370       ??0?$vector@UHostDevice@@V?$allocator@UHostDevice@@@std@@@std@@QAE@ABV01@@Z 0041a370 f i Mount.obj
 0001:00019480       ??1?$list@V?$basic_string@DU?$char_traits@D@std@@V?$allocator@D@2@@std@@V?$allocator@V?$basic_string@DU?$char_traits@D@std@@V?$allocator@D@2@@std@@@2@@std@@QAE@XZ 0041a480 f i Mount.obj
 0001:000194b0       ?push_back@?$list@V?$basic_string@DU?$char_traits@D@std@@V?$allocator@D@2@@std@@V?$allocator@V?$basic_string@DU?$char_traits@D@std@@V?$allocator@D@2@@std@@@2@@std@@QAEXABV?$basic_string@DU?$char_traits@D@std@@V?$allocator@D@2@@2@@Z 0041a4b0 f i Mount.obj
 0001:000194f0       ?_Destroy@?$vector@UHostDevice@@V?$allocator@UHostDevice@@@std@@@std@@IAEXPAUHostDevice@@0@Z 0041a4f0 f i Mount.obj
 0001:00019520       ?_Tidy@?$list@UPartition@CipherShed@@V?$allocator@UPartition@CipherShed@@@std@@@std@@IAEXXZ 0041a520 f i Mount.obj
 0001:00019540       ?do_put@?$num_put@DV?$ostreambuf_iterator@DU?$char_traits@D@std@@@std@@@std@@MBE?AV?$ostreambuf_iterator@DU?$char_traits@D@std@@@2@V32@AAVios_base@2@DJ@Z 0041a540 f i Mount.obj
 0001:000195c0       ?do_put@?$num_put@DV?$ostreambuf_iterator@DU?$char_traits@D@std@@@std@@@std@@MBE?AV?$ostreambuf_iterator@DU?$char_traits@D@std@@@2@V32@AAVios_base@2@DK@Z 0041a5c0 f i Mount.obj
 0001:00019640       ?do_put@?$num_put@DV?$ostreambuf_iterator@DU?$char_traits@D@std@@@std@@@std@@MBE?AV?$ostreambuf_iterator@DU?$char_traits@D@std@@@2@V32@AAVios_base@2@D_J@Z 0041a640 f i Mount.obj
 0001:000196d0       ?do_put@?$num_put@DV?$ostreambuf_iterator@DU?$char_traits@D@std@@@std@@@std@@MBE?AV?$ostreambuf_iterator@DU?$char_traits@D@std@@@2@V32@AAVios_base@2@D_K@Z 0041a6d0 f i Mount.obj
 0001:00019760       ?do_put@?$num_put@DV?$ostreambuf_iterator@DU?$char_traits@D@std@@@std@@@std@@MBE?AV?$ostreambuf_iterator@DU?$char_traits@D@std@@@2@V32@AAVios_base@2@DN@Z 0041a760 f i Mount.obj
 0001:00019950       ?do_put@?$num_put@DV?$ostreambuf_iterator@DU?$char_traits@D@std@@@std@@@std@@MBE?AV?$ostreambuf_iterator@DU?$char_traits@D@std@@@2@V32@AAVios_base@2@DO@Z 0041a950 f i Mount.obj
 0001:00019b30       ?do_put@?$num_put@DV?$ostreambuf_iterator@DU?$char_traits@D@std@@@std@@@std@@MBE?AV?$ostreambuf_iterator@DU?$char_traits@D@std@@@2@V32@AAVios_base@2@DPBX@Z 0041ab30 f i Mount.obj
 0001:00019ba0       ??0HostDevice@@QAE@ABU0@@Z 0041aba0 f i Mount.obj
 0001:00019ca0       ?_Osfx@?$basic_ostream@_WU?$char_traits@_W@std@@@std@@QAEXXZ 0041aca0 f i BootEncryption.obj
 0001:00019ca0       ?_Osfx@?$basic_ostream@DU?$char_traits@D@std@@@std@@QAEXXZ 0041aca0 f i Mount.obj
 0001:00019d00       ?erase@?$vector@UHostDevice@@V?$allocator@UHostDevice@@@std@@@std@@QAE?AV?$_Vector_iterator@UHostDevice@@V?$allocator@UHostDevice@@@std@@@2@V?$_Vector_const_iterator@UHostDevice@@V?$allocator@UHostDevice@@@std@@@2@0@Z 0041ad00 f i Mount.obj
 0001:00019dc0       ??0?$ContainerForward@V?$vector@UHostDevice@@V?$allocator@UHostDevice@@@std@@@std@@@ForEach@CipherShed@@QAE@ABV?$vector@UHostDevice@@V?$allocator@UHostDevice@@@std@@@std@@@Z 0041adc0 f i Mount.obj
 0001:00019e60       ?Next@?$ContainerForward@V?$vector@UHostDevice@@V?$allocator@UHostDevice@@@std@@@std@@@ForEach@CipherShed@@UBEXXZ 0041ae60 f i Mount.obj
 0001:00019ea0       ??_G?$ContainerForward@V?$vector@UHostDevice@@V?$allocator@UHostDevice@@@std@@@std@@@ForEach@CipherShed@@UAEPAXI@Z 0041aea0 f i Mount.obj
 0001:00019ea0       ??_E?$ContainerForward@V?$vector@UHostDevice@@V?$allocator@UHostDevice@@@std@@@std@@@ForEach@CipherShed@@UAEPAXI@Z 0041aea0 f i Mount.obj
 0001:00019ec0       ??1?$ContainerForward@V?$list@V?$basic_string@DU?$char_traits@D@std@@V?$allocator@D@2@@std@@V?$allocator@V?$basic_string@DU?$char_traits@D@std@@V?$allocator@D@2@@std@@@2@@std@@@ForEach@CipherShed@@UAE@XZ 0041aec0 f i Mount.obj
 0001:00019f00       ??1?$list@UPartition@CipherShed@@V?$allocator@UPartition@CipherShed@@@std@@@std@@QAE@XZ 0041af00 f i Mount.obj
 0001:00019f30       ?clear@?$vector@UHostDevice@@V?$allocator@UHostDevice@@@std@@@std@@QAEXXZ 0041af30 f i Mount.obj
 0001:00019f70       ??0?$basic_iostream@DU?$char_traits@D@std@@@std@@QAE@PAV?$basic_streambuf@DU?$char_traits@D@std@@@1@@Z 0041af70 f i Mount.obj
 0001:0001a050       ??$GetContainerForward@V?$vector@UHostDevice@@V?$allocator@UHostDevice@@@std@@@std@@@ForEach@CipherShed@@SA?AU?$ContainerForward@V?$vector@UHostDevice@@V?$allocator@UHostDevice@@@std@@@std@@@01@ABV?$vector@UHostDevice@@V?$allocator@UHostDevice@@@std@@@std@@@Z 0041b050 f i Mount.obj
 0001:0001a070       ??$?6U?$char_traits@D@std@@@std@@YAAAV?$basic_ostream@DU?$char_traits@D@std@@@0@AAV10@D@Z 0041b070 f i Mount.obj
 0001:0001a2b0       ??$?6U?$char_traits@D@std@@@std@@YAAAV?$basic_ostream@DU?$char_traits@D@std@@@0@AAV10@PBD@Z 0041b2b0 f i Mount.obj
 0001:0001a4c0       ??$?6DU?$char_traits@D@std@@V?$allocator@D@1@@std@@YAAAV?$basic_ostream@DU?$char_traits@D@std@@@0@AAV10@ABV?$basic_string@DU?$char_traits@D@std@@V?$allocator@D@2@@0@@Z 0041b4c0 f i Mount.obj
 0001:0001a740       ??0?$list@V?$basic_string@DU?$char_traits@D@std@@V?$allocator@D@2@@std@@V?$allocator@V?$basic_string@DU?$char_traits@D@std@@V?$allocator@D@2@@std@@@2@@std@@QAE@ABV01@@Z 0041b740 f i Mount.obj
 0001:0001a7f0       ??$_Uninit_copy@PBUHostDevice@@PAU1@V?$allocator@UHostDevice@@@std@@@std@@YAPAUHostDevice@@PBU1@0PAU1@AAV?$allocator@UHostDevice@@@0@U_Nonscalar_ptr_iterator_tag@0@U_Range_checked_iterator_tag@0@@Z 0041b7f0 f i Mount.obj
 0001:0001a7f0       ??$_Uninit_copy@PAUHostDevice@@PAU1@V?$allocator@UHostDevice@@@std@@@std@@YAPAUHostDevice@@PAU1@00AAV?$allocator@UHostDevice@@@0@U_Nonscalar_ptr_iterator_tag@0@U_Range_checked_iterator_tag@0@@Z 0041b7f0 f i Mount.obj
 0001:0001a8a0       ??1SystemDriveConfiguration@CipherShed@@QAE@XZ 0041b8a0 f i Mount.obj
 0001:0001a930       ??6?$basic_ostream@DU?$char_traits@D@std@@@std@@QAEAAV01@G@Z 0041b930 f i Mount.obj
 0001:0001aa80       ??6?$basic_ostream@DU?$char_traits@D@std@@@std@@QAEAAV01@H@Z 0041ba80 f i Mount.obj
 0001:0001abd0       ??6?$basic_ostream@DU?$char_traits@D@std@@@std@@QAEAAV01@I@Z 0041bbd0 f i Mount.obj
 0001:0001abd0       ??6?$basic_ostream@DU?$char_traits@D@std@@@std@@QAEAAV01@K@Z 0041bbd0 f i Dlgcode.obj
 0001:0001ad20       ??0?$basic_stringstream@DU?$char_traits@D@std@@V?$allocator@D@2@@std@@QAE@H@Z 0041bd20 f i Mount.obj
 0001:0001adc0       ??0?$ContainerForward@V?$list@V?$basic_string@DU?$char_traits@D@std@@V?$allocator@D@2@@std@@V?$allocator@V?$basic_string@DU?$char_traits@D@std@@V?$allocator@D@2@@std@@@2@@std@@@ForEach@CipherShed@@QAE@ABV?$list@V?$basic_string@DU?$char_traits@D@std@@V?$allocator@D@2@@std@@V?$allocator@V?$basic_string@DU?$char_traits@D@std@@V?$allocator@D@2@@std@@@2@@std@@@Z 0041bdc0 f i Mount.obj
 0001:0001ae50       ??_G?$ContainerForward@V?$list@V?$basic_string@DU?$char_traits@D@std@@V?$allocator@D@2@@std@@V?$allocator@V?$basic_string@DU?$char_traits@D@std@@V?$allocator@D@2@@std@@@2@@std@@@ForEach@CipherShed@@UAEPAXI@Z 0041be50 f i Mount.obj
 0001:0001ae50       ??_E?$ContainerForward@V?$list@V?$basic_string@DU?$char_traits@D@std@@V?$allocator@D@2@@std@@V?$allocator@V?$basic_string@DU?$char_traits@D@std@@V?$allocator@D@2@@std@@@2@@std@@@ForEach@CipherShed@@UAEPAXI@Z 0041be50 f i Mount.obj
 0001:0001aea0       ??$_Uninit_fill_n@PAUHostDevice@@IU1@V?$allocator@UHostDevice@@@std@@@std@@YAXPAUHostDevice@@IABU1@AAV?$allocator@UHostDevice@@@0@U_Nonscalar_ptr_iterator_tag@0@U_Range_checked_iterator_tag@0@@Z 0041bea0 f i Mount.obj
 0001:0001bbf0       _MountSelectedVolume       0041cbf0 f   Mount.obj
 0001:0001bce0       ?GetExecutableImageInformation@@YAHABV?$basic_string@DU?$char_traits@D@std@@V?$allocator@D@2@@std@@AAV12@111@Z 0041cce0 f   Mount.obj
 0001:0001c110       ??$GetContainerForward@V?$list@V?$basic_string@DU?$char_traits@D@std@@V?$allocator@D@2@@std@@V?$allocator@V?$basic_string@DU?$char_traits@D@std@@V?$allocator@D@2@@std@@@2@@std@@@ForEach@CipherShed@@SA?AU?$ContainerForward@V?$list@V?$basic_string@DU?$char_traits@D@std@@V?$allocator@D@2@@std@@V?$allocator@V?$basic_string@DU?$char_traits@D@std@@V?$allocator@D@2@@std@@@2@@std@@@01@ABV?$list@V?$basic_string@DU?$char_traits@D@std@@V?$allocator@D@2@@std@@V?$allocator@V?$basic_string@DU?$char_traits@D@std@@V?$allocator@D@2@@std@@@2@@std@@@Z 0041d110 f i Mount.obj
 0001:0001c130       _AnalyzeKernelMiniDump     0041d130 f   Mount.obj
 0001:0001de80       ??4?$vector@UHostDevice@@V?$allocator@UHostDevice@@@std@@@std@@QAEAAV01@ABV01@@Z 0041ee80 f i Mount.obj
 0001:0001dff0       ?_Ufill@?$vector@UHostDevice@@V?$allocator@UHostDevice@@@std@@@std@@IAEPAUHostDevice@@PAU3@IABU3@@Z 0041eff0 f i Mount.obj
 0001:0001e030       ??$_Ucopy@PAUHostDevice@@@?$vector@UHostDevice@@V?$allocator@UHostDevice@@@std@@@std@@IAEPAUHostDevice@@PAU2@00@Z 0041f030 f i Mount.obj
 0001:0001e030       ??$_Umove@PAUHostDevice@@@?$vector@UHostDevice@@V?$allocator@UHostDevice@@@std@@@std@@IAEPAUHostDevice@@PAU2@00@Z 0041f030 f i Mount.obj
 0001:0001e060       ??4HostDevice@@QAEAAU0@ABU0@@Z 0041f060 f i Mount.obj
 0001:0001e100       ??$_Copy_backward_opt@PAUHostDevice@@PAU1@Uforward_iterator_tag@std@@@std@@YAPAUHostDevice@@PAU1@00Uforward_iterator_tag@0@U_Nonscalar_ptr_iterator_tag@0@U_Range_checked_iterator_tag@0@@Z 0041f100 f i Mount.obj
 0001:0001e140       ?MountFavoriteVolumes@@YAHHHHABUFavoriteVolume@CipherShed@@@Z 0041f140 f   Mount.obj
 0001:0001e7c0       ??$_Copy_backward_opt@PAUHostDevice@@PAU1@@std@@YAPAUHostDevice@@PAU1@00Urandom_access_iterator_tag@0@U_Nonscalar_ptr_iterator_tag@0@U_Range_checked_iterator_tag@0@@Z 0041f7c0 f i Mount.obj
 0001:0001ea40       ??$fill@PAUHostDevice@@U1@@std@@YAXPAUHostDevice@@0ABU1@@Z 0041fa40 f i Mount.obj
 0001:0001ea70       ??$_Unchecked_move_backward@PAUHostDevice@@PAU1@@stdext@@YAPAUHostDevice@@PAU1@00@Z 0041fa70 f i Mount.obj
 0001:0001eaa0       ?_Insert_n@?$vector@UHostDevice@@V?$allocator@UHostDevice@@@std@@@std@@IAEXV?$_Vector_const_iterator@UHostDevice@@V?$allocator@UHostDevice@@@std@@@2@IABUHostDevice@@@Z 0041faa0 f i Mount.obj
 0001:0001ee50       ?insert@?$vector@UHostDevice@@V?$allocator@UHostDevice@@@std@@@std@@QAE?AV?$_Vector_iterator@UHostDevice@@V?$allocator@UHostDevice@@@std@@@2@V?$_Vector_const_iterator@UHostDevice@@V?$allocator@UHostDevice@@@std@@@2@ABUHostDevice@@@Z 0041fe50 f i Mount.obj
 0001:0001fda0       _MainDialogProc@16         00420da0 f   Mount.obj
 0001:00023460       _WinMain@16                00424460 f   Mount.obj
 0001:000236c0       ?CreateElevatedComObject@@YAJPAUHWND__@@ABU_GUID@@1PAPAX@Z 004246c0 f   BaseCom.obj
 0001:000237a0       ?ComGetInstanceBase@@YAHPAUHWND__@@ABU_GUID@@1PAPAX@Z 004247a0 f   BaseCom.obj
 0001:00023800       ?CallDriver@BaseCom@@SAKKPA_WPAPA_W@Z 00424800 f   BaseCom.obj
 0001:000238e0       ?IsPagingFileActive@BaseCom@@SAHH@Z 004248e0 f   BaseCom.obj
 0001:000238f0       ?RegisterFilterDriver@BaseCom@@SAKHH@Z 004248f0 f   BaseCom.obj
 0001:000239c0       ?RegisterSystemFavoritesService@BaseCom@@SAKH@Z 004249c0 f   BaseCom.obj
 0001:00023a80       ?SetDriverServiceStartType@BaseCom@@SAKK@Z 00424a80 f   BaseCom.obj
 0001:00023b40       ?CopyFileA@BaseCom@@SAKPA_W0@Z 00424b40 f   BaseCom.obj
 0001:00023c40       ?DeleteFileA@BaseCom@@SAKPA_W@Z 00424c40 f   BaseCom.obj
 0001:00023cb0       ?WriteLocalMachineRegistryDwordValue@BaseCom@@SAKPA_W0K@Z 00424cb0 f   BaseCom.obj
 0001:00023db0       ??1File@CipherShed@@QAE@XZ 00424db0 f i BaseCom.obj
 0001:00023e20       ??1?$auto_ptr@VFile@CipherShed@@@std@@QAE@XZ 00424e20 f i BaseCom.obj
 0001:00023e40       ?ReadWriteFile@BaseCom@@SAKHHPA_WPAPA_W_KIPAK@Z 00424e40 f   BaseCom.obj
 0001:00024060       ??0bad_alloc@std@@QAE@XZ   00425060 f i BootEncryption.obj
 0001:00024080       ?AtlCrtErrorCheck@ATL@@YAHH@Z 00425080 f i BootEncryption.obj
 0001:00024120       ?memcpy_s@Checked@ATL@@YAXPAXIPBXI@Z 00425120 f i BootEncryption.obj
 0001:00024150       ?AppendBytes@CComBSTR@ATL@@QAEJPBDH@Z 00425150 f i BootEncryption.obj
 0001:000241e0       ??0Buffer@CipherShed@@QAE@I@Z 004251e0 f i BootEncryption.obj
 0001:00024230       ??1Buffer@CipherShed@@QAE@XZ 00425230 f i BootEncryption.obj
 0001:00024240       ?Close@File@CipherShed@@QAEXXZ 00425240 f   BootEncryption.obj
 0001:00024270       ?IsBootLoaderOnDrive@BootEncryption@CipherShed@@QAE_NPAD@Z 00425270 f   BootEncryption.obj
 0001:00024340       ?GetChecksum@BootEncryption@CipherShed@@IAEIPAEI@Z 00425340 f   BootEncryption.obj
 0001:000243e0       ??1?$basic_istream@_WU?$char_traits@_W@std@@@std@@UAE@XZ 004253e0 f i BootEncryption.obj
 0001:000243f0       ??1?$basic_iostream@_WU?$char_traits@_W@std@@@std@@UAE@XZ 004253f0 f i BootEncryption.obj
 0001:00024420       ??_E?$basic_ios@_WU?$char_traits@_W@std@@@std@@UAEPAXI@Z 00425420 f i BootEncryption.obj
 0001:00024420       ??_E?$basic_ios@DU?$char_traits@D@std@@@std@@UAEPAXI@Z 00425420 f i Mount.obj
 0001:00024420       ??_G?$basic_ios@DU?$char_traits@D@std@@@std@@UAEPAXI@Z 00425420 f i Mount.obj
 0001:00024420       ??_Gios_base@std@@UAEPAXI@Z 00425420 f i Mount.obj
 0001:00024420       ??_Eios_base@std@@UAEPAXI@Z 00425420 f i Mount.obj
 0001:00024420       ??_G?$basic_ios@_WU?$char_traits@_W@std@@@std@@UAEPAXI@Z 00425420 f i BootEncryption.obj
 0001:00024450       ?setg@?$basic_streambuf@_WU?$char_traits@_W@std@@@std@@IAEXPA_W00@Z 00425450 f i BootEncryption.obj
 0001:00024480       ?setp@?$basic_streambuf@_WU?$char_traits@_W@std@@@std@@IAEXPA_W00@Z 00425480 f i BootEncryption.obj
 0001:000244b0       ?_Init@?$basic_streambuf@_WU?$char_traits@_W@std@@@std@@IAEXXZ 004254b0 f i BootEncryption.obj
 0001:000244b0       ?_Init@?$basic_streambuf@DU?$char_traits@D@std@@@std@@IAEXXZ 004254b0 f i Mount.obj
 0001:00024510       ??0?$ctype@_W@std@@QAE@ABV_Locinfo@1@I@Z 00425510 f i BootEncryption.obj
 0001:00024560       ?do_is@?$ctype@_W@std@@MBE_NF_W@Z 00425560 f i BootEncryption.obj
 0001:00024590       ?do_is@?$ctype@_W@std@@MBEPB_WPB_W0PAF@Z 00425590 f i BootEncryption.obj
 0001:000245b0       ?do_scan_is@?$ctype@_W@std@@MBEPB_WFPB_W0@Z 004255b0 f i BootEncryption.obj
 0001:000245f0       ?do_scan_not@?$ctype@_W@std@@MBEPB_WFPB_W0@Z 004255f0 f i BootEncryption.obj
 0001:00024630       ?do_tolower@?$ctype@_W@std@@MBE_W_W@Z 00425630 f i BootEncryption.obj
 0001:00024650       ?do_tolower@?$ctype@_W@std@@MBEPB_WPA_WPB_W@Z 00425650 f i BootEncryption.obj
 0001:00024690       ?do_toupper@?$ctype@_W@std@@MBE_W_W@Z 00425690 f i BootEncryption.obj
 0001:000246b0       ?do_toupper@?$ctype@_W@std@@MBEPB_WPA_WPB_W@Z 004256b0 f i BootEncryption.obj
 0001:000246f0       ?do_widen@?$ctype@_W@std@@MBE_WD@Z 004256f0 f i BootEncryption.obj
 0001:00024740       ?do_widen@?$ctype@_W@std@@MBEPBDPBD0PA_W@Z 00425740 f i BootEncryption.obj
 0001:00024770       ?_Do_widen_s@?$ctype@_W@std@@MBEPBDPBD0PA_WI@Z 00425770 f i BootEncryption.obj
 0001:000247f0       ?do_narrow@?$ctype@_W@std@@MBED_WD@Z 004257f0 f i BootEncryption.obj
 0001:00024840       ?do_narrow@?$ctype@_W@std@@MBEPB_WPB_W0DPAD@Z 00425840 f i BootEncryption.obj
 0001:00024870       ?_Do_narrow_s@?$ctype@_W@std@@MBEPB_WPB_W0DPADI@Z 00425870 f i BootEncryption.obj
 0001:00024900       ??_G?$ctype@_W@std@@MAEPAXI@Z 00425900 f i BootEncryption.obj
 0001:00024900       ??_E?$ctype@_W@std@@MAEPAXI@Z 00425900 f i BootEncryption.obj
 0001:00024940       ??0SystemException@CipherShed@@QAE@XZ 00425940 f i BootEncryption.obj
 0001:00024960       ?Show@SystemException@CipherShed@@UBEXPAUHWND__@@@Z 00425960 f i BootEncryption.obj
 0001:00024980       ?Elevate@Elevator@CipherShed@@KAXXZ 00425980 f i BootEncryption.obj
 0001:00024a10       ??0SystemException@CipherShed@@QAE@ABU01@@Z 00425a10 f i BootEncryption.obj
 0001:00024a30       ?SeekAt@File@CipherShed@@QAEX_J@Z 00425a30 f   BootEncryption.obj
 0001:00024a80       ??0ParameterIncorrect@CipherShed@@QAE@ABU01@@Z 00425a80 f i BootEncryption.obj
 0001:00024aa0       ??1?$basic_streambuf@_WU?$char_traits@_W@std@@@std@@UAE@XZ 00425aa0 f i BootEncryption.obj
 0001:00024b10       ?overflow@?$basic_streambuf@_WU?$char_traits@_W@std@@@std@@MAEGG@Z 00425b10 f i BootEncryption.obj
 0001:00024b10       ?pbackfail@?$basic_streambuf@_WU?$char_traits@_W@std@@@std@@MAEGG@Z 00425b10 f i BootEncryption.obj
 0001:00024b20       ?sync@?$basic_streambuf@DU?$char_traits@D@std@@@std@@MAEHXZ 00425b20 f i Mount.obj
 0001:00024b20       ?sync@?$basic_streambuf@_WU?$char_traits@_W@std@@@std@@MAEHXZ 00425b20 f i BootEncryption.obj
 0001:00024b20       ?showmanyc@?$basic_streambuf@_WU?$char_traits@_W@std@@@std@@MAEHXZ 00425b20 f i BootEncryption.obj
 0001:00024b20       ?showmanyc@?$basic_streambuf@DU?$char_traits@D@std@@@std@@MAEHXZ 00425b20 f i Mount.obj
 0001:00024b30       ?underflow@?$basic_streambuf@_WU?$char_traits@_W@std@@@std@@MAEGXZ 00425b30 f i BootEncryption.obj
 0001:00024b40       ?setbuf@?$basic_streambuf@DU?$char_traits@D@std@@@std@@MAEPAV12@PADH@Z 00425b40 f i Mount.obj
 0001:00024b40       ?setbuf@?$basic_streambuf@_WU?$char_traits@_W@std@@@std@@MAEPAV12@PA_WH@Z 00425b40 f i BootEncryption.obj
 0001:00024b50       ?imbue@?$basic_streambuf@_WU?$char_traits@_W@std@@@std@@MAEXABVlocale@2@@Z 00425b50 f i BootEncryption.obj
 0001:00024b50       ?Show@UserAbort@CipherShed@@UBEXPAUHWND__@@@Z 00425b50 f i MainCom.obj
 0001:00024b50       ?imbue@?$basic_streambuf@DU?$char_traits@D@std@@@std@@MAEXABVlocale@2@@Z 00425b50 f i Mount.obj
 0001:00024b60       ?_Gnavail@?$basic_streambuf@DU?$char_traits@D@std@@@std@@IBEHXZ 00425b60 f i Mount.obj
 0001:00024b60       ?_Gnavail@?$basic_streambuf@_WU?$char_traits@_W@std@@@std@@IBEHXZ 00425b60 f i BootEncryption.obj
 0001:00024b80       ?uflow@?$basic_streambuf@_WU?$char_traits@_W@std@@@std@@MAEGXZ 00425b80 f i BootEncryption.obj
 0001:00024bb0       ?seekoff@?$basic_streambuf@_WU?$char_traits@_W@std@@@std@@MAE?AV?$fpos@H@2@JHH@Z 00425bb0 f i BootEncryption.obj
 0001:00024bb0       ?seekoff@?$basic_streambuf@DU?$char_traits@D@std@@@std@@MAE?AV?$fpos@H@2@JHH@Z 00425bb0 f i Mount.obj
 0001:00024bd0       ?pbackfail@?$basic_stringbuf@_WU?$char_traits@_W@std@@V?$allocator@_W@2@@std@@MAEGG@Z 00425bd0 f i BootEncryption.obj
 0001:00024c30       ?underflow@?$basic_stringbuf@_WU?$char_traits@_W@std@@V?$allocator@_W@2@@std@@MAEGXZ 00425c30 f i BootEncryption.obj
 0001:00024ca0       ?seekoff@?$basic_stringbuf@_WU?$char_traits@_W@std@@V?$allocator@_W@2@@std@@MAE?AV?$fpos@H@2@JHH@Z 00425ca0 f i BootEncryption.obj
 0001:00024e10       ?seekpos@?$basic_stringbuf@_WU?$char_traits@_W@std@@V?$allocator@_W@2@@std@@MAE?AV?$fpos@H@2@V32@H@Z 00425e10 f i BootEncryption.obj
 0001:00024ef0       ??_G?$basic_ostream@_WU?$char_traits@_W@std@@@std@@UAEPAXI@Z 00425ef0 f i BootEncryption.obj
 0001:00024ef0       ??_E?$basic_ostream@_WU?$char_traits@_W@std@@@std@@UAEPAXI@Z 00425ef0 f i BootEncryption.obj
 0001:00024f30       ??_E?$basic_istream@_WU?$char_traits@_W@std@@@std@@UAEPAXI@Z 00425f30 f i BootEncryption.obj
 0001:00024f30       ??_G?$basic_istream@_WU?$char_traits@_W@std@@@std@@UAEPAXI@Z 00425f30 f i BootEncryption.obj
 0001:00024f70       ??_G?$basic_streambuf@_WU?$char_traits@_W@std@@@std@@UAEPAXI@Z 00425f70 f i BootEncryption.obj
 0001:00024f70       ??_E?$basic_streambuf@_WU?$char_traits@_W@std@@@std@@UAEPAXI@Z 00425f70 f i BootEncryption.obj
 0001:00024f90       ??_E?$basic_iostream@_WU?$char_traits@_W@std@@@std@@UAEPAXI@Z 00425f90 f i BootEncryption.obj
 0001:00024f90       ??_G?$basic_iostream@_WU?$char_traits@_W@std@@@std@@UAEPAXI@Z 00425f90 f i BootEncryption.obj
 0001:00024ff0       ??_E?$basic_stringbuf@_WU?$char_traits@_W@std@@V?$allocator@_W@2@@std@@UAEPAXI@Z 00425ff0 f i BootEncryption.obj
 0001:00024ff0       ??_G?$basic_stringbuf@_WU?$char_traits@_W@std@@V?$allocator@_W@2@@std@@UAEPAXI@Z 00425ff0 f i BootEncryption.obj
 0001:00025020       ??0?$basic_streambuf@_WU?$char_traits@_W@std@@@std@@IAE@XZ 00426020 f i BootEncryption.obj
 0001:000250d0       ?CallDriver@Elevator@CipherShed@@SAXKPAXK0K@Z 004260d0 f i BootEncryption.obj
 0001:00025210       ?CopyFileA@Elevator@CipherShed@@SAXABV?$basic_string@DU?$char_traits@D@std@@V?$allocator@D@2@@std@@0@Z 00426210 f i BootEncryption.obj
 0001:00025300       ?DeleteFileA@Elevator@CipherShed@@SAXABV?$basic_string@DU?$char_traits@D@std@@V?$allocator@D@2@@std@@@Z 00426300 f i BootEncryption.obj
 0001:000253b0       ?ReadWriteFile@Elevator@CipherShed@@SAXHHABV?$basic_string@DU?$char_traits@D@std@@V?$allocator@D@2@@std@@PAE_KIPAK@Z 004263b0 f i BootEncryption.obj
 0001:000254e0       ?WriteLocalMachineRegistryDwordValue@Elevator@CipherShed@@SAXPAD0K@Z 004264e0 f i BootEncryption.obj
 0001:000255b0       ?RegisterFilterDriver@Elevator@CipherShed@@SAX_NW4FilterType@BootEncryption@2@@Z 004265b0 f i BootEncryption.obj
 0001:00025610       ?RegisterSystemFavoritesService@Elevator@CipherShed@@SAXH@Z 00426610 f i BootEncryption.obj
 0001:00025660       ?SetDriverServiceStartType@Elevator@CipherShed@@SAXK@Z 00426660 f i BootEncryption.obj
 0001:000256b0       ?Read@File@CipherShed@@QAEKPAEK@Z 004266b0 f   BootEncryption.obj
 0001:00025750       ?CallDriver@BootEncryption@CipherShed@@QAEXKPAXK0K@Z 00426750 f   BootEncryption.obj
 0001:00025820       ?GetInstalledBootLoaderVersion@BootEncryption@CipherShed@@QAEGXZ 00426820 f   BootEncryption.obj
 0001:00025840       ?GetStatus@BootEncryption@CipherShed@@QAE?AUBootEncryptionStatus@@XZ 00426840 f   BootEncryption.obj
 0001:00025860       ?GetVolumeProperties@BootEncryption@CipherShed@@QAEXPAUVOLUME_PROPERTIES_STRUCT@@@Z 00426860 f   BootEncryption.obj
 0001:000258b0       ?IsHiddenSystemRunning@BootEncryption@CipherShed@@QAE_NXZ 004268b0 f   BootEncryption.obj
 0001:000258d0       ?AbortSetup@BootEncryption@CipherShed@@QAEXXZ 004268d0 f   BootEncryption.obj
 0001:000258f0       ?WriteLocalMachineRegistryDwordValue@BootEncryption@CipherShed@@QAEXPAD0K@Z 004268f0 f   BootEncryption.obj
 0001:00025960       ?SetDriverConfigurationFlag@BootEncryption@CipherShed@@QAEXI_N@Z 00426960 f   BootEncryption.obj
 0001:000259c0       ?CopyFileAdmin@BootEncryption@CipherShed@@QAEXABV?$basic_string@DU?$char_traits@D@std@@V?$allocator@D@2@@std@@0@Z 004269c0 f   BootEncryption.obj
 0001:00025a60       ?DeleteFileAdmin@BootEncryption@CipherShed@@QAEXABV?$basic_string@DU?$char_traits@D@std@@V?$allocator@D@2@@std@@@Z 00426a60 f   BootEncryption.obj
 0001:00025ac0       ?WriteBootDriveSector@BootEncryption@CipherShed@@QAEX_KPAE@Z 00426ac0 f   BootEncryption.obj
 0001:00025b30       ?_Xsgetn_s@?$basic_streambuf@_WU?$char_traits@_W@std@@@std@@MAEHPA_WIH@Z 00426b30 f i BootEncryption.obj
 0001:00025be0       ?xsputn@?$basic_streambuf@_WU?$char_traits@_W@std@@@std@@MAEHPB_WH@Z 00426be0 f i BootEncryption.obj
 0001:00025c90       ??1?$basic_stringstream@_WU?$char_traits@_W@std@@V?$allocator@_W@2@@std@@UAE@XZ 00426c90 f i BootEncryption.obj
 0001:00025d20       ?overflow@?$basic_stringbuf@_WU?$char_traits@_W@std@@V?$allocator@_W@2@@std@@MAEGG@Z 00426d20 f i BootEncryption.obj
 0001:00025f10       ?_Buynode@?$list@USecurityTokenKeyfile@CipherShed@@V?$allocator@USecurityTokenKeyfile@CipherShed@@@std@@@std@@IAEPAU_Node@?$_List_nod@USecurityTokenKeyfile@CipherShed@@V?$allocator@USecurityTokenKeyfile@CipherShed@@@std@@@2@XZ 00426f10 f i Dlgcode.obj
 0001:00025f10       ?_Buynode@?$list@UPartition@CipherShed@@V?$allocator@UPartition@CipherShed@@@std@@@std@@IAEPAU_Node@?$_List_nod@UPartition@CipherShed@@V?$allocator@UPartition@CipherShed@@@std@@@2@XZ 00426f10 f i BootEncryption.obj
 0001:00025f30       ??_D?$basic_stringstream@_WU?$char_traits@_W@std@@V?$allocator@_W@2@@std@@QAEXXZ 00426f30 f i BootEncryption.obj
 0001:00025f50       ??_E?$basic_stringstream@_WU?$char_traits@_W@std@@V?$allocator@_W@2@@std@@UAEPAXI@Z 00426f50 f i BootEncryption.obj
 0001:00025f50       ??_G?$basic_stringstream@_WU?$char_traits@_W@std@@V?$allocator@_W@2@@std@@UAEPAXI@Z 00426f50 f i BootEncryption.obj
 0001:00025f90       ??0?$basic_stringbuf@_WU?$char_traits@_W@std@@V?$allocator@_W@2@@std@@QAE@H@Z 00426f90 f i BootEncryption.obj
 0001:00026010       ??1Device@CipherShed@@QAE@XZ 00427010 f i BootEncryption.obj
 0001:000260a0       ??0?$list@UPartition@CipherShed@@V?$allocator@UPartition@CipherShed@@@std@@@std@@QAE@XZ 004270a0 f i BootEncryption.obj
 0001:000260a0       ??0?$list@USecurityTokenKeyfile@CipherShed@@V?$allocator@USecurityTokenKeyfile@CipherShed@@@std@@@std@@QAE@XZ 004270a0 f i Dlgcode.obj
 0001:00026110       ?_Getcat@?$ctype@_W@std@@SAIPAPBVfacet@locale@2@PBV42@@Z 00427110 f i BootEncryption.obj
 0001:00026210       ??0Partition@CipherShed@@QAE@ABU01@@Z 00427210 f i BootEncryption.obj
 0001:00026340       ?str@?$basic_stringbuf@_WU?$char_traits@_W@std@@V?$allocator@_W@2@@std@@QBE?AV?$basic_string@_WU?$char_traits@_W@std@@V?$allocator@_W@2@@2@XZ 00427340 f i BootEncryption.obj
 0001:000264b0       ?_Incsize@?$list@USecurityTokenKeyfile@CipherShed@@V?$allocator@USecurityTokenKeyfile@CipherShed@@@std@@@std@@IAEXI@Z 004274b0 f i Dlgcode.obj
 0001:000264b0       ?_Incsize@?$list@UPartition@CipherShed@@V?$allocator@UPartition@CipherShed@@@std@@@std@@IAEXI@Z 004274b0 f i BootEncryption.obj
 0001:00026550       ??$use_facet@V?$ctype@_W@std@@@std@@YAABV?$ctype@_W@0@ABVlocale@0@@Z 00427550 f i BootEncryption.obj
 0001:000266a0       ??$_Construct@UPartition@CipherShed@@U12@@std@@YAXPAUPartition@CipherShed@@ABU12@@Z 004276a0 f i BootEncryption.obj
 0001:00026700       ?Show@ParameterIncorrect@CipherShed@@UBEXPAUHWND__@@@Z 00427700 f i BootEncryption.obj
 0001:00026830       ??0File@CipherShed@@QAE@V?$basic_string@DU?$char_traits@D@std@@V?$allocator@D@2@@std@@_N1@Z 00427830 f   BootEncryption.obj
 0001:00026960       ??0Device@CipherShed@@QAE@V?$basic_string@DU?$char_traits@D@std@@V?$allocator@D@2@@std@@_N@Z 00427960 f   BootEncryption.obj
 0001:00026b00       ??4Partition@CipherShed@@QAEAAU01@ABU01@@Z 00427b00 f i BootEncryption.obj
 0001:00026b60       ?GetWindowsDirectoryA@BootEncryption@CipherShed@@IAE?AV?$basic_string@DU?$char_traits@D@std@@V?$allocator@D@2@@std@@XZ 00427b60 f   BootEncryption.obj
 0001:00026c10       ?GetTempPathA@BootEncryption@CipherShed@@QAE?AV?$basic_string@DU?$char_traits@D@std@@V?$allocator@D@2@@std@@XZ 00427c10 f   BootEncryption.obj
 0001:00026cc0       ?GetSystemLoaderBackupPath@BootEncryption@CipherShed@@IAE?AV?$basic_string@DU?$char_traits@D@std@@V?$allocator@D@2@@std@@XZ 00427cc0 f   BootEncryption.obj
 0001:00026e60       ?VerifyRescueDisk@BootEncryption@CipherShed@@QAE_NXZ 00427e60 f   BootEncryption.obj
 0001:00027110       ?RegisterSystemFavoritesService@BootEncryption@CipherShed@@QAEXH@Z 00428110 f   BootEncryption.obj
 0001:000274a0       ?str@?$basic_stringstream@_WU?$char_traits@_W@std@@V?$allocator@_W@2@@std@@QBE?AV?$basic_string@_WU?$char_traits@_W@std@@V?$allocator@_W@2@@2@XZ 004284a0 f i BootEncryption.obj
 0001:000274c0       ?widen@?$basic_ios@_WU?$char_traits@_W@std@@@std@@QBE_WD@Z 004284c0 f i BootEncryption.obj
 0001:00027580       ?SetDriverServiceStartType@BootEncryption@CipherShed@@QAEXK@Z 00428580 f   BootEncryption.obj
 0001:00027900       ?erase@?$list@UPartition@CipherShed@@V?$allocator@UPartition@CipherShed@@@std@@@std@@QAE?AV?$_Iterator@$00@12@V?$_Const_iterator@$00@12@@Z 00428900 f i BootEncryption.obj
 0001:00027990       ?_Buynode@?$list@UPartition@CipherShed@@V?$allocator@UPartition@CipherShed@@@std@@@std@@IAEPAU_Node@?$_List_nod@UPartition@CipherShed@@V?$allocator@UPartition@CipherShed@@@std@@@2@PAU342@0ABUPartition@CipherShed@@@Z 00428990 f i BootEncryption.obj
[...]
 0001:0008f809       __unwindfunclet$?GetAvailableTokens@SecurityToken@CipherShed@@SA?AV?$list@USecurityTokenInfo@CipherShed@@V?$allocator@USecurityTokenInfo@CipherShed@@@std@@@std@@XZ$3 00490809 f   SecurityToken.obj
 0001:0008f814       __unwindfunclet$?GetAvailableTokens@SecurityToken@CipherShed@@SA?AV?$list@USecurityTokenInfo@CipherShed@@V?$allocator@USecurityTokenInfo@CipherShed@@@std@@@std@@XZ$4 00490814 f   SecurityToken.obj
 0001:0008f81c       __unwindfunclet$?GetAvailableTokens@SecurityToken@CipherShed@@SA?AV?$list@USecurityTokenInfo@CipherShed@@V?$allocator@USecurityTokenInfo@CipherShed@@@std@@@std@@XZ$6 0049081c f   SecurityToken.obj
 0001:0008f824       __ehhandler$?GetAvailableTokens@SecurityToken@CipherShed@@SA?AV?$list@USecurityTokenInfo@CipherShed@@V?$allocator@USecurityTokenInfo@CipherShed@@@std@@@std@@XZ 00490824 f   SecurityToken.obj
 0001:0008f850       __unwindfunclet$?LoginUserIfRequired@SecurityToken@CipherShed@@KAXK@Z$4 00490850 f   SecurityToken.obj
 0001:0008f858       __unwindfunclet$?LoginUserIfRequired@SecurityToken@CipherShed@@KAXK@Z$5 00490858 f   SecurityToken.obj
 0001:0008f860       __unwindfunclet$?LoginUserIfRequired@SecurityToken@CipherShed@@KAXK@Z$6 00490860 f   SecurityToken.obj
 0001:0008f86b       __unwindfunclet$?LoginUserIfRequired@SecurityToken@CipherShed@@KAXK@Z$7 0049086b f   SecurityToken.obj
 0001:0008f873       __unwindfunclet$?LoginUserIfRequired@SecurityToken@CipherShed@@KAXK@Z$8 00490873 f   SecurityToken.obj
 0001:0008f87b       __ehhandler$?LoginUserIfRequired@SecurityToken@CipherShed@@KAXK@Z 0049087b f   SecurityToken.obj
 0001:0008f8b0       __unwindfunclet$?InitLibrary@SecurityToken@CipherShed@@SAXABV?$basic_string@DU?$char_traits@D@std@@V?$allocator@D@2@@std@@V?$auto_ptr@UGetPinFunctor@CipherShed@@@4@V?$auto_ptr@USendExceptionFunctor@CipherShed@@@4@@Z$0 004908b0 f   SecurityToken.obj
 0001:0008f8b8       __unwindfunclet$?InitLibrary@SecurityToken@CipherShed@@SAXABV?$basic_string@DU?$char_traits@D@std@@V?$allocator@D@2@@std@@V?$auto_ptr@UGetPinFunctor@CipherShed@@@4@V?$auto_ptr@USendExceptionFunctor@CipherShed@@@4@@Z$1 004908b8 f   SecurityToken.obj
 0001:0008f8c0       __ehhandler$?InitLibrary@SecurityToken@CipherShed@@SAXABV?$basic_string@DU?$char_traits@D@std@@V?$allocator@D@2@@std@@V?$auto_ptr@UGetPinFunctor@CipherShed@@@4@V?$auto_ptr@USendExceptionFunctor@CipherShed@@@4@@Z 004908c0 f   SecurityToken.obj
 0001:0008f8e0       __unwindfunclet$??BPkcs11Exception@CipherShed@@QBE?AV?$basic_string@DU?$char_traits@D@std@@V?$allocator@D@2@@std@@XZ$0 004908e0 f   SecurityToken.obj
 0001:0008f8ff       __unwindfunclet$??BPkcs11Exception@CipherShed@@QBE?AV?$basic_string@DU?$char_traits@D@std@@V?$allocator@D@2@@std@@XZ$1 004908ff f   SecurityToken.obj
 0001:0008f90a       __ehhandler$??BPkcs11Exception@CipherShed@@QBE?AV?$basic_string@DU?$char_traits@D@std@@V?$allocator@D@2@@std@@XZ 0049090a f   SecurityToken.obj
 0001:0008f930       __unwindfunclet$?Show@Pkcs11Exception@CipherShed@@UBEXPAUHWND__@@@Z$0 00490930 f   SecurityToken.obj
 0001:0008f93b       __unwindfunclet$?Show@Pkcs11Exception@CipherShed@@UBEXPAUHWND__@@@Z$1 0049093b f   SecurityToken.obj
 0001:0008f946       __unwindfunclet$?Show@Pkcs11Exception@CipherShed@@UBEXPAUHWND__@@@Z$2 00490946 f   SecurityToken.obj
 0001:0008f951       __unwindfunclet$?Show@Pkcs11Exception@CipherShed@@UBEXPAUHWND__@@@Z$3 00490951 f   SecurityToken.obj
 0001:0008f95c       __unwindfunclet$?Show@Pkcs11Exception@CipherShed@@UBEXPAUHWND__@@@Z$5 0049095c f   SecurityToken.obj
 0001:0008f967       __unwindfunclet$?Show@Pkcs11Exception@CipherShed@@UBEXPAUHWND__@@@Z$6 00490967 f   SecurityToken.obj
 0001:0008f972       __unwindfunclet$?Show@Pkcs11Exception@CipherShed@@UBEXPAUHWND__@@@Z$7 00490972 f   SecurityToken.obj
 0001:0008f97d       __ehhandler$?Show@Pkcs11Exception@CipherShed@@UBEXPAUHWND__@@@Z 0049097d f   SecurityToken.obj
 0001:0008f9b0       __unwindfunclet$?_Insert_n@?$vector@USecurityTokenKeyfile@CipherShed@@V?$allocator@USecurityTokenKeyfile@CipherShed@@@std@@@std@@IAEXV?$_Vector_const_iterator@USecurityTokenKeyfile@CipherShed@@V?$allocator@USecurityTokenKeyfile@CipherShed@@@std@@@2@IABUSecurityTokenKeyfile@CipherShed@@@Z$4 004909b0 f   SecurityToken.obj
 0001:0008f9bb       __unwindfunclet$?_Insert_n@?$vector@USecurityTokenKeyfile@CipherShed@@V?$allocator@USecurityTokenKeyfile@CipherShed@@@std@@@std@@IAEXV?$_Vector_const_iterator@USecurityTokenKeyfile@CipherShed@@V?$allocator@USecurityTokenKeyfile@CipherShed@@@std@@@2@IABUSecurityTokenKeyfile@CipherShed@@@Z$5 004909bb f   SecurityToken.obj
 0001:0008f9c3       __ehhandler$?_Insert_n@?$vector@USecurityTokenKeyfile@CipherShed@@V?$allocator@USecurityTokenKeyfile@CipherShed@@@std@@@std@@IAEXV?$_Vector_const_iterator@USecurityTokenKeyfile@CipherShed@@V?$allocator@USecurityTokenKeyfile@CipherShed@@@std@@@2@IABUSecurityTokenKeyfile@CipherShed@@@Z 004909c3 f   SecurityToken.obj
 0001:0008f9f0       __unwindfunclet$?GetAvailableKeyfiles@SecurityToken@CipherShed@@SA?AV?$vector@USecurityTokenKeyfile@CipherShed@@V?$allocator@USecurityTokenKeyfile@CipherShed@@@std@@@std@@PAKV?$basic_string@_WU?$char_traits@_W@std@@V?$allocator@_W@2@@4@@Z$3 004909f0 f   SecurityToken.obj
 0001:0008f9fb       __unwindfunclet$?GetAvailableKeyfiles@SecurityToken@CipherShed@@SA?AV?$vector@USecurityTokenKeyfile@CipherShed@@V?$allocator@USecurityTokenKeyfile@CipherShed@@@std@@@std@@PAKV?$basic_string@_WU?$char_traits@_W@std@@V?$allocator@_W@2@@4@@Z$4 004909fb f   SecurityToken.obj
 0001:0008fa14       __unwindfunclet$?GetAvailableKeyfiles@SecurityToken@CipherShed@@SA?AV?$vector@USecurityTokenKeyfile@CipherShed@@V?$allocator@USecurityTokenKeyfile@CipherShed@@@std@@@std@@PAKV?$basic_string@_WU?$char_traits@_W@std@@V?$allocator@_W@2@@4@@Z$5 00490a14 f   SecurityToken.obj
 0001:0008fa1f       __unwindfunclet$?GetAvailableKeyfiles@SecurityToken@CipherShed@@SA?AV?$vector@USecurityTokenKeyfile@CipherShed@@V?$allocator@USecurityTokenKeyfile@CipherShed@@@std@@@std@@PAKV?$basic_string@_WU?$char_traits@_W@std@@V?$allocator@_W@2@@4@@Z$6 00490a1f f   SecurityToken.obj
 0001:0008fa2a       __unwindfunclet$?GetAvailableKeyfiles@SecurityToken@CipherShed@@SA?AV?$vector@USecurityTokenKeyfile@CipherShed@@V?$allocator@USecurityTokenKeyfile@CipherShed@@@std@@@std@@PAKV?$basic_string@_WU?$char_traits@_W@std@@V?$allocator@_W@2@@4@@Z$8 00490a2a f   SecurityToken.obj
 0001:0008fa32       __unwindfunclet$?GetAvailableKeyfiles@SecurityToken@CipherShed@@SA?AV?$vector@USecurityTokenKeyfile@CipherShed@@V?$allocator@USecurityTokenKeyfile@CipherShed@@@std@@@std@@PAKV?$basic_string@_WU?$char_traits@_W@std@@V?$allocator@_W@2@@4@@Z$9 00490a32 f   SecurityToken.obj
 0001:0008fa3d       __unwindfunclet$?GetAvailableKeyfiles@SecurityToken@CipherShed@@SA?AV?$vector@USecurityTokenKeyfile@CipherShed@@V?$allocator@USecurityTokenKeyfile@CipherShed@@@std@@@std@@PAKV?$basic_string@_WU?$char_traits@_W@std@@V?$allocator@_W@2@@4@@Z$10 00490a3d f   SecurityToken.obj
 0001:0008fa48       __unwindfunclet$?GetAvailableKeyfiles@SecurityToken@CipherShed@@SA?AV?$vector@USecurityTokenKeyfile@CipherShed@@V?$allocator@USecurityTokenKeyfile@CipherShed@@@std@@@std@@PAKV?$basic_string@_WU?$char_traits@_W@std@@V?$allocator@_W@2@@4@@Z$11 00490a48 f   SecurityToken.obj
 0001:0008fa53       __unwindfunclet$?GetAvailableKeyfiles@SecurityToken@CipherShed@@SA?AV?$vector@USecurityTokenKeyfile@CipherShed@@V?$allocator@USecurityTokenKeyfile@CipherShed@@@std@@@std@@PAKV?$basic_string@_WU?$char_traits@_W@std@@V?$allocator@_W@2@@4@@Z$13 00490a53 f   SecurityToken.obj
 0001:0008fa5b       __unwindfunclet$?GetAvailableKeyfiles@SecurityToken@CipherShed@@SA?AV?$vector@USecurityTokenKeyfile@CipherShed@@V?$allocator@USecurityTokenKeyfile@CipherShed@@@std@@@std@@PAKV?$basic_string@_WU?$char_traits@_W@std@@V?$allocator@_W@2@@4@@Z$18 00490a5b f   SecurityToken.obj
 0001:0008fa63       __unwindfunclet$?GetAvailableKeyfiles@SecurityToken@CipherShed@@SA?AV?$vector@USecurityTokenKeyfile@CipherShed@@V?$allocator@USecurityTokenKeyfile@CipherShed@@@std@@@std@@PAKV?$basic_string@_WU?$char_traits@_W@std@@V?$allocator@_W@2@@4@@Z$14 00490a63 f   SecurityToken.obj
 0001:0008fa6b       __unwindfunclet$?GetAvailableKeyfiles@SecurityToken@CipherShed@@SA?AV?$vector@USecurityTokenKeyfile@CipherShed@@V?$allocator@USecurityTokenKeyfile@CipherShed@@@std@@@std@@PAKV?$basic_string@_WU?$char_traits@_W@std@@V?$allocator@_W@2@@4@@Z$21 00490a6b f   SecurityToken.obj
 0001:0008fa73       __unwindfunclet$?GetAvailableKeyfiles@SecurityToken@CipherShed@@SA?AV?$vector@USecurityTokenKeyfile@CipherShed@@V?$allocator@USecurityTokenKeyfile@CipherShed@@@std@@@std@@PAKV?$basic_string@_WU?$char_traits@_W@std@@V?$allocator@_W@2@@4@@Z$15 00490a73 f   SecurityToken.obj
 0001:0008fa7b       __unwindfunclet$?GetAvailableKeyfiles@SecurityToken@CipherShed@@SA?AV?$vector@USecurityTokenKeyfile@CipherShed@@V?$allocator@USecurityTokenKeyfile@CipherShed@@@std@@@std@@PAKV?$basic_string@_WU?$char_traits@_W@std@@V?$allocator@_W@2@@4@@Z$16 00490a7b f   SecurityToken.obj
 0001:0008fa86       __unwindfunclet$?GetAvailableKeyfiles@SecurityToken@CipherShed@@SA?AV?$vector@USecurityTokenKeyfile@CipherShed@@V?$allocator@USecurityTokenKeyfile@CipherShed@@@std@@@std@@PAKV?$basic_string@_WU?$char_traits@_W@std@@V?$allocator@_W@2@@4@@Z$17 00490a86 f   SecurityToken.obj
 0001:0008fa91       __ehhandler$?GetAvailableKeyfiles@SecurityToken@CipherShed@@SA?AV?$vector@USecurityTokenKeyfile@CipherShed@@V?$allocator@USecurityTokenKeyfile@CipherShed@@@std@@@std@@PAKV?$basic_string@_WU?$char_traits@_W@std@@V?$allocator@_W@2@@4@@Z 00490a91 f   SecurityToken.obj
 0001:0008fac0       __unwindfunclet$??0SecurityTokenKeyfile@CipherShed@@QAE@ABUSecurityTokenKeyfilePath@1@@Z$0 00490ac0 f   SecurityToken.obj
 0001:0008face       __unwindfunclet$??0SecurityTokenKeyfile@CipherShed@@QAE@ABUSecurityTokenKeyfilePath@1@@Z$1 00490ace f   SecurityToken.obj
 0001:0008fadc       __unwindfunclet$??0SecurityTokenKeyfile@CipherShed@@QAE@ABUSecurityTokenKeyfilePath@1@@Z$2 00490adc f   SecurityToken.obj
 0001:0008faea       __unwindfunclet$??0SecurityTokenKeyfile@CipherShed@@QAE@ABUSecurityTokenKeyfilePath@1@@Z$3 00490aea f   SecurityToken.obj
 0001:0008faf5       __unwindfunclet$??0SecurityTokenKeyfile@CipherShed@@QAE@ABUSecurityTokenKeyfilePath@1@@Z$4 00490af5 f   SecurityToken.obj
 0001:0008fafd       __unwindfunclet$??0SecurityTokenKeyfile@CipherShed@@QAE@ABUSecurityTokenKeyfilePath@1@@Z$5 00490afd f   SecurityToken.obj
 0001:0008fb05       __unwindfunclet$??0SecurityTokenKeyfile@CipherShed@@QAE@ABUSecurityTokenKeyfilePath@1@@Z$6 00490b05 f   SecurityToken.obj
 0001:0008fb0d       __unwindfunclet$??0SecurityTokenKeyfile@CipherShed@@QAE@ABUSecurityTokenKeyfilePath@1@@Z$8 00490b0d f   SecurityToken.obj
 0001:0008fb15       __ehhandler$??0SecurityTokenKeyfile@CipherShed@@QAE@ABUSecurityTokenKeyfilePath@1@@Z 00490b15 f   SecurityToken.obj
 0001:0008fb50       __unwindfunclet$?CreateKeyfile@SecurityToken@CipherShed@@SAXKAAV?$vector@EV?$allocator@E@std@@@std@@ABV?$basic_string@DU?$char_traits@D@std@@V?$allocator@D@2@@4@@Z$1 00490b50 f   SecurityToken.obj
 0001:0008fb58       __unwindfunclet$?CreateKeyfile@SecurityToken@CipherShed@@SAXKAAV?$vector@EV?$allocator@E@std@@@std@@ABV?$basic_string@DU?$char_traits@D@std@@V?$allocator@D@2@@4@@Z$2 00490b58 f   SecurityToken.obj
 0001:0008fb63       __unwindfunclet$?CreateKeyfile@SecurityToken@CipherShed@@SAXKAAV?$vector@EV?$allocator@E@std@@@std@@ABV?$basic_string@DU?$char_traits@D@std@@V?$allocator@D@2@@4@@Z$5 00490b63 f   SecurityToken.obj
 0001:0008fb6e       __unwindfunclet$?CreateKeyfile@SecurityToken@CipherShed@@SAXKAAV?$vector@EV?$allocator@E@std@@@std@@ABV?$basic_string@DU?$char_traits@D@std@@V?$allocator@D@2@@4@@Z$6 00490b6e f   SecurityToken.obj
 0001:0008fb79       __ehhandler$?CreateKeyfile@SecurityToken@CipherShed@@SAXKAAV?$vector@EV?$allocator@E@std@@@std@@ABV?$basic_string@DU?$char_traits@D@std@@V?$allocator@D@2@@4@@Z 00490b79 f   SecurityToken.obj
 0001:0008fba0       __unwindfunclet$??0?$ContainerForward@V?$basic_string@DU?$char_traits@D@std@@V?$allocator@D@2@@std@@@ForEach@CipherShed@@QAE@ABV?$basic_string@DU?$char_traits@D@std@@V?$allocator@D@2@@std@@@Z$0 00490ba0 f   csstringutil.obj
 0001:0008fba8       __ehhandler$??0?$ContainerForward@V?$basic_string@DU?$char_traits@D@std@@V?$allocator@D@2@@std@@@ForEach@CipherShed@@QAE@ABV?$basic_string@DU?$char_traits@D@std@@V?$allocator@D@2@@std@@@Z 00490ba8 f   csstringutil.obj
 0001:0008fbd0       __unwindfunclet$?ToUpperCase@@YA?AV?$basic_string@DU?$char_traits@D@std@@V?$allocator@D@2@@std@@ABV12@@Z$0 00490bd0 f   csstringutil.obj
 0001:0008fbe9       __unwindfunclet$?ToUpperCase@@YA?AV?$basic_string@DU?$char_traits@D@std@@V?$allocator@D@2@@std@@ABV12@@Z$1 00490be9 f   csstringutil.obj
 0001:0008fbf1       __ehhandler$?ToUpperCase@@YA?AV?$basic_string@DU?$char_traits@D@std@@V?$allocator@D@2@@std@@ABV12@@Z 00490bf1 f   csstringutil.obj
 0001:0008fc20       __unwindfunclet$?GetWrongPasswordErrorMessage@@YA?AV?$basic_string@_WU?$char_traits@_W@std@@V?$allocator@_W@2@@std@@PAUHWND__@@@Z$0 00490c20 f   errors.obj
 0001:0008fc42       __ehhandler$?GetWrongPasswordErrorMessage@@YA?AV?$basic_string@_WU?$char_traits@_W@std@@V?$allocator@_W@2@@std@@PAUHWND__@@@Z 00490c42 f   errors.obj
 0001:0008fc70       __unwindfunclet$?HarddiskVolumePathToPartitionPath@@YA?AV?$basic_string@DU?$char_traits@D@std@@V?$allocator@D@2@@std@@ABV12@@Z$0 00490c70 f   volutil.obj
 0001:0008fc7b       __unwindfunclet$?HarddiskVolumePathToPartitionPath@@YA?AV?$basic_string@DU?$char_traits@D@std@@V?$allocator@D@2@@std@@ABV12@@Z$1 00490c7b f   volutil.obj
 0001:0008fc86       __ehhandler$?HarddiskVolumePathToPartitionPath@@YA?AV?$basic_string@DU?$char_traits@D@std@@V?$allocator@D@2@@std@@ABV12@@Z 00490c86 f   volutil.obj
 0001:0008fcc0       __unwindfunclet$?VolumeGuidPathToDevicePath@@YA?AV?$basic_string@DU?$char_traits@D@std@@V?$allocator@D@2@@std@@V12@@Z$0 00490cc0 f   volutil.obj
 0001:0008fcc8       __unwindfunclet$?VolumeGuidPathToDevicePath@@YA?AV?$basic_string@DU?$char_traits@D@std@@V?$allocator@D@2@@std@@V12@@Z$1 00490cc8 f   volutil.obj
 0001:0008fcd3       __unwindfunclet$?VolumeGuidPathToDevicePath@@YA?AV?$basic_string@DU?$char_traits@D@std@@V?$allocator@D@2@@std@@V12@@Z$4 00490cd3 f   volutil.obj
 0001:0008fcde       __unwindfunclet$?VolumeGuidPathToDevicePath@@YA?AV?$basic_string@DU?$char_traits@D@std@@V?$allocator@D@2@@std@@V12@@Z$5 00490cde f   volutil.obj
 0001:0008fce9       __unwindfunclet$?VolumeGuidPathToDevicePath@@YA?AV?$basic_string@DU?$char_traits@D@std@@V?$allocator@D@2@@std@@V12@@Z$6 00490ce9 f   volutil.obj
 0001:0008fd0b       __ehhandler$?VolumeGuidPathToDevicePath@@YA?AV?$basic_string@DU?$char_traits@D@std@@V?$allocator@D@2@@std@@V12@@Z 00490d0b f   volutil.obj
 0001:0008fd39       __unwindfunclet$?_Xran@_String_base@std@@SAXXZ$0 00490d39 f   libcpmt:string.obj
 0001:0008fd39       __unwindfunclet$?_Xlen@_String_base@std@@SAXXZ$0 00490d39 f   libcpmt:string.obj
 0001:0008fd41       __ehhandler$?_Xlen@_String_base@std@@SAXXZ 00490d41 f   libcpmt:string.obj
 0001:0008fd41       __ehhandler$?_Xran@_String_base@std@@SAXXZ 00490d41 f   libcpmt:string.obj
 0001:0008fd5c       __unwindfunclet$?_Locimp_dtor@_Locimp@locale@std@@CAXPAV123@@Z$0 00490d5c f   libcpmt:locale0.obj
 0001:0008fd64       __ehhandler$?_Locimp_dtor@_Locimp@locale@std@@CAXPAV123@@Z 00490d64 f   libcpmt:locale0.obj
 0001:0008fd7f       __unwindfunclet$??0_Locimp@locale@std@@AAE@_N@Z$0 00490d7f f   libcpmt:locale0.obj
 0001:0008fd87       __ehhandler$??0_Locimp@locale@std@@AAE@_N@Z 00490d87 f   libcpmt:locale0.obj
 0001:0008fda2       __unwindfunclet$??1_Locimp@locale@std@@MAE@XZ$0 00490da2 f   libcpmt:locale0.obj
 0001:0008fdaa       __unwindfunclet$??1_Locimp@locale@std@@MAE@XZ$1 00490daa f   libcpmt:locale0.obj
 0001:0008fdb5       __ehhandler$??1_Locimp@locale@std@@MAE@XZ 00490db5 f   libcpmt:locale0.obj
 0001:0008fdd0       __unwindfunclet$?_Init@locale@std@@CAPAV_Locimp@12@XZ$0 00490dd0 f   libcpmt:locale0.obj
 0001:0008fdd8       __unwindfunclet$?_Init@locale@std@@CAPAV_Locimp@12@XZ$1 00490dd8 f   libcpmt:locale0.obj
 0001:0008fde2       __ehhandler$?_Init@locale@std@@CAPAV_Locimp@12@XZ 00490de2 f   libcpmt:locale0.obj
 0001:0008fdfd       __ehhandler$?CallUnexpected@@YAXPBU_s_ESTypeList@@@Z 00490dfd f   LIBCMT:frame.obj
 0001:0008fe20       ??__EFavoriteVolumes@CipherShed@@YAXXZ 00490e20 f   Favorites.obj
 0001:0008fe90       ??__ESystemFavoriteVolumes@CipherShed@@YAXXZ 00490e90 f   Favorites.obj
 0001:0008ff00       ??__EFavoritesOnArrivalMountRequired@CipherShed@@YAXXZ 00490f00 f   Favorites.obj
 0001:0008ff20       ??__EFavoritesMountedOnArrivalStillConnected@CipherShed@@YAXXZ 00490f20 f   Favorites.obj
 0001:0008ff40       ??__EStringKeyMap@@YAXXZ   00490f40 f   Dictionary.obj
 0001:0008ff70       ??__EIntKeyMap@@YAXXZ      00490f70 f   Dictionary.obj
 0001:0008ffa0       ??__EExtraBootPartitionDevicePath@@YAXXZ 00490fa0 f   Dlgcode.obj
 0001:0008ffb0       ??__E?PinCallback@SecurityToken@CipherShed@@1V?$auto_ptr@UGetPinFunctor@CipherShed@@@std@@A@@YAXXZ 00490fb0 f   SecurityToken.obj
 0001:0008ffc0       ??__E?WarningCallback@SecurityToken@CipherShed@@1V?$auto_ptr@USendExceptionFunctor@CipherShed@@@std@@A@@YAXXZ 00490fc0 f   SecurityToken.obj
 0001:0008ffd0       ??__E?Sessions@SecurityToken@CipherShed@@1V?$map@KUPkcs11Session@CipherShed@@U?$less@K@std@@V?$allocator@U?$pair@$$CBKUPkcs11Session@CipherShed@@@std@@@4@@std@@A@@YAXXZ 00490fd0 f   SecurityToken.obj
 0001:0008fff3       ??__Einitlocks@std@@YAXXZ  00490ff3 f   libcpmt:xlock.obj
 0001:00090009       ??__Eclassic_locale@std@@YAXXZ 00491009 f   libcpmt:locale0.obj
 0001:00090015       ??__Einitlocks@std@@YAXXZ  00491015 f   libcpmt:iosptrs.obj
 0001:0009002b       ??__Einit_atexit@@YAXXZ    0049102b f   libcpmt:iosptrs.obj
 0001:00090040       ??__FFavoritesOnArrivalMountRequired@CipherShed@@YAXXZ 00491040 f   Favorites.obj
 0001:00090070       ??__FFavoritesMountedOnArrivalStillConnected@CipherShed@@YAXXZ 00491070 f   Favorites.obj
 0001:000900a0       ??__FFavoriteVolumes@CipherShed@@YAXXZ 004910a0 f   Favorites.obj
 0001:000900c0       ??__FSystemFavoriteVolumes@CipherShed@@YAXXZ 004910c0 f   Favorites.obj
 0001:000900e0       ??__FFavorites@?1??FavoriteVolumesDlgProc@CipherShed@@YGHPAUHWND__@@IIJ@Z@YAXXZ 004910e0 f   Favorites.obj
 0001:00090100       ??__FIntKeyMap@@YAXXZ      00491100 f   Dictionary.obj
 0001:00090110       ??__FStringKeyMap@@YAXXZ   00491110 f   Dictionary.obj
 0001:00090120       ??__FExtraBootPartitionDevicePath@@YAXXZ 00491120 f   Dlgcode.obj
 0001:00090150       ??__Fdevices@?1??RawDevicesDlgProc@@9@16@YAXXZ 00491150 f   Dlgcode.obj
 0001:00090160       ??__Fkeyfiles@?1??SecurityTokenKeyfileDlgProc@@9@16@YAXXZ 00491160 f   Dlgcode.obj
 0001:000901c0       ??__FitemToDeviceMap@?1??RawDevicesDlgProc@@9@16@YAXXZ 004911c0 f   Dlgcode.obj
 0001:000901d0       ??__F?PinCallback@SecurityToken@CipherShed@@1V?$auto_ptr@UGetPinFunctor@CipherShed@@@std@@A@@YAXXZ 004911d0 f   SecurityToken.obj
 0001:000901f0       ??__F?WarningCallback@SecurityToken@CipherShed@@1V?$auto_ptr@USendExceptionFunctor@CipherShed@@@std@@A@@YAXXZ 004911f0 f   SecurityToken.obj
 0001:00090210       ??__F?Sessions@SecurityToken@CipherShed@@1V?$map@KUPkcs11Session@CipherShed@@U?$less@K@std@@V?$allocator@U?$pair@$$CBKUPkcs11Session@CipherShed@@@std@@@4@@std@@A@@YAXXZ 00491210 f   SecurityToken.obj
 0001:0009021a       ??__Finitlocks@std@@YAXXZ  0049121a f   libcpmt:xlock.obj
 0001:00090224       ??__Fclassic_locale@std@@YAXXZ 00491224 f   libcpmt:locale0.obj
 0001:0009022e       ??__Finitlocks@std@@YAXXZ  0049122e f   libcpmt:iosptrs.obj
 0001:00090238       ??__Finit_atexit@@YAXXZ    00491238 f   libcpmt:iosptrs.obj
 0001:00090242       ??__Fnomem@?5???2@YAPAXI@Z@YAXXZ 00491242 f   LIBCMT:new.obj
