 CipherShedSetup

 Timestamp is 54e87d4c (Sat Feb 21 12:42:52 2015)

 Preferred load address is 00400000

 Start         Length     Name                   Class
 0001:00000000 0003ffaeH .text                   CODE
 0001:0003ffb0 00001848H .text$x                 CODE
 0001:00041800 000000d0H .text$yc                CODE
 0001:000418d0 000000caH .text$yd                CODE
 0002:00000000 00000494H .idata$5                DATA
 0002:00000494 00000004H .CRT$XCA                DATA
 0002:00000498 0000000cH .CRT$XCC                DATA
 0002:000004a4 00000014H .CRT$XCU                DATA
 0002:000004b8 00000004H .CRT$XCZ                DATA
 0002:000004bc 00000004H .CRT$XIA                DATA
 0002:000004c0 00000014H .CRT$XIC                DATA
 0002:000004d4 00000004H .CRT$XID                DATA
 0002:000004d8 00000004H .CRT$XIY                DATA
 0002:000004dc 00000004H .CRT$XIZ                DATA
 0002:000004e0 00000004H .CRT$XPA                DATA
 0002:000004e4 00000004H .CRT$XPX                DATA
 0002:000004e8 00000004H .CRT$XPXA               DATA
 0002:000004ec 00000004H .CRT$XPZ                DATA
 0002:000004f0 00000004H .CRT$XTA                DATA
 0002:000004f4 00000004H .CRT$XTZ                DATA
 0002:00000500 00006858H .rdata                  DATA
 0002:00006d58 00000e60H .rdata$r                DATA
 0002:00007bc0 0000017cH .rdata$sxdata           DATA
 0002:00007d3c 00000004H .rtc$IAA                DATA
 0002:00007d40 00000004H .rtc$IZZ                DATA
 0002:00007d44 00000004H .rtc$TAA                DATA
 0002:00007d48 00000004H .rtc$TZZ                DATA
 0002:00007d50 000027b4H .xdata$x                DATA
 0002:0000a504 00000000H ATL$__a                 DATA
 0002:0000a504 00000000H ATL$__z                 DATA
 0002:0000a504 000000c8H .idata$2                DATA
 0002:0000a5cc 00000014H .idata$3                DATA
 0002:0000a5e0 00000494H .idata$4                DATA
 0002:0000aa74 000013d6H .idata$6                DATA
 0002:0000be4a 00000000H .edata                  DATA
 0003:00000000 0000234cH .data                   DATA
 0003:00002360 0002be18H .bss                    DATA
 0004:00000000 00000f4cH .rsrc$01                DATA
 0004:00000f50 000b3168H .rsrc$02                DATA

  Address         Publics by Value              Rva+Base       Lib:Object

 0000:00000000       __except_list              00000000     <absolute>
 0000:0000005f       ___safe_se_handler_count   0000005f     <absolute>
 0000:00000000       ___ImageBase               00400000     <linker-defined>
 0001:00000000       ??$AtlMultiply@H@ATL@@YAJPAHHH@Z 00401000 f i ComSetup.obj
 0001:00000030       ?AtlA2WHelper@@YGPA_WPA_WPBDHI@Z 00401030 f i ComSetup.obj
 0001:00000070       ?AtlW2AHelper@@YGPADPADPB_WHI@Z 00401070 f i ComSetup.obj
 0001:000000b0       ?AtlThrowImpl@ATL@@YGXJ@Z  004010b0 f i ComSetup.obj
 0001:000000d0       ?AtlCrtErrorCheck@ATL@@YAHH@Z 004010d0 f i ComSetup.obj
 0001:00000170       ?memcpy_s@Checked@ATL@@YAXPAXIPBXI@Z 00401170 f i ComSetup.obj
 0001:000001a0       ?Init@CComCriticalSection@ATL@@QAEJXZ 004011a0 f i ComSetup.obj
 0001:00000220       ?AtlHresultFromLastError@ATL@@YAJXZ 00401220 f i ComSetup.obj
 0001:00000240       ?AtlHresultFromWin32@ATL@@YAJK@Z 00401240 f i ComSetup.obj
 0001:00000260       ?DeleteSubKey@CRegKey@ATL@@QAEJPBD@Z 00401260 f i ComSetup.obj
 0001:000002c0       ?Open@CRegKey@ATL@@QAEJPAUHKEY__@@PBDK@Z 004012c0 f i ComSetup.obj
 0001:00000320       ?SetDWORDValue@CRegKey@ATL@@QAEJPBDK@Z 00401320 f i ComSetup.obj
 0001:00000340       ?SetStringValue@CRegKey@ATL@@QAEJPBD0K@Z 00401340 f i ComSetup.obj
 0001:00000380       ?SetMultiStringValue@CRegKey@ATL@@QAEJPBD0@Z 00401380 f i ComSetup.obj
 0001:000003d0       ??0CParseBuffer@CRegParser@ATL@@QAE@H@Z 004013d0 f i ComSetup.obj
 0001:00000410       ??1CParseBuffer@CRegParser@ATL@@QAE@XZ 00401410 f i ComSetup.obj
 0001:00000420       ?Append@CParseBuffer@CRegParser@ATL@@QAEHPBDH@Z 00401420 f i ComSetup.obj
 0001:000004c0       ?AddChar@CParseBuffer@CRegParser@ATL@@QAEHPBD@Z 004014c0 f i ComSetup.obj
 0001:000004e0       ?VTFromRegType@CRegParser@ATL@@KAHPBDAAG@Z 004014e0 f i ComSetup.obj
 0001:00000590       ?ChToByte@CRegParser@ATL@@KAED@Z 00401590 f i ComSetup.obj
 0001:00000600       ?StrChrA@CRegParser@ATL@@KAPADPADD@Z 00401600 f i ComSetup.obj
 0001:00000640       ?SkipWhiteSpace@CRegParser@ATL@@IAEXXZ 00401640 f i ComSetup.obj
 0001:000006a0       ?NextToken@CRegParser@ATL@@IAEJPAD@Z 004016a0 f i ComSetup.obj
 0001:000007d0       ?CanForceRemoveKey@CRegParser@ATL@@IAEHPBD@Z 004017d0 f i ComSetup.obj
 0001:00000810       ?HasSubKeys@CRegParser@ATL@@IAEHPAUHKEY__@@@Z 00401810 f i ComSetup.obj
 0001:00000860       ?SkipAssignment@CRegParser@ATL@@IAEJPAD@Z 00401860 f i ComSetup.obj
 0001:000008d0       ??1?$CAtlSafeAllocBufferManager@VCCRTAllocator@ATL@@@_ATL_SAFE_ALLOCA_IMPL@ATL@@QAE@XZ 004018d0 f i ComSetup.obj
 0001:000008f0       ?FindKey@?$CSimpleMap@PADPA_WVCExpansionVectorEqualHelper@ATL@@@ATL@@QBEHABQAD@Z 004018f0 f i ComSetup.obj
 0001:00000930       ?FreeHeap@?$CTempBuffer@D$0EAA@VCCRTAllocator@ATL@@@ATL@@AAEXXZ 00401930 f i ComSetup.obj
 0001:00000930       ?FreeHeap@?$CTempBuffer@D$0BAA@VCCRTAllocator@ATL@@@ATL@@AAEXXZ 00401930 f i ComSetup.obj
 0001:00000930       ?FreeHeap@?$CTempBuffer@E$0BAA@VCCRTAllocator@ATL@@@ATL@@AAEXXZ 00401930 f i ComSetup.obj
 0001:00000940       ?AllocateHeap@?$CTempBuffer@E$0BAA@VCCRTAllocator@ATL@@@ATL@@AAEXI@Z 00401940 f i ComSetup.obj
 0001:00000940       ?AllocateHeap@?$CTempBuffer@D$0BAA@VCCRTAllocator@ATL@@@ATL@@AAEXI@Z 00401940 f i ComSetup.obj
 0001:00000940       ?AllocateHeap@?$CTempBuffer@D$0EAA@VCCRTAllocator@ATL@@@ATL@@AAEXI@Z 00401940 f i ComSetup.obj
 0001:00000970       ??$AtlAdd@K@ATL@@YAJPAKKK@Z 00401970 f i ComSetup.obj
 0001:000009a0       ?_AtlVerifyStackAvailable@_ATL_SAFE_ALLOCA_IMPL@ATL@@YA_NK@Z 004019a0 f i ComSetup.obj
 0001:00000a60       ??1CRegKey@ATL@@QAE@XZ     00401a60 f i ComSetup.obj
 0001:00000a80       ?RecurseDeleteKey@CRegKey@ATL@@QAEJPBD@Z 00401a80 f i ComSetup.obj
 0001:00000c10       ?ClearReplacements@CExpansionVector@ATL@@QAEJXZ 00401c10 f i ComSetup.obj
 0001:00000ca0       ?ClearReplacements@CRegObject@ATL@@UAGJXZ 00401ca0 f i ComSetup.obj
 0001:00000cd0       ??_G_com_error@@UAEPAXI@Z  00401cd0 f i ComSetup.obj
 0001:00000cd0       ??_E_com_error@@UAEPAXI@Z  00401cd0 f i ComSetup.obj
 0001:00000d10       ?ErrorMessage@_com_error@@QBEPBDXZ 00401d10 f i ComSetup.obj
 0001:00000de0       ?Allocate@?$CAtlSafeAllocBufferManager@VCCRTAllocator@ATL@@@_ATL_SAFE_ALLOCA_IMPL@ATL@@QAEPAXK@Z 00401de0 f i ComSetup.obj
 0001:00000e20       ??1?$CAutoVectorPtr@D@ATL@@QAE@XZ 00401e20 f i ComSetup.obj
 0001:00000e20       ??1?$CAutoVectorPtr@_W@ATL@@QAE@XZ 00401e20 f i ComSetup.obj
 0001:00000e40       ??1?$CTempBuffer@D$0BAA@VCCRTAllocator@ATL@@@ATL@@QAE@XZ 00401e40 f i ComSetup.obj
 0001:00000e40       ??1?$CTempBuffer@E$0BAA@VCCRTAllocator@ATL@@@ATL@@QAE@XZ 00401e40 f i ComSetup.obj
 0001:00000e40       ??1?$CTempBuffer@D$0EAA@VCCRTAllocator@ATL@@@ATL@@QAE@XZ 00401e40 f i ComSetup.obj
 0001:00000e50       ?AddString@CParseBuffer@CRegParser@ATL@@QAEHPB_W@Z 00401e50 f i ComSetup.obj
 0001:00000f60       ??1CRegObject@ATL@@UAE@XZ  00401f60 f i ComSetup.obj
 0001:00000fd0       ?QueryInterface@CRegObject@ATL@@UAGJABU_GUID@@PAPAX@Z 00401fd0 f i ComSetup.obj
 0001:00000fe0       ?AddRef@CRegObject@ATL@@UAGKXZ 00401fe0 f i ComSetup.obj
 0001:00000ff0       ?Release@CRegObject@ATL@@UAGKXZ 00401ff0 f i ComSetup.obj
 0001:00001000       ??_ECRegObject@ATL@@UAEPAXI@Z 00402000 f i ComSetup.obj
 0001:00001000       ??_GCRegObject@ATL@@UAEPAXI@Z 00402000 f i ComSetup.obj
 0001:00001020       ?StrFromMap@CRegObject@ATL@@QAEPB_WPAD@Z 00402020 f i ComSetup.obj
 0001:00001090       ?PreProcessBuffer@CRegParser@ATL@@QAEJPADPAPAD@Z 00402090 f i ComSetup.obj
 0001:00001360       ?Add@?$CSimpleMap@PADPA_WVCExpansionVectorEqualHelper@ATL@@@ATL@@QAEHABQADABQA_W@Z 00402360 f i ComSetup.obj
 0001:000013d0       ?Allocate@?$CTempBuffer@D$0EAA@VCCRTAllocator@ATL@@@ATL@@QAEPADI@Z 004023d0 f i ComSetup.obj
 0001:00001410       ?Allocate@?$CTempBuffer@D$0BAA@VCCRTAllocator@ATL@@@ATL@@QAEPADI@Z 00402410 f i ComSetup.obj
 0001:00001410       ?Allocate@?$CTempBuffer@E$0BAA@VCCRTAllocator@ATL@@@ATL@@QAEPAEI@Z 00402410 f i ComSetup.obj
 0001:00001450       ?Add@CExpansionVector@ATL@@QAEHPBDPB_W@Z 00402450 f i ComSetup.obj
 0001:000015c0       ?AddReplacement@CRegObject@ATL@@UAGJPB_W0@Z 004025c0 f i ComSetup.obj
 0001:000016e0       ?AddValue@CRegParser@ATL@@IAEJAAVCRegKey@2@PBDPAD@Z 004026e0 f i ComSetup.obj
 0001:00001a90       ?RegisterSubkeys@CRegParser@ATL@@IAEJPADPAUHKEY__@@HH@Z 00402a90 f i ComSetup.obj
 0001:00002140       ?RegisterBuffer@CRegParser@ATL@@QAEJPADH@Z 00403140 f i ComSetup.obj
 0001:00002280       ?RegisterFromResource@CRegObject@ATL@@IAEJPB_WPBD1H@Z 00403280 f i ComSetup.obj
 0001:000024e0       ?ResourceRegister@CRegObject@ATL@@QAGJPB_WI0@Z 004034e0 f i ComSetup.obj
 0001:000025f0       ?ResourceUnregister@CRegObject@ATL@@QAGJPB_WI0@Z 004035f0 f i ComSetup.obj
 0001:00002700       _RegisterComServers        00403700 f   ComSetup.obj
 0001:00002920       _UnregisterComServers      00403920 f   ComSetup.obj
 0001:00002a80       _mkfulldir_internal        00403a80 f   Dir.obj
 0001:00002c70       _mkfulldir                 00403c70 f   Dir.obj
 0001:000030d0       _MakeSelfExtractingPackage 004040d0 f   SelfExtract.obj
 0001:000037e0       _VerifyPackageIntegrity    004047e0 f   SelfExtract.obj
 0001:000039a0       _IsSelfExtractingPackage   004049a0 f   SelfExtract.obj
 0001:00003b10       _SelfExtractInMemory       00404b10 f   SelfExtract.obj
 0001:00003d80       _ExtractAllFilesThread     00404d80 f   SelfExtract.obj
 0001:00004010       _SelfExtractStartupInit    00405010 f   SelfExtract.obj
 0001:00004040       ?swprintf@@YAHPA_WPB_WZZ   00405040 f i Setup.obj
 0001:00004060       ??1bad_alloc@std@@UAE@XZ   00405060 f i Setup.obj
 0001:00004070       ??_Gbad_alloc@std@@UAEPAXI@Z 00405070 f i Setup.obj
 0001:00004070       ??_Ebad_alloc@std@@UAEPAXI@Z 00405070 f i Setup.obj
 0001:000040a0       ?compare@?$char_traits@D@std@@SAHPBD0I@Z 004050a0 f i Setup.obj
 0001:00004120       _localcleanup              00405120 f   Setup.obj
 0001:00004130       _StatDeleteFile            00405130 f   Setup.obj
 0001:00004160       _StatRemoveDirectory       00405160 f   Setup.obj
 0001:00004190       _StatusMessage             00405190 f   Setup.obj
 0001:00004200       _StatusMessageParam        00405200 f   Setup.obj
 0001:000042b0       _ClearLogWindow            004052b0 f   Setup.obj
 0001:000042e0       _RegMessage                004052e0 f   Setup.obj
 0001:00004300       _DetermineUpgradeDowngradeStatus 00405300 f   Setup.obj
 0001:00004440       _DoTrueCryptFilesUninstall 00405440 f   Setup.obj
 0001:00004800       _DoRegInstall              00405800 f   Setup.obj
 0001:00005220       ?DoApplicationDataUninstall@@YAHPAUHWND__@@@Z 00406220 f   Setup.obj
 0001:00005510       _DoRegUninstall            00406510 f   Setup.obj
 0001:00005620       _DoServiceUninstall        00406620 f   Setup.obj
 0001:00005a40       _DoDriverUnload            00406a40 f   Setup.obj
 0001:00005ea0       _UpgradeBootLoader         00406ea0 f   Setup.obj
 0001:00005fd0       _DoShortcutsUninstall      00406fd0 f   Setup.obj
 0001:00006330       _DoTrueCryptShortcutsUninstall 00407330 f   Setup.obj
 0001:00006690       _OutcomePrompt             00407690 f   Setup.obj
 0001:00006900       ?_Myptr@?$basic_string@DU?$char_traits@D@std@@V?$allocator@D@2@@std@@IBEPBDXZ 00407900 f i Setup.obj
 0001:00006910       ??$_Allocate@D@std@@YAPADIPAD@Z 00407910 f i Setup.obj
 0001:00006970       ??0bad_alloc@std@@QAE@ABV01@@Z 00407970 f i Setup.obj
 0001:00006990       _CreateLink                00407990 f   Setup.obj
 0001:00006b10       _DoShortcutsInstall        00407b10 f   Setup.obj
 0001:00006f80       ?find@?$basic_string@DU?$char_traits@D@std@@V?$allocator@D@2@@std@@QBEIPBDII@Z 00407f80 f i Setup.obj
 0001:00007040       ??$copy_s@U?$char_traits@D@std@@@_Traits_helper@std@@YAPADPADIPBDI@Z 00408040 f i Setup.obj
 0001:000070c0       ?find@?$basic_string@DU?$char_traits@D@std@@V?$allocator@D@2@@std@@QBEIPBDI@Z 004080c0 f i Setup.obj
 0001:000070f0       ?_Tidy@?$basic_string@DU?$char_traits@D@std@@V?$allocator@D@2@@std@@IAEX_NI@Z 004080f0 f i Setup.obj
 0001:00007140       ?erase@?$basic_string@DU?$char_traits@D@std@@V?$allocator@D@2@@std@@QAEAAV12@II@Z 00408140 f i Setup.obj
 0001:000071d0       ?_Copy@?$basic_string@DU?$char_traits@D@std@@V?$allocator@D@2@@std@@IAEXII@Z 004081d0 f i Setup.obj
 0001:00007310       ?append@?$basic_string@DU?$char_traits@D@std@@V?$allocator@D@2@@std@@QAEAAV12@ABV12@II@Z 00408310 f i Setup.obj
 0001:00007410       ?append@?$basic_string@DU?$char_traits@D@std@@V?$allocator@D@2@@std@@QAEAAV12@PBDI@Z 00408410 f i Setup.obj
 0001:00007520       _DoFilesInstall            00408520 f   Setup.obj
 0001:00007ce0       _DoUninstall               00408ce0 f   Setup.obj
 0001:00007f20       ?UninstallDlgProc@@YGHPAUHWND__@@IIJ@Z 00408f20 f   Setup.obj
 0001:00008160       ?assign@?$basic_string@DU?$char_traits@D@std@@V?$allocator@D@2@@std@@QAEAAV12@ABV12@II@Z 00409160 f i Setup.obj
 0001:00008240       ?insert@?$basic_string@DU?$char_traits@D@std@@V?$allocator@D@2@@std@@QAEAAV12@IABV12@II@Z 00409240 f i Setup.obj
 0001:000083b0       ?assign@?$basic_string@DU?$char_traits@D@std@@V?$allocator@D@2@@std@@QAEAAV12@PBDI@Z 004093b0 f i Setup.obj
 0001:00008490       ??0?$basic_string@DU?$char_traits@D@std@@V?$allocator@D@2@@std@@QAE@ABV01@@Z 00409490 f i Setup.obj
 0001:000084c0       ?insert@?$basic_string@DU?$char_traits@D@std@@V?$allocator@D@2@@std@@QAEAAV12@IPBDI@Z 004094c0 f i Setup.obj
 0001:00008630       ?insert@?$basic_string@DU?$char_traits@D@std@@V?$allocator@D@2@@std@@QAEAAV12@IPBD@Z 00409630 f i Setup.obj
 0001:00008660       ??Y?$basic_string@DU?$char_traits@D@std@@V?$allocator@D@2@@std@@QAEAAV01@PBD@Z 00409660 f i Setup.obj
 0001:00008690       ??0?$basic_string@DU?$char_traits@D@std@@V?$allocator@D@2@@std@@QAE@PBD@Z 00409690 f i Setup.obj
 0001:000086d0       ?substr@?$basic_string@DU?$char_traits@D@std@@V?$allocator@D@2@@std@@QBE?AV12@II@Z 004096d0 f i Setup.obj
 0001:00008710       ??$?HDU?$char_traits@D@std@@V?$allocator@D@1@@std@@YA?AV?$basic_string@DU?$char_traits@D@std@@V?$allocator@D@2@@0@ABV10@PBD@Z 00409710 f i Setup.obj
 0001:000087d0       _DoInstall                 004097d0 f   Setup.obj
 0001:000094c0       _SetInstallationPath       0040a4c0 f   Setup.obj
 0001:00009940       _WinMain@16                0040a940 f   Setup.obj
 0001:00009bd0       _localcleanupwiz           0040abd0 f   Wizard.obj
 0001:00009df0       _InitProgressBar           0040adf0 f   Wizard.obj
 0001:00009e40       _RefreshUIGFX              0040ae40 f   Wizard.obj
 0001:00009f60       ??$_Allocate@_W@std@@YAPA_WIPA_W@Z 0040af60 f i Wizard.obj
 0001:00009fc0       _UpdateProgressBarProc     0040afc0 f   Wizard.obj
 0001:0000a070       ??$copy_s@U?$char_traits@_W@std@@@_Traits_helper@std@@YAPA_WPA_WIPB_WI@Z 0040b070 f i Wizard.obj
 0001:0000a0a0       ?erase@?$basic_string@_WU?$char_traits@_W@std@@V?$allocator@_W@2@@std@@QAEAAV12@II@Z 0040b0a0 f i Wizard.obj
 0001:0000a140       ?_Copy@?$basic_string@_WU?$char_traits@_W@std@@V?$allocator@_W@2@@std@@IAEXII@Z 0040b140 f i Wizard.obj
 0001:0000a290       ??1?$basic_string@_WU?$char_traits@_W@std@@V?$allocator@_W@2@@std@@QAE@XZ 0040b290 f i Wizard.obj
 0001:0000a2c0       ?assign@?$basic_string@_WU?$char_traits@_W@std@@V?$allocator@_W@2@@std@@QAEAAV12@ABV12@II@Z 0040b2c0 f i Wizard.obj
 0001:0000a3c0       ?assign@?$basic_string@_WU?$char_traits@_W@std@@V?$allocator@_W@2@@std@@QAEAAV12@PB_WI@Z 0040b3c0 f i Wizard.obj
 0001:0000a4b0       ??4?$basic_string@_WU?$char_traits@_W@std@@V?$allocator@_W@2@@std@@QAEAAV01@PB_W@Z 0040b4b0 f i Wizard.obj
 0001:0000a4e0       _PageDialogProc@16         0040b4e0 f   Wizard.obj
 0001:0000b7f0       ?LoadPage@@YAXPAUHWND__@@H@Z 0040c7f0 f   Wizard.obj
 0001:0000b970       _MainDialogProc@16         0040c970 f   Wizard.obj
 0001:0000c6c0       _XmlFindElement            0040d6c0 f   Xml.obj
 0001:0000c750       _XmlGetAttributeText       0040d750 f   Xml.obj
 0001:0000c8c0       _XmlGetNodeText            0040d8c0 f   Xml.obj
 0001:0000c9a0       _XmlFindElementByAttributeValue 0040d9a0 f   Xml.obj
 0001:0000ca60       ??0bad_alloc@std@@QAE@XZ   0040da60 f i BootEncryption.obj
 0001:0000ca80       ??3@YAXPAX0@Z              0040da80 f i BootEncryption.obj
 0001:0000ca90       ?_Incref@facet@locale@std@@QAEXXZ 0040da90 f i BootEncryption.obj
 0001:0000cac0       ?_Decref@facet@locale@std@@QAEPAV123@XZ 0040dac0 f i BootEncryption.obj
 0001:0000cb00       ??1facet@locale@std@@UAE@XZ 0040db00 f i BootEncryption.obj
 0001:0000cb10       ??1locale@std@@QAE@XZ      0040db10 f i BootEncryption.obj
 0001:0000cb60       ??_Efacet@locale@std@@UAEPAXI@Z 0040db60 f i BootEncryption.obj
 0001:0000cb60       ??_G?$num_put@DV?$ostreambuf_iterator@DU?$char_traits@D@std@@@std@@@std@@MAEPAXI@Z 0040db60 f i BootEncryption.obj
 0001:0000cb60       ??_E?$num_put@DV?$ostreambuf_iterator@DU?$char_traits@D@std@@@std@@@std@@MAEPAXI@Z 0040db60 f i BootEncryption.obj
 0001:0000cb60       ??_Gfacet@locale@std@@UAEPAXI@Z 0040db60 f i BootEncryption.obj
 0001:0000cb80       ?getloc@ios_base@std@@QBE?AVlocale@2@XZ 0040db80 f i BootEncryption.obj
 0001:0000cbc0       ??_G?$basic_ios@_WU?$char_traits@_W@std@@@std@@UAEPAXI@Z 0040dbc0 f i BootEncryption.obj
 0001:0000cbc0       ??_Eios_base@std@@UAEPAXI@Z 0040dbc0 f i BootEncryption.obj
 0001:0000cbc0       ??_G?$basic_ios@DU?$char_traits@D@std@@@std@@UAEPAXI@Z 0040dbc0 f i BootEncryption.obj
 0001:0000cbc0       ??_E?$basic_ios@_WU?$char_traits@_W@std@@@std@@UAEPAXI@Z 0040dbc0 f i BootEncryption.obj
 0001:0000cbc0       ??_Gios_base@std@@UAEPAXI@Z 0040dbc0 f i BootEncryption.obj
 0001:0000cbc0       ??_E?$basic_ios@DU?$char_traits@D@std@@@std@@UAEPAXI@Z 0040dbc0 f i BootEncryption.obj
 0001:0000cbf0       ??1Container@ForEach@CipherShed@@UAE@XZ 0040dbf0 f i BootEncryption.obj
 0001:0000cc00       ??_GContainer@ForEach@CipherShed@@UAEPAXI@Z 0040dc00 f i BootEncryption.obj
 0001:0000cc00       ??_EContainer@ForEach@CipherShed@@UAEPAXI@Z 0040dc00 f i BootEncryption.obj
 0001:0000cc20       ?CallDriver@Elevator@CipherShed@@SAXKPAXK0K@Z 0040dc20 f i BootEncryption.obj
 0001:0000cc50       ?ReadWriteFile@Elevator@CipherShed@@SAXHHABV?$basic_string@DU?$char_traits@D@std@@V?$allocator@D@2@@std@@PAE_KIPAK@Z 0040dc50 f i BootEncryption.obj
 0001:0000cc80       ?RegisterFilterDriver@Elevator@CipherShed@@SAX_NW4FilterType@BootEncryption@2@@Z 0040dc80 f i BootEncryption.obj
 0001:0000ccb0       ?SetDriverServiceStartType@Elevator@CipherShed@@SAXK@Z 0040dcb0 f i BootEncryption.obj
 0001:0000cce0       ??0Exception@CipherShed@@QAE@ABU01@@Z 0040dce0 f i BootEncryption.obj
 0001:0000cd00       ?GetChecksum@BootEncryption@CipherShed@@IAEIPAEI@Z 0040dd00 f   BootEncryption.obj
 0001:0000cd50       ?ReadDriverConfigurationFlags@BootEncryption@CipherShed@@QAEIXZ 0040dd50 f   BootEncryption.obj
 0001:0000cd50       _ReadDriverConfigurationFlags 0040dd50 f   Dlgcode.obj
 0001:0000cd80       ??1?$basic_ios@DU?$char_traits@D@std@@@std@@UAE@XZ 0040dd80 f i BootEncryption.obj
 0001:0000cd80       ??1?$basic_ios@_WU?$char_traits@_W@std@@@std@@UAE@XZ 0040dd80 f i BootEncryption.obj
 0001:0000cd90       ??1?$basic_istream@DU?$char_traits@D@std@@@std@@UAE@XZ 0040dd90 f i BootEncryption.obj
 0001:0000cda0       ??1?$basic_istream@_WU?$char_traits@_W@std@@@std@@UAE@XZ 0040dda0 f i BootEncryption.obj
 0001:0000cdb0       ??1?$basic_iostream@DU?$char_traits@D@std@@@std@@UAE@XZ 0040ddb0 f i BootEncryption.obj
 0001:0000cde0       ??1?$basic_iostream@_WU?$char_traits@_W@std@@@std@@UAE@XZ 0040dde0 f i BootEncryption.obj
 0001:0000ce10       ??_Glocale@std@@QAEPAXI@Z  0040de10 f i BootEncryption.obj
 0001:0000ce80       ?_Pnavail@?$basic_streambuf@_WU?$char_traits@_W@std@@@std@@IBEHXZ 0040de80 f i BootEncryption.obj
 0001:0000ce80       ?_Pnavail@?$basic_streambuf@DU?$char_traits@D@std@@@std@@IBEHXZ 0040de80 f i BootEncryption.obj
 0001:0000cea0       ?setg@?$basic_streambuf@_WU?$char_traits@_W@std@@@std@@IAEXPA_W00@Z 0040dea0 f i BootEncryption.obj
 0001:0000ced0       ?setp@?$basic_streambuf@_WU?$char_traits@_W@std@@@std@@IAEXPA_W00@Z 0040ded0 f i BootEncryption.obj
 0001:0000cf00       ?_Tidy@?$basic_stringbuf@_WU?$char_traits@_W@std@@V?$allocator@_W@2@@std@@IAEXXZ 0040df00 f i BootEncryption.obj
 0001:0000cf00       ?_Tidy@?$basic_stringbuf@DU?$char_traits@D@std@@V?$allocator@D@2@@std@@IAEXXZ 0040df00 f i BootEncryption.obj
 0001:0000cf60       ?_Chassign@?$basic_string@DU?$char_traits@D@std@@V?$allocator@D@2@@std@@IAEXIID@Z 0040df60 f i BootEncryption.obj
 0001:0000cfc0       ??1_Sentry_base@?$basic_ostream@_WU?$char_traits@_W@std@@@std@@QAE@XZ 0040dfc0 f i BootEncryption.obj
 0001:0000cfc0       ??1_Sentry_base@?$basic_ostream@DU?$char_traits@D@std@@@std@@QAE@XZ 0040dfc0 f i BootEncryption.obj
 0001:0000cfe0       ?_Init@?$basic_streambuf@DU?$char_traits@D@std@@@std@@IAEXXZ 0040dfe0 f i BootEncryption.obj
 0001:0000cfe0       ?_Init@?$basic_streambuf@_WU?$char_traits@_W@std@@@std@@IAEXXZ 0040dfe0 f i BootEncryption.obj
 0001:0000d040       ??F?$_Const_iterator@$00@?$list@KV?$allocator@K@std@@@std@@QAEAAV012@XZ 0040e040 f i Dlgcode.obj
 0001:0000d040       ??F?$_Const_iterator@$00@?$list@UPartition@CipherShed@@V?$allocator@UPartition@CipherShed@@@std@@@std@@QAEAAV012@XZ 0040e040 f i BootEncryption.obj
 0001:0000d070       ??0?$ctype@D@std@@QAE@ABV_Locinfo@1@I@Z 0040e070 f i BootEncryption.obj
 0001:0000d0b0       ?do_tolower@?$ctype@D@std@@MBEDD@Z 0040e0b0 f i BootEncryption.obj
 0001:0000d0d0       ?do_tolower@?$ctype@D@std@@MBEPBDPADPBD@Z 0040e0d0 f i BootEncryption.obj
 0001:0000d100       ?do_toupper@?$ctype@D@std@@MBEDD@Z 0040e100 f i BootEncryption.obj
 0001:0000d120       ?do_toupper@?$ctype@D@std@@MBEPBDPADPBD@Z 0040e120 f i BootEncryption.obj
 0001:0000d150       ?do_widen@?$ctype@D@std@@MBEDD@Z 0040e150 f i BootEncryption.obj
 0001:0000d160       ?do_widen@?$ctype@D@std@@MBEPBDPBD0PAD@Z 0040e160 f i BootEncryption.obj
 0001:0000d190       ?_Do_widen_s@?$ctype@D@std@@MBEPBDPBD0PADI@Z 0040e190 f i BootEncryption.obj
 0001:0000d1d0       ?do_narrow@?$ctype@D@std@@MBEDDD@Z 0040e1d0 f i BootEncryption.obj
 0001:0000d1e0       ?do_narrow@?$ctype@D@std@@MBEPBDPBD0DPAD@Z 0040e1e0 f i BootEncryption.obj
 0001:0000d210       ?_Do_narrow_s@?$ctype@D@std@@MBEPBDPBD0DPADI@Z 0040e210 f i BootEncryption.obj
 0001:0000d250       ??_E?$ctype@D@std@@MAEPAXI@Z 0040e250 f i BootEncryption.obj
 0001:0000d250       ??_G?$ctype@D@std@@MAEPAXI@Z 0040e250 f i BootEncryption.obj
 0001:0000d2a0       ??0?$ctype@_W@std@@QAE@ABV_Locinfo@1@I@Z 0040e2a0 f i BootEncryption.obj
 0001:0000d2f0       ?do_is@?$ctype@_W@std@@MBE_NF_W@Z 0040e2f0 f i BootEncryption.obj
 0001:0000d320       ?do_is@?$ctype@_W@std@@MBEPB_WPB_W0PAF@Z 0040e320 f i BootEncryption.obj
 0001:0000d340       ?do_scan_is@?$ctype@_W@std@@MBEPB_WFPB_W0@Z 0040e340 f i BootEncryption.obj
 0001:0000d380       ?do_scan_not@?$ctype@_W@std@@MBEPB_WFPB_W0@Z 0040e380 f i BootEncryption.obj
 0001:0000d3c0       ?do_tolower@?$ctype@_W@std@@MBE_W_W@Z 0040e3c0 f i BootEncryption.obj
 0001:0000d3e0       ?do_tolower@?$ctype@_W@std@@MBEPB_WPA_WPB_W@Z 0040e3e0 f i BootEncryption.obj
 0001:0000d420       ?do_toupper@?$ctype@_W@std@@MBE_W_W@Z 0040e420 f i BootEncryption.obj
 0001:0000d440       ?do_toupper@?$ctype@_W@std@@MBEPB_WPA_WPB_W@Z 0040e440 f i BootEncryption.obj
 0001:0000d480       ?do_widen@?$ctype@_W@std@@MBE_WD@Z 0040e480 f i BootEncryption.obj
 0001:0000d4d0       ?do_widen@?$ctype@_W@std@@MBEPBDPBD0PA_W@Z 0040e4d0 f i BootEncryption.obj
 0001:0000d500       ?_Do_widen_s@?$ctype@_W@std@@MBEPBDPBD0PA_WI@Z 0040e500 f i BootEncryption.obj
 0001:0000d580       ?do_narrow@?$ctype@_W@std@@MBED_WD@Z 0040e580 f i BootEncryption.obj
 0001:0000d5d0       ?do_narrow@?$ctype@_W@std@@MBEPB_WPB_W0DPAD@Z 0040e5d0 f i BootEncryption.obj
 0001:0000d600       ?_Do_narrow_s@?$ctype@_W@std@@MBEPB_WPB_W0DPADI@Z 0040e600 f i BootEncryption.obj
 0001:0000d690       ??_E?$ctype@_W@std@@MAEPAXI@Z 0040e690 f i BootEncryption.obj
 0001:0000d690       ??_G?$ctype@_W@std@@MAEPAXI@Z 0040e690 f i BootEncryption.obj
 0001:0000d6d0       ??0SystemException@CipherShed@@QAE@XZ 0040e6d0 f i BootEncryption.obj
 0001:0000d6f0       ?Show@SystemException@CipherShed@@UBEXPAUHWND__@@@Z 0040e6f0 f i BootEncryption.obj
 0001:0000d710       ??0ParameterIncorrect@CipherShed@@QAE@ABU01@@Z 0040e710 f i BootEncryption.obj
 0001:0000d730       ?Read@File@CipherShed@@QAEKPAEK@Z 0040e730 f   BootEncryption.obj
 0001:0000d7b0       ??0SystemException@CipherShed@@QAE@ABU01@@Z 0040e7b0 f i BootEncryption.obj
 0001:0000d7d0       ?SeekAt@File@CipherShed@@QAEX_J@Z 0040e7d0 f   BootEncryption.obj
 0001:0000d820       ?CallDriver@BootEncryption@CipherShed@@QAEXKPAXK0K@Z 0040e820 f   BootEncryption.obj
 0001:0000d8f0       ?GetDriverServiceStartType@BootEncryption@CipherShed@@QAEKXZ 0040e8f0 f   BootEncryption.obj
 0001:0000d940       ?GetInstalledBootLoaderVersion@BootEncryption@CipherShed@@QAEGXZ 0040e940 f   BootEncryption.obj
 0001:0000d960       ?GetStatus@BootEncryption@CipherShed@@QAE?AUBootEncryptionStatus@@XZ 0040e960 f   BootEncryption.obj
 0001:0000d980       ?GetVolumeProperties@BootEncryption@CipherShed@@QAEXPAUVOLUME_PROPERTIES_STRUCT@@@Z 0040e980 f   BootEncryption.obj
 0001:0000d9d0       ?IsHiddenSystemRunning@BootEncryption@CipherShed@@QAE_NXZ 0040e9d0 f   BootEncryption.obj
 0001:0000d9f0       ?WriteBootDriveSector@BootEncryption@CipherShed@@QAEX_KPAE@Z 0040e9f0 f   BootEncryption.obj
 0001:0000da60       ??1?$basic_streambuf@DU?$char_traits@D@std@@@std@@UAE@XZ 0040ea60 f i BootEncryption.obj
 0001:0000dad0       ?overflow@?$basic_streambuf@DU?$char_traits@D@std@@@std@@MAEHH@Z 0040ead0 f i BootEncryption.obj
 0001:0000dad0       ?pbackfail@?$basic_streambuf@DU?$char_traits@D@std@@@std@@MAEHH@Z 0040ead0 f i BootEncryption.obj
 0001:0000dae0       ?underflow@?$basic_streambuf@DU?$char_traits@D@std@@@std@@MAEHXZ 0040eae0 f i BootEncryption.obj
 0001:0000daf0       ?showmanyc@?$basic_streambuf@DU?$char_traits@D@std@@@std@@MAEHXZ 0040eaf0 f i BootEncryption.obj
 0001:0000daf0       ?sync@?$basic_streambuf@_WU?$char_traits@_W@std@@@std@@MAEHXZ 0040eaf0 f i BootEncryption.obj
 0001:0000daf0       ?sync@?$basic_streambuf@DU?$char_traits@D@std@@@std@@MAEHXZ 0040eaf0 f i BootEncryption.obj
 0001:0000daf0       ?showmanyc@?$basic_streambuf@_WU?$char_traits@_W@std@@@std@@MAEHXZ 0040eaf0 f i BootEncryption.obj
 0001:0000db00       ?imbue@?$basic_streambuf@_WU?$char_traits@_W@std@@@std@@MAEXABVlocale@2@@Z 0040eb00 f i BootEncryption.obj
 0001:0000db00       ?imbue@?$basic_streambuf@DU?$char_traits@D@std@@@std@@MAEXABVlocale@2@@Z 0040eb00 f i BootEncryption.obj
 0001:0000db10       ?uflow@?$basic_streambuf@DU?$char_traits@D@std@@@std@@MAEHXZ 0040eb10 f i BootEncryption.obj
 0001:0000db40       ?seekpos@?$basic_streambuf@_WU?$char_traits@_W@std@@@std@@MAE?AV?$fpos@H@2@V32@H@Z 0040eb40 f i BootEncryption.obj
 0001:0000db40       ?seekpos@?$basic_streambuf@DU?$char_traits@D@std@@@std@@MAE?AV?$fpos@H@2@V32@H@Z 0040eb40 f i BootEncryption.obj
 0001:0000db60       ??1?$basic_streambuf@_WU?$char_traits@_W@std@@@std@@UAE@XZ 0040eb60 f i BootEncryption.obj
 0001:0000dbd0       ?overflow@?$basic_streambuf@_WU?$char_traits@_W@std@@@std@@MAEGG@Z 0040ebd0 f i BootEncryption.obj
 0001:0000dbd0       ?pbackfail@?$basic_streambuf@_WU?$char_traits@_W@std@@@std@@MAEGG@Z 0040ebd0 f i BootEncryption.obj
 0001:0000dbe0       ?underflow@?$basic_streambuf@_WU?$char_traits@_W@std@@@std@@MAEGXZ 0040ebe0 f i BootEncryption.obj
 0001:0000dbf0       ?xsgetn@?$basic_streambuf@_WU?$char_traits@_W@std@@@std@@MAEHPA_WH@Z 0040ebf0 f i BootEncryption.obj
 0001:0000dbf0       ?xsgetn@?$basic_streambuf@DU?$char_traits@D@std@@@std@@MAEHPADH@Z 0040ebf0 f i BootEncryption.obj
 0001:0000dc10       ?setbuf@?$basic_streambuf@DU?$char_traits@D@std@@@std@@MAEPAV12@PADH@Z 0040ec10 f i BootEncryption.obj
 0001:0000dc10       ?setbuf@?$basic_streambuf@_WU?$char_traits@_W@std@@@std@@MAEPAV12@PA_WH@Z 0040ec10 f i BootEncryption.obj
 0001:0000dc20       ?_Gnavail@?$basic_streambuf@_WU?$char_traits@_W@std@@@std@@IBEHXZ 0040ec20 f i BootEncryption.obj
 0001:0000dc20       ?_Gnavail@?$basic_streambuf@DU?$char_traits@D@std@@@std@@IBEHXZ 0040ec20 f i BootEncryption.obj
 0001:0000dc40       ?uflow@?$basic_streambuf@_WU?$char_traits@_W@std@@@std@@MAEGXZ 0040ec40 f i BootEncryption.obj
 0001:0000dc70       ?seekoff@?$basic_streambuf@_WU?$char_traits@_W@std@@@std@@MAE?AV?$fpos@H@2@JHH@Z 0040ec70 f i BootEncryption.obj
 0001:0000dc70       ?seekoff@?$basic_streambuf@DU?$char_traits@D@std@@@std@@MAE?AV?$fpos@H@2@JHH@Z 0040ec70 f i BootEncryption.obj
 0001:0000dc90       ?pbackfail@?$basic_stringbuf@DU?$char_traits@D@std@@V?$allocator@D@2@@std@@MAEHH@Z 0040ec90 f i BootEncryption.obj
 0001:0000dce0       ?underflow@?$basic_stringbuf@DU?$char_traits@D@std@@V?$allocator@D@2@@std@@MAEHXZ 0040ece0 f i BootEncryption.obj
 0001:0000dd50       ?seekoff@?$basic_stringbuf@DU?$char_traits@D@std@@V?$allocator@D@2@@std@@MAE?AV?$fpos@H@2@JHH@Z 0040ed50 f i BootEncryption.obj
 0001:0000deb0       ?seekpos@?$basic_stringbuf@DU?$char_traits@D@std@@V?$allocator@D@2@@std@@MAE?AV?$fpos@H@2@V32@H@Z 0040eeb0 f i BootEncryption.obj
 0001:0000df80       ?pbackfail@?$basic_stringbuf@_WU?$char_traits@_W@std@@V?$allocator@_W@2@@std@@MAEGG@Z 0040ef80 f i BootEncryption.obj
 0001:0000dfe0       ?underflow@?$basic_stringbuf@_WU?$char_traits@_W@std@@V?$allocator@_W@2@@std@@MAEGXZ 0040efe0 f i BootEncryption.obj
 0001:0000e050       ?seekoff@?$basic_stringbuf@_WU?$char_traits@_W@std@@V?$allocator@_W@2@@std@@MAE?AV?$fpos@H@2@JHH@Z 0040f050 f i BootEncryption.obj
 0001:0000e1c0       ?seekpos@?$basic_stringbuf@_WU?$char_traits@_W@std@@V?$allocator@_W@2@@std@@MAE?AV?$fpos@H@2@V32@H@Z 0040f1c0 f i BootEncryption.obj
 0001:0000e2a0       ??_E?$basic_ostream@DU?$char_traits@D@std@@@std@@UAEPAXI@Z 0040f2a0 f i BootEncryption.obj
 0001:0000e2a0       ??_G?$basic_ostream@DU?$char_traits@D@std@@@std@@UAEPAXI@Z 0040f2a0 f i BootEncryption.obj
 0001:0000e2e0       ??_E?$basic_ostream@_WU?$char_traits@_W@std@@@std@@UAEPAXI@Z 0040f2e0 f i BootEncryption.obj
 0001:0000e2e0       ??_G?$basic_ostream@_WU?$char_traits@_W@std@@@std@@UAEPAXI@Z 0040f2e0 f i BootEncryption.obj
 0001:0000e320       ??_E?$basic_istream@DU?$char_traits@D@std@@@std@@UAEPAXI@Z 0040f320 f i BootEncryption.obj
 0001:0000e320       ??_G?$basic_istream@DU?$char_traits@D@std@@@std@@UAEPAXI@Z 0040f320 f i BootEncryption.obj
 0001:0000e360       ??_E?$basic_streambuf@DU?$char_traits@D@std@@@std@@UAEPAXI@Z 0040f360 f i BootEncryption.obj
 0001:0000e360       ??_G?$basic_streambuf@DU?$char_traits@D@std@@@std@@UAEPAXI@Z 0040f360 f i BootEncryption.obj
 0001:0000e380       ??_G?$basic_istream@_WU?$char_traits@_W@std@@@std@@UAEPAXI@Z 0040f380 f i BootEncryption.obj
 0001:0000e380       ??_E?$basic_istream@_WU?$char_traits@_W@std@@@std@@UAEPAXI@Z 0040f380 f i BootEncryption.obj
 0001:0000e3c0       ??_G?$basic_streambuf@_WU?$char_traits@_W@std@@@std@@UAEPAXI@Z 0040f3c0 f i BootEncryption.obj
 0001:0000e3c0       ??_E?$basic_streambuf@_WU?$char_traits@_W@std@@@std@@UAEPAXI@Z 0040f3c0 f i BootEncryption.obj
 0001:0000e3e0       ??_G?$basic_iostream@DU?$char_traits@D@std@@@std@@UAEPAXI@Z 0040f3e0 f i BootEncryption.obj
 0001:0000e3e0       ??_E?$basic_iostream@DU?$char_traits@D@std@@@std@@UAEPAXI@Z 0040f3e0 f i BootEncryption.obj
 0001:0000e440       ??_G?$basic_stringbuf@DU?$char_traits@D@std@@V?$allocator@D@2@@std@@UAEPAXI@Z 0040f440 f i BootEncryption.obj
 0001:0000e440       ??_E?$basic_stringbuf@DU?$char_traits@D@std@@V?$allocator@D@2@@std@@UAEPAXI@Z 0040f440 f i BootEncryption.obj
 0001:0000e470       ??_E?$basic_iostream@_WU?$char_traits@_W@std@@@std@@UAEPAXI@Z 0040f470 f i BootEncryption.obj
 0001:0000e470       ??_G?$basic_iostream@_WU?$char_traits@_W@std@@@std@@UAEPAXI@Z 0040f470 f i BootEncryption.obj
 0001:0000e4d0       ??_E?$basic_stringbuf@_WU?$char_traits@_W@std@@V?$allocator@_W@2@@std@@UAEPAXI@Z 0040f4d0 f i BootEncryption.obj
 0001:0000e4d0       ??_G?$basic_stringbuf@_WU?$char_traits@_W@std@@V?$allocator@_W@2@@std@@UAEPAXI@Z 0040f4d0 f i BootEncryption.obj
 0001:0000e500       ?rfind@?$basic_string@DU?$char_traits@D@std@@V?$allocator@D@2@@std@@QBEIPBDII@Z 0040f500 f i BootEncryption.obj
 0001:0000e5b0       ??E?$_Const_iterator@$00@?$list@KV?$allocator@K@std@@@std@@QAEAAV012@XZ 0040f5b0 f i Dlgcode.obj
 0001:0000e5b0       ??E?$_Const_iterator@$00@?$list@UPartition@CipherShed@@V?$allocator@UPartition@CipherShed@@@std@@@std@@QAEAAV012@XZ 0040f5b0 f i BootEncryption.obj
 0001:0000e5f0       ??0?$basic_streambuf@DU?$char_traits@D@std@@@std@@IAE@XZ 0040f5f0 f i BootEncryption.obj
 0001:0000e6a0       ??0?$basic_streambuf@_WU?$char_traits@_W@std@@@std@@IAE@XZ 0040f6a0 f i BootEncryption.obj
 0001:0000e750       ??0?$_String_const_iterator@DU?$char_traits@D@std@@V?$allocator@D@2@@std@@QAE@PBDPBV_Container_base_secure@1@@Z 0040f750 f i BootEncryption.obj
 0001:0000e7b0       ?_Ifmt@?$num_put@DV?$ostreambuf_iterator@DU?$char_traits@D@std@@@std@@@std@@ABAPADPADPBDH@Z 0040f7b0 f i BootEncryption.obj
 0001:0000e840       ?_Tidy@?$numpunct@D@std@@AAEXXZ 0040f840 f i BootEncryption.obj
 0001:0000e870       ??$_Maklocstr@D@std@@YAPADPBDPADABU_Cvtvec@@@Z 0040f870 f i BootEncryption.obj
 0001:0000e8b0       ?_Init@?$numpunct@D@std@@IAEXABV_Locinfo@2@_N@Z 0040f8b0 f i BootEncryption.obj
 0001:0000ea20       ?rfind@?$basic_string@DU?$char_traits@D@std@@V?$allocator@D@2@@std@@QBEIPBDI@Z 0040fa20 f i BootEncryption.obj
 0001:0000ea50       ?_Xsgetn_s@?$basic_streambuf@DU?$char_traits@D@std@@@std@@MAEHPADIH@Z 0040fa50 f i BootEncryption.obj
 0001:0000eae0       ?xsputn@?$basic_streambuf@DU?$char_traits@D@std@@@std@@MAEHPBDH@Z 0040fae0 f i BootEncryption.obj
 0001:0000eb70       ?_Xsgetn_s@?$basic_streambuf@_WU?$char_traits@_W@std@@@std@@MAEHPA_WIH@Z 0040fb70 f i BootEncryption.obj
 0001:0000ec20       ?xsputn@?$basic_streambuf@_WU?$char_traits@_W@std@@@std@@MAEHPB_WH@Z 0040fc20 f i BootEncryption.obj
 0001:0000ecd0       ??1?$basic_stringstream@DU?$char_traits@D@std@@V?$allocator@D@2@@std@@UAE@XZ 0040fcd0 f i BootEncryption.obj
 0001:0000ed60       ?overflow@?$basic_stringbuf@DU?$char_traits@D@std@@V?$allocator@D@2@@std@@MAEHH@Z 0040fd60 f i BootEncryption.obj
 0001:0000ef30       ??1?$basic_stringstream@_WU?$char_traits@_W@std@@V?$allocator@_W@2@@std@@UAE@XZ 0040ff30 f i BootEncryption.obj
 0001:0000efc0       ?overflow@?$basic_stringbuf@_WU?$char_traits@_W@std@@V?$allocator@_W@2@@std@@MAEGG@Z 0040ffc0 f i BootEncryption.obj
 0001:0000f1b0       ?_Buynode@?$list@UPartition@CipherShed@@V?$allocator@UPartition@CipherShed@@@std@@@std@@IAEPAU_Node@?$_List_nod@UPartition@CipherShed@@V?$allocator@UPartition@CipherShed@@@std@@@2@XZ 004101b0 f i BootEncryption.obj
 0001:0000f1d0       ?_Put@?$num_put@DV?$ostreambuf_iterator@DU?$char_traits@D@std@@@std@@@std@@ABA?AV?$ostreambuf_iterator@DU?$char_traits@D@std@@@2@V32@PBDI@Z 004101d0 f i BootEncryption.obj
 0001:0000f1d0       ?_Putc@?$num_put@DV?$ostreambuf_iterator@DU?$char_traits@D@std@@@std@@@std@@ABA?AV?$ostreambuf_iterator@DU?$char_traits@D@std@@@2@V32@PBDI@Z 004101d0 f i BootEncryption.obj
 0001:0000f240       ?_Rep@?$num_put@DV?$ostreambuf_iterator@DU?$char_traits@D@std@@@std@@@std@@ABA?AV?$ostreambuf_iterator@DU?$char_traits@D@std@@@2@V32@DI@Z 00410240 f i BootEncryption.obj
 0001:0000f2b0       ?_Putgrouped@?$num_put@DV?$ostreambuf_iterator@DU?$char_traits@D@std@@@std@@@std@@ABA?AV?$ostreambuf_iterator@DU?$char_traits@D@std@@@2@V32@PBDID@Z 004102b0 f i BootEncryption.obj
 0001:0000f350       ??0?$numpunct@D@std@@QAE@ABV_Locinfo@1@I_N@Z 00410350 f i BootEncryption.obj
 0001:0000f3c0       ?do_decimal_point@?$numpunct@D@std@@MBEDXZ 004103c0 f i BootEncryption.obj
 0001:0000f3d0       ?do_thousands_sep@?$numpunct@D@std@@MBEDXZ 004103d0 f i BootEncryption.obj
 0001:0000f3e0       ??_G?$numpunct@D@std@@MAEPAXI@Z 004103e0 f i BootEncryption.obj
 0001:0000f3e0       ??_E?$numpunct@D@std@@MAEPAXI@Z 004103e0 f i BootEncryption.obj
 0001:0000f430       ??_D?$basic_stringstream@DU?$char_traits@D@std@@V?$allocator@D@2@@std@@QAEXXZ 00410430 f i BootEncryption.obj
 0001:0000f450       ??_D?$basic_stringstream@_WU?$char_traits@_W@std@@V?$allocator@_W@2@@std@@QAEXXZ 00410450 f i BootEncryption.obj
 0001:0000f470       ??_E?$basic_stringstream@DU?$char_traits@D@std@@V?$allocator@D@2@@std@@UAEPAXI@Z 00410470 f i BootEncryption.obj
 0001:0000f470       ??_G?$basic_stringstream@DU?$char_traits@D@std@@V?$allocator@D@2@@std@@UAEPAXI@Z 00410470 f i BootEncryption.obj
 0001:0000f4b0       ??_E?$basic_stringstream@_WU?$char_traits@_W@std@@V?$allocator@_W@2@@std@@UAEPAXI@Z 004104b0 f i BootEncryption.obj
 0001:0000f4b0       ??_G?$basic_stringstream@_WU?$char_traits@_W@std@@V?$allocator@_W@2@@std@@UAEPAXI@Z 004104b0 f i BootEncryption.obj
 0001:0000f4f0       ??0?$basic_stringbuf@DU?$char_traits@D@std@@V?$allocator@D@2@@std@@QAE@H@Z 004104f0 f i BootEncryption.obj
 0001:0000f570       ?falsename@?$numpunct@D@std@@QBE?AV?$basic_string@DU?$char_traits@D@std@@V?$allocator@D@2@@2@XZ 00410570 f i BootEncryption.obj
 0001:0000f590       ?truename@?$numpunct@D@std@@QBE?AV?$basic_string@DU?$char_traits@D@std@@V?$allocator@D@2@@2@XZ 00410590 f i BootEncryption.obj
 0001:0000f5b0       ?insert@?$basic_string@DU?$char_traits@D@std@@V?$allocator@D@2@@std@@QAEAAV12@IID@Z 004105b0 f i BootEncryption.obj
 0001:0000f6b0       ?grouping@?$numpunct@D@std@@QBE?AV?$basic_string@DU?$char_traits@D@std@@V?$allocator@D@2@@2@XZ 004106b0 f i BootEncryption.obj
 0001:0000f6d0       ?append@?$basic_string@_WU?$char_traits@_W@std@@V?$allocator@_W@2@@std@@QAEAAV12@ABV12@II@Z 004106d0 f i BootEncryption.obj
 0001:0000f7e0       ?append@?$basic_string@_WU?$char_traits@_W@std@@V?$allocator@_W@2@@std@@QAEAAV12@PB_WI@Z 004107e0 f i BootEncryption.obj
 0001:0000f900       ?what@logic_error@std@@UBEPBDXZ 00410900 f i BootEncryption.obj
 0001:0000f900       ?what@runtime_error@std@@UBEPBDXZ 00410900 f i BootEncryption.obj
 0001:0000f910       ??_Elogic_error@std@@UAEPAXI@Z 00410910 f i BootEncryption.obj
 0001:0000f910       ??_Gout_of_range@std@@UAEPAXI@Z 00410910 f i Dictionary.obj
 0001:0000f910       ??_Glogic_error@std@@UAEPAXI@Z 00410910 f i BootEncryption.obj
 0001:0000f910       ??_Elength_error@std@@UAEPAXI@Z 00410910 f i BootEncryption.obj
 0001:0000f910       ??_Eout_of_range@std@@UAEPAXI@Z 00410910 f i Dictionary.obj
 0001:0000f910       ??_Glength_error@std@@UAEPAXI@Z 00410910 f i BootEncryption.obj
 0001:0000f960       ??0_Locinfo@std@@QAE@ABV?$basic_string@DU?$char_traits@D@std@@V?$allocator@D@2@@1@@Z 00410960 f i BootEncryption.obj
 0001:0000f9f0       ??1_Locinfo@std@@QAE@XZ    004109f0 f i BootEncryption.obj
 0001:0000fad0       ?Show@ErrorException@CipherShed@@UBEXPAUHWND__@@@Z 00410ad0 f i BootEncryption.obj
 0001:0000fb10       ??1File@CipherShed@@QAE@XZ 00410b10 f i BootEncryption.obj
 0001:0000fb10       ??1Device@CipherShed@@QAE@XZ 00410b10 f i BootEncryption.obj
 0001:0000fb60       ??1Partition@CipherShed@@QAE@XZ 00410b60 f i BootEncryption.obj
 0001:0000fc10       ?append@?$basic_string@DU?$char_traits@D@std@@V?$allocator@D@2@@std@@QAEAAV12@ID@Z 00410c10 f i BootEncryption.obj
 0001:0000fcc0       ??0?$list@UPartition@CipherShed@@V?$allocator@UPartition@CipherShed@@@std@@@std@@QAE@XZ 00410cc0 f i BootEncryption.obj
 0001:0000fd30       ??$?HDU?$char_traits@D@std@@V?$allocator@D@1@@std@@YA?AV?$basic_string@DU?$char_traits@D@std@@V?$allocator@D@2@@0@ABV10@0@Z 00410d30 f i BootEncryption.obj
 0001:0000fde0       ??$?HDU?$char_traits@D@std@@V?$allocator@D@1@@std@@YA?AV?$basic_string@DU?$char_traits@D@std@@V?$allocator@D@2@@0@ABV10@D@Z 00410de0 f i BootEncryption.obj
 0001:0000fe90       ??0logic_error@std@@QAE@ABV?$basic_string@DU?$char_traits@D@std@@V?$allocator@D@2@@1@@Z 00410e90 f i BootEncryption.obj
 0001:0000ff00       ??0length_error@std@@QAE@ABV?$basic_string@DU?$char_traits@D@std@@V?$allocator@D@2@@1@@Z 00410f00 f i BootEncryption.obj
 0001:0000ff20       ??1out_of_range@std@@UAE@XZ 00410f20 f i Dictionary.obj
 0001:0000ff20       ??1length_error@std@@UAE@XZ 00410f20 f i BootEncryption.obj
 0001:0000ff60       ??0runtime_error@std@@QAE@ABV?$basic_string@DU?$char_traits@D@std@@V?$allocator@D@2@@1@@Z 00410f60 f i BootEncryption.obj
 0001:0000ffd0       ?name@locale@std@@QBE?AV?$basic_string@DU?$char_traits@D@std@@V?$allocator@D@2@@2@XZ 00410fd0 f i BootEncryption.obj
 0001:00010000       ?_Getcat@?$ctype@D@std@@SAIPAPBVfacet@locale@2@PBV42@@Z 00411000 f i BootEncryption.obj
 0001:00010100       ?_Getcat@?$ctype@_W@std@@SAIPAPBVfacet@locale@2@PBV42@@Z 00411100 f i BootEncryption.obj
 0001:00010200       ??1failure@ios_base@std@@UAE@XZ 00411200 f i BootEncryption.obj
 0001:00010240       ??_Eruntime_error@std@@UAEPAXI@Z 00411240 f i BootEncryption.obj
 0001:00010240       ??_Gruntime_error@std@@UAEPAXI@Z 00411240 f i BootEncryption.obj
 0001:00010240       ??_Gfailure@ios_base@std@@UAEPAXI@Z 00411240 f i BootEncryption.obj
 0001:00010240       ??_Efailure@ios_base@std@@UAEPAXI@Z 00411240 f i BootEncryption.obj
 0001:00010290       ??0Partition@CipherShed@@QAE@ABU01@@Z 00411290 f i BootEncryption.obj
 0001:000103c0       ??4?$basic_string@DU?$char_traits@D@std@@V?$allocator@D@2@@std@@QAEAAV01@PBD@Z 004113c0 f i BootEncryption.obj
 0001:000103c0       ?assign@?$basic_string@DU?$char_traits@D@std@@V?$allocator@D@2@@std@@QAEAAV12@PBD@Z 004113c0 f i Setup.obj
 0001:000103f0       ?substr@?$basic_string@_WU?$char_traits@_W@std@@V?$allocator@_W@2@@std@@QBE?AV12@II@Z 004113f0 f i BootEncryption.obj
 0001:00010430       ?str@?$basic_stringbuf@DU?$char_traits@D@std@@V?$allocator@D@2@@std@@QBE?AV?$basic_string@DU?$char_traits@D@std@@V?$allocator@D@2@@2@XZ 00411430 f i BootEncryption.obj
 0001:00010580       ?str@?$basic_stringbuf@_WU?$char_traits@_W@std@@V?$allocator@_W@2@@std@@QBE?AV?$basic_string@_WU?$char_traits@_W@std@@V?$allocator@_W@2@@2@XZ 00411580 f i BootEncryption.obj
 0001:000106f0       ?_Incsize@?$list@UPartition@CipherShed@@V?$allocator@UPartition@CipherShed@@@std@@@std@@IAEXI@Z 004116f0 f i BootEncryption.obj
 0001:00010790       ??0logic_error@std@@QAE@ABV01@@Z 00411790 f i BootEncryption.obj
 0001:00010810       ?do_grouping@?$numpunct@D@std@@MBE?AV?$basic_string@DU?$char_traits@D@std@@V?$allocator@D@2@@2@XZ 00411810 f i BootEncryption.obj
 0001:00010860       ?do_falsename@?$numpunct@D@std@@MBE?AV?$basic_string@DU?$char_traits@D@std@@V?$allocator@D@2@@2@XZ 00411860 f i BootEncryption.obj
 0001:000108b0       ?do_truename@?$numpunct@D@std@@MBE?AV?$basic_string@DU?$char_traits@D@std@@V?$allocator@D@2@@2@XZ 004118b0 f i BootEncryption.obj
 0001:00010900       ??0length_error@std@@QAE@ABV01@@Z 00411900 f i BootEncryption.obj
 0001:00010920       ??$use_facet@V?$ctype@D@std@@@std@@YAABV?$ctype@D@0@ABVlocale@0@@Z 00411920 f i BootEncryption.obj
 0001:00010a70       ??$use_facet@V?$ctype@_W@std@@@std@@YAABV?$ctype@_W@0@ABVlocale@0@@Z 00411a70 f i BootEncryption.obj
 0001:00010bc0       ??$?HDU?$char_traits@D@std@@V?$allocator@D@1@@std@@YA?AV?$basic_string@DU?$char_traits@D@std@@V?$allocator@D@2@@0@PBDABV10@@Z 00411bc0 f i BootEncryption.obj
 0001:00010c80       ??$?H_WU?$char_traits@_W@std@@V?$allocator@_W@1@@std@@YA?AV?$basic_string@_WU?$char_traits@_W@std@@V?$allocator@_W@2@@0@ABV10@PB_W@Z 00411c80 f i BootEncryption.obj
 0001:00010d50       ??$_Construct@UPartition@CipherShed@@U12@@std@@YAXPAUPartition@CipherShed@@ABU12@@Z 00411d50 f i BootEncryption.obj
 0001:00010db0       ?_Getcat@?$num_put@DV?$ostreambuf_iterator@DU?$char_traits@D@std@@@std@@@std@@SAIPAPBVfacet@locale@2@PBV42@@Z 00411db0 f i BootEncryption.obj
 0001:00010ec0       ?_Getcat@?$numpunct@D@std@@SAIPAPBVfacet@locale@2@PBV42@@Z 00411ec0 f i BootEncryption.obj
 0001:00010fd0       ?clear@ios_base@std@@QAEXH_N@Z 00411fd0 f i BootEncryption.obj
 0001:00011100       ??0runtime_error@std@@QAE@ABV01@@Z 00412100 f i BootEncryption.obj
 0001:00011180       ??0failure@ios_base@std@@QAE@ABV012@@Z 00412180 f i BootEncryption.obj
 0001:000111a0       ?_Init@ios_base@std@@IAEXXZ 004121a0 f i BootEncryption.obj
 0001:00011220       ?Show@ParameterIncorrect@CipherShed@@UBEXPAUHWND__@@@Z 00412220 f i BootEncryption.obj
 0001:00011350       ??0File@CipherShed@@QAE@V?$basic_string@DU?$char_traits@D@std@@V?$allocator@D@2@@std@@_N1@Z 00412350 f   BootEncryption.obj
 0001:00011480       ??0Device@CipherShed@@QAE@V?$basic_string@DU?$char_traits@D@std@@V?$allocator@D@2@@std@@_N@Z 00412480 f   BootEncryption.obj
 0001:00011620       ??4Partition@CipherShed@@QAEAAU01@ABU01@@Z 00412620 f i BootEncryption.obj
 0001:00011680       ?GetWindowsDirectoryA@BootEncryption@CipherShed@@IAE?AV?$basic_string@DU?$char_traits@D@std@@V?$allocator@D@2@@std@@XZ 00412680 f   BootEncryption.obj
 0001:00011730       ?GetTempPathA@BootEncryption@CipherShed@@QAE?AV?$basic_string@DU?$char_traits@D@std@@V?$allocator@D@2@@std@@XZ 00412730 f   BootEncryption.obj
 0001:000117e0       ?GetSystemLoaderBackupPath@BootEncryption@CipherShed@@IAE?AV?$basic_string@DU?$char_traits@D@std@@V?$allocator@D@2@@std@@XZ 004127e0 f   BootEncryption.obj
 0001:00011980       ?RenameDeprecatedSystemLoaderBackup@BootEncryption@CipherShed@@QAEXXZ 00412980 f   BootEncryption.obj
 0001:00011c10       ?str@?$basic_stringstream@DU?$char_traits@D@std@@V?$allocator@D@2@@std@@QBE?AV?$basic_string@DU?$char_traits@D@std@@V?$allocator@D@2@@2@XZ 00412c10 f i BootEncryption.obj
 0001:00011c30       ?str@?$basic_stringstream@_WU?$char_traits@_W@std@@V?$allocator@_W@2@@std@@QBE?AV?$basic_string@_WU?$char_traits@_W@std@@V?$allocator@_W@2@@2@XZ 00412c30 f i BootEncryption.obj
 0001:00011c50       ?widen@?$basic_ios@DU?$char_traits@D@std@@@std@@QBEDD@Z 00412c50 f i BootEncryption.obj
 0001:00011d10       ?widen@?$basic_ios@_WU?$char_traits@_W@std@@@std@@QBE_WD@Z 00412d10 f i BootEncryption.obj
 0001:00011dd0       ??$use_facet@V?$num_put@DV?$ostreambuf_iterator@DU?$char_traits@D@std@@@std@@@std@@@std@@YAABV?$num_put@DV?$ostreambuf_iterator@DU?$char_traits@D@std@@@std@@@0@ABVlocale@0@@Z 00412dd0 f i BootEncryption.obj
 0001:00011f20       ??$use_facet@V?$numpunct@D@std@@@std@@YAABV?$numpunct@D@0@ABVlocale@0@@Z 00412f20 f i BootEncryption.obj
 0001:00012070       ?SetDriverServiceStartType@BootEncryption@CipherShed@@QAEXK@Z 00413070 f   BootEncryption.obj
 0001:000123e0       ?erase@?$list@UPartition@CipherShed@@V?$allocator@UPartition@CipherShed@@@std@@@std@@QAE?AV?$_Iterator@$00@12@V?$_Const_iterator@$00@12@@Z 004133e0 f i BootEncryption.obj
 0001:00012470       ?do_put@?$num_put@DV?$ostreambuf_iterator@DU?$char_traits@D@std@@@std@@@std@@MBE?AV?$ostreambuf_iterator@DU?$char_traits@D@std@@@2@V32@AAVios_base@2@D_N@Z 00413470 f i BootEncryption.obj
 0001:00012690       ?clear@?$list@UPartition@CipherShed@@V?$allocator@UPartition@CipherShed@@@std@@@std@@QAEXXZ 00413690 f i BootEncryption.obj
 0001:000126d0       ?_Buynode@?$list@UPartition@CipherShed@@V?$allocator@UPartition@CipherShed@@@std@@@std@@IAEPAU_Node@?$_List_nod@UPartition@CipherShed@@V?$allocator@UPartition@CipherShed@@@std@@@2@PAU342@0ABUPartition@CipherShed@@@Z 004136d0 f i BootEncryption.obj
 0001:00012770       ?_Fput@?$num_put@DV?$ostreambuf_iterator@DU?$char_traits@D@std@@@std@@@std@@ABA?AV?$ostreambuf_iterator@DU?$char_traits@D@std@@@2@V32@AAVios_base@2@DPBDIIII@Z 00413770 f i BootEncryption.obj
 0001:00012e00       ?_Iput@?$num_put@DV?$ostreambuf_iterator@DU?$char_traits@D@std@@@std@@@std@@ABA?AV?$ostreambuf_iterator@DU?$char_traits@D@std@@@2@V32@AAVios_base@2@DPADI@Z 00413e00 f i BootEncryption.obj
 0001:000130f0       ?flush@?$basic_ostream@DU?$char_traits@D@std@@@std@@QAEAAV12@XZ 004140f0 f i BootEncryption.obj
 0001:000130f0       ?flush@?$basic_ostream@_WU?$char_traits@_W@std@@@std@@QAEAAV12@XZ 004140f0 f i BootEncryption.obj
 0001:00013140       ?_Tidy@?$list@UPartition@CipherShed@@V?$allocator@UPartition@CipherShed@@@std@@@std@@IAEXXZ 00414140 f i BootEncryption.obj
 0001:00013160       ??0sentry@?$basic_ostream@_WU?$char_traits@_W@std@@@std@@QAE@AAV12@@Z 00414160 f i BootEncryption.obj
 0001:00013160       ??0sentry@?$basic_ostream@DU?$char_traits@D@std@@@std@@QAE@AAV12@@Z 00414160 f i BootEncryption.obj
 0001:000131f0       ?do_put@?$num_put@DV?$ostreambuf_iterator@DU?$char_traits@D@std@@@std@@@std@@MBE?AV?$ostreambuf_iterator@DU?$char_traits@D@std@@@2@V32@AAVios_base@2@DJ@Z 004141f0 f i BootEncryption.obj
 0001:00013270       ?do_put@?$num_put@DV?$ostreambuf_iterator@DU?$char_traits@D@std@@@std@@@std@@MBE?AV?$ostreambuf_iterator@DU?$char_traits@D@std@@@2@V32@AAVios_base@2@DK@Z 00414270 f i BootEncryption.obj
 0001:000132f0       ?do_put@?$num_put@DV?$ostreambuf_iterator@DU?$char_traits@D@std@@@std@@@std@@MBE?AV?$ostreambuf_iterator@DU?$char_traits@D@std@@@2@V32@AAVios_base@2@D_J@Z 004142f0 f i BootEncryption.obj
 0001:00013380       ?do_put@?$num_put@DV?$ostreambuf_iterator@DU?$char_traits@D@std@@@std@@@std@@MBE?AV?$ostreambuf_iterator@DU?$char_traits@D@std@@@2@V32@AAVios_base@2@D_K@Z 00414380 f i BootEncryption.obj
 0001:00013410       ?do_put@?$num_put@DV?$ostreambuf_iterator@DU?$char_traits@D@std@@@std@@@std@@MBE?AV?$ostreambuf_iterator@DU?$char_traits@D@std@@@2@V32@AAVios_base@2@DN@Z 00414410 f i BootEncryption.obj
 0001:00013600       ?do_put@?$num_put@DV?$ostreambuf_iterator@DU?$char_traits@D@std@@@std@@@std@@MBE?AV?$ostreambuf_iterator@DU?$char_traits@D@std@@@2@V32@AAVios_base@2@DO@Z 00414600 f i BootEncryption.obj
 0001:000137e0       ?do_put@?$num_put@DV?$ostreambuf_iterator@DU?$char_traits@D@std@@@std@@@std@@MBE?AV?$ostreambuf_iterator@DU?$char_traits@D@std@@@2@V32@AAVios_base@2@DPBX@Z 004147e0 f i BootEncryption.obj
 0001:00013850       ?_Osfx@?$basic_ostream@_WU?$char_traits@_W@std@@@std@@QAEXXZ 00414850 f i BootEncryption.obj
 0001:00013850       ?_Osfx@?$basic_ostream@DU?$char_traits@D@std@@@std@@QAEXXZ 00414850 f i BootEncryption.obj
 0001:000138b0       ??$_Insert@V?$_Const_iterator@$00@?$list@UPartition@CipherShed@@V?$allocator@UPartition@CipherShed@@@std@@@std@@@?$list@UPartition@CipherShed@@V?$allocator@UPartition@CipherShed@@@std@@@std@@QAEXV?$_Const_iterator@$00@01@00Uforward_iterator_tag@1@@Z 004148b0 f i BootEncryption.obj
 0001:00013a10       ??1?$list@UPartition@CipherShed@@V?$allocator@UPartition@CipherShed@@@std@@@std@@QAE@XZ 00414a10 f i BootEncryption.obj
 0001:00013a40       ??0?$basic_iostream@DU?$char_traits@D@std@@@std@@QAE@PAV?$basic_streambuf@DU?$char_traits@D@std@@@1@@Z 00414a40 f i BootEncryption.obj
 0001:00013b20       ??0?$basic_iostream@_WU?$char_traits@_W@std@@@std@@QAE@PAV?$basic_streambuf@_WU?$char_traits@_W@std@@@1@@Z 00414b20 f i BootEncryption.obj
 0001:00013c00       ??1sentry@?$basic_ostream@_WU?$char_traits@_W@std@@@std@@QAE@XZ 00414c00 f i BootEncryption.obj
 0001:00013c00       ??1sentry@?$basic_ostream@DU?$char_traits@D@std@@@std@@QAE@XZ 00414c00 f i BootEncryption.obj
 0001:00013c70       ??$?6U?$char_traits@D@std@@@std@@YAAAV?$basic_ostream@DU?$char_traits@D@std@@@0@AAV10@PBD@Z 00414c70 f i BootEncryption.obj
 0001:00013e80       ??$?6_WU?$char_traits@_W@std@@@std@@YAAAV?$basic_ostream@_WU?$char_traits@_W@std@@@0@AAV10@PBD@Z 00414e80 f i BootEncryption.obj
 0001:00014150       ??0SystemDriveConfiguration@CipherShed@@QAE@XZ 00415150 f i BootEncryption.obj
 0001:00014230       ??1SystemDriveConfiguration@CipherShed@@QAE@XZ 00415230 f i BootEncryption.obj
 0001:000142c0       ??1BootEncryption@CipherShed@@QAE@XZ 004152c0 f   BootEncryption.obj
 0001:000142f0       ??1?$ContainerForward@V?$list@UPartition@CipherShed@@V?$allocator@UPartition@CipherShed@@@std@@@std@@@ForEach@CipherShed@@UAE@XZ 004152f0 f i BootEncryption.obj
 0001:00014330       ??6?$basic_ostream@DU?$char_traits@D@std@@@std@@QAEAAV01@H@Z 00415330 f i BootEncryption.obj
 0001:00014480       ??0?$list@UPartition@CipherShed@@V?$allocator@UPartition@CipherShed@@@std@@@std@@QAE@ABV01@@Z 00415480 f i BootEncryption.obj
 0001:00014530       ??0?$basic_stringstream@DU?$char_traits@D@std@@V?$allocator@D@2@@std@@QAE@H@Z 00415530 f i BootEncryption.obj
 0001:000145d0       ??0?$ContainerForward@V?$list@UPartition@CipherShed@@V?$allocator@UPartition@CipherShed@@@std@@@std@@@ForEach@CipherShed@@QAE@ABV?$list@UPartition@CipherShed@@V?$allocator@UPartition@CipherShed@@@std@@@std@@@Z 004155d0 f i BootEncryption.obj
 0001:00014660       ?Next@?$ContainerForward@V?$list@UPartition@CipherShed@@V?$allocator@UPartition@CipherShed@@@std@@@std@@@ForEach@CipherShed@@UBEXXZ 00415660 f i BootEncryption.obj
 0001:00014660       ?Next@?$ContainerForward@V?$list@KV?$allocator@K@std@@@std@@@ForEach@CipherShed@@UBEXXZ 00415660 f i Dlgcode.obj
 0001:000146a0       ??_E?$ContainerForward@V?$list@UPartition@CipherShed@@V?$allocator@UPartition@CipherShed@@@std@@@std@@@ForEach@CipherShed@@UAEPAXI@Z 004156a0 f i BootEncryption.obj
 0001:000146a0       ??_G?$ContainerForward@V?$list@UPartition@CipherShed@@V?$allocator@UPartition@CipherShed@@@std@@@std@@@ForEach@CipherShed@@UAEPAXI@Z 004156a0 f i BootEncryption.obj
 0001:000146f0       ??0BootEncryption@CipherShed@@QAE@PAUHWND__@@@Z 004156f0 f   BootEncryption.obj
 0001:00014770       ?GetDrivePartitions@BootEncryption@CipherShed@@IAE?AV?$list@UPartition@CipherShed@@V?$allocator@UPartition@CipherShed@@@std@@@std@@H@Z 00415770 f   BootEncryption.obj
 0001:00014e40       ??0SystemDriveConfiguration@CipherShed@@QAE@ABU01@@Z 00415e40 f i BootEncryption.obj
 0001:00014f50       ??$GetContainerForward@V?$list@UPartition@CipherShed@@V?$allocator@UPartition@CipherShed@@@std@@@std@@@ForEach@CipherShed@@SA?AU?$ContainerForward@V?$list@UPartition@CipherShed@@V?$allocator@UPartition@CipherShed@@@std@@@std@@@01@ABV?$list@UPartition@CipherShed@@V?$allocator@UPartition@CipherShed@@@std@@@std@@@Z 00415f50 f i BootEncryption.obj
 0001:00014f70       ?Write@File@CipherShed@@QAEXPAEK@Z 00415f70 f   BootEncryption.obj
 0001:000150d0       ??4SystemDriveConfiguration@CipherShed@@QAEAAU01@ABU01@@Z 004160d0 f i BootEncryption.obj
 0001:000151c0       ?RegisterFilter@BootEncryption@CipherShed@@IAEX_NW4FilterType@12@PBU_GUID@@@Z 004161c0 f   BootEncryption.obj
 0001:00015940       ?RegisterFilterDriver@BootEncryption@CipherShed@@QAEX_NW4FilterType@12@@Z 00416940 f   BootEncryption.obj
 0001:00015a00       ?GetSystemDriveConfiguration@BootEncryption@CipherShed@@QAE?AUSystemDriveConfiguration@2@XZ 00416a00 f   BootEncryption.obj
 0001:00016760       ?CreateBootLoaderInMemory@BootEncryption@CipherShed@@IAEXPAEI_N1@Z 00417760 f   BootEncryption.obj
 0001:00016c20       ??1ErrorException@CipherShed@@QAE@XZ 00417c20 f i BootEncryption.obj
 0001:00016c50       ??0ErrorException@CipherShed@@QAE@ABU01@@Z 00417c50 f i BootEncryption.obj
 0001:00016c90       ?InstallBootLoader@BootEncryption@CipherShed@@QAEX_N0@Z 00417c90 f   BootEncryption.obj
 0001:00017090       _GetCrc32                  00418090 f   Crc.obj
 0001:000170a0       _AddPoolData               004180a0 f   Dictionary.obj
 0001:00017110       ??8const_iterator@?$_Tree@V?$_Tmap_traits@HPAXU?$less@H@std@@V?$allocator@U?$pair@$$CBHPAX@std@@@2@$0A@@std@@@std@@QBE_NABV012@@Z 00418110 f i Dictionary.obj
 0001:00017110       ??8const_iterator@?$_Tree@V?$_Tmap_traits@V?$basic_string@DU?$char_traits@D@std@@V?$allocator@D@2@@std@@PAXU?$less@V?$basic_string@DU?$char_traits@D@std@@V?$allocator@D@2@@std@@@2@V?$allocator@U?$pair@$$CBV?$basic_string@DU?$char_traits@D@std@@V?$allocator@D@2@@std@@PAX@std@@@2@$0A@@std@@@std@@QBE_NABV012@@Z 00418110 f i Dictionary.obj
 0001:00017140       ?_Max@?$_Tree@V?$_Tmap_traits@V?$basic_string@DU?$char_traits@D@std@@V?$allocator@D@2@@std@@PAXU?$less@V?$basic_string@DU?$char_traits@D@std@@V?$allocator@D@2@@std@@@2@V?$allocator@U?$pair@$$CBV?$basic_string@DU?$char_traits@D@std@@V?$allocator@D@2@@std@@PAX@std@@@2@$0A@@std@@@std@@KAPAU_Node@?$_Tree_nod@V?$_Tmap_traits@V?$basic_string@DU?$char_traits@D@std@@V?$allocator@D@2@@std@@PAXU?$less@V?$basic_string@DU?$char_traits@D@std@@V?$allocator@D@2@@std@@@2@V?$allocator@U?$pair@$$CBV?$basic_string@DU?$char_traits@D@std@@V?$allocator@D@2@@std@@PAX@std@@@2@$0A@@std@@@2@PAU342@@Z 00418140 f i Dictionary.obj
 0001:00017160       ?_Min@?$_Tree@V?$_Tmap_traits@V?$basic_string@DU?$char_traits@D@std@@V?$allocator@D@2@@std@@PAXU?$less@V?$basic_string@DU?$char_traits@D@std@@V?$allocator@D@2@@std@@@2@V?$allocator@U?$pair@$$CBV?$basic_string@DU?$char_traits@D@std@@V?$allocator@D@2@@std@@PAX@std@@@2@$0A@@std@@@std@@KAPAU_Node@?$_Tree_nod@V?$_Tmap_traits@V?$basic_string@DU?$char_traits@D@std@@V?$allocator@D@2@@std@@PAXU?$less@V?$basic_string@DU?$char_traits@D@std@@V?$allocator@D@2@@std@@@2@V?$allocator@U?$pair@$$CBV?$basic_string@DU?$char_traits@D@std@@V?$allocator@D@2@@std@@PAX@std@@@2@$0A@@std@@@2@PAU342@@Z 00418160 f i Dictionary.obj
 0001:00017180       ?_Max@?$_Tree@V?$_Tmap_traits@HPAXU?$less@H@std@@V?$allocator@U?$pair@$$CBHPAX@std@@@2@$0A@@std@@@std@@KAPAU_Node@?$_Tree_nod@V?$_Tmap_traits@HPAXU?$less@H@std@@V?$allocator@U?$pair@$$CBHPAX@std@@@2@$0A@@std@@@2@PAU342@@Z 00418180 f i Dictionary.obj
 0001:000171a0       ?_Min@?$_Tree@V?$_Tmap_traits@HPAXU?$less@H@std@@V?$allocator@U?$pair@$$CBHPAX@std@@@2@$0A@@std@@@std@@KAPAU_Node@?$_Tree_nod@V?$_Tmap_traits@HPAXU?$less@H@std@@V?$allocator@U?$pair@$$CBHPAX@std@@@2@$0A@@std@@@2@PAU342@@Z 004181a0 f i Dictionary.obj
 0001:000171c0       ?compare@?$basic_string@DU?$char_traits@D@std@@V?$allocator@D@2@@std@@QBEHIIPBDI@Z 004181c0 f i Dictionary.obj
 0001:00017230       ?_Lrotate@?$_Tree@V?$_Tmap_traits@V?$basic_string@DU?$char_traits@D@std@@V?$allocator@D@2@@std@@PAXU?$less@V?$basic_string@DU?$char_traits@D@std@@V?$allocator@D@2@@std@@@2@V?$allocator@U?$pair@$$CBV?$basic_string@DU?$char_traits@D@std@@V?$allocator@D@2@@std@@PAX@std@@@2@$0A@@std@@@std@@IAEXPAU_Node@?$_Tree_nod@V?$_Tmap_traits@V?$basic_string@DU?$char_traits@D@std@@V?$allocator@D@2@@std@@PAXU?$less@V?$basic_string@DU?$char_traits@D@std@@V?$allocator@D@2@@std@@@2@V?$allocator@U?$pair@$$CBV?$basic_string@DU?$char_traits@D@std@@V?$allocator@D@2@@std@@PAX@std@@@2@$0A@@std@@@2@@Z 00418230 f i Dictionary.obj
 0001:00017280       ?_Rrotate@?$_Tree@V?$_Tmap_traits@V?$basic_string@DU?$char_traits@D@std@@V?$allocator@D@2@@std@@PAXU?$less@V?$basic_string@DU?$char_traits@D@std@@V?$allocator@D@2@@std@@@2@V?$allocator@U?$pair@$$CBV?$basic_string@DU?$char_traits@D@std@@V?$allocator@D@2@@std@@PAX@std@@@2@$0A@@std@@@std@@IAEXPAU_Node@?$_Tree_nod@V?$_Tmap_traits@V?$basic_string@DU?$char_traits@D@std@@V?$allocator@D@2@@std@@PAXU?$less@V?$basic_string@DU?$char_traits@D@std@@V?$allocator@D@2@@std@@@2@V?$allocator@U?$pair@$$CBV?$basic_string@DU?$char_traits@D@std@@V?$allocator@D@2@@std@@PAX@std@@@2@$0A@@std@@@2@@Z 00418280 f i Dictionary.obj
 0001:000172e0       ?_Lrotate@?$_Tree@V?$_Tmap_traits@HPAXU?$less@H@std@@V?$allocator@U?$pair@$$CBHPAX@std@@@2@$0A@@std@@@std@@IAEXPAU_Node@?$_Tree_nod@V?$_Tmap_traits@HPAXU?$less@H@std@@V?$allocator@U?$pair@$$CBHPAX@std@@@2@$0A@@std@@@2@@Z 004182e0 f i Dictionary.obj
 0001:00017330       ?_Rrotate@?$_Tree@V?$_Tmap_traits@HPAXU?$less@H@std@@V?$allocator@U?$pair@$$CBHPAX@std@@@2@$0A@@std@@@std@@IAEXPAU_Node@?$_Tree_nod@V?$_Tmap_traits@HPAXU?$less@H@std@@V?$allocator@U?$pair@$$CBHPAX@std@@@2@$0A@@std@@@2@@Z 00418330 f i Dictionary.obj
 0001:00017390       ?_Dec@const_iterator@?$_Tree@V?$_Tmap_traits@V?$basic_string@DU?$char_traits@D@std@@V?$allocator@D@2@@std@@PAXU?$less@V?$basic_string@DU?$char_traits@D@std@@V?$allocator@D@2@@std@@@2@V?$allocator@U?$pair@$$CBV?$basic_string@DU?$char_traits@D@std@@V?$allocator@D@2@@std@@PAX@std@@@2@$0A@@std@@@std@@QAEXXZ 00418390 f i Dictionary.obj
 0001:00017420       ?_Inc@const_iterator@?$_Tree@V?$_Tmap_traits@V?$basic_string@DU?$char_traits@D@std@@V?$allocator@D@2@@std@@PAXU?$less@V?$basic_string@DU?$char_traits@D@std@@V?$allocator@D@2@@std@@@2@V?$allocator@U?$pair@$$CBV?$basic_string@DU?$char_traits@D@std@@V?$allocator@D@2@@std@@PAX@std@@@2@$0A@@std@@@std@@QAEXXZ 00418420 f i Dictionary.obj
 0001:00017490       ?_Dec@const_iterator@?$_Tree@V?$_Tmap_traits@HPAXU?$less@H@std@@V?$allocator@U?$pair@$$CBHPAX@std@@@2@$0A@@std@@@std@@QAEXXZ 00418490 f i Dictionary.obj
 0001:00017520       ?_Inc@const_iterator@?$_Tree@V?$_Tmap_traits@HPAXU?$less@H@std@@V?$allocator@U?$pair@$$CBHPAX@std@@@2@$0A@@std@@@std@@QAEXXZ 00418520 f i Dictionary.obj
 0001:00017590       ?_Erase@?$_Tree@V?$_Tmap_traits@HPAXU?$less@H@std@@V?$allocator@U?$pair@$$CBHPAX@std@@@2@$0A@@std@@@std@@IAEXPAU_Node@?$_Tree_nod@V?$_Tmap_traits@HPAXU?$less@H@std@@V?$allocator@U?$pair@$$CBHPAX@std@@@2@$0A@@std@@@2@@Z 00418590 f i Dictionary.obj
 0001:000175d0       ?_Buynode@?$_Tree@V?$_Tmap_traits@V?$basic_string@DU?$char_traits@D@std@@V?$allocator@D@2@@std@@PAXU?$less@V?$basic_string@DU?$char_traits@D@std@@V?$allocator@D@2@@std@@@2@V?$allocator@U?$pair@$$CBV?$basic_string@DU?$char_traits@D@std@@V?$allocator@D@2@@std@@PAX@std@@@2@$0A@@std@@@std@@IAEPAU_Node@?$_Tree_nod@V?$_Tmap_traits@V?$basic_string@DU?$char_traits@D@std@@V?$allocator@D@2@@std@@PAXU?$less@V?$basic_string@DU?$char_traits@D@std@@V?$allocator@D@2@@std@@@2@V?$allocator@U?$pair@$$CBV?$basic_string@DU?$char_traits@D@std@@V?$allocator@D@2@@std@@PAX@std@@@2@$0A@@std@@@2@XZ 004185d0 f i Dictionary.obj
 0001:00017610       ?_Buynode@?$_Tree@V?$_Tmap_traits@HPAXU?$less@H@std@@V?$allocator@U?$pair@$$CBHPAX@std@@@2@$0A@@std@@@std@@IAEPAU_Node@?$_Tree_nod@V?$_Tmap_traits@HPAXU?$less@H@std@@V?$allocator@U?$pair@$$CBHPAX@std@@@2@$0A@@std@@@2@XZ 00418610 f i Dictionary.obj
 0001:00017650       ?_Buynode@?$_Tree@V?$_Tmap_traits@HPAXU?$less@H@std@@V?$allocator@U?$pair@$$CBHPAX@std@@@2@$0A@@std@@@std@@IAEPAU_Node@?$_Tree_nod@V?$_Tmap_traits@HPAXU?$less@H@std@@V?$allocator@U?$pair@$$CBHPAX@std@@@2@$0A@@std@@@2@PAU342@00ABU?$pair@$$CBHPAX@2@D@Z 00418650 f i Dictionary.obj
 0001:00017690       ??1?$basic_string@DU?$char_traits@D@std@@V?$allocator@D@2@@std@@QAE@XZ 00418690 f i Setup.obj
 0001:00017690       ??1?$pair@$$CBV?$basic_string@DU?$char_traits@D@std@@V?$allocator@D@2@@std@@PAX@std@@QAE@XZ 00418690 f i Dictionary.obj
 0001:000176c0       ??R?$less@V?$basic_string@DU?$char_traits@D@std@@V?$allocator@D@2@@std@@@std@@QBE_NABV?$basic_string@DU?$char_traits@D@std@@V?$allocator@D@2@@1@0@Z 004186c0 f i Dictionary.obj
 0001:00017700       ?_Lbound@?$_Tree@V?$_Tmap_traits@V?$basic_string@DU?$char_traits@D@std@@V?$allocator@D@2@@std@@PAXU?$less@V?$basic_string@DU?$char_traits@D@std@@V?$allocator@D@2@@std@@@2@V?$allocator@U?$pair@$$CBV?$basic_string@DU?$char_traits@D@std@@V?$allocator@D@2@@std@@PAX@std@@@2@$0A@@std@@@std@@IBEPAU_Node@?$_Tree_nod@V?$_Tmap_traits@V?$basic_string@DU?$char_traits@D@std@@V?$allocator@D@2@@std@@PAXU?$less@V?$basic_string@DU?$char_traits@D@std@@V?$allocator@D@2@@std@@@2@V?$allocator@U?$pair@$$CBV?$basic_string@DU?$char_traits@D@std@@V?$allocator@D@2@@std@@PAX@std@@@2@$0A@@std@@@2@ABV?$basic_string@DU?$char_traits@D@std@@V?$allocator@D@2@@2@@Z 00418700 f i Dictionary.obj
 0001:00017790       ?find@?$_Tree@V?$_Tmap_traits@V?$basic_string@DU?$char_traits@D@std@@V?$allocator@D@2@@std@@PAXU?$less@V?$basic_string@DU?$char_traits@D@std@@V?$allocator@D@2@@std@@@2@V?$allocator@U?$pair@$$CBV?$basic_string@DU?$char_traits@D@std@@V?$allocator@D@2@@std@@PAX@std@@@2@$0A@@std@@@std@@QAE?AViterator@12@ABV?$basic_string@DU?$char_traits@D@std@@V?$allocator@D@2@@2@@Z 00418790 f i Dictionary.obj
 0001:00017820       ?find@?$_Tree@V?$_Tmap_traits@HPAXU?$less@H@std@@V?$allocator@U?$pair@$$CBHPAX@std@@@2@$0A@@std@@@std@@QAE?AViterator@12@ABH@Z 00418820 f i Dictionary.obj
 0001:000178b0       ??0out_of_range@std@@QAE@ABV?$basic_string@DU?$char_traits@D@std@@V?$allocator@D@2@@1@@Z 004188b0 f i Dictionary.obj
 0001:000178d0       _GetDictionaryValueByInt   004188d0 f   Dictionary.obj
 0001:00017940       ?_Insert@?$_Tree@V?$_Tmap_traits@HPAXU?$less@H@std@@V?$allocator@U?$pair@$$CBHPAX@std@@@2@$0A@@std@@@std@@IAE?AViterator@12@_NPAU_Node@?$_Tree_nod@V?$_Tmap_traits@HPAXU?$less@H@std@@V?$allocator@U?$pair@$$CBHPAX@std@@@2@$0A@@std@@@2@ABU?$pair@$$CBHPAX@2@@Z 00418940 f i Dictionary.obj
 0001:00017b40       ?erase@?$_Tree@V?$_Tmap_traits@V?$basic_string@DU?$char_traits@D@std@@V?$allocator@D@2@@std@@PAXU?$less@V?$basic_string@DU?$char_traits@D@std@@V?$allocator@D@2@@std@@@2@V?$allocator@U?$pair@$$CBV?$basic_string@DU?$char_traits@D@std@@V?$allocator@D@2@@std@@PAX@std@@@2@$0A@@std@@@std@@QAE?AViterator@12@Vconst_iterator@12@@Z 00418b40 f i Dictionary.obj
 0001:00017e30       ?erase@?$_Tree@V?$_Tmap_traits@HPAXU?$less@H@std@@V?$allocator@U?$pair@$$CBHPAX@std@@@2@$0A@@std@@@std@@QAE?AViterator@12@Vconst_iterator@12@@Z 00418e30 f i Dictionary.obj
 0001:00018100       ??0_Node@?$_Tree_nod@V?$_Tmap_traits@V?$basic_string@DU?$char_traits@D@std@@V?$allocator@D@2@@std@@PAXU?$less@V?$basic_string@DU?$char_traits@D@std@@V?$allocator@D@2@@std@@@2@V?$allocator@U?$pair@$$CBV?$basic_string@DU?$char_traits@D@std@@V?$allocator@D@2@@std@@PAX@std@@@2@$0A@@std@@@std@@QAE@PAU012@00ABU?$pair@$$CBV?$basic_string@DU?$char_traits@D@std@@V?$allocator@D@2@@std@@PAX@2@D@Z 00419100 f i Dictionary.obj
 0001:00018160       ??0out_of_range@std@@QAE@ABV01@@Z 00419160 f i Dictionary.obj
 0001:00018180       _GetDictionaryValue        00419180 f   Dictionary.obj
 0001:00018240       ??0?$_Tree@V?$_Tmap_traits@V?$basic_string@DU?$char_traits@D@std@@V?$allocator@D@2@@std@@PAXU?$less@V?$basic_string@DU?$char_traits@D@std@@V?$allocator@D@2@@std@@@2@V?$allocator@U?$pair@$$CBV?$basic_string@DU?$char_traits@D@std@@V?$allocator@D@2@@std@@PAX@std@@@2@$0A@@std@@@std@@QAE@ABU?$less@V?$basic_string@DU?$char_traits@D@std@@V?$allocator@D@2@@std@@@1@ABV?$allocator@U?$pair@$$CBV?$basic_string@DU?$char_traits@D@std@@V?$allocator@D@2@@std@@PAX@std@@@1@@Z 00419240 f i Dictionary.obj
 0001:000182d0       ?_Erase@?$_Tree@V?$_Tmap_traits@V?$basic_string@DU?$char_traits@D@std@@V?$allocator@D@2@@std@@PAXU?$less@V?$basic_string@DU?$char_traits@D@std@@V?$allocator@D@2@@std@@@2@V?$allocator@U?$pair@$$CBV?$basic_string@DU?$char_traits@D@std@@V?$allocator@D@2@@std@@PAX@std@@@2@$0A@@std@@@std@@IAEXPAU_Node@?$_Tree_nod@V?$_Tmap_traits@V?$basic_string@DU?$char_traits@D@std@@V?$allocator@D@2@@std@@PAXU?$less@V?$basic_string@DU?$char_traits@D@std@@V?$allocator@D@2@@std@@@2@V?$allocator@U?$pair@$$CBV?$basic_string@DU?$char_traits@D@std@@V?$allocator@D@2@@std@@PAX@std@@@2@$0A@@std@@@2@@Z 004192d0 f i Dictionary.obj
 0001:00018330       ??0?$_Tree@V?$_Tmap_traits@HPAXU?$less@H@std@@V?$allocator@U?$pair@$$CBHPAX@std@@@2@$0A@@std@@@std@@QAE@ABU?$less@H@1@ABV?$allocator@U?$pair@$$CBHPAX@std@@@1@@Z 00419330 f i Dictionary.obj
 0001:000183c0       ?insert@?$_Tree@V?$_Tmap_traits@HPAXU?$less@H@std@@V?$allocator@U?$pair@$$CBHPAX@std@@@2@$0A@@std@@@std@@QAE?AU?$pair@Viterator@?$_Tree@V?$_Tmap_traits@HPAXU?$less@H@std@@V?$allocator@U?$pair@$$CBHPAX@std@@@2@$0A@@std@@@std@@_N@2@ABU?$pair@$$CBHPAX@2@@Z 004193c0 f i Dictionary.obj
 0001:000184b0       ?erase@?$_Tree@V?$_Tmap_traits@HPAXU?$less@H@std@@V?$allocator@U?$pair@$$CBHPAX@std@@@2@$0A@@std@@@std@@QAE?AViterator@12@Vconst_iterator@12@0@Z 004194b0 f i Dictionary.obj
 0001:00018590       ?_Buynode@?$_Tree@V?$_Tmap_traits@V?$basic_string@DU?$char_traits@D@std@@V?$allocator@D@2@@std@@PAXU?$less@V?$basic_string@DU?$char_traits@D@std@@V?$allocator@D@2@@std@@@2@V?$allocator@U?$pair@$$CBV?$basic_string@DU?$char_traits@D@std@@V?$allocator@D@2@@std@@PAX@std@@@2@$0A@@std@@@std@@IAEPAU_Node@?$_Tree_nod@V?$_Tmap_traits@V?$basic_string@DU?$char_traits@D@std@@V?$allocator@D@2@@std@@PAXU?$less@V?$basic_string@DU?$char_traits@D@std@@V?$allocator@D@2@@std@@@2@V?$allocator@U?$pair@$$CBV?$basic_string@DU?$char_traits@D@std@@V?$allocator@D@2@@std@@PAX@std@@@2@$0A@@std@@@2@PAU342@00ABU?$pair@$$CBV?$basic_string@DU?$char_traits@D@std@@V?$allocator@D@2@@std@@PAX@2@D@Z 00419590 f i Dictionary.obj
 0001:00018630       ?insert@?$_Tree@V?$_Tmap_traits@HPAXU?$less@H@std@@V?$allocator@U?$pair@$$CBHPAX@std@@@2@$0A@@std@@@std@@QAE?AViterator@12@Vconst_iterator@12@ABU?$pair@$$CBHPAX@2@@Z 00419630 f i Dictionary.obj
 0001:00018800       ?erase@?$_Tree@V?$_Tmap_traits@V?$basic_string@DU?$char_traits@D@std@@V?$allocator@D@2@@std@@PAXU?$less@V?$basic_string@DU?$char_traits@D@std@@V?$allocator@D@2@@std@@@2@V?$allocator@U?$pair@$$CBV?$basic_string@DU?$char_traits@D@std@@V?$allocator@D@2@@std@@PAX@std@@@2@$0A@@std@@@std@@QAE?AViterator@12@Vconst_iterator@12@0@Z 00419800 f i Dictionary.obj
 0001:000188e0       ?_Insert@?$_Tree@V?$_Tmap_traits@V?$basic_string@DU?$char_traits@D@std@@V?$allocator@D@2@@std@@PAXU?$less@V?$basic_string@DU?$char_traits@D@std@@V?$allocator@D@2@@std@@@2@V?$allocator@U?$pair@$$CBV?$basic_string@DU?$char_traits@D@std@@V?$allocator@D@2@@std@@PAX@std@@@2@$0A@@std@@@std@@IAE?AViterator@12@_NPAU_Node@?$_Tree_nod@V?$_Tmap_traits@V?$basic_string@DU?$char_traits@D@std@@V?$allocator@D@2@@std@@PAXU?$less@V?$basic_string@DU?$char_traits@D@std@@V?$allocator@D@2@@std@@@2@V?$allocator@U?$pair@$$CBV?$basic_string@DU?$char_traits@D@std@@V?$allocator@D@2@@std@@PAX@std@@@2@$0A@@std@@@2@ABU?$pair@$$CBV?$basic_string@DU?$char_traits@D@std@@V?$allocator@D@2@@std@@PAX@2@@Z 004198e0 f i Dictionary.obj
 0001:00018ae0       _ClearDictionaryPool       00419ae0 f   Dictionary.obj
 0001:00018b60       ??A?$map@HPAXU?$less@H@std@@V?$allocator@U?$pair@$$CBHPAX@std@@@2@@std@@QAEAAPAXABH@Z 00419b60 f i Dictionary.obj
 0001:00018c10       ??1?$_Tree@V?$_Tmap_traits@HPAXU?$less@H@std@@V?$allocator@U?$pair@$$CBHPAX@std@@@2@$0A@@std@@@std@@QAE@XZ 00419c10 f i Dictionary.obj
 0001:00018c90       ?insert@?$_Tree@V?$_Tmap_traits@V?$basic_string@DU?$char_traits@D@std@@V?$allocator@D@2@@std@@PAXU?$less@V?$basic_string@DU?$char_traits@D@std@@V?$allocator@D@2@@std@@@2@V?$allocator@U?$pair@$$CBV?$basic_string@DU?$char_traits@D@std@@V?$allocator@D@2@@std@@PAX@std@@@2@$0A@@std@@@std@@QAE?AU?$pair@Viterator@?$_Tree@V?$_Tmap_traits@V?$basic_string@DU?$char_traits@D@std@@V?$allocator@D@2@@std@@PAXU?$less@V?$basic_string@DU?$char_traits@D@std@@V?$allocator@D@2@@std@@@2@V?$allocator@U?$pair@$$CBV?$basic_string@DU?$char_traits@D@std@@V?$allocator@D@2@@std@@PAX@std@@@2@$0A@@std@@@std@@_N@2@ABU?$pair@$$CBV?$basic_string@DU?$char_traits@D@std@@V?$allocator@D@2@@std@@PAX@2@@Z 00419c90 f i Dictionary.obj
 0001:00018df0       ??1?$_Tree@V?$_Tmap_traits@V?$basic_string@DU?$char_traits@D@std@@V?$allocator@D@2@@std@@PAXU?$less@V?$basic_string@DU?$char_traits@D@std@@V?$allocator@D@2@@std@@@2@V?$allocator@U?$pair@$$CBV?$basic_string@DU?$char_traits@D@std@@V?$allocator@D@2@@std@@PAX@std@@@2@$0A@@std@@@std@@QAE@XZ 00419df0 f i Dictionary.obj
 0001:00018e70       ?insert@?$_Tree@V?$_Tmap_traits@V?$basic_string@DU?$char_traits@D@std@@V?$allocator@D@2@@std@@PAXU?$less@V?$basic_string@DU?$char_traits@D@std@@V?$allocator@D@2@@std@@@2@V?$allocator@U?$pair@$$CBV?$basic_string@DU?$char_traits@D@std@@V?$allocator@D@2@@std@@PAX@std@@@2@$0A@@std@@@std@@QAE?AViterator@12@Vconst_iterator@12@ABU?$pair@$$CBV?$basic_string@DU?$char_traits@D@std@@V?$allocator@D@2@@std@@PAX@2@@Z 00419e70 f i Dictionary.obj
 0001:000190a0       ??A?$map@V?$basic_string@DU?$char_traits@D@std@@V?$allocator@D@2@@std@@PAXU?$less@V?$basic_string@DU?$char_traits@D@std@@V?$allocator@D@2@@std@@@2@V?$allocator@U?$pair@$$CBV?$basic_string@DU?$char_traits@D@std@@V?$allocator@D@2@@std@@PAX@std@@@2@@std@@QAEAAPAXABV?$basic_string@DU?$char_traits@D@std@@V?$allocator@D@2@@1@@Z 0041a0a0 f i Dictionary.obj
 0001:000191c0       _AddDictionaryEntry        0041a1c0 f   Dictionary.obj
 0001:00019250       ?dec@std@@YAAAVios_base@1@AAV21@@Z 0041a250 f i Dlgcode.obj
 0001:00019270       ?hex@std@@YAAAVios_base@1@AAV21@@Z 0041a270 f i Dlgcode.obj
 0001:00019290       _AbortProcess              0041a290 f   Dlgcode.obj
 0001:000192c0       _AbortProcessSilent        0041a2c0 f   Dlgcode.obj
 0001:000192d0       _CompensateDPIFont         0041a2d0 f   Dlgcode.obj
 0001:00019320       _CompensateXDPI            0041a320 f   Dlgcode.obj
 0001:00019370       _CompensateYDPI            0041a370 f   Dlgcode.obj
 0001:000193c0       _GetTextGfxWidth           0041a3c0 f   Dlgcode.obj
 0001:00019430       _GetTextGfxHeight          0041a430 f   Dlgcode.obj
 0001:00019520       _AccommodateTextField      0041a520 f   Dlgcode.obj
 0001:00019710       ?AuxiliaryDlgProc@@YGHPAUHWND__@@IIJ@Z 0041a710 f   Dlgcode.obj
 0001:00019800       _IsButtonChecked           0041a800 f   Dlgcode.obj
 0001:00019820       _CheckButton               0041a820 f   Dlgcode.obj
 0001:00019840       _InitDialog                0041a840 f   Dlgcode.obj
 0001:00019c80       _CreateMemBitmap           0041ac80 f   Dlgcode.obj
 0001:00019ce0       _RenderBitmap              0041ace0 f   Dlgcode.obj
 0001:00019e70       _SplashDlgProc@16          0041ae70 f   Dlgcode.obj
 0001:00019e80       _CustomDlgProc@16          0041ae80 f   Dlgcode.obj
 0001:00019f40       ?InvalidParameterHandler@@YAXPB_W00II@Z 0041af40 f   Dlgcode.obj
 0001:00019f50       _InitOSVersionInfo         0041af50 f   Dlgcode.obj
 0001:0001a270       _InitHelpFileName          0041b270 f   Dlgcode.obj
 0001:0001a390       _DoDriverInstall           0041b390 f   Dlgcode.obj
 0001:0001a520       _BrowseDirectories         0041b520 f   Dlgcode.obj
 0001:0001a5f0       _CheckFileStreamWriteErrors 0041b5f0 f   Dlgcode.obj
 0001:0001a740       _LocalizeDialog            0041b740 f   Dlgcode.obj
 0001:0001a7b0       _CheckCapsLock             0041b7b0 f   Dlgcode.obj
 0001:0001a7f0       _FindString                0041b7f0 f   Dlgcode.obj
 0001:0001a8f0       _FileExists                0041b8f0 f   Dlgcode.obj
 0001:0001a990       _TCCopyFile                0041b990 f   Dlgcode.obj
 0001:0001aad0       _SaveBufferToFile          0041bad0 f   Dlgcode.obj
 0001:0001aba0       _TCFlushFile               0041bba0 f   Dlgcode.obj
 0001:0001abe0       _IsNonInstallMode          0041bbe0 f   Dlgcode.obj
 0001:0001ada0       _SetCheckBox               0041bda0 f   Dlgcode.obj
 0001:0001add0       _GetDriverRefCount         0041bdd0 f   Dlgcode.obj
 0001:0001ae10       _LoadInt32                 0041be10 f   Dlgcode.obj
 0001:0001aee0       _LoadFile                  0041bee0 f   Dlgcode.obj
 0001:0001af70       _LoadFileBlock             0041bf70 f   Dlgcode.obj
 0001:0001b030       _GetFileSize64             0041c030 f   Dlgcode.obj
 0001:0001b090       _GetConfigPath             0041c090 f   Dlgcode.obj
 0001:0001b190       _GetProgramConfigPath      0041c190 f   Dlgcode.obj
 0001:0001b290       _ConfigReadInt             0041c290 f   Dlgcode.obj
 0001:0001b2f0       _IsHiddenOSRunning         0041c2f0 f   Dlgcode.obj
 0001:0001b390       _EnableWow64FsRedirection  0041c390 f   Dlgcode.obj
 0001:0001b3c0       _RestartComputer           0041c3c0 f   Dlgcode.obj
 0001:0001b440       _HandleDriveNotReadyError  0041c440 f   Dlgcode.obj
 0001:0001b4e0       _CloseTCWindowsEnum@8      0041c4e0 f   Dlgcode.obj
 0001:0001b5e0       _MapResource               0041c5e0 f   Dlgcode.obj
 0001:0001b630       _IsPagingFileWildcardActive 0041c630 f   Dlgcode.obj
 0001:0001b6f0       _DisablePagingFile         0041c6f0 f   Dlgcode.obj
 0001:0001b720       _BufferContainsString      0041c720 f   Dlgcode.obj
 0001:0001b7b0       ??6?$basic_ostream@DU?$char_traits@D@std@@@std@@QAEAAV01@P6AAAVios_base@1@AAV21@@Z@Z 0041c7b0 f i Dlgcode.obj
 0001:0001b7e0       _ToCustHyperlink           0041c7e0 f   Dlgcode.obj
 0001:0001b840       _CreateAppSetupMutex       0041c840 f   Dlgcode.obj
 0001:0001b8a0       _CloseAppSetupMutex        0041c8a0 f   Dlgcode.obj
 0001:0001b8e0       _SavePostInstallTasksSettings 0041c8e0 f   Dlgcode.obj
 0001:0001b990       _GetLegalNotices           0041c990 f   Dlgcode.obj
 0001:0001ba20       _DriverUnload              0041ca20 f   Dlgcode.obj
 0001:0001bc10       _DriverAttach              0041cc10 f   Dlgcode.obj
 0001:0001bcd0       _MultiChoiceDialogProc@16  0041ccd0 f   Dlgcode.obj
 0001:0001c4e0       _FindStringInFile          0041d4e0 f   Dlgcode.obj
 0001:0001c6d0       _AskMultiChoice            0041d6d0 f   Dlgcode.obj
 0001:0001c710       ??9?$_Const_iterator@$00@?$list@UPartition@CipherShed@@V?$allocator@UPartition@CipherShed@@@std@@@std@@QBE_NABV012@@Z 0041d710 f i BootEncryption.obj
 0001:0001c710       ??9?$_Const_iterator@$00@?$list@KV?$allocator@K@std@@@std@@QBE_NABV012@@Z 0041d710 f i Dlgcode.obj
 0001:0001c740       _cleanup                   0041d740 f   Dlgcode.obj
 0001:0001c8b0       _ToHyperlink               0041d8b0 f   Dlgcode.obj
 0001:0001c8d0       ?_Buynode@?$list@KV?$allocator@K@std@@@std@@IAEPAU_Node@?$_List_nod@KV?$allocator@K@std@@@2@XZ 0041d8d0 f i Dlgcode.obj
 0001:0001c8f0       ?_Buynode@?$list@KV?$allocator@K@std@@@std@@IAEPAU_Node@?$_List_nod@KV?$allocator@K@std@@@2@PAU342@0ABK@Z 0041d8f0 f i Dlgcode.obj
 0001:0001c930       ?_Tidy@?$list@KV?$allocator@K@std@@@std@@IAEXXZ 0041d930 f i Dlgcode.obj
 0001:0001c980       ??$?9DU?$char_traits@D@std@@V?$allocator@D@1@@std@@YA_NPBDABV?$basic_string@DU?$char_traits@D@std@@V?$allocator@D@2@@0@@Z 0041d980 f i Dlgcode.obj
 0001:0001c9c0       ??1?$_Tree_val@V?$_Tmap_traits@HPAXU?$less@H@std@@V?$allocator@U?$pair@$$CBHPAX@std@@@2@$0A@@std@@@std@@QAE@XZ 0041d9c0 f i Dictionary.obj
 0001:0001c9c0       ??1?$_Tree_val@V?$_Tmap_traits@V?$basic_string@DU?$char_traits@D@std@@V?$allocator@D@2@@std@@PAXU?$less@V?$basic_string@DU?$char_traits@D@std@@V?$allocator@D@2@@std@@@2@V?$allocator@U?$pair@$$CBV?$basic_string@DU?$char_traits@D@std@@V?$allocator@D@2@@std@@PAX@std@@@2@$0A@@std@@@std@@QAE@XZ 0041d9c0 f i Dictionary.obj
 0001:0001c9c0       ??1?$_List_val@UPartition@CipherShed@@V?$allocator@UPartition@CipherShed@@@std@@@std@@QAE@XZ 0041d9c0 f i BootEncryption.obj
 0001:0001c9c0       ??1?$_List_val@KV?$allocator@K@std@@@std@@QAE@XZ 0041d9c0 f i Dlgcode.obj
 0001:0001c9d0       ?erase@?$list@KV?$allocator@K@std@@@std@@QAE?AV?$_Iterator@$00@12@V?$_Const_iterator@$00@12@@Z 0041d9d0 f i Dlgcode.obj
 0001:0001ca50       ??0?$list@KV?$allocator@K@std@@@std@@QAE@XZ 0041da50 f i Dlgcode.obj
 0001:0001cac0       ??1?$list@KV?$allocator@K@std@@@std@@QAE@XZ 0041dac0 f i Dlgcode.obj
 0001:0001cae0       ??1?$ContainerForward@V?$list@KV?$allocator@K@std@@@std@@@ForEach@CipherShed@@UAE@XZ 0041dae0 f i Dlgcode.obj
 0001:0001cb10       ?_Incsize@?$list@KV?$allocator@K@std@@@std@@IAEXI@Z 0041db10 f i Dlgcode.obj
 0001:0001cbb0       ?GetServiceConfigPath@@YA?AV?$basic_string@DU?$char_traits@D@std@@V?$allocator@D@2@@std@@PBD@Z 0041dbb0 f   Dlgcode.obj
 0001:0001cd00       _IsPagingFileActive        0041dd00 f   Dlgcode.obj
 0001:0001cf90       ??$_Insert@V?$_Const_iterator@$00@?$list@KV?$allocator@K@std@@@std@@@?$list@KV?$allocator@K@std@@@std@@QAEXV?$_Const_iterator@$00@01@00Uforward_iterator_tag@1@@Z 0041df90 f i Dlgcode.obj
 0001:0001d0f0       ?push_back@?$list@KV?$allocator@K@std@@@std@@QAEXABK@Z 0041e0f0 f i Dlgcode.obj
 0001:0001d130       ??0?$list@KV?$allocator@K@std@@@std@@QAE@ABV01@@Z 0041e130 f i Dlgcode.obj
 0001:0001d1e0       ??0?$ContainerForward@V?$list@KV?$allocator@K@std@@@std@@@ForEach@CipherShed@@QAE@ABV?$list@KV?$allocator@K@std@@@std@@@Z 0041e1e0 f i Dlgcode.obj
[...]
 0001:00041079       __unwindfunclet$?RegisterFilter@BootEncryption@CipherShed@@IAEX_NW4FilterType@12@PBU_GUID@@@Z$13 00442079 f   BootEncryption.obj
 0001:00041084       __unwindfunclet$?RegisterFilter@BootEncryption@CipherShed@@IAEX_NW4FilterType@12@PBU_GUID@@@Z$14 00442084 f   BootEncryption.obj
 0001:0004108f       __unwindfunclet$?RegisterFilter@BootEncryption@CipherShed@@IAEX_NW4FilterType@12@PBU_GUID@@@Z$15 0044208f f   BootEncryption.obj
 0001:0004109a       __unwindfunclet$?RegisterFilter@BootEncryption@CipherShed@@IAEX_NW4FilterType@12@PBU_GUID@@@Z$16 0044209a f   BootEncryption.obj
 0001:000410a5       __unwindfunclet$?RegisterFilter@BootEncryption@CipherShed@@IAEX_NW4FilterType@12@PBU_GUID@@@Z$17 004420a5 f   BootEncryption.obj
 0001:000410b0       __unwindfunclet$?RegisterFilter@BootEncryption@CipherShed@@IAEX_NW4FilterType@12@PBU_GUID@@@Z$18 004420b0 f   BootEncryption.obj
 0001:000410bb       __unwindfunclet$?RegisterFilter@BootEncryption@CipherShed@@IAEX_NW4FilterType@12@PBU_GUID@@@Z$19 004420bb f   BootEncryption.obj
 0001:000410c6       __ehhandler$?RegisterFilter@BootEncryption@CipherShed@@IAEX_NW4FilterType@12@PBU_GUID@@@Z 004420c6 f   BootEncryption.obj
 0001:00041100       __unwindfunclet$?GetSystemDriveConfiguration@BootEncryption@CipherShed@@QAE?AUSystemDriveConfiguration@2@XZ$0 00442100 f   BootEncryption.obj
 0001:00041122       __unwindfunclet$?GetSystemDriveConfiguration@BootEncryption@CipherShed@@QAE?AUSystemDriveConfiguration@2@XZ$1 00442122 f   BootEncryption.obj
 0001:0004112d       __unwindfunclet$?GetSystemDriveConfiguration@BootEncryption@CipherShed@@QAE?AUSystemDriveConfiguration@2@XZ$2 0044212d f   BootEncryption.obj
 0001:00041138       __unwindfunclet$?GetSystemDriveConfiguration@BootEncryption@CipherShed@@QAE?AUSystemDriveConfiguration@2@XZ$3 00442138 f   BootEncryption.obj
 0001:00041143       __unwindfunclet$?GetSystemDriveConfiguration@BootEncryption@CipherShed@@QAE?AUSystemDriveConfiguration@2@XZ$4 00442143 f   BootEncryption.obj
 0001:0004114e       __unwindfunclet$?GetSystemDriveConfiguration@BootEncryption@CipherShed@@QAE?AUSystemDriveConfiguration@2@XZ$5 0044214e f   BootEncryption.obj
 0001:00041170       __unwindfunclet$?GetSystemDriveConfiguration@BootEncryption@CipherShed@@QAE?AUSystemDriveConfiguration@2@XZ$7 00442170 f   BootEncryption.obj
 0001:00041192       __unwindfunclet$?GetSystemDriveConfiguration@BootEncryption@CipherShed@@QAE?AUSystemDriveConfiguration@2@XZ$9 00442192 f   BootEncryption.obj
 0001:000411b4       __unwindfunclet$?GetSystemDriveConfiguration@BootEncryption@CipherShed@@QAE?AUSystemDriveConfiguration@2@XZ$16 004421b4 f   BootEncryption.obj
 0001:000411db       __unwindfunclet$?GetSystemDriveConfiguration@BootEncryption@CipherShed@@QAE?AUSystemDriveConfiguration@2@XZ$17 004421db f   BootEncryption.obj
 0001:000411e6       __unwindfunclet$?GetSystemDriveConfiguration@BootEncryption@CipherShed@@QAE?AUSystemDriveConfiguration@2@XZ$19 004421e6 f   BootEncryption.obj
 0001:000411f1       __unwindfunclet$?GetSystemDriveConfiguration@BootEncryption@CipherShed@@QAE?AUSystemDriveConfiguration@2@XZ$11 004421f1 f   BootEncryption.obj
 0001:000411fc       __unwindfunclet$?GetSystemDriveConfiguration@BootEncryption@CipherShed@@QAE?AUSystemDriveConfiguration@2@XZ$12 004421fc f   BootEncryption.obj
 0001:00041207       __unwindfunclet$?GetSystemDriveConfiguration@BootEncryption@CipherShed@@QAE?AUSystemDriveConfiguration@2@XZ$20 00442207 f   BootEncryption.obj
 0001:0004122e       __unwindfunclet$?GetSystemDriveConfiguration@BootEncryption@CipherShed@@QAE?AUSystemDriveConfiguration@2@XZ$21 0044222e f   BootEncryption.obj
 0001:00041239       __unwindfunclet$?GetSystemDriveConfiguration@BootEncryption@CipherShed@@QAE?AUSystemDriveConfiguration@2@XZ$23 00442239 f   BootEncryption.obj
 0001:00041244       __unwindfunclet$?GetSystemDriveConfiguration@BootEncryption@CipherShed@@QAE?AUSystemDriveConfiguration@2@XZ$13 00442244 f   BootEncryption.obj
 0001:0004124f       __unwindfunclet$?GetSystemDriveConfiguration@BootEncryption@CipherShed@@QAE?AUSystemDriveConfiguration@2@XZ$14 0044224f f   BootEncryption.obj
 0001:0004125a       __unwindfunclet$?GetSystemDriveConfiguration@BootEncryption@CipherShed@@QAE?AUSystemDriveConfiguration@2@XZ$15 0044225a f   BootEncryption.obj
 0001:00041265       __ehhandler$?GetSystemDriveConfiguration@BootEncryption@CipherShed@@QAE?AUSystemDriveConfiguration@2@XZ 00442265 f   BootEncryption.obj
 0001:000412a0       __unwindfunclet$?CreateBootLoaderInMemory@BootEncryption@CipherShed@@IAEXPAEI_N1@Z$4 004422a0 f   BootEncryption.obj
 0001:000412ab       __unwindfunclet$?CreateBootLoaderInMemory@BootEncryption@CipherShed@@IAEXPAEI_N1@Z$6 004422ab f   BootEncryption.obj
 0001:000412b6       __ehhandler$?CreateBootLoaderInMemory@BootEncryption@CipherShed@@IAEXPAEI_N1@Z 004422b6 f   BootEncryption.obj
 0001:000412e0       __unwindfunclet$?InstallBootLoader@BootEncryption@CipherShed@@QAEX_N0@Z$0 004422e0 f   BootEncryption.obj
 0001:000412eb       __unwindfunclet$?InstallBootLoader@BootEncryption@CipherShed@@QAEX_N0@Z$2 004422eb f   BootEncryption.obj
 0001:000412f6       __ehhandler$?InstallBootLoader@BootEncryption@CipherShed@@QAEX_N0@Z 004422f6 f   BootEncryption.obj
 0001:00041330       __unwindfunclet$?_Insert@?$_Tree@V?$_Tmap_traits@V?$basic_string@DU?$char_traits@D@std@@V?$allocator@D@2@@std@@PAXU?$less@V?$basic_string@DU?$char_traits@D@std@@V?$allocator@D@2@@std@@@2@V?$allocator@U?$pair@$$CBV?$basic_string@DU?$char_traits@D@std@@V?$allocator@D@2@@std@@PAX@std@@@2@$0A@@std@@@std@@IAE?AViterator@12@_NPAU_Node@?$_Tree_nod@V?$_Tmap_traits@V?$basic_string@DU?$char_traits@D@std@@V?$allocator@D@2@@std@@PAXU?$less@V?$basic_string@DU?$char_traits@D@std@@V?$allocator@D@2@@std@@@2@V?$allocator@U?$pair@$$CBV?$basic_string@DU?$char_traits@D@std@@V?$allocator@D@2@@std@@PAX@std@@@2@$0A@@std@@@2@ABU?$pair@$$CBV?$basic_string@DU?$char_traits@D@std@@V?$allocator@D@2@@std@@PAX@2@@Z$0 00442330 f   Dictionary.obj
 0001:00041330       __unwindfunclet$?_Insert@?$_Tree@V?$_Tmap_traits@HPAXU?$less@H@std@@V?$allocator@U?$pair@$$CBHPAX@std@@@2@$0A@@std@@@std@@IAE?AViterator@12@_NPAU_Node@?$_Tree_nod@V?$_Tmap_traits@HPAXU?$less@H@std@@V?$allocator@U?$pair@$$CBHPAX@std@@@2@$0A@@std@@@2@ABU?$pair@$$CBHPAX@2@@Z$0 00442330 f   Dictionary.obj
 0001:00041338       __ehhandler$?_Insert@?$_Tree@V?$_Tmap_traits@HPAXU?$less@H@std@@V?$allocator@U?$pair@$$CBHPAX@std@@@2@$0A@@std@@@std@@IAE?AViterator@12@_NPAU_Node@?$_Tree_nod@V?$_Tmap_traits@HPAXU?$less@H@std@@V?$allocator@U?$pair@$$CBHPAX@std@@@2@$0A@@std@@@2@ABU?$pair@$$CBHPAX@2@@Z 00442338 f   Dictionary.obj
 0001:00041338       __ehhandler$?_Insert@?$_Tree@V?$_Tmap_traits@V?$basic_string@DU?$char_traits@D@std@@V?$allocator@D@2@@std@@PAXU?$less@V?$basic_string@DU?$char_traits@D@std@@V?$allocator@D@2@@std@@@2@V?$allocator@U?$pair@$$CBV?$basic_string@DU?$char_traits@D@std@@V?$allocator@D@2@@std@@PAX@std@@@2@$0A@@std@@@std@@IAE?AViterator@12@_NPAU_Node@?$_Tree_nod@V?$_Tmap_traits@V?$basic_string@DU?$char_traits@D@std@@V?$allocator@D@2@@std@@PAXU?$less@V?$basic_string@DU?$char_traits@D@std@@V?$allocator@D@2@@std@@@2@V?$allocator@U?$pair@$$CBV?$basic_string@DU?$char_traits@D@std@@V?$allocator@D@2@@std@@PAX@std@@@2@$0A@@std@@@2@ABU?$pair@$$CBV?$basic_string@DU?$char_traits@D@std@@V?$allocator@D@2@@std@@PAX@2@@Z 00442338 f   Dictionary.obj
 0001:00041360       __unwindfunclet$?erase@?$_Tree@V?$_Tmap_traits@V?$basic_string@DU?$char_traits@D@std@@V?$allocator@D@2@@std@@PAXU?$less@V?$basic_string@DU?$char_traits@D@std@@V?$allocator@D@2@@std@@@2@V?$allocator@U?$pair@$$CBV?$basic_string@DU?$char_traits@D@std@@V?$allocator@D@2@@std@@PAX@std@@@2@$0A@@std@@@std@@QAE?AViterator@12@Vconst_iterator@12@@Z$0 00442360 f   Dictionary.obj
 0001:00041360       __unwindfunclet$?erase@?$_Tree@V?$_Tmap_traits@HPAXU?$less@H@std@@V?$allocator@U?$pair@$$CBHPAX@std@@@2@$0A@@std@@@std@@QAE?AViterator@12@Vconst_iterator@12@@Z$0 00442360 f   Dictionary.obj
 0001:00041368       __ehhandler$?erase@?$_Tree@V?$_Tmap_traits@HPAXU?$less@H@std@@V?$allocator@U?$pair@$$CBHPAX@std@@@2@$0A@@std@@@std@@QAE?AViterator@12@Vconst_iterator@12@@Z 00442368 f   Dictionary.obj
 0001:00041368       __ehhandler$?erase@?$_Tree@V?$_Tmap_traits@V?$basic_string@DU?$char_traits@D@std@@V?$allocator@D@2@@std@@PAXU?$less@V?$basic_string@DU?$char_traits@D@std@@V?$allocator@D@2@@std@@@2@V?$allocator@U?$pair@$$CBV?$basic_string@DU?$char_traits@D@std@@V?$allocator@D@2@@std@@PAX@std@@@2@$0A@@std@@@std@@QAE?AViterator@12@Vconst_iterator@12@@Z 00442368 f   Dictionary.obj
 0001:00041390       __unwindfunclet$?_Buynode@?$_Tree@V?$_Tmap_traits@V?$basic_string@DU?$char_traits@D@std@@V?$allocator@D@2@@std@@PAXU?$less@V?$basic_string@DU?$char_traits@D@std@@V?$allocator@D@2@@std@@@2@V?$allocator@U?$pair@$$CBV?$basic_string@DU?$char_traits@D@std@@V?$allocator@D@2@@std@@PAX@std@@@2@$0A@@std@@@std@@IAEPAU_Node@?$_Tree_nod@V?$_Tmap_traits@V?$basic_string@DU?$char_traits@D@std@@V?$allocator@D@2@@std@@PAXU?$less@V?$basic_string@DU?$char_traits@D@std@@V?$allocator@D@2@@std@@@2@V?$allocator@U?$pair@$$CBV?$basic_string@DU?$char_traits@D@std@@V?$allocator@D@2@@std@@PAX@std@@@2@$0A@@std@@@2@PAU342@00ABU?$pair@$$CBV?$basic_string@DU?$char_traits@D@std@@V?$allocator@D@2@@std@@PAX@2@D@Z$2 00442390 f   Dictionary.obj
 0001:000413a1       __ehhandler$?_Buynode@?$_Tree@V?$_Tmap_traits@V?$basic_string@DU?$char_traits@D@std@@V?$allocator@D@2@@std@@PAXU?$less@V?$basic_string@DU?$char_traits@D@std@@V?$allocator@D@2@@std@@@2@V?$allocator@U?$pair@$$CBV?$basic_string@DU?$char_traits@D@std@@V?$allocator@D@2@@std@@PAX@std@@@2@$0A@@std@@@std@@IAEPAU_Node@?$_Tree_nod@V?$_Tmap_traits@V?$basic_string@DU?$char_traits@D@std@@V?$allocator@D@2@@std@@PAXU?$less@V?$basic_string@DU?$char_traits@D@std@@V?$allocator@D@2@@std@@@2@V?$allocator@U?$pair@$$CBV?$basic_string@DU?$char_traits@D@std@@V?$allocator@D@2@@std@@PAX@std@@@2@$0A@@std@@@2@PAU342@00ABU?$pair@$$CBV?$basic_string@DU?$char_traits@D@std@@V?$allocator@D@2@@std@@PAX@2@D@Z 004423a1 f   Dictionary.obj
 0001:000413c0       __unwindfunclet$??1?$_Tree@V?$_Tmap_traits@V?$basic_string@DU?$char_traits@D@std@@V?$allocator@D@2@@std@@PAXU?$less@V?$basic_string@DU?$char_traits@D@std@@V?$allocator@D@2@@std@@@2@V?$allocator@U?$pair@$$CBV?$basic_string@DU?$char_traits@D@std@@V?$allocator@D@2@@std@@PAX@std@@@2@$0A@@std@@@std@@QAE@XZ$0 004423c0 f   Dictionary.obj
 0001:000413c0       __unwindfunclet$??1?$_Tree@V?$_Tmap_traits@HPAXU?$less@H@std@@V?$allocator@U?$pair@$$CBHPAX@std@@@2@$0A@@std@@@std@@QAE@XZ$0 004423c0 f   Dictionary.obj
 0001:000413c8       __ehhandler$??1?$_Tree@V?$_Tmap_traits@V?$basic_string@DU?$char_traits@D@std@@V?$allocator@D@2@@std@@PAXU?$less@V?$basic_string@DU?$char_traits@D@std@@V?$allocator@D@2@@std@@@2@V?$allocator@U?$pair@$$CBV?$basic_string@DU?$char_traits@D@std@@V?$allocator@D@2@@std@@PAX@std@@@2@$0A@@std@@@std@@QAE@XZ 004423c8 f   Dictionary.obj
 0001:000413c8       __ehhandler$??1?$_Tree@V?$_Tmap_traits@HPAXU?$less@H@std@@V?$allocator@U?$pair@$$CBHPAX@std@@@2@$0A@@std@@@std@@QAE@XZ 004423c8 f   Dictionary.obj
 0001:000413f0       __unwindfunclet$??A?$map@V?$basic_string@DU?$char_traits@D@std@@V?$allocator@D@2@@std@@PAXU?$less@V?$basic_string@DU?$char_traits@D@std@@V?$allocator@D@2@@std@@@2@V?$allocator@U?$pair@$$CBV?$basic_string@DU?$char_traits@D@std@@V?$allocator@D@2@@std@@PAX@std@@@2@@std@@QAEAAPAXABV?$basic_string@DU?$char_traits@D@std@@V?$allocator@D@2@@1@@Z$0 004423f0 f   Dictionary.obj
 0001:000413f8       __ehhandler$??A?$map@V?$basic_string@DU?$char_traits@D@std@@V?$allocator@D@2@@std@@PAXU?$less@V?$basic_string@DU?$char_traits@D@std@@V?$allocator@D@2@@std@@@2@V?$allocator@U?$pair@$$CBV?$basic_string@DU?$char_traits@D@std@@V?$allocator@D@2@@std@@PAX@std@@@2@@std@@QAEAAPAXABV?$basic_string@DU?$char_traits@D@std@@V?$allocator@D@2@@1@@Z 004423f8 f   Dictionary.obj
 0001:00041420       __unwindfunclet$_IsHiddenOSRunning$2 00442420 f   Dlgcode.obj
 0001:0004142b       __ehhandler$_IsHiddenOSRunning 0044242b f   Dlgcode.obj
 0001:00041450       __unwindfunclet$_DriverUnload$6 00442450 f   Dlgcode.obj
 0001:0004145b       __ehhandler$_DriverUnload  0044245b f   Dlgcode.obj
 0001:00041480       __unwindfunclet$?_Incsize@?$list@UPartition@CipherShed@@V?$allocator@UPartition@CipherShed@@@std@@@std@@IAEXI@Z$0 00442480 f   Dlgcode.obj
 0001:00041480       __unwindfunclet$?_Incsize@?$list@KV?$allocator@K@std@@@std@@IAEXI@Z$0 00442480 f   Dlgcode.obj
 0001:00041488       __ehhandler$?_Incsize@?$list@KV?$allocator@K@std@@@std@@IAEXI@Z 00442488 f   Dlgcode.obj
 0001:00041488       __ehhandler$?_Incsize@?$list@UPartition@CipherShed@@V?$allocator@UPartition@CipherShed@@@std@@@std@@IAEXI@Z 00442488 f   Dlgcode.obj
 0001:000414b0       __unwindfunclet$?GetServiceConfigPath@@YA?AV?$basic_string@DU?$char_traits@D@std@@V?$allocator@D@2@@std@@PBD@Z$0 004424b0 f   Dlgcode.obj
 0001:000414bb       __unwindfunclet$?GetServiceConfigPath@@YA?AV?$basic_string@DU?$char_traits@D@std@@V?$allocator@D@2@@std@@PBD@Z$1 004424bb f   Dlgcode.obj
 0001:000414c6       __ehhandler$?GetServiceConfigPath@@YA?AV?$basic_string@DU?$char_traits@D@std@@V?$allocator@D@2@@std@@PBD@Z 004424c6 f   Dlgcode.obj
 0001:00041500       __ehhandler$??$_Insert@V?$_Const_iterator@$00@?$list@KV?$allocator@K@std@@@std@@@?$list@KV?$allocator@K@std@@@std@@QAEXV?$_Const_iterator@$00@01@00Uforward_iterator_tag@1@@Z 00442500 f   Dlgcode.obj
 0001:00041520       __unwindfunclet$??0?$list@KV?$allocator@K@std@@@std@@QAE@ABV01@@Z$2 00442520 f   Dlgcode.obj
 0001:00041528       __ehhandler$??0?$list@KV?$allocator@K@std@@@std@@QAE@ABV01@@Z 00442528 f   Dlgcode.obj
 0001:00041550       __unwindfunclet$??6?$basic_ostream@DU?$char_traits@D@std@@@std@@QAEAAV01@K@Z$2 00442550 f   Dlgcode.obj
 0001:00041558       __unwindfunclet$??6?$basic_ostream@DU?$char_traits@D@std@@@std@@QAEAAV01@K@Z$3 00442558 f   Dlgcode.obj
 0001:00041560       __ehhandler$??6?$basic_ostream@DU?$char_traits@D@std@@@std@@QAEAAV01@K@Z 00442560 f   Dlgcode.obj
 0001:00041580       __unwindfunclet$??6?$basic_ostream@DU?$char_traits@D@std@@@std@@QAEAAV01@_K@Z$2 00442580 f   Dlgcode.obj
 0001:00041588       __unwindfunclet$??6?$basic_ostream@DU?$char_traits@D@std@@@std@@QAEAAV01@_K@Z$3 00442588 f   Dlgcode.obj
 0001:00041590       __ehhandler$??6?$basic_ostream@DU?$char_traits@D@std@@@std@@QAEAAV01@_K@Z 00442590 f   Dlgcode.obj
 0001:000415b0       __unwindfunclet$?GetWindowsEdition@@YA?AV?$basic_string@DU?$char_traits@D@std@@V?$allocator@D@2@@std@@XZ$0 004425b0 f   Dlgcode.obj
 0001:000415d2       __unwindfunclet$?GetWindowsEdition@@YA?AV?$basic_string@DU?$char_traits@D@std@@V?$allocator@D@2@@std@@XZ$1 004425d2 f   Dlgcode.obj
 0001:000415dd       __unwindfunclet$?GetWindowsEdition@@YA?AV?$basic_string@DU?$char_traits@D@std@@V?$allocator@D@2@@std@@XZ$2 004425dd f   Dlgcode.obj
 0001:000415e8       __unwindfunclet$?GetWindowsEdition@@YA?AV?$basic_string@DU?$char_traits@D@std@@V?$allocator@D@2@@std@@XZ$3 004425e8 f   Dlgcode.obj
 0001:000415f3       __unwindfunclet$?GetWindowsEdition@@YA?AV?$basic_string@DU?$char_traits@D@std@@V?$allocator@D@2@@std@@XZ$4 004425f3 f   Dlgcode.obj
 0001:000415fe       __ehhandler$?GetWindowsEdition@@YA?AV?$basic_string@DU?$char_traits@D@std@@V?$allocator@D@2@@std@@XZ 004425fe f   Dlgcode.obj
 0001:00041630       __unwindfunclet$?ExceptionHandlerThread@@YAXPAX@Z$0 00442630 f   Dlgcode.obj
 0001:0004163b       __unwindfunclet$?ExceptionHandlerThread@@YAXPAX@Z$1 0044263b f   Dlgcode.obj
 0001:00041646       __unwindfunclet$?ExceptionHandlerThread@@YAXPAX@Z$2 00442646 f   Dlgcode.obj
 0001:00041651       __unwindfunclet$?ExceptionHandlerThread@@YAXPAX@Z$3 00442651 f   Dlgcode.obj
 0001:0004165c       __unwindfunclet$?ExceptionHandlerThread@@YAXPAX@Z$4 0044265c f   Dlgcode.obj
 0001:00041667       __unwindfunclet$?ExceptionHandlerThread@@YAXPAX@Z$6 00442667 f   Dlgcode.obj
 0001:00041672       __ehhandler$?ExceptionHandlerThread@@YAXPAX@Z 00442672 f   Dlgcode.obj
 0001:000416a0       __unwindfunclet$??0?$ContainerForward@V?$basic_string@DU?$char_traits@D@std@@V?$allocator@D@2@@std@@@ForEach@CipherShed@@QAE@ABV?$basic_string@DU?$char_traits@D@std@@V?$allocator@D@2@@std@@@Z$0 004426a0 f   csstringutil.obj
 0001:000416a8       __ehhandler$??0?$ContainerForward@V?$basic_string@DU?$char_traits@D@std@@V?$allocator@D@2@@std@@@ForEach@CipherShed@@QAE@ABV?$basic_string@DU?$char_traits@D@std@@V?$allocator@D@2@@std@@@Z 004426a8 f   csstringutil.obj
 0001:000416d0       __unwindfunclet$?ToUpperCase@@YA?AV?$basic_string@DU?$char_traits@D@std@@V?$allocator@D@2@@std@@ABV12@@Z$0 004426d0 f   csstringutil.obj
 0001:000416e9       __unwindfunclet$?ToUpperCase@@YA?AV?$basic_string@DU?$char_traits@D@std@@V?$allocator@D@2@@std@@ABV12@@Z$1 004426e9 f   csstringutil.obj
 0001:000416f1       __ehhandler$?ToUpperCase@@YA?AV?$basic_string@DU?$char_traits@D@std@@V?$allocator@D@2@@std@@ABV12@@Z 004426f1 f   csstringutil.obj
 0001:00041719       __unwindfunclet$?_Xlen@_String_base@std@@SAXXZ$0 00442719 f   libcpmt:string.obj
 0001:00041719       __unwindfunclet$?_Xran@_String_base@std@@SAXXZ$0 00442719 f   libcpmt:string.obj
 0001:00041721       __ehhandler$?_Xran@_String_base@std@@SAXXZ 00442721 f   libcpmt:string.obj
 0001:00041721       __ehhandler$?_Xlen@_String_base@std@@SAXXZ 00442721 f   libcpmt:string.obj
 0001:0004173c       __unwindfunclet$?_Locimp_dtor@_Locimp@locale@std@@CAXPAV123@@Z$0 0044273c f   libcpmt:locale0.obj
 0001:00041744       __ehhandler$?_Locimp_dtor@_Locimp@locale@std@@CAXPAV123@@Z 00442744 f   libcpmt:locale0.obj
 0001:0004175f       __unwindfunclet$??0_Locimp@locale@std@@AAE@_N@Z$0 0044275f f   libcpmt:locale0.obj
 0001:00041767       __ehhandler$??0_Locimp@locale@std@@AAE@_N@Z 00442767 f   libcpmt:locale0.obj
 0001:00041782       __unwindfunclet$??1_Locimp@locale@std@@MAE@XZ$0 00442782 f   libcpmt:locale0.obj
 0001:0004178a       __unwindfunclet$??1_Locimp@locale@std@@MAE@XZ$1 0044278a f   libcpmt:locale0.obj
 0001:00041795       __ehhandler$??1_Locimp@locale@std@@MAE@XZ 00442795 f   libcpmt:locale0.obj
 0001:000417b0       __unwindfunclet$?_Init@locale@std@@CAPAV_Locimp@12@XZ$0 004427b0 f   libcpmt:locale0.obj
 0001:000417b8       __unwindfunclet$?_Init@locale@std@@CAPAV_Locimp@12@XZ$1 004427b8 f   libcpmt:locale0.obj
 0001:000417c2       __ehhandler$?_Init@locale@std@@CAPAV_Locimp@12@XZ 004427c2 f   libcpmt:locale0.obj
 0001:000417dd       __ehhandler$?CallUnexpected@@YAXPBU_s_ESTypeList@@@Z 004427dd f   LIBCMT:frame.obj
 0001:00041800       ??__EDonText@@YAXXZ        00442800 f   Wizard.obj
 0001:00041820       ??__EStringKeyMap@@YAXXZ   00442820 f   Dictionary.obj
 0001:00041850       ??__EIntKeyMap@@YAXXZ      00442850 f   Dictionary.obj
 0001:00041880       ??__EExtraBootPartitionDevicePath@@YAXXZ 00442880 f   Dlgcode.obj
 0001:0004188c       ??__Einitlocks@std@@YAXXZ  0044288c f   libcpmt:xlock.obj
 0001:000418a2       ??__Eclassic_locale@std@@YAXXZ 004428a2 f   libcpmt:locale0.obj
 0001:000418ae       ??__Einitlocks@std@@YAXXZ  004428ae f   libcpmt:iosptrs.obj
 0001:000418c4       ??__Einit_atexit@@YAXXZ    004428c4 f   libcpmt:iosptrs.obj
 0001:000418d0       ??__FDonText@@YAXXZ        004428d0 f   Wizard.obj
 0001:00041910       ??__FIntKeyMap@@YAXXZ      00442910 f   Dictionary.obj
 0001:00041920       ??__FStringKeyMap@@YAXXZ   00442920 f   Dictionary.obj
 0001:00041930       ??__FExtraBootPartitionDevicePath@@YAXXZ 00442930 f   Dlgcode.obj
 0001:0004195e       ??__Finitlocks@std@@YAXXZ  0044295e f   libcpmt:xlock.obj
 0001:00041968       ??__Fclassic_locale@std@@YAXXZ 00442968 f   libcpmt:locale0.obj
 0001:00041972       ??__Finitlocks@std@@YAXXZ  00442972 f   libcpmt:iosptrs.obj
 0001:0004197c       ??__Finit_atexit@@YAXXZ    0044297c f   libcpmt:iosptrs.obj
 0001:00041986       ??__Fnomem@?5???2@YAPAXI@Z@YAXXZ 00442986 f   LIBCMT:new.obj
