
 Start  Stop   Length Name                   Class
 00000H 04881H 04882H _TEXT                  CODE
 04882H 05108H 00887H _DATA                  DATA
 0510AH 05115H 0000CH CONST                  CONST
 05116H 06C5DH 01B48H _BSS                   BSS
 06C60H 08DF1H 02192H c_common               BSS

 Origin   Group
 0000:0   DGROUP

  Address         Publics by Name

 0000:2818       ??5@YA?ATUINT64_STRUCT@@ABT0@H@Z
 0000:286C       ??6@YA?ATUINT64_STRUCT@@ABT0@H@Z
 0000:28CC       ??8@YADABTUINT64_STRUCT@@0@Z
 0000:28AC       ??E@YAAATUINT64_STRUCT@@AAT0@@Z
 0000:2766       ??G@YA?ATUINT64_STRUCT@@ABT0@0@Z
 0000:27C6       ??G@YA?ATUINT64_STRUCT@@ABT0@K@Z
 0000:26B4       ??H@YA?ATUINT64_STRUCT@@ABT0@0@Z
 0000:2714       ??H@YA?ATUINT64_STRUCT@@ABT0@K@Z
 0000:2926       ??M@YADABTUINT64_STRUCT@@0@Z
 0000:2984       ??N@YADABTUINT64_STRUCT@@0@Z
 0000:28F2       ??O@YADABTUINT64_STRUCT@@0@Z
 0000:295A       ??P@YADABTUINT64_STRUCT@@0@Z
 0000:2740       ??Y@YAAATUINT64_STRUCT@@AAT0@ABT0@@Z
 0000:27F2       ??Z@YAAATUINT64_STRUCT@@AAT0@ABT0@@Z
 0000:4B06       ??_C@_00A@?$AA@
 0000:4BBE       ??_C@_01KHLB@?$FL?$AA@
 0000:4C16       ??_C@_02HFBK@?3?5?$AA@
 0000:4AB2       ??_C@_02PIMC@?$AN?6?$AA@
 0000:4BBA       ??_C@_03EDHP@n?$AN?6?$AA@
 0000:4EFA       ??_C@_03KPOF@?3?$AN?6?$AA@
 0000:4BB6       ??_C@_03NMHE@y?$AN?6?$AA@
 0000:4AEA       ??_C@_04HAAB@?5MB?5?$AA@
 0000:4AC4       ??_C@_04KCBC@Read?$AA@
 0000:5104       ??_C@_04PLFG@MMP?3?$AA@
 0000:4AE4       ??_C@_05CLDD@?5CHS?3?$AA@
 0000:4ABE       ??_C@_05DHHK@Write?$AA@
 0000:4BC0       ??_C@_05EFLO@?$FN?5?5?5?5?$AA@
 0000:5042       ??_C@_06IEHP@Header?$AA@
 0000:4AF0       ??_C@_06OLBI@Drive?5?$AA@
 0000:4ACA       ??_C@_07EIJM@?5error?3?$AA@
 0000:4AD2       ??_C@_07JBEK@?5Drive?3?$AA@
 0000:4D4E       ??_C@_07MCKD@Drive?3?5?$AA@
 0000:4AB6       ??_C@_07MKMO@Error?3?5?$AA@
 0000:4ADA       ??_C@_08NNOK@?5Sector?3?$AA@
 0000:4D64       ??_C@_08PFEJ@?0?5Size?3?5?$AA@
 0000:4BAC       ??_C@_09LGPG@?$DP?5?$CIy?1n?$CJ?3?5?$AA@
 0000:50BA       ??_C@_0BA@LKAJ@Is?5this?5correct?$AA@
 0000:4BC6       ??_C@_0BC@DHAO@?$FLEsc?$FN?5?5Cancel?$AN?6?$AN?6?$AA@
 0000:4EC0       ??_C@_0BE@LMLE@?$ANDrive?5decrypted?4?$AN?6?$AA@
 0000:4EAA       ??_C@_0BF@LODE@Skip?5all?5bad?5sectors?$AA@
 0000:4C00       ??_C@_0BG@GEFN@?5for?5hidden?5system?3?$AN?6?$AA@
 0000:4D36       ??_C@_0BH@CKJE@Bootable?5Partitions?3?$AN?6?$AA@
 0000:4BD8       ??_C@_0BH@NEPP@To?5select?0?5press?51?99?3?5?$AA@
 0000:502A       ??_C@_0BH@PMEC@CipherShed?5Boot?5Loader?$AA@
 0000:4CA0       ??_C@_0BI@KFOG@Incorrect?5password?4?$AN?6?$AN?6?$AA@
 0000:4B44       ??_C@_0BJ@CIJ@?5?5?5?5Keyboard?5Controls?3?$AN?6?$AA@
 0000:4ED4       ??_C@_0BJ@HKIB@?$AN?6Decryption?5deferred?4?$AN?6?$AA@
 0000:4FB4       ??_C@_0BL@HDPH@Please?5decrypt?5it?5first?4?$AN?6?$AA@
 0000:4B08       ??_C@_0BM@IDKA@No?5bootable?5partition?5found?$AA@
 0000:4C84       ??_C@_0BM@NMNK@Warning?3?5Caps?5Lock?5is?5on?4?$AN?6?$AA@
 0000:4FD0       ??_C@_0BN@MGAM@Original?5header?5preserved?4?$AN?6?$AA@
 0000:4F2A       ??_C@_0BP@HFME@Restore?5CipherShed?5Boot?5Loader?$AA@
 0000:4F6C       ??_C@_0BP@PLOE@Restore?5original?5system?5loader?$AA@
 0000:4C28       ??_C@_0CA@FBFB@BIOS?5reserved?5too?5much?5memory?3?5?$AA@
 0000:4B24       ??_C@_0CA@GGMN@?5CipherShed?5Rescue?5Disk?50?47?43?$AN?6?$AA@
 0000:4D6E       ??_C@_0CA@HAB@Press?51?99?5to?5select?5partition?3?5?$AA@
 0000:4F4A       ??_C@_0CB@OIIA@Restore?5key?5data?5?$CIvolume?5header?$CJ@
 0000:4B6A       ??_C@_0CD@GJAD@Skip?5Authentication?5?$CIBoot?5Manage@
 0000:4F8C       ??_C@_0CI@CJAH@Is?5the?5system?5partition?1drive?5de@
 0000:5090       ??_C@_0CJ@BABO@It?5appears?5you?5are?5creating?5a?5hi@
 0000:5066       ??_C@_0CK@MNCE@?9?5Connect?5system?5drive?5to?5?$CISATA?$CJ@
 0000:4EFE       ??_C@_0CL@PPMD@Permanently?5decrypt?5system?5parti@
 0000:4FEE       ??_C@_0CM@CODF@WARNING?3?5Drive?50?5contains?5a?5vali@
 0000:50CA       ??_C@_0DK@PFGO@Please?5remove?5the?5Rescue?5Disk?5fr@
 0000:4C48       ??_C@_0DM@HBD@?9?5Upgrade?5BIOS?$AN?6?9?5Use?5a?5differen@
 0000:4E26       ??_C@_0HG@PFFC@?$AN?6To?5safely?5interrupt?5and?5defer?5@
 0000:4CB8       ??_C@_0HN@LBMO@If?5you?5are?5sure?5the?5password?5is?5@
 0000:4D8E       ??_C@_0IL@JNGI@?$AN?6Use?5only?5if?5Windows?5cannot?5sta@
 0000:4EEE       ??_C@_0L@CGGC@Available?5?$AA@
 0000:4E1A       ??_C@_0M@EMPJ@Decrypt?5now?$AA@
 0000:4B5E       ??_C@_0M@NCBA@?5?5?5?5?$FLEsc?$FN?5?5?$AA@
 0000:4E9C       ??_C@_0N@BNAP@?$ANRemaining?3?5?$AA@
 0000:4C1A       ??_C@_0N@DGHN@Booting?4?4?4?$AN?6?$AA@
 0000:5058       ??_C@_0N@HIBI@?5restored?4?$AN?6?$AA@
 0000:4AF8       ??_C@_0N@JJKN@?5not?5found?3?5?$AA@
 0000:4D56       ??_C@_0O@LEMN@?0?5Partition?3?5?$AA@
 0000:4B8E       ??_C@_0O@MJCG@?$AN?6?5?5?5?5?$FLF8?$FN?5?5?5?$AA@
 0000:504A       ??_C@_0O@MJLK@System?5loader?$AA@
 0000:4BF0       ??_C@_0P@EOMF@Enter?5password?$AA@
 0000:501A       ??_C@_0P@JAC@Modify?5drive?50?$AA@
 0000:4B9C       ??_C@_0P@KAON@Repair?5Options?$AA@
 0000:515E       ?ActivePartition@@3UPartition@@A
 0000:040A       ?Beep@@YAXXZ
 0000:53D8       ?BiosMemoryMap@@3QAUBiosMemoryMapEntry@@A
 0000:513C       ?BootCryptoInfo@@3PAUCRYPTO_INFO_t@@A
 0000:5118       ?BootDrive@@3EA
 0000:511A       ?BootDriveGeometry@@3UDriveGeometry@@A
 0000:4882       ?BootDriveGeometryValid@@3DA
 0000:5117       ?BootLoaderDrive@@3EA
 0000:5116       ?BootSectorFlags@@3EA
 0000:4885       ?BootStarted@@3DA
 0000:09B0       ?ChsToLba@@YAXABUDriveGeometry@@ABUChsAddress@@AATUINT64_STRUCT@@@Z
 0000:0500       ?ClearBiosKeystrokeBuffer@@YAXXZ
 0000:0428       ?ClearScreen@@YAXXZ
 0000:29CC       ?CopyMemory@@YAXIIPAXI@Z
 0000:29AE       ?CopyMemory@@YAXPAXIII@Z
 0000:511E       ?CustomUserMessage@@3QADA
 0000:0000  Unr  ?DisableScreenOutput@@YAXXZ
 0000:0000  Unr  ?EnableScreenOutput@@YAXXZ
 0000:513E       ?EncryptedVirtualPartition@@3UPartition@@A
 0000:04DE       ?EscKeyPressed@@YADXZ
 0000:4886       ?ExtraBootPartitionPresent@@3DA
 0000:0D28       ?GetActivePartition@@YADE@Z
 0000:0928       ?GetDriveGeometry@@YAEEAAUDriveGeometry@@D@Z
 0000:0B02       ?GetDrivePartitions@@YAEEPAUPartition@@IAAID0D@Z
 0000:2038       ?GetFirstBiosMemoryMapEntry@@YADAAUBiosMemoryMapEntry@@@Z
 0000:049E       ?GetKeyboardChar@@YAEPAE@Z
 0000:0496       ?GetKeyboardChar@@YAEXZ
 0000:2A00       ?GetLinearAddress@@YAKII@Z
 0000:204E       ?GetNextBiosMemoryMapEntry@@YADAAUBiosMemoryMapEntry@@@Z
 0000:0486       ?GetShiftFlags@@YAEXZ
 0000:0530       ?GetString@@YAHPADI@Z
 0000:51A6       ?HiddenVolumeStartSector@@3TUINT64_STRUCT@@A
 0000:519E       ?HiddenVolumeStartUnitNo@@3TUINT64_STRUCT@@A
 0000:0412       ?InitVideoMode@@YAXXZ
 0000:264C       ?InstallInterruptFilters@@YADXZ
 0000:2068       ?Int13Filter@@YADXZ
 0000:2628       ?Int13FilterEntry@@YAXXZ
 0000:245E       ?Int15Filter@@YADXZ
 0000:2518       ?IntFilterEntry@@YAXXZ
 0000:04C6       ?IsKeyboardCharAvailable@@YADXZ
 0000:0584       ?IsLbaSupported@@YADE@Z
 0000:0518       ?IsPrintable@@YADD@Z
 0000:09F8       ?LbaToChs@@YAXABUDriveGeometry@@ABTUINT64_STRUCT@@AAUChsAddress@@@Z
 0000:5138       ?OuterVolumeBackupHeaderCrc@@3KA
 0000:0A5C       ?PartitionEntryMBRToPartition@@YAXABUPartitionEntryMBR@@AAUPartition@@@Z
 0000:517E       ?PartitionFollowingActive@@3UPartition@@A
 0000:4884       ?PreventBootMenu@@3DA
 0000:4883       ?PreventNormalSystemBoot@@3DA
 0000:0324       ?Print@@YAXABTUINT64_STRUCT@@@Z
 0000:0636       ?Print@@YAXABUChsAddress@@@Z
 0000:02C0       ?Print@@YAXK@Z
 0000:02A2       ?Print@@YAXPBD@Z
 0000:0448       ?PrintBackspace@@YAXXZ
 0000:0272       ?PrintChar@@YAXD@Z
 0000:0288       ?PrintCharAtCursor@@YAXD@Z
 0000:05C0       ?PrintDiskError@@YAXEDEPBTUINT64_STRUCT@@PBUChsAddress@@@Z
 0000:03F4       ?PrintEndl@@YAXH@Z
 0000:03EC       ?PrintEndl@@YAXXZ
 0000:0456       ?PrintError@@YAXPBD@Z
 0000:0470       ?PrintErrorNoEndl@@YAXPBD@Z
 0000:03B2       ?PrintHex@@YAXABTUINT64_STRUCT@@@Z
 0000:0346       ?PrintHex@@YAXE@Z
 0000:0386       ?PrintHex@@YAXI@Z
 0000:039E       ?PrintHex@@YAXK@Z
 0000:03D0       ?PrintRepeatedChar@@YAXDH@Z
 0000:0672       ?PrintSectorCountInMB@@YAXABTUINT64_STRUCT@@@Z
 0000:0D64       ?ReadEncryptedSectors@@YAEIIETUINT64_STRUCT@@I@Z
 0000:08A6       ?ReadSectors@@YAEIIEABTUINT64_STRUCT@@ID@Z
 0000:08C0       ?ReadSectors@@YAEPAEEABTUINT64_STRUCT@@ID@Z
 0000:074E       ?ReadSectors@@YAEPAEEABUChsAddress@@ED@Z
 0000:0AC2       ?ReadWriteMBR@@YAEDED@Z
 0000:087C       ?ReadWriteSectors@@YAEDIIEABTUINT64_STRUCT@@ID@Z
 0000:0694       ?ReadWriteSectors@@YAEDIIEABUChsAddress@@ED@Z
 0000:0728       ?ReadWriteSectors@@YAEDPAEEABUChsAddress@@ED@Z
 0000:2A16       ?RegionsIntersect@@YADABTUINT64_STRUCT@@K00@Z
 0000:51AE       ?SectorBuffer@@3QAEA
 0000:0000  Unr  ?TestInt64@@YADXZ
 0000:0EA8       ?WriteEncryptedSectors@@YAEIIETUINT64_STRUCT@@I@Z
 0000:090E       ?WriteSectors@@YAEPAEEABTUINT64_STRUCT@@ID@Z
 0000:0000  Unr  ?WriteSectors@@YAEPAEEABUChsAddress@@ED@Z
 0000:0000  Unr  _crc32_selftests
 0000:6C60       _CryptoInfoBuffer
 0000:2BBE       _crypto_close
 0000:0000  Unr  _crypto_loadkey
 0000:2BB4       _crypto_open
 0000:2BE6       _DecipherBlock
 0000:2C80       _DecryptBuffer
 0000:3504       _DecryptBufferXTS
 0000:2CB4       _DecryptDataUnits
 0000:2F52       _derive_key_ripemd160
 0000:2E8A       _derive_u_ripemd160
 0000:2BFC       _EAGetFirst
 0000:0000  Unr  _EAGetFirstCipher
 0000:2C1A       _EAGetKeySize
 0000:2C00       _EAGetNext
 0000:2C04       _EAInit
 0000:5116       _edata
 0000:2BD0       _EncipherBlock
 0000:2C1E       _EncryptBuffer
 0000:34EA       _EncryptBufferXTS
 0000:2C52       _EncryptDataUnits
 0000:8DF2       _end
 0000:29F0       _EraseMemory
 0000:2BA8       _GetCrc32
 0000:2FEE       _GetHeaderField16
 0000:3002       _GetHeaderField32
 0000:3018       _GetHeaderField64
 0000:0000  Unr  _get_pkcs5_iteration_count
 0000:2D4A       _hmac_ripemd160
 0000:0000  Unr  _hmac_truncate
 0000:1EF0       _main
 0000:0104       _memcpy
 0000:0130       _memset
 0000:2CE2       _MirrorBytes16
 0000:2CF2       _MirrorBytes32
 0000:3058       _ReadVolumeHeader
 0000:366A       _RMD160Final
 0000:351E       _RMD160Init
 0000:36DC       _RMD160Transform
 0000:355A       _RMD160Update
 0000:2ADA       _ThrowFatalException
 0000:459A       _twofish_decrypt
 0000:429E       _twofish_encrypt
 0000:4102       _twofish_set_key
 0000:1EEE       __acrtused
 0000:015E       __aNlmul
 0000:0190       __aNlshl
 0000:019C       __aNuldiv
 0000:015E       __aNulmul
 0000:01FC       __aNulrem
 0000:0266       __aNulshr
 0000:5116       __edata
 0000:8DF2       __end
 0000:8DEA       __mbac

  Address         Publics by Value

 0000:0000  Unr  _hmac_truncate
 0000:0000  Unr  ?WriteSectors@@YAEPAEEABUChsAddress@@ED@Z
 0000:0000  Unr  _crc32_selftests
 0000:0000  Unr  ?EnableScreenOutput@@YAXXZ
 0000:0000  Unr  _get_pkcs5_iteration_count
 0000:0000  Unr  _crypto_loadkey
 0000:0000  Unr  ?DisableScreenOutput@@YAXXZ
 0000:0000  Unr  _EAGetFirstCipher
 0000:0000  Unr  ?TestInt64@@YADXZ
 0000:0104       _memcpy
 0000:0130       _memset
 0000:015E       __aNulmul
 0000:015E       __aNlmul
 0000:0190       __aNlshl
 0000:019C       __aNuldiv
 0000:01FC       __aNulrem
 0000:0266       __aNulshr
 0000:0272       ?PrintChar@@YAXD@Z
 0000:0288       ?PrintCharAtCursor@@YAXD@Z
 0000:02A2       ?Print@@YAXPBD@Z
 0000:02C0       ?Print@@YAXK@Z
 0000:0324       ?Print@@YAXABTUINT64_STRUCT@@@Z
 0000:0346       ?PrintHex@@YAXE@Z
 0000:0386       ?PrintHex@@YAXI@Z
 0000:039E       ?PrintHex@@YAXK@Z
 0000:03B2       ?PrintHex@@YAXABTUINT64_STRUCT@@@Z
 0000:03D0       ?PrintRepeatedChar@@YAXDH@Z
 0000:03EC       ?PrintEndl@@YAXXZ
 0000:03F4       ?PrintEndl@@YAXH@Z
 0000:040A       ?Beep@@YAXXZ
 0000:0412       ?InitVideoMode@@YAXXZ
 0000:0428       ?ClearScreen@@YAXXZ
 0000:0448       ?PrintBackspace@@YAXXZ
 0000:0456       ?PrintError@@YAXPBD@Z
 0000:0470       ?PrintErrorNoEndl@@YAXPBD@Z
 0000:0486       ?GetShiftFlags@@YAEXZ
 0000:0496       ?GetKeyboardChar@@YAEXZ
 0000:049E       ?GetKeyboardChar@@YAEPAE@Z
 0000:04C6       ?IsKeyboardCharAvailable@@YADXZ
 0000:04DE       ?EscKeyPressed@@YADXZ
 0000:0500       ?ClearBiosKeystrokeBuffer@@YAXXZ
 0000:0518       ?IsPrintable@@YADD@Z
 0000:0530       ?GetString@@YAHPADI@Z
 0000:0584       ?IsLbaSupported@@YADE@Z
 0000:05C0       ?PrintDiskError@@YAXEDEPBTUINT64_STRUCT@@PBUChsAddress@@@Z
 0000:0636       ?Print@@YAXABUChsAddress@@@Z
 0000:0672       ?PrintSectorCountInMB@@YAXABTUINT64_STRUCT@@@Z
 0000:0694       ?ReadWriteSectors@@YAEDIIEABUChsAddress@@ED@Z
 0000:0728       ?ReadWriteSectors@@YAEDPAEEABUChsAddress@@ED@Z
 0000:074E       ?ReadSectors@@YAEPAEEABUChsAddress@@ED@Z
 0000:087C       ?ReadWriteSectors@@YAEDIIEABTUINT64_STRUCT@@ID@Z
 0000:08A6       ?ReadSectors@@YAEIIEABTUINT64_STRUCT@@ID@Z
 0000:08C0       ?ReadSectors@@YAEPAEEABTUINT64_STRUCT@@ID@Z
 0000:090E       ?WriteSectors@@YAEPAEEABTUINT64_STRUCT@@ID@Z
 0000:0928       ?GetDriveGeometry@@YAEEAAUDriveGeometry@@D@Z
 0000:09B0       ?ChsToLba@@YAXABUDriveGeometry@@ABUChsAddress@@AATUINT64_STRUCT@@@Z
 0000:09F8       ?LbaToChs@@YAXABUDriveGeometry@@ABTUINT64_STRUCT@@AAUChsAddress@@@Z
 0000:0A5C       ?PartitionEntryMBRToPartition@@YAXABUPartitionEntryMBR@@AAUPartition@@@Z
 0000:0AC2       ?ReadWriteMBR@@YAEDED@Z
 0000:0B02       ?GetDrivePartitions@@YAEEPAUPartition@@IAAID0D@Z
 0000:0D28       ?GetActivePartition@@YADE@Z
 0000:0D64       ?ReadEncryptedSectors@@YAEIIETUINT64_STRUCT@@I@Z
 0000:0EA8       ?WriteEncryptedSectors@@YAEIIETUINT64_STRUCT@@I@Z
 0000:1EEE       __acrtused
 0000:1EF0       _main
 0000:2038       ?GetFirstBiosMemoryMapEntry@@YADAAUBiosMemoryMapEntry@@@Z
 0000:204E       ?GetNextBiosMemoryMapEntry@@YADAAUBiosMemoryMapEntry@@@Z
 0000:2068       ?Int13Filter@@YADXZ
 0000:245E       ?Int15Filter@@YADXZ
 0000:2518       ?IntFilterEntry@@YAXXZ
 0000:2628       ?Int13FilterEntry@@YAXXZ
 0000:264C       ?InstallInterruptFilters@@YADXZ
 0000:26B4       ??H@YA?ATUINT64_STRUCT@@ABT0@0@Z
 0000:2714       ??H@YA?ATUINT64_STRUCT@@ABT0@K@Z
 0000:2740       ??Y@YAAATUINT64_STRUCT@@AAT0@ABT0@@Z
 0000:2766       ??G@YA?ATUINT64_STRUCT@@ABT0@0@Z
 0000:27C6       ??G@YA?ATUINT64_STRUCT@@ABT0@K@Z
 0000:27F2       ??Z@YAAATUINT64_STRUCT@@AAT0@ABT0@@Z
 0000:2818       ??5@YA?ATUINT64_STRUCT@@ABT0@H@Z
 0000:286C       ??6@YA?ATUINT64_STRUCT@@ABT0@H@Z
 0000:28AC       ??E@YAAATUINT64_STRUCT@@AAT0@@Z
 0000:28CC       ??8@YADABTUINT64_STRUCT@@0@Z
 0000:28F2       ??O@YADABTUINT64_STRUCT@@0@Z
 0000:2926       ??M@YADABTUINT64_STRUCT@@0@Z
 0000:295A       ??P@YADABTUINT64_STRUCT@@0@Z
 0000:2984       ??N@YADABTUINT64_STRUCT@@0@Z
 0000:29AE       ?CopyMemory@@YAXPAXIII@Z
 0000:29CC       ?CopyMemory@@YAXIIPAXI@Z
 0000:29F0       _EraseMemory
 0000:2A00       ?GetLinearAddress@@YAKII@Z
 0000:2A16       ?RegionsIntersect@@YADABTUINT64_STRUCT@@K00@Z
 0000:2ADA       _ThrowFatalException
 0000:2BA8       _GetCrc32
 0000:2BB4       _crypto_open
 0000:2BBE       _crypto_close
 0000:2BD0       _EncipherBlock
 0000:2BE6       _DecipherBlock
 0000:2BFC       _EAGetFirst
 0000:2C00       _EAGetNext
 0000:2C04       _EAInit
 0000:2C1A       _EAGetKeySize
 0000:2C1E       _EncryptBuffer
 0000:2C52       _EncryptDataUnits
 0000:2C80       _DecryptBuffer
 0000:2CB4       _DecryptDataUnits
 0000:2CE2       _MirrorBytes16
 0000:2CF2       _MirrorBytes32
 0000:2D4A       _hmac_ripemd160
 0000:2E8A       _derive_u_ripemd160
 0000:2F52       _derive_key_ripemd160
 0000:2FEE       _GetHeaderField16
 0000:3002       _GetHeaderField32
 0000:3018       _GetHeaderField64
 0000:3058       _ReadVolumeHeader
 0000:34EA       _EncryptBufferXTS
 0000:3504       _DecryptBufferXTS
 0000:351E       _RMD160Init
 0000:355A       _RMD160Update
 0000:366A       _RMD160Final
 0000:36DC       _RMD160Transform
 0000:4102       _twofish_set_key
 0000:429E       _twofish_encrypt
 0000:459A       _twofish_decrypt
 0000:4882       ?BootDriveGeometryValid@@3DA
 0000:4883       ?PreventNormalSystemBoot@@3DA
 0000:4884       ?PreventBootMenu@@3DA
 0000:4885       ?BootStarted@@3DA
 0000:4886       ?ExtraBootPartitionPresent@@3DA
 0000:4AB2       ??_C@_02PIMC@?$AN?6?$AA@
 0000:4AB6       ??_C@_07MKMO@Error?3?5?$AA@
 0000:4ABE       ??_C@_05DHHK@Write?$AA@
 0000:4AC4       ??_C@_04KCBC@Read?$AA@
 0000:4ACA       ??_C@_07EIJM@?5error?3?$AA@
 0000:4AD2       ??_C@_07JBEK@?5Drive?3?$AA@
 0000:4ADA       ??_C@_08NNOK@?5Sector?3?$AA@
 0000:4AE4       ??_C@_05CLDD@?5CHS?3?$AA@
 0000:4AEA       ??_C@_04HAAB@?5MB?5?$AA@
 0000:4AF0       ??_C@_06OLBI@Drive?5?$AA@
 0000:4AF8       ??_C@_0N@JJKN@?5not?5found?3?5?$AA@
 0000:4B06       ??_C@_00A@?$AA@
 0000:4B08       ??_C@_0BM@IDKA@No?5bootable?5partition?5found?$AA@
 0000:4B24       ??_C@_0CA@GGMN@?5CipherShed?5Rescue?5Disk?50?47?43?$AN?6?$AA@
 0000:4B44       ??_C@_0BJ@CIJ@?5?5?5?5Keyboard?5Controls?3?$AN?6?$AA@
 0000:4B5E       ??_C@_0M@NCBA@?5?5?5?5?$FLEsc?$FN?5?5?$AA@
 0000:4B6A       ??_C@_0CD@GJAD@Skip?5Authentication?5?$CIBoot?5Manage@
 0000:4B8E       ??_C@_0O@MJCG@?$AN?6?5?5?5?5?$FLF8?$FN?5?5?5?$AA@
 0000:4B9C       ??_C@_0P@KAON@Repair?5Options?$AA@
 0000:4BAC       ??_C@_09LGPG@?$DP?5?$CIy?1n?$CJ?3?5?$AA@
 0000:4BB6       ??_C@_03NMHE@y?$AN?6?$AA@
 0000:4BBA       ??_C@_03EDHP@n?$AN?6?$AA@
 0000:4BBE       ??_C@_01KHLB@?$FL?$AA@
 0000:4BC0       ??_C@_05EFLO@?$FN?5?5?5?5?$AA@
 0000:4BC6       ??_C@_0BC@DHAO@?$FLEsc?$FN?5?5Cancel?$AN?6?$AN?6?$AA@
 0000:4BD8       ??_C@_0BH@NEPP@To?5select?0?5press?51?99?3?5?$AA@
 0000:4BF0       ??_C@_0P@EOMF@Enter?5password?$AA@
 0000:4C00       ??_C@_0BG@GEFN@?5for?5hidden?5system?3?$AN?6?$AA@
 0000:4C16       ??_C@_02HFBK@?3?5?$AA@
 0000:4C1A       ??_C@_0N@DGHN@Booting?4?4?4?$AN?6?$AA@
 0000:4C28       ??_C@_0CA@FBFB@BIOS?5reserved?5too?5much?5memory?3?5?$AA@
 0000:4C48       ??_C@_0DM@HBD@?9?5Upgrade?5BIOS?$AN?6?9?5Use?5a?5differen@
 0000:4C84       ??_C@_0BM@NMNK@Warning?3?5Caps?5Lock?5is?5on?4?$AN?6?$AA@
 0000:4CA0       ??_C@_0BI@KFOG@Incorrect?5password?4?$AN?6?$AN?6?$AA@
 0000:4CB8       ??_C@_0HN@LBMO@If?5you?5are?5sure?5the?5password?5is?5@
 0000:4D36       ??_C@_0BH@CKJE@Bootable?5Partitions?3?$AN?6?$AA@
 0000:4D4E       ??_C@_07MCKD@Drive?3?5?$AA@
 0000:4D56       ??_C@_0O@LEMN@?0?5Partition?3?5?$AA@
 0000:4D64       ??_C@_08PFEJ@?0?5Size?3?5?$AA@
 0000:4D6E       ??_C@_0CA@HAB@Press?51?99?5to?5select?5partition?3?5?$AA@
 0000:4D8E       ??_C@_0IL@JNGI@?$AN?6Use?5only?5if?5Windows?5cannot?5sta@
 0000:4E1A       ??_C@_0M@EMPJ@Decrypt?5now?$AA@
 0000:4E26       ??_C@_0HG@PFFC@?$AN?6To?5safely?5interrupt?5and?5defer?5@
 0000:4E9C       ??_C@_0N@BNAP@?$ANRemaining?3?5?$AA@
 0000:4EAA       ??_C@_0BF@LODE@Skip?5all?5bad?5sectors?$AA@
 0000:4EC0       ??_C@_0BE@LMLE@?$ANDrive?5decrypted?4?$AN?6?$AA@
 0000:4ED4       ??_C@_0BJ@HKIB@?$AN?6Decryption?5deferred?4?$AN?6?$AA@
 0000:4EEE       ??_C@_0L@CGGC@Available?5?$AA@
 0000:4EFA       ??_C@_03KPOF@?3?$AN?6?$AA@
 0000:4EFE       ??_C@_0CL@PPMD@Permanently?5decrypt?5system?5parti@
 0000:4F2A       ??_C@_0BP@HFME@Restore?5CipherShed?5Boot?5Loader?$AA@
 0000:4F4A       ??_C@_0CB@OIIA@Restore?5key?5data?5?$CIvolume?5header?$CJ@
 0000:4F6C       ??_C@_0BP@PLOE@Restore?5original?5system?5loader?$AA@
 0000:4F8C       ??_C@_0CI@CJAH@Is?5the?5system?5partition?1drive?5de@
 0000:4FB4       ??_C@_0BL@HDPH@Please?5decrypt?5it?5first?4?$AN?6?$AA@
 0000:4FD0       ??_C@_0BN@MGAM@Original?5header?5preserved?4?$AN?6?$AA@
 0000:4FEE       ??_C@_0CM@CODF@WARNING?3?5Drive?50?5contains?5a?5vali@
 0000:501A       ??_C@_0P@JAC@Modify?5drive?50?$AA@
 0000:502A       ??_C@_0BH@PMEC@CipherShed?5Boot?5Loader?$AA@
 0000:5042       ??_C@_06IEHP@Header?$AA@
 0000:504A       ??_C@_0O@MJLK@System?5loader?$AA@
 0000:5058       ??_C@_0N@HIBI@?5restored?4?$AN?6?$AA@
 0000:5066       ??_C@_0CK@MNCE@?9?5Connect?5system?5drive?5to?5?$CISATA?$CJ@
 0000:5090       ??_C@_0CJ@BABO@It?5appears?5you?5are?5creating?5a?5hi@
 0000:50BA       ??_C@_0BA@LKAJ@Is?5this?5correct?$AA@
 0000:50CA       ??_C@_0DK@PFGO@Please?5remove?5the?5Rescue?5Disk?5fr@
 0000:5104       ??_C@_04PLFG@MMP?3?$AA@
 0000:5116       __edata
 0000:5116       _edata
 0000:5116       ?BootSectorFlags@@3EA
 0000:5117       ?BootLoaderDrive@@3EA
 0000:5118       ?BootDrive@@3EA
 0000:511A       ?BootDriveGeometry@@3UDriveGeometry@@A
 0000:511E       ?CustomUserMessage@@3QADA
 0000:5138       ?OuterVolumeBackupHeaderCrc@@3KA
 0000:513C       ?BootCryptoInfo@@3PAUCRYPTO_INFO_t@@A
 0000:513E       ?EncryptedVirtualPartition@@3UPartition@@A
 0000:515E       ?ActivePartition@@3UPartition@@A
 0000:517E       ?PartitionFollowingActive@@3UPartition@@A
 0000:519E       ?HiddenVolumeStartUnitNo@@3TUINT64_STRUCT@@A
 0000:51A6       ?HiddenVolumeStartSector@@3TUINT64_STRUCT@@A
 0000:51AE       ?SectorBuffer@@3QAEA
 0000:53D8       ?BiosMemoryMap@@3QAUBiosMemoryMapEntry@@A
 0000:6C60       _CryptoInfoBuffer
 0000:8DEA       __mbac
 0000:8DF2       _end
 0000:8DF2       __end

Program entry point at 0000:0100
