
 Start  Stop   Length Name                   Class
 00000H 0451DH 0451EH _TEXT                  CODE
 0451EH 04BA0H 00683H _DATA                  DATA
 04BA2H 04BADH 0000CH CONST                  CONST
 04BAEH 066F5H 01B48H _BSS                   BSS
 06700H 08891H 02192H c_common               BSS

 Origin   Group
 0000:0   DGROUP

  Address         Publics by Name

 0000:24FE       ??5@YA?ATUINT64_STRUCT@@ABT0@H@Z
 0000:2552       ??6@YA?ATUINT64_STRUCT@@ABT0@H@Z
 0000:25B2       ??8@YADABTUINT64_STRUCT@@0@Z
 0000:2592       ??E@YAAATUINT64_STRUCT@@AAT0@@Z
 0000:244C       ??G@YA?ATUINT64_STRUCT@@ABT0@0@Z
 0000:24AC       ??G@YA?ATUINT64_STRUCT@@ABT0@K@Z
 0000:239A       ??H@YA?ATUINT64_STRUCT@@ABT0@0@Z
 0000:23FA       ??H@YA?ATUINT64_STRUCT@@ABT0@K@Z
 0000:260C       ??M@YADABTUINT64_STRUCT@@0@Z
 0000:266A       ??N@YADABTUINT64_STRUCT@@0@Z
 0000:25D8       ??O@YADABTUINT64_STRUCT@@0@Z
 0000:2640       ??P@YADABTUINT64_STRUCT@@0@Z
 0000:2426       ??Y@YAAATUINT64_STRUCT@@AAT0@ABT0@@Z
 0000:24D8       ??Z@YAAATUINT64_STRUCT@@AAT0@ABT0@@Z
 0000:479A       ??_C@_00A@?$AA@
 0000:485A       ??_C@_01KHLB@?$FL?$AA@
 0000:489A       ??_C@_02HFBK@?3?5?$AA@
 0000:4746       ??_C@_02PIMC@?$AN?6?$AA@
 0000:4856       ??_C@_03EDHP@n?$AN?6?$AA@
 0000:4852       ??_C@_03NMHE@y?$AN?6?$AA@
 0000:477E       ??_C@_04HAAB@?5MB?5?$AA@
 0000:4758       ??_C@_04KCBC@Read?$AA@
 0000:4B8A       ??_C@_04PLFG@MMP?3?$AA@
 0000:4778       ??_C@_05CLDD@?5CHS?3?$AA@
 0000:4752       ??_C@_05DHHK@Write?$AA@
 0000:4B10       ??_C@_05DILO@Abort?$AA@
 0000:485C       ??_C@_05EFLO@?$FN?5?5?5?5?$AA@
 0000:4784       ??_C@_06OLBI@Drive?5?$AA@
 0000:475E       ??_C@_07EIJM@?5error?3?$AA@
 0000:4766       ??_C@_07JBEK@?5Drive?3?$AA@
 0000:49F2       ??_C@_07MCKD@Drive?3?5?$AA@
 0000:474A       ??_C@_07MKMO@Error?3?5?$AA@
 0000:476E       ??_C@_08NNOK@?5Sector?3?$AA@
 0000:4A08       ??_C@_08PFEJ@?0?5Size?3?5?$AA@
 0000:4848       ??_C@_09LGPG@?$DP?5?$CIy?1n?$CJ?3?5?$AA@
 0000:4B90       ??_C@_0BB@EEAO@Memory?5corrupted?$AA@
 0000:4862       ??_C@_0BC@DHAO@?$FLEsc?$FN?5?5Cancel?$AN?6?$AN?6?$AA@
 0000:4B76       ??_C@_0BE@KCNB@?$ANCopying?5completed?4?$AA@
 0000:4884       ??_C@_0BG@GEFN@?5for?5hidden?5system?3?$AN?6?$AA@
 0000:49DA       ??_C@_0BH@CKJE@Bootable?5Partitions?3?$AN?6?$AA@
 0000:4A68       ??_C@_0BH@EGEK@?$AN?6?9?5Enable?5LBA?5in?5BIOS?$AA@
 0000:4924       ??_C@_0BI@KFOG@Incorrect?5password?4?$AN?6?$AN?6?$AA@
 0000:47D8       ??_C@_0BJ@CIJ@?5?5?5?5Keyboard?5Controls?3?$AN?6?$AA@
 0000:479C       ??_C@_0BM@IDKA@No?5bootable?5partition?5found?$AA@
 0000:4908       ??_C@_0BM@NMNK@Warning?3?5Caps?5Lock?5is?5on?4?$AN?6?$AA@
 0000:47B8       ??_C@_0CA@BGAH@?5CipherShed?5Boot?5Loader?50?47?43?$AN?6?$AA@
 0000:48AC       ??_C@_0CA@FBFB@BIOS?5reserved?5too?5much?5memory?3?5?$AA@
 0000:4A12       ??_C@_0CA@HAB@Press?51?99?5to?5select?5partition?3?5?$AA@
 0000:4824       ??_C@_0CD@GJAD@Skip?5Authentication?5?$CIBoot?5Manage@
 0000:47FE       ??_C@_0CG@HLF@Boot?5Non?9Hidden?5System?5?$CIBoot?5Man@
 0000:4A32       ??_C@_0CI@CHP@Your?5BIOS?5does?5not?5support?5large@
 0000:48CC       ??_C@_0DM@HBD@?9?5Upgrade?5BIOS?$AN?6?9?5Use?5a?5differen@
 0000:4A80       ??_C@_0DM@NDEP@?$AN?6Copying?5system?5to?5hidden?5volum@
 0000:4B16       ??_C@_0FB@DHKC@To?5fix?5bad?5sectors?3?51?$CJ?5Terminate@
 0000:4ABC       ??_C@_0FD@OPN@?$ANIf?5aborted?0?5copying?5will?5have?5t@
 0000:493C       ??_C@_0JO@GLOI@If?5you?5are?5sure?5the?5password?5is?5@
 0000:47F2       ??_C@_0M@NCBA@?5?5?5?5?$FLEsc?$FN?5?5?$AA@
 0000:4B68       ??_C@_0N@BNAP@?$ANRemaining?3?5?$AA@
 0000:489E       ??_C@_0N@DGHN@Booting?4?4?4?$AN?6?$AA@
 0000:478C       ??_C@_0N@JJKN@?5not?5found?3?5?$AA@
 0000:49FA       ??_C@_0O@LEMN@?0?5Partition?3?5?$AA@
 0000:4A5A       ??_C@_0O@PLFN@?5due?5to?5a?5bug?$AA@
 0000:4874       ??_C@_0P@EOMF@Enter?5password?$AA@
 0000:4BF6       ?ActivePartition@@3UPartition@@A
 0000:049A       ?Beep@@YAXXZ
 0000:4E70       ?BiosMemoryMap@@3QAUBiosMemoryMapEntry@@A
 0000:4BD4       ?BootCryptoInfo@@3PAUCRYPTO_INFO_t@@A
 0000:4BB0       ?BootDrive@@3EA
 0000:4BB2       ?BootDriveGeometry@@3UDriveGeometry@@A
 0000:451E       ?BootDriveGeometryValid@@3DA
 0000:4BAF       ?BootLoaderDrive@@3EA
 0000:4BAE       ?BootSectorFlags@@3EA
 0000:4521       ?BootStarted@@3DA
 0000:0A24       ?ChsToLba@@YAXABUDriveGeometry@@ABUChsAddress@@AATUINT64_STRUCT@@@Z
 0000:0590       ?ClearBiosKeystrokeBuffer@@YAXXZ
 0000:04B8       ?ClearScreen@@YAXXZ
 0000:26B2       ?CopyMemory@@YAXIIPAXI@Z
 0000:2694       ?CopyMemory@@YAXPAXIII@Z
 0000:4BB6       ?CustomUserMessage@@3QADA
 0000:02FC       ?DisableScreenOutput@@YAXXZ
 0000:0000  Unr  ?EnableScreenOutput@@YAXXZ
 0000:4BD6       ?EncryptedVirtualPartition@@3UPartition@@A
 0000:056E       ?EscKeyPressed@@YADXZ
 0000:4522       ?ExtraBootPartitionPresent@@3DA
 0000:0D9C       ?GetActivePartition@@YADE@Z
 0000:099C       ?GetDriveGeometry@@YAEEAAUDriveGeometry@@D@Z
 0000:0B76       ?GetDrivePartitions@@YAEEPAUPartition@@IAAID0D@Z
 0000:1CEA       ?GetFirstBiosMemoryMapEntry@@YADAAUBiosMemoryMapEntry@@@Z
 0000:052E       ?GetKeyboardChar@@YAEPAE@Z
 0000:0526       ?GetKeyboardChar@@YAEXZ
 0000:26E6       ?GetLinearAddress@@YAKII@Z
 0000:1D00       ?GetNextBiosMemoryMapEntry@@YADAAUBiosMemoryMapEntry@@@Z
 0000:0516       ?GetShiftFlags@@YAEXZ
 0000:05C0       ?GetString@@YAHPADI@Z
 0000:4C3E       ?HiddenVolumeStartSector@@3TUINT64_STRUCT@@A
 0000:4C36       ?HiddenVolumeStartUnitNo@@3TUINT64_STRUCT@@A
 0000:04A2       ?InitVideoMode@@YAXXZ
 0000:22FE       ?InstallInterruptFilters@@YADXZ
 0000:1D1A       ?Int13Filter@@YADXZ
 0000:22DA       ?Int13FilterEntry@@YAXXZ
 0000:2110       ?Int15Filter@@YADXZ
 0000:21CA       ?IntFilterEntry@@YAXXZ
 0000:0556       ?IsKeyboardCharAvailable@@YADXZ
 0000:0614       ?IsLbaSupported@@YADE@Z
 0000:05A8       ?IsPrintable@@YADD@Z
 0000:0A6C       ?LbaToChs@@YAXABUDriveGeometry@@ABTUINT64_STRUCT@@AAUChsAddress@@@Z
 0000:4BD0       ?OuterVolumeBackupHeaderCrc@@3KA
 0000:0AD0       ?PartitionEntryMBRToPartition@@YAXABUPartitionEntryMBR@@AAUPartition@@@Z
 0000:4C16       ?PartitionFollowingActive@@3UPartition@@A
 0000:4520       ?PreventBootMenu@@3DA
 0000:451F       ?PreventNormalSystemBoot@@3DA
 0000:03B4       ?Print@@YAXABTUINT64_STRUCT@@@Z
 0000:06C6       ?Print@@YAXABUChsAddress@@@Z
 0000:0350       ?Print@@YAXK@Z
 0000:0332       ?Print@@YAXPBD@Z
 0000:04D8       ?PrintBackspace@@YAXXZ
 0000:0302       ?PrintChar@@YAXD@Z
 0000:0318       ?PrintCharAtCursor@@YAXD@Z
 0000:0650       ?PrintDiskError@@YAXEDEPBTUINT64_STRUCT@@PBUChsAddress@@@Z
 0000:0484       ?PrintEndl@@YAXH@Z
 0000:047C       ?PrintEndl@@YAXXZ
 0000:04E6       ?PrintError@@YAXPBD@Z
 0000:0500       ?PrintErrorNoEndl@@YAXPBD@Z
 0000:0442       ?PrintHex@@YAXABTUINT64_STRUCT@@@Z
 0000:03D6       ?PrintHex@@YAXE@Z
 0000:0416       ?PrintHex@@YAXI@Z
 0000:042E       ?PrintHex@@YAXK@Z
 0000:0460       ?PrintRepeatedChar@@YAXDH@Z
 0000:0702       ?PrintSectorCountInMB@@YAXABTUINT64_STRUCT@@@Z
 0000:0272       ?ReadBootSectorUserConfiguration@@YAXXZ
 0000:0DD8       ?ReadEncryptedSectors@@YAEIIETUINT64_STRUCT@@I@Z
 0000:091A       ?ReadSectors@@YAEIIEABTUINT64_STRUCT@@ID@Z
 0000:0934       ?ReadSectors@@YAEPAEEABTUINT64_STRUCT@@ID@Z
 0000:0000  Unr  ?ReadSectors@@YAEPAEEABUChsAddress@@ED@Z
 0000:0B36       ?ReadWriteMBR@@YAEDED@Z
 0000:08F0       ?ReadWriteSectors@@YAEDIIEABTUINT64_STRUCT@@ID@Z
 0000:0724       ?ReadWriteSectors@@YAEDIIEABUChsAddress@@ED@Z
 0000:07B8       ?ReadWriteSectors@@YAEDPAEEABUChsAddress@@ED@Z
 0000:26FC       ?RegionsIntersect@@YADABTUINT64_STRUCT@@K00@Z
 0000:4C46       ?SectorBuffer@@3QAEA
 0000:0000  Unr  ?TestInt64@@YADXZ
 0000:02CA       ?UpdateBootSectorConfiguration@@YAEE@Z
 0000:0F1C       ?WriteEncryptedSectors@@YAEIIETUINT64_STRUCT@@I@Z
 0000:0982       ?WriteSectors@@YAEPAEEABTUINT64_STRUCT@@ID@Z
 0000:0000  Unr  ?WriteSectors@@YAEPAEEABUChsAddress@@ED@Z
 0000:0000  Unr  _crc32_selftests
 0000:6700       _CryptoInfoBuffer
 0000:285A       _crypto_close
 0000:0000  Unr  _crypto_loadkey
 0000:2850       _crypto_open
 0000:2882       _DecipherBlock
 0000:291C       _DecryptBuffer
 0000:31A0       _DecryptBufferXTS
 0000:2950       _DecryptDataUnits
 0000:2BEE       _derive_key_ripemd160
 0000:2B26       _derive_u_ripemd160
 0000:2898       _EAGetFirst
 0000:0000  Unr  _EAGetFirstCipher
 0000:28B6       _EAGetKeySize
 0000:289C       _EAGetNext
 0000:28A0       _EAInit
 0000:4BAE       _edata
 0000:286C       _EncipherBlock
 0000:28BA       _EncryptBuffer
 0000:3186       _EncryptBufferXTS
 0000:28EE       _EncryptDataUnits
 0000:8892       _end
 0000:26D6       _EraseMemory
 0000:27D6       _GetCrc32
 0000:2C8A       _GetHeaderField16
 0000:2C9E       _GetHeaderField32
 0000:2CB4       _GetHeaderField64
 0000:0000  Unr  _get_pkcs5_iteration_count
 0000:29E6       _hmac_ripemd160
 0000:0000  Unr  _hmac_truncate
 0000:0000  Unr  _LongReverse
 0000:1BAC       _main
 0000:0104       _memcpy
 0000:0130       _memset
 0000:297E       _MirrorBytes16
 0000:298E       _MirrorBytes32
 0000:2CF4       _ReadVolumeHeader
 0000:3306       _RMD160Final
 0000:31BA       _RMD160Init
 0000:3378       _RMD160Transform
 0000:31F6       _RMD160Update
 0000:27C0       _ThrowFatalException
 0000:4236       _twofish_decrypt
 0000:3F3A       _twofish_encrypt
 0000:3D9E       _twofish_set_key
 0000:1BAA       __acrtused
 0000:015E       __aNlmul
 0000:0190       __aNlshl
 0000:019C       __aNuldiv
 0000:015E       __aNulmul
 0000:01FC       __aNulrem
 0000:0266       __aNulshr
 0000:4BAE       __edata
 0000:8892       __end
 0000:888A       __mbac

  Address         Publics by Value

 0000:0000  Unr  ?TestInt64@@YADXZ
 0000:0000  Unr  _hmac_truncate
 0000:0000  Unr  ?EnableScreenOutput@@YAXXZ
 0000:0000  Unr  _LongReverse
 0000:0000  Unr  ?ReadSectors@@YAEPAEEABUChsAddress@@ED@Z
 0000:0000  Unr  _crypto_loadkey
 0000:0000  Unr  _crc32_selftests
 0000:0000  Unr  _EAGetFirstCipher
 0000:0000  Unr  ?WriteSectors@@YAEPAEEABUChsAddress@@ED@Z
 0000:0000  Unr  _get_pkcs5_iteration_count
 0000:0104       _memcpy
 0000:0130       _memset
 0000:015E       __aNulmul
 0000:015E       __aNlmul
 0000:0190       __aNlshl
 0000:019C       __aNuldiv
 0000:01FC       __aNulrem
 0000:0266       __aNulshr
 0000:0272       ?ReadBootSectorUserConfiguration@@YAXXZ
 0000:02CA       ?UpdateBootSectorConfiguration@@YAEE@Z
 0000:02FC       ?DisableScreenOutput@@YAXXZ
 0000:0302       ?PrintChar@@YAXD@Z
 0000:0318       ?PrintCharAtCursor@@YAXD@Z
 0000:0332       ?Print@@YAXPBD@Z
 0000:0350       ?Print@@YAXK@Z
 0000:03B4       ?Print@@YAXABTUINT64_STRUCT@@@Z
 0000:03D6       ?PrintHex@@YAXE@Z
 0000:0416       ?PrintHex@@YAXI@Z
 0000:042E       ?PrintHex@@YAXK@Z
 0000:0442       ?PrintHex@@YAXABTUINT64_STRUCT@@@Z
 0000:0460       ?PrintRepeatedChar@@YAXDH@Z
 0000:047C       ?PrintEndl@@YAXXZ
 0000:0484       ?PrintEndl@@YAXH@Z
 0000:049A       ?Beep@@YAXXZ
 0000:04A2       ?InitVideoMode@@YAXXZ
 0000:04B8       ?ClearScreen@@YAXXZ
 0000:04D8       ?PrintBackspace@@YAXXZ
 0000:04E6       ?PrintError@@YAXPBD@Z
 0000:0500       ?PrintErrorNoEndl@@YAXPBD@Z
 0000:0516       ?GetShiftFlags@@YAEXZ
 0000:0526       ?GetKeyboardChar@@YAEXZ
 0000:052E       ?GetKeyboardChar@@YAEPAE@Z
 0000:0556       ?IsKeyboardCharAvailable@@YADXZ
 0000:056E       ?EscKeyPressed@@YADXZ
 0000:0590       ?ClearBiosKeystrokeBuffer@@YAXXZ
 0000:05A8       ?IsPrintable@@YADD@Z
 0000:05C0       ?GetString@@YAHPADI@Z
 0000:0614       ?IsLbaSupported@@YADE@Z
 0000:0650       ?PrintDiskError@@YAXEDEPBTUINT64_STRUCT@@PBUChsAddress@@@Z
 0000:06C6       ?Print@@YAXABUChsAddress@@@Z
 0000:0702       ?PrintSectorCountInMB@@YAXABTUINT64_STRUCT@@@Z
 0000:0724       ?ReadWriteSectors@@YAEDIIEABUChsAddress@@ED@Z
 0000:07B8       ?ReadWriteSectors@@YAEDPAEEABUChsAddress@@ED@Z
 0000:08F0       ?ReadWriteSectors@@YAEDIIEABTUINT64_STRUCT@@ID@Z
 0000:091A       ?ReadSectors@@YAEIIEABTUINT64_STRUCT@@ID@Z
 0000:0934       ?ReadSectors@@YAEPAEEABTUINT64_STRUCT@@ID@Z
 0000:0982       ?WriteSectors@@YAEPAEEABTUINT64_STRUCT@@ID@Z
 0000:099C       ?GetDriveGeometry@@YAEEAAUDriveGeometry@@D@Z
 0000:0A24       ?ChsToLba@@YAXABUDriveGeometry@@ABUChsAddress@@AATUINT64_STRUCT@@@Z
 0000:0A6C       ?LbaToChs@@YAXABUDriveGeometry@@ABTUINT64_STRUCT@@AAUChsAddress@@@Z
 0000:0AD0       ?PartitionEntryMBRToPartition@@YAXABUPartitionEntryMBR@@AAUPartition@@@Z
 0000:0B36       ?ReadWriteMBR@@YAEDED@Z
 0000:0B76       ?GetDrivePartitions@@YAEEPAUPartition@@IAAID0D@Z
 0000:0D9C       ?GetActivePartition@@YADE@Z
 0000:0DD8       ?ReadEncryptedSectors@@YAEIIETUINT64_STRUCT@@I@Z
 0000:0F1C       ?WriteEncryptedSectors@@YAEIIETUINT64_STRUCT@@I@Z
 0000:1BAA       __acrtused
 0000:1BAC       _main
 0000:1CEA       ?GetFirstBiosMemoryMapEntry@@YADAAUBiosMemoryMapEntry@@@Z
 0000:1D00       ?GetNextBiosMemoryMapEntry@@YADAAUBiosMemoryMapEntry@@@Z
 0000:1D1A       ?Int13Filter@@YADXZ
 0000:2110       ?Int15Filter@@YADXZ
 0000:21CA       ?IntFilterEntry@@YAXXZ
 0000:22DA       ?Int13FilterEntry@@YAXXZ
 0000:22FE       ?InstallInterruptFilters@@YADXZ
 0000:239A       ??H@YA?ATUINT64_STRUCT@@ABT0@0@Z
 0000:23FA       ??H@YA?ATUINT64_STRUCT@@ABT0@K@Z
 0000:2426       ??Y@YAAATUINT64_STRUCT@@AAT0@ABT0@@Z
 0000:244C       ??G@YA?ATUINT64_STRUCT@@ABT0@0@Z
 0000:24AC       ??G@YA?ATUINT64_STRUCT@@ABT0@K@Z
 0000:24D8       ??Z@YAAATUINT64_STRUCT@@AAT0@ABT0@@Z
 0000:24FE       ??5@YA?ATUINT64_STRUCT@@ABT0@H@Z
 0000:2552       ??6@YA?ATUINT64_STRUCT@@ABT0@H@Z
 0000:2592       ??E@YAAATUINT64_STRUCT@@AAT0@@Z
 0000:25B2       ??8@YADABTUINT64_STRUCT@@0@Z
 0000:25D8       ??O@YADABTUINT64_STRUCT@@0@Z
 0000:260C       ??M@YADABTUINT64_STRUCT@@0@Z
 0000:2640       ??P@YADABTUINT64_STRUCT@@0@Z
 0000:266A       ??N@YADABTUINT64_STRUCT@@0@Z
 0000:2694       ?CopyMemory@@YAXPAXIII@Z
 0000:26B2       ?CopyMemory@@YAXIIPAXI@Z
 0000:26D6       _EraseMemory
 0000:26E6       ?GetLinearAddress@@YAKII@Z
 0000:26FC       ?RegionsIntersect@@YADABTUINT64_STRUCT@@K00@Z
 0000:27C0       _ThrowFatalException
 0000:27D6       _GetCrc32
 0000:2850       _crypto_open
 0000:285A       _crypto_close
 0000:286C       _EncipherBlock
 0000:2882       _DecipherBlock
 0000:2898       _EAGetFirst
 0000:289C       _EAGetNext
 0000:28A0       _EAInit
 0000:28B6       _EAGetKeySize
 0000:28BA       _EncryptBuffer
 0000:28EE       _EncryptDataUnits
 0000:291C       _DecryptBuffer
 0000:2950       _DecryptDataUnits
 0000:297E       _MirrorBytes16
 0000:298E       _MirrorBytes32
 0000:29E6       _hmac_ripemd160
 0000:2B26       _derive_u_ripemd160
 0000:2BEE       _derive_key_ripemd160
 0000:2C8A       _GetHeaderField16
 0000:2C9E       _GetHeaderField32
 0000:2CB4       _GetHeaderField64
 0000:2CF4       _ReadVolumeHeader
 0000:3186       _EncryptBufferXTS
 0000:31A0       _DecryptBufferXTS
 0000:31BA       _RMD160Init
 0000:31F6       _RMD160Update
 0000:3306       _RMD160Final
 0000:3378       _RMD160Transform
 0000:3D9E       _twofish_set_key
 0000:3F3A       _twofish_encrypt
 0000:4236       _twofish_decrypt
 0000:451E       ?BootDriveGeometryValid@@3DA
 0000:451F       ?PreventNormalSystemBoot@@3DA
 0000:4520       ?PreventBootMenu@@3DA
 0000:4521       ?BootStarted@@3DA
 0000:4522       ?ExtraBootPartitionPresent@@3DA
 0000:4746       ??_C@_02PIMC@?$AN?6?$AA@
 0000:474A       ??_C@_07MKMO@Error?3?5?$AA@
 0000:4752       ??_C@_05DHHK@Write?$AA@
 0000:4758       ??_C@_04KCBC@Read?$AA@
 0000:475E       ??_C@_07EIJM@?5error?3?$AA@
 0000:4766       ??_C@_07JBEK@?5Drive?3?$AA@
 0000:476E       ??_C@_08NNOK@?5Sector?3?$AA@
 0000:4778       ??_C@_05CLDD@?5CHS?3?$AA@
 0000:477E       ??_C@_04HAAB@?5MB?5?$AA@
 0000:4784       ??_C@_06OLBI@Drive?5?$AA@
 0000:478C       ??_C@_0N@JJKN@?5not?5found?3?5?$AA@
 0000:479A       ??_C@_00A@?$AA@
 0000:479C       ??_C@_0BM@IDKA@No?5bootable?5partition?5found?$AA@
 0000:47B8       ??_C@_0CA@BGAH@?5CipherShed?5Boot?5Loader?50?47?43?$AN?6?$AA@
 0000:47D8       ??_C@_0BJ@CIJ@?5?5?5?5Keyboard?5Controls?3?$AN?6?$AA@
 0000:47F2       ??_C@_0M@NCBA@?5?5?5?5?$FLEsc?$FN?5?5?$AA@
 0000:47FE       ??_C@_0CG@HLF@Boot?5Non?9Hidden?5System?5?$CIBoot?5Man@
 0000:4824       ??_C@_0CD@GJAD@Skip?5Authentication?5?$CIBoot?5Manage@
 0000:4848       ??_C@_09LGPG@?$DP?5?$CIy?1n?$CJ?3?5?$AA@
 0000:4852       ??_C@_03NMHE@y?$AN?6?$AA@
 0000:4856       ??_C@_03EDHP@n?$AN?6?$AA@
 0000:485A       ??_C@_01KHLB@?$FL?$AA@
 0000:485C       ??_C@_05EFLO@?$FN?5?5?5?5?$AA@
 0000:4862       ??_C@_0BC@DHAO@?$FLEsc?$FN?5?5Cancel?$AN?6?$AN?6?$AA@
 0000:4874       ??_C@_0P@EOMF@Enter?5password?$AA@
 0000:4884       ??_C@_0BG@GEFN@?5for?5hidden?5system?3?$AN?6?$AA@
 0000:489A       ??_C@_02HFBK@?3?5?$AA@
 0000:489E       ??_C@_0N@DGHN@Booting?4?4?4?$AN?6?$AA@
 0000:48AC       ??_C@_0CA@FBFB@BIOS?5reserved?5too?5much?5memory?3?5?$AA@
 0000:48CC       ??_C@_0DM@HBD@?9?5Upgrade?5BIOS?$AN?6?9?5Use?5a?5differen@
 0000:4908       ??_C@_0BM@NMNK@Warning?3?5Caps?5Lock?5is?5on?4?$AN?6?$AA@
 0000:4924       ??_C@_0BI@KFOG@Incorrect?5password?4?$AN?6?$AN?6?$AA@
 0000:493C       ??_C@_0JO@GLOI@If?5you?5are?5sure?5the?5password?5is?5@
 0000:49DA       ??_C@_0BH@CKJE@Bootable?5Partitions?3?$AN?6?$AA@
 0000:49F2       ??_C@_07MCKD@Drive?3?5?$AA@
 0000:49FA       ??_C@_0O@LEMN@?0?5Partition?3?5?$AA@
 0000:4A08       ??_C@_08PFEJ@?0?5Size?3?5?$AA@
 0000:4A12       ??_C@_0CA@HAB@Press?51?99?5to?5select?5partition?3?5?$AA@
 0000:4A32       ??_C@_0CI@CHP@Your?5BIOS?5does?5not?5support?5large@
 0000:4A5A       ??_C@_0O@PLFN@?5due?5to?5a?5bug?$AA@
 0000:4A68       ??_C@_0BH@EGEK@?$AN?6?9?5Enable?5LBA?5in?5BIOS?$AA@
 0000:4A80       ??_C@_0DM@NDEP@?$AN?6Copying?5system?5to?5hidden?5volum@
 0000:4ABC       ??_C@_0FD@OPN@?$ANIf?5aborted?0?5copying?5will?5have?5t@
 0000:4B10       ??_C@_05DILO@Abort?$AA@
 0000:4B16       ??_C@_0FB@DHKC@To?5fix?5bad?5sectors?3?51?$CJ?5Terminate@
 0000:4B68       ??_C@_0N@BNAP@?$ANRemaining?3?5?$AA@
 0000:4B76       ??_C@_0BE@KCNB@?$ANCopying?5completed?4?$AA@
 0000:4B8A       ??_C@_04PLFG@MMP?3?$AA@
 0000:4B90       ??_C@_0BB@EEAO@Memory?5corrupted?$AA@
 0000:4BAE       __edata
 0000:4BAE       ?BootSectorFlags@@3EA
 0000:4BAE       _edata
 0000:4BAF       ?BootLoaderDrive@@3EA
 0000:4BB0       ?BootDrive@@3EA
 0000:4BB2       ?BootDriveGeometry@@3UDriveGeometry@@A
 0000:4BB6       ?CustomUserMessage@@3QADA
 0000:4BD0       ?OuterVolumeBackupHeaderCrc@@3KA
 0000:4BD4       ?BootCryptoInfo@@3PAUCRYPTO_INFO_t@@A
 0000:4BD6       ?EncryptedVirtualPartition@@3UPartition@@A
 0000:4BF6       ?ActivePartition@@3UPartition@@A
 0000:4C16       ?PartitionFollowingActive@@3UPartition@@A
 0000:4C36       ?HiddenVolumeStartUnitNo@@3TUINT64_STRUCT@@A
 0000:4C3E       ?HiddenVolumeStartSector@@3TUINT64_STRUCT@@A
 0000:4C46       ?SectorBuffer@@3QAEA
 0000:4E70       ?BiosMemoryMap@@3QAUBiosMemoryMapEntry@@A
 0000:6700       _CryptoInfoBuffer
 0000:888A       __mbac
 0000:8892       _end
 0000:8892       __end

Program entry point at 0000:0100
