 CipherShedFormat

 Timestamp is 54babdb7 (Sat Jan 17 19:53:27 2015)

 Preferred load address is 00400000

 Start         Length     Name                   Class
 0001:00000000 0008a1eeH .text                   CODE
 0001:0008a1f0 000039c9H .text$x                 CODE
 0001:0008dbc0 00000167H .text$yc                CODE
 0001:0008dd30 00000166H .text$yd                CODE
 0002:00000000 00000568H .idata$5                DATA
 0002:00000568 00000004H .CRT$XCA                DATA
 0002:0000056c 0000000cH .CRT$XCC                DATA
 0002:00000578 00000020H .CRT$XCU                DATA
 0002:00000598 00000004H .CRT$XCZ                DATA
 0002:0000059c 00000004H .CRT$XIA                DATA
 0002:000005a0 00000014H .CRT$XIC                DATA
 0002:000005b4 00000004H .CRT$XID                DATA
 0002:000005b8 00000004H .CRT$XIY                DATA
 0002:000005bc 00000004H .CRT$XIZ                DATA
 0002:000005c0 00000004H .CRT$XPA                DATA
 0002:000005c4 00000004H .CRT$XPX                DATA
 0002:000005c8 00000004H .CRT$XPXA               DATA
 0002:000005cc 00000004H .CRT$XPZ                DATA
 0002:000005d0 00000004H .CRT$XTA                DATA
 0002:000005d4 00000004H .CRT$XTZ                DATA
 0002:000005e0 00018e88H .rdata                  DATA
 0002:00019468 00001488H .rdata$r                DATA
 0002:0001a8f0 0000036cH .rdata$sxdata           DATA
 0002:0001ac5c 00000004H .rtc$IAA                DATA
 0002:0001ac60 00000004H .rtc$IZZ                DATA
 0002:0001ac64 00000004H .rtc$TAA                DATA
 0002:0001ac68 00000004H .rtc$TZZ                DATA
 0002:0001ac70 00005decH .xdata$x                DATA
 0002:00020a5c 00000000H ATL$__a                 DATA
 0002:00020a5c 00000000H ATL$__z                 DATA
 0002:00020a5c 000000c8H .idata$2                DATA
 0002:00020b24 00000014H .idata$3                DATA
 0002:00020b38 00000568H .idata$4                DATA
 0002:000210a0 00001826H .idata$6                DATA
 0002:000228c6 00000000H .edata                  DATA
 0003:00000000 00006c3cH .data                   DATA
 0003:00006c40 0002c6e0H .bss                    DATA
 0004:00000000 00001200H .rsrc$01                DATA
 0004:00001200 000ced78H .rsrc$02                DATA

  Address         Publics by Value              Rva+Base       Lib:Object

 0000:00000000       __except_list              00000000     <absolute>
 0000:000000db       ___safe_se_handler_count   000000db     <absolute>
 0000:00000000       ___ImageBase               00400000     <linker-defined>
 0001:00000000       ?GetElevatedInstance@@YAPAUICipherShedFormatCom@@PAUHWND__@@@Z 00401000 f   FormatCom.obj
 0001:00000050       ??0Exception@CipherShed@@QAE@ABU01@@Z 00401050 f i FormatCom.obj
 0001:00000060       _IsEqualGUID               00401060 f i FormatCom.obj
 0001:000000d0       ?AddRef@CipherShedFormatCom@@UAGKXZ 004010d0 f i FormatCom.obj
 0001:000000f0       ?QueryInterface@CipherShedFormatCom@@UAGJABU_GUID@@PAPAX@Z 004010f0 f i FormatCom.obj
 0001:00000150       ?CallDriver@CipherShedFormatCom@@UAGKKPA_WPAPA_W@Z 00401150 f i FormatCom.obj
 0001:00000170       ?CopyFileA@CipherShedFormatCom@@UAGKPA_W0@Z 00401170 f i FormatCom.obj
 0001:00000190       ?DeleteFileA@CipherShedFormatCom@@UAGKPA_W@Z 00401190 f i FormatCom.obj
 0001:000001a0       ?FormatNtfs@CipherShedFormatCom@@UAGHHH@Z 004011a0 f i FormatCom.obj
 0001:000001c0       ?AnalyzeHiddenVolumeHost@CipherShedFormatCom@@UAGHJPAH_J0PA_J@Z 004011c0 f i FormatCom.obj
 0001:000001f0       ?ReadWriteFile@CipherShedFormatCom@@UAGKHHPA_WPAPA_W_KIPAK@Z 004011f0 f i FormatCom.obj
 0001:00000230       ?RegisterFilterDriver@CipherShedFormatCom@@UAGKHH@Z 00401230 f i FormatCom.obj
 0001:00000250       ?RegisterSystemFavoritesService@CipherShedFormatCom@@UAGKH@Z 00401250 f i FormatCom.obj
 0001:00000260       ?SetDriverServiceStartType@CipherShedFormatCom@@UAGKK@Z 00401260 f i FormatCom.obj
 0001:00000270       ?IsPagingFileActive@CipherShedFormatCom@@UAGHH@Z 00401270 f i FormatCom.obj
 0001:00000280       ?WriteLocalMachineRegistryDwordValue@CipherShedFormatCom@@UAGKPA_W0K@Z 00401280 f i FormatCom.obj
 0001:000002a0       ?AddRef@?$CipherShedFactory@VCipherShedFormatCom@@@@UAGKXZ 004012a0 f i FormatCom.obj
 0001:000002c0       ?QueryInterface@?$CipherShedFactory@VCipherShedFormatCom@@@@UAGJABU_GUID@@PAPAX@Z 004012c0 f i FormatCom.obj
 0001:00000320       ?LockServer@?$CipherShedFactory@VCipherShedFormatCom@@@@UAGJH@Z 00401320 f i FormatCom.obj
 0001:00000370       ?IsServerLocked@?$CipherShedFactory@VCipherShedFormatCom@@@@UAE_NXZ 00401370 f i FormatCom.obj
 0001:00000380       ?Release@CipherShedFormatCom@@UAGKXZ 00401380 f i FormatCom.obj
 0001:000003e0       ??0UserAbort@CipherShed@@QAE@ABU01@@Z 004013e0 f i FormatCom.obj
 0001:000003f0       ?Release@?$CipherShedFactory@VCipherShedFormatCom@@@@UAGKXZ 004013f0 f i FormatCom.obj
 0001:00000430       _ComServerFormat           00401430 f   FormatCom.obj
 0001:00000520       _UacFormatNtfs             00401520 f   FormatCom.obj
 0001:00000590       _UacAnalyzeHiddenVolumeHost 00401590 f   FormatCom.obj
 0001:00000610       ?CreateInstance@?$CipherShedFactory@VCipherShedFormatCom@@@@UAGJPAUIUnknown@@ABU_GUID@@PAPAX@Z 00401610 f i FormatCom.obj
 0001:000006b0       ??1bad_alloc@std@@UAE@XZ   004016b0 f i InPlace.obj
 0001:000006c0       ??_Ebad_alloc@std@@UAEPAXI@Z 004016c0 f i InPlace.obj
 0001:000006c0       ??_Gbad_alloc@std@@UAEPAXI@Z 004016c0 f i InPlace.obj
 0001:000006f0       _wmemcmp                   004016f0 f i InPlace.obj
 0001:000007d0       _FastVolumeHeaderUpdate    004017d0 f   InPlace.obj
 0001:00000b80       _ShowInPlaceEncErrMsgWAltSteps 00401b80 f   InPlace.obj
 0001:00000cb0       _SetNonSysInplaceEncUIStatus 00401cb0 f   InPlace.obj
 0001:00000cc0       _SaveNonSysInPlaceEncSettings 00401cc0 f   InPlace.obj
 0001:00000df0       _ZeroUnreadableSectors     00401df0 f   InPlace.obj
 0001:000011f0       ??$_Allocate@_W@std@@YAPA_WIPA_W@Z 004021f0 f i InPlace.obj
 0001:00001250       ??0bad_alloc@std@@QAE@ABV01@@Z 00402250 f i InPlace.obj
 0001:00001270       ?compare@?$basic_string@_WU?$char_traits@_W@std@@V?$allocator@_W@2@@std@@QBEHIIPB_WI@Z 00402270 f i InPlace.obj
 0001:000012e0       ??$copy_s@U?$char_traits@_W@std@@@_Traits_helper@std@@YAPA_WPA_WIPB_WI@Z 004022e0 f i InPlace.obj
 0001:00001310       _CheckRequirementsForNonSysInPlaceEnc 00402310 f   InPlace.obj
 0001:00001740       _EncryptPartitionInPlaceResume 00402740 f   InPlace.obj
 0001:00002350       ?erase@?$basic_string@_WU?$char_traits@_W@std@@V?$allocator@_W@2@@std@@QAEAAV12@II@Z 00403350 f i InPlace.obj
 0001:000023f0       ?_Copy@?$basic_string@_WU?$char_traits@_W@std@@V?$allocator@_W@2@@std@@IAEXII@Z 004033f0 f i InPlace.obj
 0001:00002540       ?append@?$basic_string@_WU?$char_traits@_W@std@@V?$allocator@_W@2@@std@@QAEAAV12@ABV12@II@Z 00403540 f i InPlace.obj
 0001:00002650       ?append@?$basic_string@_WU?$char_traits@_W@std@@V?$allocator@_W@2@@std@@QAEAAV12@PB_WI@Z 00403650 f i InPlace.obj
 0001:00002770       ?assign@?$basic_string@_WU?$char_traits@_W@std@@V?$allocator@_W@2@@std@@QAEAAV12@ABV12@II@Z 00403770 f i InPlace.obj
 0001:00002870       ?assign@?$basic_string@_WU?$char_traits@_W@std@@V?$allocator@_W@2@@std@@QAEAAV12@PB_WI@Z 00403870 f i InPlace.obj
 0001:00002960       ??$?H_WU?$char_traits@_W@std@@V?$allocator@_W@1@@std@@YA?AV?$basic_string@_WU?$char_traits@_W@std@@V?$allocator@_W@2@@0@ABV10@PB_W@Z 00403960 f i InPlace.obj
 0001:00002a30       ??$?H_WU?$char_traits@_W@std@@V?$allocator@_W@1@@std@@YA?AV?$basic_string@_WU?$char_traits@_W@std@@V?$allocator@_W@2@@0@ABV10@0@Z 00403a30 f i InPlace.obj
 0001:00002ae0       ??0?$basic_string@_WU?$char_traits@_W@std@@V?$allocator@_W@2@@std@@QAE@PB_W@Z 00403ae0 f i InPlace.obj
 0001:00002b20       ??$?H_WU?$char_traits@_W@std@@V?$allocator@_W@1@@std@@YA?AV?$basic_string@_WU?$char_traits@_W@std@@V?$allocator@_W@2@@0@PB_WABV10@@Z 00403b20 f i InPlace.obj
 0001:00003270       _MoveClustersBeforeThreshold 00404270 f   InPlace.obj
 0001:00003330       _EncryptPartitionInPlaceBegin 00404330 f   InPlace.obj
 0001:00003a70       ?swprintf@@YAHPA_WPB_WZZ   00404a70 f i Tcformat.obj
 0001:00003a90       ??3@YAXPAX0@Z              00404a90 f i Tcformat.obj
 0001:00003aa0       ?_Incref@facet@locale@std@@QAEXXZ 00404aa0 f i Tcformat.obj
 0001:00003ad0       ?_Decref@facet@locale@std@@QAEPAV123@XZ 00404ad0 f i Tcformat.obj
 0001:00003b10       ??1facet@locale@std@@UAE@XZ 00404b10 f i Tcformat.obj
 0001:00003b20       ??1locale@std@@QAE@XZ      00404b20 f i Tcformat.obj
 0001:00003b70       ??_G?$num_put@DV?$ostreambuf_iterator@DU?$char_traits@D@std@@@std@@@std@@MAEPAXI@Z 00404b70 f i BootEncryption.obj
 0001:00003b70       ??_G?$num_put@_WV?$ostreambuf_iterator@_WU?$char_traits@_W@std@@@std@@@std@@MAEPAXI@Z 00404b70 f i Tcformat.obj
 0001:00003b70       ??_Gfacet@locale@std@@UAEPAXI@Z 00404b70 f i Tcformat.obj
 0001:00003b70       ??_E?$num_put@_WV?$ostreambuf_iterator@_WU?$char_traits@_W@std@@@std@@@std@@MAEPAXI@Z 00404b70 f i Tcformat.obj
 0001:00003b70       ??_E?$num_put@DV?$ostreambuf_iterator@DU?$char_traits@D@std@@@std@@@std@@MAEPAXI@Z 00404b70 f i BootEncryption.obj
 0001:00003b70       ??_Efacet@locale@std@@UAEPAXI@Z 00404b70 f i Tcformat.obj
 0001:00003b90       ?getloc@ios_base@std@@QBE?AVlocale@2@XZ 00404b90 f i Tcformat.obj
 0001:00003bd0       ??1Container@ForEach@CipherShed@@UAE@XZ 00404bd0 f i Tcformat.obj
 0001:00003be0       ??_EContainer@ForEach@CipherShed@@UAEPAXI@Z 00404be0 f i Tcformat.obj
 0001:00003be0       ??_GContainer@ForEach@CipherShed@@UAEPAXI@Z 00404be0 f i Tcformat.obj
 0001:00003c00       _ConvertUTF16toUTF8s       00404c00 f i Tcformat.obj
 0001:00004680       _ComboSelChangeEA          00405680 f   Tcformat.obj
 0001:00005690       _ShowNonSysInPlaceEncUIStatus 00406690 f   Tcformat.obj
 0001:000058b0       _DisplayRandPool           004068b0 f   Tcformat.obj
 0001:00005e40       _PrintFreeSpace            00406e40 f   Tcformat.obj
 0001:00006060       _DisplaySizingErrorText    00407060 f   Tcformat.obj
 0001:00006110       _EnableDisableFileNext     00407110 f   Tcformat.obj
 0001:00006160       _IsSparseFile              00407160 f   Tcformat.obj
 0001:00006220       _GetFileVolSize            00407220 f   Tcformat.obj
 0001:00006980       _HandleOldAssignedDriveLetter 00407980 f   Tcformat.obj
 0001:00006a50       _DetermineMaxHiddenVolSize 00407a50 f   Tcformat.obj
 0001:00006c10       _MountHiddenVolHost        00407c10 f   Tcformat.obj
 0001:00006d00       _ScanVolClusterBitmap      00407d00 f   Tcformat.obj
 0001:00006fa0       ??1?$basic_ios@DU?$char_traits@D@std@@@std@@UAE@XZ 00407fa0 f i BootEncryption.obj
 0001:00006fa0       ??1?$basic_ios@_WU?$char_traits@_W@std@@@std@@UAE@XZ 00407fa0 f i Tcformat.obj
 0001:00006fb0       ??1?$basic_istream@_WU?$char_traits@_W@std@@@std@@UAE@XZ 00407fb0 f i Tcformat.obj
 0001:00006fc0       ??A?$vector@UHostDevice@@V?$allocator@UHostDevice@@@std@@@std@@QAEAAUHostDevice@@I@Z 00407fc0 f i Tcformat.obj
 0001:00007000       ??D?$_Vector_const_iterator@UHostDevice@@V?$allocator@UHostDevice@@@std@@@std@@QBEABUHostDevice@@XZ 00408000 f i Tcformat.obj
 0001:00007030       ??1?$basic_iostream@_WU?$char_traits@_W@std@@@std@@UAE@XZ 00408030 f i Tcformat.obj
 0001:00007060       ??_Glocale@std@@QAEPAXI@Z  00408060 f i Tcformat.obj
 0001:000070d0       ?_Myptr@?$basic_string@DU?$char_traits@D@std@@V?$allocator@D@2@@std@@IBEPBDXZ 004080d0 f i Tcformat.obj
 0001:000070e0       ?setg@?$basic_streambuf@_WU?$char_traits@_W@std@@@std@@IAEXPA_W00@Z 004080e0 f i Tcformat.obj
 0001:00007110       ?setp@?$basic_streambuf@_WU?$char_traits@_W@std@@@std@@IAEXPA_W00@Z 00408110 f i Tcformat.obj
 0001:00007140       ?_Tidy@?$basic_stringbuf@DU?$char_traits@D@std@@V?$allocator@D@2@@std@@IAEXXZ 00408140 f i BootEncryption.obj
 0001:00007140       ?_Tidy@?$basic_stringbuf@_WU?$char_traits@_W@std@@V?$allocator@_W@2@@std@@IAEXXZ 00408140 f i Tcformat.obj
 0001:000071a0       ??1_Sentry_base@?$basic_ostream@_WU?$char_traits@_W@std@@@std@@QAE@XZ 004081a0 f i Tcformat.obj
 0001:000071a0       ??1_Sentry_base@?$basic_ostream@DU?$char_traits@D@std@@@std@@QAE@XZ 004081a0 f i BootEncryption.obj
 0001:000071c0       ??$_Allocate@UHostDevice@@@std@@YAPAUHostDevice@@IPAU1@@Z 004081c0 f i Tcformat.obj
 0001:00007220       ??$_Allocate@D@std@@YAPADIPAD@Z 00408220 f i Tcformat.obj
 0001:00007220       ??$_Allocate@E@std@@YAPAEIPAE@Z 00408220 f i Dlgcode.obj
 0001:00007280       ??$_Copy_opt@PAUHostDevice@@PAU1@Uforward_iterator_tag@std@@@std@@YAPAUHostDevice@@PAU1@00Uforward_iterator_tag@0@U_Nonscalar_ptr_iterator_tag@0@U_Range_checked_iterator_tag@0@@Z 00408280 f i Tcformat.obj
 0001:000072c0       ??0?$ctype@_W@std@@QAE@ABV_Locinfo@1@I@Z 004082c0 f i Tcformat.obj
 0001:00007310       ?do_is@?$ctype@_W@std@@MBE_NF_W@Z 00408310 f i Tcformat.obj
 0001:00007340       ?do_is@?$ctype@_W@std@@MBEPB_WPB_W0PAF@Z 00408340 f i Tcformat.obj
 0001:00007360       ?do_scan_is@?$ctype@_W@std@@MBEPB_WFPB_W0@Z 00408360 f i Tcformat.obj
 0001:000073a0       ?do_scan_not@?$ctype@_W@std@@MBEPB_WFPB_W0@Z 004083a0 f i Tcformat.obj
 0001:000073e0       ?do_tolower@?$ctype@_W@std@@MBE_W_W@Z 004083e0 f i Tcformat.obj
 0001:00007400       ?do_tolower@?$ctype@_W@std@@MBEPB_WPA_WPB_W@Z 00408400 f i Tcformat.obj
 0001:00007440       ?do_toupper@?$ctype@_W@std@@MBE_W_W@Z 00408440 f i Tcformat.obj
 0001:00007460       ?do_toupper@?$ctype@_W@std@@MBEPB_WPA_WPB_W@Z 00408460 f i Tcformat.obj
 0001:000074a0       ?do_widen@?$ctype@_W@std@@MBE_WD@Z 004084a0 f i Tcformat.obj
 0001:000074f0       ?do_widen@?$ctype@_W@std@@MBEPBDPBD0PA_W@Z 004084f0 f i Tcformat.obj
 0001:00007520       ?_Do_widen_s@?$ctype@_W@std@@MBEPBDPBD0PA_WI@Z 00408520 f i Tcformat.obj
 0001:000075a0       ?do_narrow@?$ctype@_W@std@@MBED_WD@Z 004085a0 f i Tcformat.obj
 0001:000075f0       ?do_narrow@?$ctype@_W@std@@MBEPB_WPB_W0DPAD@Z 004085f0 f i Tcformat.obj
 0001:00007620       ?_Do_narrow_s@?$ctype@_W@std@@MBEPB_WPB_W0DPADI@Z 00408620 f i Tcformat.obj
 0001:000076b0       ??_G?$ctype@_W@std@@MAEPAXI@Z 004086b0 f i Tcformat.obj
 0001:000076b0       ??_E?$ctype@_W@std@@MAEPAXI@Z 004086b0 f i Tcformat.obj
 0001:00008630       _QueryFreeSpace            00409630 f   Tcformat.obj
 0001:000089d0       _AnalyzeHiddenVolumeHost   004099d0 f   Tcformat.obj
 0001:00008ea0       ??1?$basic_streambuf@_WU?$char_traits@_W@std@@@std@@UAE@XZ 00409ea0 f i Tcformat.obj
 0001:00008f10       ?overflow@?$basic_streambuf@_WU?$char_traits@_W@std@@@std@@MAEGG@Z 00409f10 f i Tcformat.obj
 0001:00008f10       ?pbackfail@?$basic_streambuf@_WU?$char_traits@_W@std@@@std@@MAEGG@Z 00409f10 f i Tcformat.obj
 0001:00008f20       ?underflow@?$basic_streambuf@_WU?$char_traits@_W@std@@@std@@MAEGXZ 00409f20 f i Tcformat.obj
 0001:00008f30       ?xsgetn@?$basic_streambuf@DU?$char_traits@D@std@@@std@@MAEHPADH@Z 00409f30 f i BootEncryption.obj
 0001:00008f30       ?xsgetn@?$basic_streambuf@_WU?$char_traits@_W@std@@@std@@MAEHPA_WH@Z 00409f30 f i Tcformat.obj
 0001:00008f50       ?setbuf@?$basic_streambuf@_WU?$char_traits@_W@std@@@std@@MAEPAV12@PA_WH@Z 00409f50 f i Tcformat.obj
 0001:00008f50       ?setbuf@?$basic_streambuf@DU?$char_traits@D@std@@@std@@MAEPAV12@PADH@Z 00409f50 f i BootEncryption.obj
 0001:00008f60       ?uflow@?$basic_streambuf@_WU?$char_traits@_W@std@@@std@@MAEGXZ 00409f60 f i Tcformat.obj
 0001:00008f90       ?pbackfail@?$basic_stringbuf@_WU?$char_traits@_W@std@@V?$allocator@_W@2@@std@@MAEGG@Z 00409f90 f i Tcformat.obj
 0001:00008ff0       ?underflow@?$basic_stringbuf@_WU?$char_traits@_W@std@@V?$allocator@_W@2@@std@@MAEGXZ 00409ff0 f i Tcformat.obj
 0001:00009060       ?seekoff@?$basic_stringbuf@_WU?$char_traits@_W@std@@V?$allocator@_W@2@@std@@MAE?AV?$fpos@H@2@JHH@Z 0040a060 f i Tcformat.obj
 0001:000091d0       ?seekpos@?$basic_stringbuf@_WU?$char_traits@_W@std@@V?$allocator@_W@2@@std@@MAE?AV?$fpos@H@2@V32@H@Z 0040a1d0 f i Tcformat.obj
 0001:000092b0       ??_E?$basic_ostream@_WU?$char_traits@_W@std@@@std@@UAEPAXI@Z 0040a2b0 f i Tcformat.obj
 0001:000092b0       ??_G?$basic_ostream@_WU?$char_traits@_W@std@@@std@@UAEPAXI@Z 0040a2b0 f i Tcformat.obj
 0001:000092f0       ??_E?$basic_istream@_WU?$char_traits@_W@std@@@std@@UAEPAXI@Z 0040a2f0 f i Tcformat.obj
 0001:000092f0       ??_G?$basic_istream@_WU?$char_traits@_W@std@@@std@@UAEPAXI@Z 0040a2f0 f i Tcformat.obj
 0001:00009330       ??_E?$basic_streambuf@_WU?$char_traits@_W@std@@@std@@UAEPAXI@Z 0040a330 f i Tcformat.obj
 0001:00009330       ??_G?$basic_streambuf@_WU?$char_traits@_W@std@@@std@@UAEPAXI@Z 0040a330 f i Tcformat.obj
 0001:00009350       ??_E?$basic_iostream@_WU?$char_traits@_W@std@@@std@@UAEPAXI@Z 0040a350 f i Tcformat.obj
 0001:00009350       ??_G?$basic_iostream@_WU?$char_traits@_W@std@@@std@@UAEPAXI@Z 0040a350 f i Tcformat.obj
 0001:000093b0       ??_G?$basic_stringbuf@_WU?$char_traits@_W@std@@V?$allocator@_W@2@@std@@UAEPAXI@Z 0040a3b0 f i Tcformat.obj
 0001:000093b0       ??_E?$basic_stringbuf@_WU?$char_traits@_W@std@@V?$allocator@_W@2@@std@@UAEPAXI@Z 0040a3b0 f i Tcformat.obj
 0001:000093e0       ??0?$basic_streambuf@_WU?$char_traits@_W@std@@@std@@IAE@XZ 0040a3e0 f i Tcformat.obj
 0001:00009490       ??$copy_s@U?$char_traits@D@std@@@_Traits_helper@std@@YAPADPADIPBDI@Z 0040a490 f i Tcformat.obj
 0001:000094c0       ??$_Maklocstr@_W@std@@YAPA_WPBDPA_WABU_Cvtvec@@@Z 0040a4c0 f i Tcformat.obj
 0001:00009580       ?_Tidy@?$numpunct@_W@std@@AAEXXZ 0040a580 f i Tcformat.obj
 0001:00009580       ?_Tidy@?$numpunct@D@std@@AAEXXZ 0040a580 f i BootEncryption.obj
 0001:000095b0       ?_Chassign@?$basic_string@DU?$char_traits@D@std@@V?$allocator@D@2@@std@@IAEXIID@Z 0040a5b0 f i Tcformat.obj
 0001:00009610       ??$_Maklocstr@D@std@@YAPADPBDPADABU_Cvtvec@@@Z 0040a610 f i Tcformat.obj
 0001:00009650       ?_Init@?$numpunct@_W@std@@IAEXABV_Locinfo@2@_N@Z 0040a650 f i Tcformat.obj
 0001:00009850       ??$_Copy_opt@PAUHostDevice@@PAU1@@std@@YAPAUHostDevice@@PAU1@00Urandom_access_iterator_tag@0@U_Nonscalar_ptr_iterator_tag@0@U_Range_checked_iterator_tag@0@@Z 0040a850 f i Tcformat.obj
 0001:00009d70       _UpdateNonSysInPlaceEncControls 0040ad70 f   Tcformat.obj
 0001:0000a1c0       ?_Xsgetn_s@?$basic_streambuf@_WU?$char_traits@_W@std@@@std@@MAEHPA_WIH@Z 0040b1c0 f i Tcformat.obj
 0001:0000a270       ?xsputn@?$basic_streambuf@_WU?$char_traits@_W@std@@@std@@MAEHPB_WH@Z 0040b270 f i Tcformat.obj
 0001:0000a320       ??1?$basic_stringstream@_WU?$char_traits@_W@std@@V?$allocator@_W@2@@std@@UAE@XZ 0040b320 f i Tcformat.obj
 0001:0000a3b0       ?overflow@?$basic_stringbuf@_WU?$char_traits@_W@std@@V?$allocator@_W@2@@std@@MAEGG@Z 0040b3b0 f i Tcformat.obj
 0001:0000a5a0       ?_Tidy@?$basic_string@DU?$char_traits@D@std@@V?$allocator@D@2@@std@@IAEX_NI@Z 0040b5a0 f i Tcformat.obj
 0001:0000a5f0       ?erase@?$basic_string@DU?$char_traits@D@std@@V?$allocator@D@2@@std@@QAEAAV12@II@Z 0040b5f0 f i Tcformat.obj
 0001:0000a680       ?_Put@?$num_put@_WV?$ostreambuf_iterator@_WU?$char_traits@_W@std@@@std@@@std@@ABA?AV?$ostreambuf_iterator@_WU?$char_traits@_W@std@@@2@V32@PB_WI@Z 0040b680 f i Tcformat.obj
 0001:0000a700       ?_Rep@?$num_put@_WV?$ostreambuf_iterator@_WU?$char_traits@_W@std@@@std@@@std@@ABA?AV?$ostreambuf_iterator@_WU?$char_traits@_W@std@@@2@V32@_WI@Z 0040b700 f i Tcformat.obj
 0001:0000a770       ?_Copy@?$basic_string@DU?$char_traits@D@std@@V?$allocator@D@2@@std@@IAEXII@Z 0040b770 f i Tcformat.obj
 0001:0000a8b0       ?_Putc@?$num_put@_WV?$ostreambuf_iterator@_WU?$char_traits@_W@std@@@std@@@std@@ABA?AV?$ostreambuf_iterator@_WU?$char_traits@_W@std@@@2@V32@PBDI@Z 0040b8b0 f i Tcformat.obj
 0001:0000a990       ?_Putgrouped@?$num_put@_WV?$ostreambuf_iterator@_WU?$char_traits@_W@std@@@std@@@std@@ABA?AV?$ostreambuf_iterator@_WU?$char_traits@_W@std@@@2@V32@PBDI_W@Z 0040b990 f i Tcformat.obj
 0001:0000aa30       ??$unchecked_copy@PAUHostDevice@@PAU1@@stdext@@YAPAUHostDevice@@PAU1@00@Z 0040ba30 f i Tcformat.obj
 0001:0000aa60       ??0?$numpunct@_W@std@@QAE@ABV_Locinfo@1@I_N@Z 0040ba60 f i Tcformat.obj
 0001:0000aad0       ?do_decimal_point@?$numpunct@_W@std@@MBE_WXZ 0040bad0 f i Tcformat.obj
 0001:0000aae0       ?do_thousands_sep@?$numpunct@_W@std@@MBE_WXZ 0040bae0 f i Tcformat.obj
 0001:0000aaf0       ??_E?$numpunct@_W@std@@MAEPAXI@Z 0040baf0 f i Tcformat.obj
 0001:0000aaf0       ??_G?$numpunct@_W@std@@MAEPAXI@Z 0040baf0 f i Tcformat.obj
 0001:0000abe0       ??_D?$basic_stringstream@_WU?$char_traits@_W@std@@V?$allocator@_W@2@@std@@QAEXXZ 0040bbe0 f i Tcformat.obj
 0001:0000ac00       ??1?$pair@$$CBV?$basic_string@DU?$char_traits@D@std@@V?$allocator@D@2@@std@@PAX@std@@QAE@XZ 0040bc00 f i Dictionary.obj
 0001:0000ac00       ??1?$basic_string@DU?$char_traits@D@std@@V?$allocator@D@2@@std@@QAE@XZ 0040bc00 f i Tcformat.obj
 0001:0000ac30       ??1?$vector@UHostDevice@@V?$allocator@UHostDevice@@@std@@@std@@QAE@XZ 0040bc30 f i Tcformat.obj
 0001:0000ac90       ??_E?$basic_stringstream@_WU?$char_traits@_W@std@@V?$allocator@_W@2@@std@@UAEPAXI@Z 0040bc90 f i Tcformat.obj
 0001:0000ac90       ??_G?$basic_stringstream@_WU?$char_traits@_W@std@@V?$allocator@_W@2@@std@@UAEPAXI@Z 0040bc90 f i Tcformat.obj
 0001:0000acd0       ??0?$basic_stringbuf@_WU?$char_traits@_W@std@@V?$allocator@_W@2@@std@@QAE@H@Z 0040bcd0 f i Tcformat.obj
 0001:0000ad50       ?falsename@?$numpunct@D@std@@QBE?AV?$basic_string@DU?$char_traits@D@std@@V?$allocator@D@2@@2@XZ 0040bd50 f i BootEncryption.obj
 0001:0000ad50       ?falsename@?$numpunct@_W@std@@QBE?AV?$basic_string@_WU?$char_traits@_W@std@@V?$allocator@_W@2@@2@XZ 0040bd50 f i Tcformat.obj
 0001:0000ad70       ?truename@?$numpunct@D@std@@QBE?AV?$basic_string@DU?$char_traits@D@std@@V?$allocator@D@2@@2@XZ 0040bd70 f i BootEncryption.obj
 0001:0000ad70       ?truename@?$numpunct@_W@std@@QBE?AV?$basic_string@_WU?$char_traits@_W@std@@V?$allocator@_W@2@@2@XZ 0040bd70 f i Tcformat.obj
 0001:0000ad90       ?append@?$basic_string@DU?$char_traits@D@std@@V?$allocator@D@2@@std@@QAEAAV12@ID@Z 0040bd90 f i Tcformat.obj
 0001:0000ae40       ?insert@?$basic_string@DU?$char_traits@D@std@@V?$allocator@D@2@@std@@QAEAAV12@IID@Z 0040be40 f i Tcformat.obj
 0001:0000af40       ?grouping@?$numpunct@_W@std@@QBE?AV?$basic_string@DU?$char_traits@D@std@@V?$allocator@D@2@@2@XZ 0040bf40 f i Tcformat.obj
 0001:0000af40       ?grouping@?$numpunct@D@std@@QBE?AV?$basic_string@DU?$char_traits@D@std@@V?$allocator@D@2@@2@XZ 0040bf40 f i BootEncryption.obj
 0001:0000af60       ?append@?$basic_string@DU?$char_traits@D@std@@V?$allocator@D@2@@std@@QAEAAV12@ABV12@II@Z 0040bf60 f i Tcformat.obj
 0001:0000b060       ?what@logic_error@std@@UBEPBDXZ 0040c060 f i Tcformat.obj
 0001:0000b060       ?what@runtime_error@std@@UBEPBDXZ 0040c060 f i Tcformat.obj
 0001:0000b070       ??0_Locinfo@std@@QAE@ABV?$basic_string@DU?$char_traits@D@std@@V?$allocator@D@2@@1@@Z 0040c070 f i Tcformat.obj
 0001:0000b100       ??1_Locinfo@std@@QAE@XZ    0040c100 f i Tcformat.obj
 0001:0000b1e0       ??1HostDevice@@QAE@XZ      0040c1e0 f i Tcformat.obj
 0001:0000b290       ??1Partition@CipherShed@@QAE@XZ 0040c290 f i Tcformat.obj
 0001:0000b3e0       ??1?$ContainerForward@V?$vector@UHostDevice@@V?$allocator@UHostDevice@@@std@@@std@@@ForEach@CipherShed@@UAE@XZ 0040c3e0 f i Tcformat.obj
 0001:0000b430       ?assign@?$basic_string@DU?$char_traits@D@std@@V?$allocator@D@2@@std@@QAEAAV12@ABV12@II@Z 0040c430 f i Tcformat.obj
 0001:0000b510       ?assign@?$basic_string@DU?$char_traits@D@std@@V?$allocator@D@2@@std@@QAEAAV12@PBDI@Z 0040c510 f i Tcformat.obj
 0001:0000b5f0       ?append@?$basic_string@DU?$char_traits@D@std@@V?$allocator@D@2@@std@@QAEAAV12@PBDI@Z 0040c5f0 f i Tcformat.obj
 0001:0000b700       ??0?$basic_string@DU?$char_traits@D@std@@V?$allocator@D@2@@std@@QAE@ABV01@@Z 0040c700 f i Tcformat.obj
 0001:0000b730       ??$?HDU?$char_traits@D@std@@V?$allocator@D@1@@std@@YA?AV?$basic_string@DU?$char_traits@D@std@@V?$allocator@D@2@@0@ABV10@0@Z 0040c730 f i Tcformat.obj
 0001:0000b7e0       ??0logic_error@std@@QAE@ABV?$basic_string@DU?$char_traits@D@std@@V?$allocator@D@2@@1@@Z 0040c7e0 f i Tcformat.obj
 0001:0000b850       ??0length_error@std@@QAE@ABV?$basic_string@DU?$char_traits@D@std@@V?$allocator@D@2@@1@@Z 0040c850 f i Tcformat.obj
 0001:0000b870       ??1length_error@std@@UAE@XZ 0040c870 f i Tcformat.obj
 0001:0000b870       ??1out_of_range@std@@UAE@XZ 0040c870 f i Dictionary.obj
 0001:0000b8b0       ??_Elogic_error@std@@UAEPAXI@Z 0040c8b0 f i Tcformat.obj
 0001:0000b8b0       ??_Gout_of_range@std@@UAEPAXI@Z 0040c8b0 f i Dictionary.obj
 0001:0000b8b0       ??_Elength_error@std@@UAEPAXI@Z 0040c8b0 f i Tcformat.obj
 0001:0000b8b0       ??_Glength_error@std@@UAEPAXI@Z 0040c8b0 f i Tcformat.obj
 0001:0000b8b0       ??_Glogic_error@std@@UAEPAXI@Z 0040c8b0 f i Tcformat.obj
 0001:0000b8b0       ??_Eout_of_range@std@@UAEPAXI@Z 0040c8b0 f i Dictionary.obj
 0001:0000b900       ??0runtime_error@std@@QAE@ABV?$basic_string@DU?$char_traits@D@std@@V?$allocator@D@2@@1@@Z 0040c900 f i Tcformat.obj
 0001:0000b970       ?name@locale@std@@QBE?AV?$basic_string@DU?$char_traits@D@std@@V?$allocator@D@2@@2@XZ 0040c970 f i Tcformat.obj
 0001:0000b9a0       ?_Getcat@?$ctype@_W@std@@SAIPAPBVfacet@locale@2@PBV42@@Z 0040c9a0 f i Tcformat.obj
 0001:0000baa0       ??1failure@ios_base@std@@UAE@XZ 0040caa0 f i Tcformat.obj
 0001:0000bae0       ??_Gruntime_error@std@@UAEPAXI@Z 0040cae0 f i Tcformat.obj
 0001:0000bae0       ??_Efailure@ios_base@std@@UAEPAXI@Z 0040cae0 f i Tcformat.obj
 0001:0000bae0       ??_Eruntime_error@std@@UAEPAXI@Z 0040cae0 f i Tcformat.obj
 0001:0000bae0       ??_Gfailure@ios_base@std@@UAEPAXI@Z 0040cae0 f i Tcformat.obj
 0001:0000bb30       ??0?$basic_string@DU?$char_traits@D@std@@V?$allocator@D@2@@std@@QAE@PBD@Z 0040cb30 f i Tcformat.obj
 0001:0000bb70       ?str@?$basic_stringbuf@_WU?$char_traits@_W@std@@V?$allocator@_W@2@@std@@QBE?AV?$basic_string@_WU?$char_traits@_W@std@@V?$allocator@_W@2@@2@XZ 0040cb70 f i Tcformat.obj
 0001:0000bce0       ??0logic_error@std@@QAE@ABV01@@Z 0040cce0 f i Tcformat.obj
 0001:0000bd60       ?do_falsename@?$numpunct@_W@std@@MBE?AV?$basic_string@_WU?$char_traits@_W@std@@V?$allocator@_W@2@@2@XZ 0040cd60 f i Tcformat.obj
 0001:0000bdb0       ?do_truename@?$numpunct@_W@std@@MBE?AV?$basic_string@_WU?$char_traits@_W@std@@V?$allocator@_W@2@@2@XZ 0040cdb0 f i Tcformat.obj
 0001:0000be00       ??0length_error@std@@QAE@ABV01@@Z 0040ce00 f i Tcformat.obj
 0001:0000be20       ??$use_facet@V?$ctype@_W@std@@@std@@YAABV?$ctype@_W@0@ABVlocale@0@@Z 0040ce20 f i Tcformat.obj
 0001:0000bf70       ?_Getcat@?$num_put@_WV?$ostreambuf_iterator@_WU?$char_traits@_W@std@@@std@@@std@@SAIPAPBVfacet@locale@2@PBV42@@Z 0040cf70 f i Tcformat.obj
 0001:0000c080       ?_Getcat@?$numpunct@_W@std@@SAIPAPBVfacet@locale@2@PBV42@@Z 0040d080 f i Tcformat.obj
 0001:0000c190       ?clear@ios_base@std@@QAEXH_N@Z 0040d190 f i Tcformat.obj
 0001:0000c2c0       ??0runtime_error@std@@QAE@ABV01@@Z 0040d2c0 f i Tcformat.obj
 0001:0000c340       ??0failure@ios_base@std@@QAE@ABV012@@Z 0040d340 f i Tcformat.obj
 0001:0000c360       ?_Init@ios_base@std@@IAEXXZ 0040d360 f i Tcformat.obj
 0001:0000c680       _ExtractCommandLine        0040d680 f   Tcformat.obj
 0001:0000d180       ?str@?$basic_stringstream@_WU?$char_traits@_W@std@@V?$allocator@_W@2@@std@@QBE?AV?$basic_string@_WU?$char_traits@_W@std@@V?$allocator@_W@2@@2@XZ 0040e180 f i Tcformat.obj
 0001:0000d1a0       ?_Buy@?$vector@UHostDevice@@V?$allocator@UHostDevice@@@std@@@std@@IAE_NI@Z 0040e1a0 f i Tcformat.obj
 0001:0000d1f0       ?widen@?$basic_ios@_WU?$char_traits@_W@std@@@std@@QBE_WD@Z 0040e1f0 f i Tcformat.obj
 0001:0000d2b0       ??$use_facet@V?$num_put@_WV?$ostreambuf_iterator@_WU?$char_traits@_W@std@@@std@@@std@@@std@@YAABV?$num_put@_WV?$ostreambuf_iterator@_WU?$char_traits@_W@std@@@std@@@0@ABVlocale@0@@Z 0040e2b0 f i Tcformat.obj
 0001:0000d400       ??$use_facet@V?$numpunct@_W@std@@@std@@YAABV?$numpunct@_W@0@ABVlocale@0@@Z 0040e400 f i Tcformat.obj
 0001:0000d550       _DisplayPortionsOfKeys     0040e550 f   Tcformat.obj
 0001:0000d770       ?do_put@?$num_put@_WV?$ostreambuf_iterator@_WU?$char_traits@_W@std@@@std@@@std@@MBE?AV?$ostreambuf_iterator@_WU?$char_traits@_W@std@@@2@V32@AAVios_base@2@_W_N@Z 0040e770 f i Tcformat.obj
 0001:0000d990       ?clear@?$list@UPartition@CipherShed@@V?$allocator@UPartition@CipherShed@@@std@@@std@@QAEXXZ 0040e990 f i Tcformat.obj
 0001:0000d9d0       ?_Fput@?$num_put@_WV?$ostreambuf_iterator@_WU?$char_traits@_W@std@@@std@@@std@@ABA?AV?$ostreambuf_iterator@_WU?$char_traits@_W@std@@@2@V32@AAVios_base@2@_WPBDIIII@Z 0040e9d0 f i Tcformat.obj
 0001:0000e0b0       ?_Iput@?$num_put@_WV?$ostreambuf_iterator@_WU?$char_traits@_W@std@@@std@@@std@@ABA?AV?$ostreambuf_iterator@_WU?$char_traits@_W@std@@@2@V32@AAVios_base@2@_WPADI@Z 0040f0b0 f i Tcformat.obj
 0001:0000e3a0       ?_Tidy@?$list@UPartition@CipherShed@@V?$allocator@UPartition@CipherShed@@@std@@@std@@IAEXXZ 0040f3a0 f i Tcformat.obj
 0001:0000e3c0       ?do_put@?$num_put@_WV?$ostreambuf_iterator@_WU?$char_traits@_W@std@@@std@@@std@@MBE?AV?$ostreambuf_iterator@_WU?$char_traits@_W@std@@@2@V32@AAVios_base@2@_WJ@Z 0040f3c0 f i Tcformat.obj
 0001:0000e440       ?do_put@?$num_put@_WV?$ostreambuf_iterator@_WU?$char_traits@_W@std@@@std@@@std@@MBE?AV?$ostreambuf_iterator@_WU?$char_traits@_W@std@@@2@V32@AAVios_base@2@_WK@Z 0040f440 f i Tcformat.obj
 0001:0000e4c0       ?do_put@?$num_put@_WV?$ostreambuf_iterator@_WU?$char_traits@_W@std@@@std@@@std@@MBE?AV?$ostreambuf_iterator@_WU?$char_traits@_W@std@@@2@V32@AAVios_base@2@_W_J@Z 0040f4c0 f i Tcformat.obj
 0001:0000e550       ?do_put@?$num_put@_WV?$ostreambuf_iterator@_WU?$char_traits@_W@std@@@std@@@std@@MBE?AV?$ostreambuf_iterator@_WU?$char_traits@_W@std@@@2@V32@AAVios_base@2@_W_K@Z 0040f550 f i Tcformat.obj
 0001:0000e5e0       ?do_put@?$num_put@_WV?$ostreambuf_iterator@_WU?$char_traits@_W@std@@@std@@@std@@MBE?AV?$ostreambuf_iterator@_WU?$char_traits@_W@std@@@2@V32@AAVios_base@2@_WN@Z 0040f5e0 f i Tcformat.obj
 0001:0000e7d0       ?do_put@?$num_put@_WV?$ostreambuf_iterator@_WU?$char_traits@_W@std@@@std@@@std@@MBE?AV?$ostreambuf_iterator@_WU?$char_traits@_W@std@@@2@V32@AAVios_base@2@_WO@Z 0040f7d0 f i Tcformat.obj
 0001:0000e9b0       ?do_put@?$num_put@_WV?$ostreambuf_iterator@_WU?$char_traits@_W@std@@@std@@@std@@MBE?AV?$ostreambuf_iterator@_WU?$char_traits@_W@std@@@2@V32@AAVios_base@2@_WPBX@Z 0040f9b0 f i Tcformat.obj
 0001:0000ea20       ?_Osfx@?$basic_ostream@DU?$char_traits@D@std@@@std@@QAEXXZ 0040fa20 f i BootEncryption.obj
 0001:0000ea20       ?_Osfx@?$basic_ostream@_WU?$char_traits@_W@std@@@std@@QAEXXZ 0040fa20 f i Tcformat.obj
 0001:0000ea80       ?_Destroy@?$vector@UHostDevice@@V?$allocator@UHostDevice@@@std@@@std@@IAEXPAUHostDevice@@0@Z 0040fa80 f i Tcformat.obj
 0001:0000eab0       ??1?$list@UPartition@CipherShed@@V?$allocator@UPartition@CipherShed@@@std@@@std@@QAE@XZ 0040fab0 f i Tcformat.obj
 0001:0000eae0       ?erase@?$vector@UHostDevice@@V?$allocator@UHostDevice@@@std@@@std@@QAE?AV?$_Vector_iterator@UHostDevice@@V?$allocator@UHostDevice@@@std@@@2@V?$_Vector_const_iterator@UHostDevice@@V?$allocator@UHostDevice@@@std@@@2@0@Z 0040fae0 f i Tcformat.obj
 0001:0000eba0       ?_Tidy@?$vector@UHostDevice@@V?$allocator@UHostDevice@@@std@@@std@@IAEXXZ 0040fba0 f i Tcformat.obj
 0001:0000ebf0       ??0?$basic_iostream@_WU?$char_traits@_W@std@@@std@@QAE@PAV?$basic_streambuf@_WU?$char_traits@_W@std@@@1@@Z 0040fbf0 f i Tcformat.obj
 0001:0000ecd0       ??0?$vector@UHostDevice@@V?$allocator@UHostDevice@@@std@@@std@@QAE@ABV01@@Z 0040fcd0 f i Tcformat.obj
 0001:0000ede0       ??$?6_WU?$char_traits@_W@std@@@std@@YAAAV?$basic_ostream@_WU?$char_traits@_W@std@@@0@AAV10@PB_W@Z 0040fde0 f i Tcformat.obj
 0001:0000f000       ??0?$ContainerForward@V?$vector@UHostDevice@@V?$allocator@UHostDevice@@@std@@@std@@@ForEach@CipherShed@@QAE@ABV?$vector@UHostDevice@@V?$allocator@UHostDevice@@@std@@@std@@@Z 00410000 f i Tcformat.obj
 0001:0000f0a0       ?Next@?$ContainerForward@V?$vector@UHostDevice@@V?$allocator@UHostDevice@@@std@@@std@@@ForEach@CipherShed@@UBEXXZ 004100a0 f i Tcformat.obj
 0001:0000f0e0       ??_G?$ContainerForward@V?$vector@UHostDevice@@V?$allocator@UHostDevice@@@std@@@std@@@ForEach@CipherShed@@UAEPAXI@Z 004100e0 f i Tcformat.obj
 0001:0000f0e0       ??_E?$ContainerForward@V?$vector@UHostDevice@@V?$allocator@UHostDevice@@@std@@@std@@@ForEach@CipherShed@@UAEPAXI@Z 004100e0 f i Tcformat.obj
 0001:0000f100       ??1SystemDriveConfiguration@CipherShed@@QAE@XZ 00410100 f i Tcformat.obj
 0001:0000f270       ??6?$basic_ostream@_WU?$char_traits@_W@std@@@std@@QAEAAV01@_J@Z 00410270 f i Tcformat.obj
 0001:0000f3c0       ?clear@?$vector@UHostDevice@@V?$allocator@UHostDevice@@@std@@@std@@QAEXXZ 004103c0 f i Tcformat.obj
 0001:0000f400       ??0?$basic_stringstream@_WU?$char_traits@_W@std@@V?$allocator@_W@2@@std@@QAE@H@Z 00410400 f i Tcformat.obj
 0001:0000f4a0       ??0HostDevice@@QAE@ABU0@@Z 004104a0 f i Tcformat.obj
 0001:0000f5a0       ??$GetContainerForward@V?$vector@UHostDevice@@V?$allocator@UHostDevice@@@std@@@std@@@ForEach@CipherShed@@SA?AU?$ContainerForward@V?$vector@UHostDevice@@V?$allocator@UHostDevice@@@std@@@std@@@01@ABV?$vector@UHostDevice@@V?$allocator@UHostDevice@@@std@@@std@@@Z 004105a0 f i Tcformat.obj
 0001:0000f5c0       ?GetSystemPartitionSize@@YA_JXZ 004105c0 f   Tcformat.obj
 0001:0000f660       _PageDialogProc@16         00410660 f   Tcformat.obj
 0001:00014940       ??$_Uninit_copy@PBUHostDevice@@PAU1@V?$allocator@UHostDevice@@@std@@@std@@YAPAUHostDevice@@PBU1@0PAU1@AAV?$allocator@UHostDevice@@@0@U_Nonscalar_ptr_iterator_tag@0@U_Range_checked_iterator_tag@0@@Z 00415940 f i Tcformat.obj
 0001:00014940       ??$_Uninit_copy@PAUHostDevice@@PAU1@V?$allocator@UHostDevice@@@std@@@std@@YAPAUHostDevice@@PAU1@00AAV?$allocator@UHostDevice@@@0@U_Nonscalar_ptr_iterator_tag@0@U_Range_checked_iterator_tag@0@@Z 00415940 f i Tcformat.obj
 0001:00014ed0       ??$_Uninit_fill_n@PAUHostDevice@@IU1@V?$allocator@UHostDevice@@@std@@@std@@YAXPAUHostDevice@@IABU1@AAV?$allocator@UHostDevice@@@0@U_Nonscalar_ptr_iterator_tag@0@U_Range_checked_iterator_tag@0@@Z 00415ed0 f i Tcformat.obj
 0001:00014f80       _SwitchWizardToSysEncMode  00415f80 f   Tcformat.obj
 0001:00015750       _SwitchWizardToFileContainerMode 00416750 f   Tcformat.obj
 0001:00015960       ?SwitchWizardToNonSysDeviceMode@@YAXXZ 00416960 f   Tcformat.obj
 0001:00015b50       ?SwitchWizardToHiddenOSMode@@YAHXZ 00416b50 f   Tcformat.obj
 0001:00015e60       ?SwitchWizardToNonSysInplaceEncResumeMode@@YAXXZ 00416e60 f   Tcformat.obj
 0001:00016f90       ?_Ufill@?$vector@UHostDevice@@V?$allocator@UHostDevice@@@std@@@std@@IAEPAUHostDevice@@PAU3@IABU3@@Z 00417f90 f i Tcformat.obj
 0001:00016fd0       ??4?$vector@UHostDevice@@V?$allocator@UHostDevice@@@std@@@std@@QAEAAV01@ABV01@@Z 00417fd0 f i Tcformat.obj
 0001:00017140       ??$_Umove@PAUHostDevice@@@?$vector@UHostDevice@@V?$allocator@UHostDevice@@@std@@@std@@IAEPAUHostDevice@@PAU2@00@Z 00418140 f i Tcformat.obj
 0001:00017140       ??$_Ucopy@PAUHostDevice@@@?$vector@UHostDevice@@V?$allocator@UHostDevice@@@std@@@std@@IAEPAUHostDevice@@PAU2@00@Z 00418140 f i Tcformat.obj
 0001:00017170       ??4HostDevice@@QAEAAU0@ABU0@@Z 00418170 f i Tcformat.obj
 0001:00017210       ??$_Copy_backward_opt@PAUHostDevice@@PAU1@Uforward_iterator_tag@std@@@std@@YAPAUHostDevice@@PAU1@00Uforward_iterator_tag@0@U_Nonscalar_ptr_iterator_tag@0@U_Range_checked_iterator_tag@0@@Z 00418210 f i Tcformat.obj
 0001:00017250       ??$_Copy_backward_opt@PAUHostDevice@@PAU1@@std@@YAPAUHostDevice@@PAU1@00Urandom_access_iterator_tag@0@U_Nonscalar_ptr_iterator_tag@0@U_Range_checked_iterator_tag@0@@Z 00418250 f i Tcformat.obj
 0001:000172b0       ??$fill@PAUHostDevice@@U1@@std@@YAXPAUHostDevice@@0ABU1@@Z 004182b0 f i Tcformat.obj
 0001:000172e0       ??$_Unchecked_move_backward@PAUHostDevice@@PAU1@@stdext@@YAPAUHostDevice@@PAU1@00@Z 004182e0 f i Tcformat.obj
 0001:00017310       ?_Insert_n@?$vector@UHostDevice@@V?$allocator@UHostDevice@@@std@@@std@@IAEXV?$_Vector_const_iterator@UHostDevice@@V?$allocator@UHostDevice@@@std@@@2@IABUHostDevice@@@Z 00418310 f i Tcformat.obj
 0001:000176c0       ?insert@?$vector@UHostDevice@@V?$allocator@UHostDevice@@@std@@@std@@QAE?AV?$_Vector_iterator@UHostDevice@@V?$allocator@UHostDevice@@@std@@@2@V?$_Vector_const_iterator@UHostDevice@@V?$allocator@UHostDevice@@@std@@@2@ABUHostDevice@@@Z 004186c0 f i Tcformat.obj
 0001:00017790       ?push_back@?$vector@UHostDevice@@V?$allocator@UHostDevice@@@std@@@std@@QAEXABUHostDevice@@@Z 00418790 f i Tcformat.obj
 0001:00017840       _MainDialogProc@16         00418840 f   Tcformat.obj
 0001:0001c330       _WinMain@16                0041d330 f   Tcformat.obj
 0001:0001c510       ?AtlThrowImpl@ATL@@YGXJ@Z  0041d510 f i BaseCom.obj
 0001:0001c530       ?AtlThrowLastWin32@ATL@@YGXXZ 0041d530 f i BaseCom.obj
 0001:0001c550       ?CreateElevatedComObject@@YAJPAUHWND__@@ABU_GUID@@1PAPAX@Z 0041d550 f   BaseCom.obj
 0001:0001c630       ?ComGetInstanceBase@@YAHPAUHWND__@@ABU_GUID@@1PAPAX@Z 0041d630 f   BaseCom.obj
 0001:0001c690       ?CallDriver@BaseCom@@SAKKPA_WPAPA_W@Z 0041d690 f   BaseCom.obj
 0001:0001c770       ?IsPagingFileActive@BaseCom@@SAHH@Z 0041d770 f   BaseCom.obj
 0001:0001c780       ?RegisterFilterDriver@BaseCom@@SAKHH@Z 0041d780 f   BaseCom.obj
 0001:0001c850       ?RegisterSystemFavoritesService@BaseCom@@SAKH@Z 0041d850 f   BaseCom.obj
 0001:0001c910       ?SetDriverServiceStartType@BaseCom@@SAKK@Z 0041d910 f   BaseCom.obj
 0001:0001c9d0       ??$AtlConvAllocMemory@D@ATL@@YAXPAPADHPADH@Z 0041d9d0 f i BaseCom.obj
 0001:0001ca60       ??1?$CW2AEX@$0IA@@ATL@@QAE@XZ 0041da60 f i BaseCom.obj
 0001:0001ca80       ?Init@?$CW2AEX@$0IA@@ATL@@AAEXPB_WI@Z 0041da80 f i BaseCom.obj
 0001:0001cb40       ?CopyFileA@BaseCom@@SAKPA_W0@Z 0041db40 f   BaseCom.obj
 0001:0001cc40       ?DeleteFileA@BaseCom@@SAKPA_W@Z 0041dc40 f   BaseCom.obj
 0001:0001ccb0       ?WriteLocalMachineRegistryDwordValue@BaseCom@@SAKPA_W0K@Z 0041dcb0 f   BaseCom.obj
 0001:0001cdb0       ??1File@CipherShed@@QAE@XZ 0041ddb0 f i BaseCom.obj
 0001:0001ce20       ??1?$auto_ptr@VFile@CipherShed@@@std@@QAE@XZ 0041de20 f i BaseCom.obj
 0001:0001ce40       ?ReadWriteFile@BaseCom@@SAKHHPA_WPAPA_W_KIPAK@Z 0041de40 f   BaseCom.obj
 0001:0001d060       ??0bad_alloc@std@@QAE@XZ   0041e060 f i BootEncryption.obj
 0001:0001d080       ?compare@?$char_traits@D@std@@SAHPBD0I@Z 0041e080 f i BootEncryption.obj
 0001:0001d100       ?AtlCrtErrorCheck@ATL@@YAHH@Z 0041e100 f i BootEncryption.obj
 0001:0001d1a0       ?memcpy_s@Checked@ATL@@YAXPAXIPBXI@Z 0041e1a0 f i BootEncryption.obj
 0001:0001d1d0       ?AppendBytes@CComBSTR@ATL@@QAEJPBDH@Z 0041e1d0 f i BootEncryption.obj
 0001:0001d260       ??1CComBSTR@ATL@@QAE@XZ    0041e260 f i BootEncryption.obj
 0001:0001d270       ?Show@TimeOut@CipherShed@@UBEXPAUHWND__@@@Z 0041e270 f i BootEncryption.obj
 0001:0001d280       ??0Buffer@CipherShed@@QAE@I@Z 0041e280 f i BootEncryption.obj
 0001:0001d2d0       ??1Buffer@CipherShed@@QAE@XZ 0041e2d0 f i BootEncryption.obj
 0001:0001d2e0       ?Close@File@CipherShed@@QAEXXZ 0041e2e0 f   BootEncryption.obj
 0001:0001d310       ?InvalidateCachedSysDriveProperties@BootEncryption@CipherShed@@QAEXXZ 0041e310 f   BootEncryption.obj
 0001:0001d320       ?GetChecksum@BootEncryption@CipherShed@@IAEIPAEI@Z 0041e320 f   BootEncryption.obj
 0001:0001d390       ?ReadDriverConfigurationFlags@BootEncryption@CipherShed@@QAEIXZ 0041e390 f   BootEncryption.obj
 0001:0001d390       _ReadDriverConfigurationFlags 0041e390 f   Dlgcode.obj
 0001:0001d3c0       ?RestartComputer@BootEncryption@CipherShed@@QAE_NXZ 0041e3c0 f   BootEncryption.obj
 0001:0001d3d0       ??1?$basic_istream@DU?$char_traits@D@std@@@std@@UAE@XZ 0041e3d0 f i BootEncryption.obj
 0001:0001d3e0       ??1?$CAtlSafeAllocBufferManager@VCCRTAllocator@ATL@@@_ATL_SAFE_ALLOCA_IMPL@ATL@@QAE@XZ 0041e3e0 f i BootEncryption.obj
 0001:0001d400       ??1?$basic_iostream@DU?$char_traits@D@std@@@std@@UAE@XZ 0041e400 f i BootEncryption.obj
 0001:0001d430       ??_E?$basic_ios@DU?$char_traits@D@std@@@std@@UAEPAXI@Z 0041e430 f i BootEncryption.obj
 0001:0001d430       ??_G?$basic_ios@_WU?$char_traits@_W@std@@@std@@UAEPAXI@Z 0041e430 f i Tcformat.obj
 0001:0001d430       ??_Eios_base@std@@UAEPAXI@Z 0041e430 f i Tcformat.obj
 0001:0001d430       ??_E?$basic_ios@_WU?$char_traits@_W@std@@@std@@UAEPAXI@Z 0041e430 f i Tcformat.obj
 0001:0001d430       ??_G?$basic_ios@DU?$char_traits@D@std@@@std@@UAEPAXI@Z 0041e430 f i BootEncryption.obj
 0001:0001d430       ??_Gios_base@std@@UAEPAXI@Z 0041e430 f i Tcformat.obj
 0001:0001d460       ?_Pnavail@?$basic_streambuf@_WU?$char_traits@_W@std@@@std@@IBEHXZ 0041e460 f i Tcformat.obj
 0001:0001d460       ?_Pnavail@?$basic_streambuf@DU?$char_traits@D@std@@@std@@IBEHXZ 0041e460 f i BootEncryption.obj
 0001:0001d480       ?_Init@?$basic_streambuf@_WU?$char_traits@_W@std@@@std@@IAEXXZ 0041e480 f i Tcformat.obj
 0001:0001d480       ?_Init@?$basic_streambuf@DU?$char_traits@D@std@@@std@@IAEXXZ 0041e480 f i BootEncryption.obj
 0001:0001d4e0       ??0?$ctype@D@std@@QAE@ABV_Locinfo@1@I@Z 0041e4e0 f i BootEncryption.obj
 0001:0001d520       ?do_tolower@?$ctype@D@std@@MBEDD@Z 0041e520 f i BootEncryption.obj
 0001:0001d540       ?do_tolower@?$ctype@D@std@@MBEPBDPADPBD@Z 0041e540 f i BootEncryption.obj
 0001:0001d570       ?do_toupper@?$ctype@D@std@@MBEDD@Z 0041e570 f i BootEncryption.obj
 0001:0001d590       ?do_toupper@?$ctype@D@std@@MBEPBDPADPBD@Z 0041e590 f i BootEncryption.obj
 0001:0001d5c0       ?do_widen@?$ctype@D@std@@MBEDD@Z 0041e5c0 f i BootEncryption.obj
 0001:0001d5d0       ?do_widen@?$ctype@D@std@@MBEPBDPBD0PAD@Z 0041e5d0 f i BootEncryption.obj
 0001:0001d600       ?_Do_widen_s@?$ctype@D@std@@MBEPBDPBD0PADI@Z 0041e600 f i BootEncryption.obj
 0001:0001d640       ?do_narrow@?$ctype@D@std@@MBEDDD@Z 0041e640 f i BootEncryption.obj
 0001:0001d650       ?do_narrow@?$ctype@D@std@@MBEPBDPBD0DPAD@Z 0041e650 f i BootEncryption.obj
 0001:0001d680       ?_Do_narrow_s@?$ctype@D@std@@MBEPBDPBD0DPADI@Z 0041e680 f i BootEncryption.obj
 0001:0001d6c0       ??_E?$ctype@D@std@@MAEPAXI@Z 0041e6c0 f i BootEncryption.obj
 0001:0001d6c0       ??_G?$ctype@D@std@@MAEPAXI@Z 0041e6c0 f i BootEncryption.obj
 0001:0001d710       ??0CComBSTR@ATL@@QAE@PBD@Z 0041e710 f i BootEncryption.obj
 0001:0001d7b0       ??0SystemException@CipherShed@@QAE@XZ 0041e7b0 f i BootEncryption.obj
 0001:0001d7d0       ?Show@SystemException@CipherShed@@UBEXPAUHWND__@@@Z 0041e7d0 f i BootEncryption.obj
 0001:0001d7f0       ?Elevate@Elevator@CipherShed@@KAXXZ 0041e7f0 f i BootEncryption.obj
 0001:0001d880       ??0SystemException@CipherShed@@QAE@ABU01@@Z 0041e880 f i BootEncryption.obj
 0001:0001d8a0       ?SeekAt@File@CipherShed@@QAEX_J@Z 0041e8a0 f   BootEncryption.obj
 0001:0001d8f0       ?CreateVolumeHeader@BootEncryption@CipherShed@@IAEX_K0PAUPassword@@HHH@Z 0041e8f0 f   BootEncryption.obj
 0001:0001db10       ??0ParameterIncorrect@CipherShed@@QAE@ABU01@@Z 0041eb10 f i BootEncryption.obj
 0001:0001db30       ??1?$basic_streambuf@DU?$char_traits@D@std@@@std@@UAE@XZ 0041eb30 f i BootEncryption.obj
 0001:0001dba0       ?pbackfail@?$basic_streambuf@DU?$char_traits@D@std@@@std@@MAEHH@Z 0041eba0 f i BootEncryption.obj
 0001:0001dba0       ?overflow@?$basic_streambuf@DU?$char_traits@D@std@@@std@@MAEHH@Z 0041eba0 f i BootEncryption.obj
 0001:0001dbb0       ?sync@?$basic_streambuf@_WU?$char_traits@_W@std@@@std@@MAEHXZ 0041ebb0 f i Tcformat.obj
 0001:0001dbb0       ?showmanyc@?$basic_streambuf@DU?$char_traits@D@std@@@std@@MAEHXZ 0041ebb0 f i BootEncryption.obj
 0001:0001dbb0       ?sync@?$basic_streambuf@DU?$char_traits@D@std@@@std@@MAEHXZ 0041ebb0 f i BootEncryption.obj
 0001:0001dbb0       ?showmanyc@?$basic_streambuf@_WU?$char_traits@_W@std@@@std@@MAEHXZ 0041ebb0 f i Tcformat.obj
 0001:0001dbc0       ?underflow@?$basic_streambuf@DU?$char_traits@D@std@@@std@@MAEHXZ 0041ebc0 f i BootEncryption.obj
 0001:0001dbd0       ?Show@UserAbort@CipherShed@@UBEXPAUHWND__@@@Z 0041ebd0 f i FormatCom.obj
 0001:0001dbd0       ?imbue@?$basic_streambuf@_WU?$char_traits@_W@std@@@std@@MAEXABVlocale@2@@Z 0041ebd0 f i Tcformat.obj
 0001:0001dbd0       ?imbue@?$basic_streambuf@DU?$char_traits@D@std@@@std@@MAEXABVlocale@2@@Z 0041ebd0 f i BootEncryption.obj
 0001:0001dbe0       ?_Gnavail@?$basic_streambuf@DU?$char_traits@D@std@@@std@@IBEHXZ 0041ebe0 f i BootEncryption.obj
 0001:0001dbe0       ?_Gnavail@?$basic_streambuf@_WU?$char_traits@_W@std@@@std@@IBEHXZ 0041ebe0 f i Tcformat.obj
 0001:0001dc00       ?uflow@?$basic_streambuf@DU?$char_traits@D@std@@@std@@MAEHXZ 0041ec00 f i BootEncryption.obj
 0001:0001dc30       ?seekoff@?$basic_streambuf@_WU?$char_traits@_W@std@@@std@@MAE?AV?$fpos@H@2@JHH@Z 0041ec30 f i Tcformat.obj
 0001:0001dc30       ?seekoff@?$basic_streambuf@DU?$char_traits@D@std@@@std@@MAE?AV?$fpos@H@2@JHH@Z 0041ec30 f i BootEncryption.obj
 0001:0001dc50       ?seekpos@?$basic_streambuf@_WU?$char_traits@_W@std@@@std@@MAE?AV?$fpos@H@2@V32@H@Z 0041ec50 f i Tcformat.obj
 0001:0001dc50       ?seekpos@?$basic_streambuf@DU?$char_traits@D@std@@@std@@MAE?AV?$fpos@H@2@V32@H@Z 0041ec50 f i BootEncryption.obj
 0001:0001dc70       ??D?$_Const_iterator@$00@?$list@UPartition@CipherShed@@V?$allocator@UPartition@CipherShed@@@std@@@std@@QBEABUPartition@CipherShed@@XZ 0041ec70 f i BootEncryption.obj
 0001:0001dc70       ??D?$_Const_iterator@$00@?$list@USecurityTokenKeyfile@CipherShed@@V?$allocator@USecurityTokenKeyfile@CipherShed@@@std@@@std@@QBEABUSecurityTokenKeyfile@CipherShed@@XZ 0041ec70 f i Dlgcode.obj
 0001:0001dc70       ??D?$_Const_iterator@$00@?$list@USecurityTokenKeyfilePath@CipherShed@@V?$allocator@USecurityTokenKeyfilePath@CipherShed@@@std@@@std@@QBEABUSecurityTokenKeyfilePath@CipherShed@@XZ 0041ec70 f i Keyfiles.obj
 0001:0001dca0       ?pbackfail@?$basic_stringbuf@DU?$char_traits@D@std@@V?$allocator@D@2@@std@@MAEHH@Z 0041eca0 f i BootEncryption.obj
 0001:0001dcf0       ?underflow@?$basic_stringbuf@DU?$char_traits@D@std@@V?$allocator@D@2@@std@@MAEHXZ 0041ecf0 f i BootEncryption.obj
 0001:0001dd60       ?seekoff@?$basic_stringbuf@DU?$char_traits@D@std@@V?$allocator@D@2@@std@@MAE?AV?$fpos@H@2@JHH@Z 0041ed60 f i BootEncryption.obj
 0001:0001dec0       ?seekpos@?$basic_stringbuf@DU?$char_traits@D@std@@V?$allocator@D@2@@std@@MAE?AV?$fpos@H@2@V32@H@Z 0041eec0 f i BootEncryption.obj
 0001:0001df90       ??_G?$basic_ostream@DU?$char_traits@D@std@@@std@@UAEPAXI@Z 0041ef90 f i BootEncryption.obj
 0001:0001df90       ??_E?$basic_ostream@DU?$char_traits@D@std@@@std@@UAEPAXI@Z 0041ef90 f i BootEncryption.obj
 0001:0001dfd0       ??_G?$basic_istream@DU?$char_traits@D@std@@@std@@UAEPAXI@Z 0041efd0 f i BootEncryption.obj
 0001:0001dfd0       ??_E?$basic_istream@DU?$char_traits@D@std@@@std@@UAEPAXI@Z 0041efd0 f i BootEncryption.obj
 0001:0001e010       ??_G?$basic_streambuf@DU?$char_traits@D@std@@@std@@UAEPAXI@Z 0041f010 f i BootEncryption.obj
 0001:0001e010       ??_E?$basic_streambuf@DU?$char_traits@D@std@@@std@@UAEPAXI@Z 0041f010 f i BootEncryption.obj
 0001:0001e030       ??_G?$basic_iostream@DU?$char_traits@D@std@@@std@@UAEPAXI@Z 0041f030 f i BootEncryption.obj
 0001:0001e030       ??_E?$basic_iostream@DU?$char_traits@D@std@@@std@@UAEPAXI@Z 0041f030 f i BootEncryption.obj
 0001:0001e090       ??_G?$basic_stringbuf@DU?$char_traits@D@std@@V?$allocator@D@2@@std@@UAEPAXI@Z 0041f090 f i BootEncryption.obj
 0001:0001e090       ??_E?$basic_stringbuf@DU?$char_traits@D@std@@V?$allocator@D@2@@std@@UAEPAXI@Z 0041f090 f i BootEncryption.obj
 0001:0001e0c0       ?find@?$basic_string@DU?$char_traits@D@std@@V?$allocator@D@2@@std@@QBEIPBDII@Z 0041f0c0 f i BootEncryption.obj
 0001:0001e180       ?rfind@?$basic_string@DU?$char_traits@D@std@@V?$allocator@D@2@@std@@QBEIPBDII@Z 0041f180 f i BootEncryption.obj
 0001:0001e230       ??E?$_Const_iterator@$00@?$list@USecurityTokenInfo@CipherShed@@V?$allocator@USecurityTokenInfo@CipherShed@@@std@@@std@@QAEAAV012@XZ 0041f230 f i Dlgcode.obj
 0001:0001e230       ??E?$_Const_iterator@$00@?$list@USecurityTokenKeyfile@CipherShed@@V?$allocator@USecurityTokenKeyfile@CipherShed@@@std@@@std@@QAEAAV012@XZ 0041f230 f i Dlgcode.obj
 0001:0001e230       ??E?$_Const_iterator@$00@?$list@UPartition@CipherShed@@V?$allocator@UPartition@CipherShed@@@std@@@std@@QAEAAV012@XZ 0041f230 f i BootEncryption.obj
 0001:0001e230       ??E?$_Const_iterator@$00@?$list@KV?$allocator@K@std@@@std@@QAEAAV012@XZ 0041f230 f i Dlgcode.obj
 0001:0001e230       ??E?$_Const_iterator@$00@?$list@USecurityTokenKeyfilePath@CipherShed@@V?$allocator@USecurityTokenKeyfilePath@CipherShed@@@std@@@std@@QAEAAV012@XZ 0041f230 f i Keyfiles.obj
 0001:0001e270       ??0?$basic_streambuf@DU?$char_traits@D@std@@@std@@IAE@XZ 0041f270 f i BootEncryption.obj
 0001:0001e320       ??0?$_String_const_iterator@DU?$char_traits@D@std@@V?$allocator@D@2@@std@@QAE@PBDPBV_Container_base_secure@1@@Z 0041f320 f i BootEncryption.obj
 0001:0001e380       ?_Ifmt@?$num_put@_WV?$ostreambuf_iterator@_WU?$char_traits@_W@std@@@std@@@std@@ABAPADPADPBDH@Z 0041f380 f i Tcformat.obj
 0001:0001e380       ?_Ifmt@?$num_put@DV?$ostreambuf_iterator@DU?$char_traits@D@std@@@std@@@std@@ABAPADPADPBDH@Z 0041f380 f i BootEncryption.obj
 0001:0001e410       ?_Init@?$numpunct@D@std@@IAEXABV_Locinfo@2@_N@Z 0041f410 f i BootEncryption.obj
 0001:0001e580       ?CallDriver@Elevator@CipherShed@@SAXKPAXK0K@Z 0041f580 f i BootEncryption.obj
 0001:0001e6c0       ?ReadWriteFile@Elevator@CipherShed@@SAXHHABV?$basic_string@DU?$char_traits@D@std@@V?$allocator@D@2@@std@@PAE_KIPAK@Z 0041f6c0 f i BootEncryption.obj
 0001:0001e7f0       ?WriteLocalMachineRegistryDwordValue@Elevator@CipherShed@@SAXPAD0K@Z 0041f7f0 f i BootEncryption.obj
 0001:0001e8c0       ?RegisterFilterDriver@Elevator@CipherShed@@SAX_NW4FilterType@BootEncryption@2@@Z 0041f8c0 f i BootEncryption.obj
 0001:0001e920       ?RegisterSystemFavoritesService@Elevator@CipherShed@@SAXH@Z 0041f920 f i BootEncryption.obj
 0001:0001e970       ?SetDriverServiceStartType@Elevator@CipherShed@@SAXK@Z 0041f970 f i BootEncryption.obj
 0001:0001e9c0       ?Read@File@CipherShed@@QAEKPAEK@Z 0041f9c0 f   BootEncryption.obj
 0001:0001ea60       ?CallDriver@BootEncryption@CipherShed@@QAEXKPAXK0K@Z 0041fa60 f   BootEncryption.obj
 0001:0001eb30       ?GetStatus@BootEncryption@CipherShed@@QAE?AUBootEncryptionStatus@@XZ 0041fb30 f   BootEncryption.obj
 0001:0001eb50       ?GetVolumeProperties@BootEncryption@CipherShed@@QAEXPAUVOLUME_PROPERTIES_STRUCT@@@Z 0041fb50 f   BootEncryption.obj
 0001:0001eba0       ?IsHiddenSystemRunning@BootEncryption@CipherShed@@QAE_NXZ 0041fba0 f   BootEncryption.obj
 0001:0001ebc0       ?StartDecoyOSWipe@BootEncryption@CipherShed@@QAEXW4WipeAlgorithmId@@@Z 0041fbc0 f   BootEncryption.obj
 0001:0001ecf0       ?AbortDecoyOSWipe@BootEncryption@CipherShed@@QAEXXZ 0041fcf0 f   BootEncryption.obj
 0001:0001ed10       ?GetDecoyOSWipeStatus@BootEncryption@CipherShed@@QAE?AUDecoySystemWipeStatus@@XZ 0041fd10 f   BootEncryption.obj
 0001:0001ed30       ?CheckDecoyOSWipeResult@BootEncryption@CipherShed@@QAEXXZ 0041fd30 f   BootEncryption.obj
 0001:0001ed50       ?AbortSetup@BootEncryption@CipherShed@@QAEXXZ 0041fd50 f   BootEncryption.obj
 0001:0001ed70       ?AbortSetupWait@BootEncryption@CipherShed@@QAEXXZ 0041fd70 f   BootEncryption.obj
 0001:0001ee00       ?CheckEncryptionSetupResult@BootEncryption@CipherShed@@QAEXXZ 0041fe00 f   BootEncryption.obj
 0001:0001ee20       ?WriteLocalMachineRegistryDwordValue@BootEncryption@CipherShed@@QAEXPAD0K@Z 0041fe20 f   BootEncryption.obj
 0001:0001ee90       ?SetDriverConfigurationFlag@BootEncryption@CipherShed@@QAEXI_N@Z 0041fe90 f   BootEncryption.obj
 0001:0001eef0       ?StartDecryption@BootEncryption@CipherShed@@QAEXH@Z 0041fef0 f   BootEncryption.obj
 0001:0001ef90       ?StartEncryption@BootEncryption@CipherShed@@QAEXW4WipeAlgorithmId@@_N@Z 0041ff90 f   BootEncryption.obj
 0001:0001f030       ?WriteBootDriveSector@BootEncryption@CipherShed@@QAEX_KPAE@Z 00420030 f   BootEncryption.obj
 0001:0001f0a0       ?rfind@?$basic_string@DU?$char_traits@D@std@@V?$allocator@D@2@@std@@QBEIPBDI@Z 004200a0 f i BootEncryption.obj
 0001:0001f0d0       ?_Xsgetn_s@?$basic_streambuf@DU?$char_traits@D@std@@@std@@MAEHPADIH@Z 004200d0 f i BootEncryption.obj
 0001:0001f160       ?xsputn@?$basic_streambuf@DU?$char_traits@D@std@@@std@@MAEHPBDH@Z 00420160 f i BootEncryption.obj
 0001:0001f1f0       ??1?$basic_stringstream@DU?$char_traits@D@std@@V?$allocator@D@2@@std@@UAE@XZ 004201f0 f i BootEncryption.obj
 0001:0001f280       ?overflow@?$basic_stringbuf@DU?$char_traits@D@std@@V?$allocator@D@2@@std@@MAEHH@Z 00420280 f i BootEncryption.obj
 0001:0001f450       ?_Buynode@?$list@UPartition@CipherShed@@V?$allocator@UPartition@CipherShed@@@std@@@std@@IAEPAU_Node@?$_List_nod@UPartition@CipherShed@@V?$allocator@UPartition@CipherShed@@@std@@@2@XZ 00420450 f i BootEncryption.obj
 0001:0001f450       ?_Buynode@?$list@USecurityTokenKeyfile@CipherShed@@V?$allocator@USecurityTokenKeyfile@CipherShed@@@std@@@std@@IAEPAU_Node@?$_List_nod@USecurityTokenKeyfile@CipherShed@@V?$allocator@USecurityTokenKeyfile@CipherShed@@@std@@@2@XZ 00420450 f i Dlgcode.obj
 0001:0001f470       ?_Putc@?$num_put@DV?$ostreambuf_iterator@DU?$char_traits@D@std@@@std@@@std@@ABA?AV?$ostreambuf_iterator@DU?$char_traits@D@std@@@2@V32@PBDI@Z 00420470 f i BootEncryption.obj
 0001:0001f470       ?_Put@?$num_put@DV?$ostreambuf_iterator@DU?$char_traits@D@std@@@std@@@std@@ABA?AV?$ostreambuf_iterator@DU?$char_traits@D@std@@@2@V32@PBDI@Z 00420470 f i BootEncryption.obj
 0001:0001f4e0       ?_Rep@?$num_put@DV?$ostreambuf_iterator@DU?$char_traits@D@std@@@std@@@std@@ABA?AV?$ostreambuf_iterator@DU?$char_traits@D@std@@@2@V32@DI@Z 004204e0 f i BootEncryption.obj
 0001:0001f550       ?_Putgrouped@?$num_put@DV?$ostreambuf_iterator@DU?$char_traits@D@std@@@std@@@std@@ABA?AV?$ostreambuf_iterator@DU?$char_traits@D@std@@@2@V32@PBDID@Z 00420550 f i BootEncryption.obj
 0001:0001f5f0       ??0?$numpunct@D@std@@QAE@ABV_Locinfo@1@I_N@Z 004205f0 f i BootEncryption.obj
 0001:0001f660       ?do_decimal_point@?$numpunct@D@std@@MBEDXZ 00420660 f i BootEncryption.obj
 0001:0001f670       ?do_thousands_sep@?$numpunct@D@std@@MBEDXZ 00420670 f i BootEncryption.obj
 0001:0001f680       ??_G?$numpunct@D@std@@MAEPAXI@Z 00420680 f i BootEncryption.obj
 0001:0001f680       ??_E?$numpunct@D@std@@MAEPAXI@Z 00420680 f i BootEncryption.obj
 0001:0001f6d0       ??_D?$basic_stringstream@DU?$char_traits@D@std@@V?$allocator@D@2@@std@@QAEXXZ 004206d0 f i BootEncryption.obj
 0001:0001f6f0       ??_G?$basic_stringstream@DU?$char_traits@D@std@@V?$allocator@D@2@@std@@UAEPAXI@Z 004206f0 f i BootEncryption.obj
 0001:0001f6f0       ??_E?$basic_stringstream@DU?$char_traits@D@std@@V?$allocator@D@2@@std@@UAEPAXI@Z 004206f0 f i BootEncryption.obj
 0001:0001f730       ??0?$basic_stringbuf@DU?$char_traits@D@std@@V?$allocator@D@2@@std@@QAE@H@Z 00420730 f i BootEncryption.obj
 0001:0001f7b0       ??0ErrorException@CipherShed@@QAE@PAD@Z 004207b0 f i BootEncryption.obj
 0001:0001f7e0       ?Show@ErrorException@CipherShed@@UBEXPAUHWND__@@@Z 004207e0 f i BootEncryption.obj
 0001:0001f820       ??1Device@CipherShed@@QAE@XZ 00420820 f i BootEncryption.obj
 0001:0001f8b0       ?erase@?$basic_string@DU?$char_traits@D@std@@V?$allocator@D@2@@std@@QAE?AV?$_String_iterator@DU?$char_traits@D@std@@V?$allocator@D@2@@2@V?$_String_const_iterator@DU?$char_traits@D@std@@V?$allocator@D@2@@2@0@Z 004208b0 f i BootEncryption.obj
 0001:0001f990       ?clear@?$basic_string@DU?$char_traits@D@std@@V?$allocator@D@2@@std@@QAEXXZ 00420990 f i BootEncryption.obj
 0001:0001fa30       ??$?HDU?$char_traits@D@std@@V?$allocator@D@1@@std@@YA?AV?$basic_string@DU?$char_traits@D@std@@V?$allocator@D@2@@0@ABV10@D@Z 00420a30 f i BootEncryption.obj
 0001:0001fae0       ?_Getcat@?$ctype@D@std@@SAIPAPBVfacet@locale@2@PBV42@@Z 00420ae0 f i BootEncryption.obj
 0001:0001fbe0       ??0ErrorException@CipherShed@@QAE@ABV?$basic_string@_WU?$char_traits@_W@std@@V?$allocator@_W@2@@std@@@Z 00420be0 f i BootEncryption.obj
 0001:0001fc20       ??0Partition@CipherShed@@QAE@ABU01@@Z 00420c20 f i BootEncryption.obj
 0001:0001fd50       ??4?$basic_string@DU?$char_traits@D@std@@V?$allocator@D@2@@std@@QAEAAV01@PBD@Z 00420d50 f i BootEncryption.obj
 0001:0001fd50       ?assign@?$basic_string@DU?$char_traits@D@std@@V?$allocator@D@2@@std@@QAEAAV12@PBD@Z 00420d50 f i Tcformat.obj
 0001:0001fd80       ??Y?$basic_string@DU?$char_traits@D@std@@V?$allocator@D@2@@std@@QAEAAV01@PBD@Z 00420d80 f i BootEncryption.obj
 0001:0001fdb0       ?substr@?$basic_string@DU?$char_traits@D@std@@V?$allocator@D@2@@std@@QBE?AV12@II@Z 00420db0 f i BootEncryption.obj
 0001:0001fdf0       ?substr@?$basic_string@_WU?$char_traits@_W@std@@V?$allocator@_W@2@@std@@QBE?AV12@II@Z 00420df0 f i BootEncryption.obj
 0001:0001fe30       ?str@?$basic_stringbuf@DU?$char_traits@D@std@@V?$allocator@D@2@@std@@QBE?AV?$basic_string@DU?$char_traits@D@std@@V?$allocator@D@2@@2@XZ 00420e30 f i BootEncryption.obj
 0001:0001ff80       ?do_grouping@?$numpunct@_W@std@@MBE?AV?$basic_string@DU?$char_traits@D@std@@V?$allocator@D@2@@2@XZ 00420f80 f i Tcformat.obj
 0001:0001ff80       ?do_grouping@?$numpunct@D@std@@MBE?AV?$basic_string@DU?$char_traits@D@std@@V?$allocator@D@2@@2@XZ 00420f80 f i BootEncryption.obj
 0001:0001ffd0       ?do_falsename@?$numpunct@D@std@@MBE?AV?$basic_string@DU?$char_traits@D@std@@V?$allocator@D@2@@2@XZ 00420fd0 f i BootEncryption.obj
 0001:00020020       ?do_truename@?$numpunct@D@std@@MBE?AV?$basic_string@DU?$char_traits@D@std@@V?$allocator@D@2@@2@XZ 00421020 f i BootEncryption.obj
 0001:00020070       ??$use_facet@V?$ctype@D@std@@@std@@YAABV?$ctype@D@0@ABVlocale@0@@Z 00421070 f i BootEncryption.obj
 0001:000201c0       ??$?HDU?$char_traits@D@std@@V?$allocator@D@1@@std@@YA?AV?$basic_string@DU?$char_traits@D@std@@V?$allocator@D@2@@0@PBDABV10@@Z 004211c0 f i BootEncryption.obj
 0001:00020280       ??$?HDU?$char_traits@D@std@@V?$allocator@D@1@@std@@YA?AV?$basic_string@DU?$char_traits@D@std@@V?$allocator@D@2@@0@ABV10@PBD@Z 00421280 f i BootEncryption.obj
 0001:00020340       ??$_Construct@UPartition@CipherShed@@U12@@std@@YAXPAUPartition@CipherShed@@ABU12@@Z 00421340 f i BootEncryption.obj
 0001:000203a0       ?_Getcat@?$num_put@DV?$ostreambuf_iterator@DU?$char_traits@D@std@@@std@@@std@@SAIPAPBVfacet@locale@2@PBV42@@Z 004213a0 f i BootEncryption.obj
 0001:000204b0       ?_Getcat@?$numpunct@D@std@@SAIPAPBVfacet@locale@2@PBV42@@Z 004214b0 f i BootEncryption.obj
 0001:000205c0       ?Show@ParameterIncorrect@CipherShed@@UBEXPAUHWND__@@@Z 004215c0 f i BootEncryption.obj
 0001:000206f0       ??0File@CipherShed@@QAE@V?$basic_string@DU?$char_traits@D@std@@V?$allocator@D@2@@std@@_N1@Z 004216f0 f   BootEncryption.obj
 0001:00020820       ??0Device@CipherShed@@QAE@V?$basic_string@DU?$char_traits@D@std@@V?$allocator@D@2@@std@@_N@Z 00421820 f   BootEncryption.obj
 0001:000209c0       ??4Partition@CipherShed@@QAEAAU01@ABU01@@Z 004219c0 f i BootEncryption.obj
 0001:00020a20       ?GetRemarksOnHiddenOS@BootEncryption@CipherShed@@IAE?AV?$basic_string@_WU?$char_traits@_W@std@@V?$allocator@_W@2@@std@@XZ 00421a20 f   BootEncryption.obj
 0001:00020b50       ?GetWindowsDirectoryA@BootEncryption@CipherShed@@IAE?AV?$basic_string@DU?$char_traits@D@std@@V?$allocator@D@2@@std@@XZ 00421b50 f   BootEncryption.obj
 0001:00020c00       ?GetTempPathA@BootEncryption@CipherShed@@QAE?AV?$basic_string@DU?$char_traits@D@std@@V?$allocator@D@2@@std@@XZ 00421c00 f   BootEncryption.obj
 0001:00020cb0       ?GetSystemLoaderBackupPath@BootEncryption@CipherShed@@IAE?AV?$basic_string@DU?$char_traits@D@std@@V?$allocator@D@2@@std@@XZ 00421cb0 f   BootEncryption.obj
 0001:00020e50       ?IsCDDrivePresent@BootEncryption@CipherShed@@QAE_NXZ 00421e50 f   BootEncryption.obj
 0001:00020f10       ?VerifyRescueDisk@BootEncryption@CipherShed@@QAE_NXZ 00421f10 f   BootEncryption.obj
 0001:000211c0       ?RegisterSystemFavoritesService@BootEncryption@CipherShed@@QAEXH@Z 004221c0 f   BootEncryption.obj
 0001:00021550       ?RestrictPagingFilesToSystemPartition@BootEncryption@CipherShed@@QAEXXZ 00422550 f   BootEncryption.obj
 0001:00021620       ?str@?$basic_stringstream@DU?$char_traits@D@std@@V?$allocator@D@2@@std@@QBE?AV?$basic_string@DU?$char_traits@D@std@@V?$allocator@D@2@@2@XZ 00422620 f i BootEncryption.obj
 0001:00021640       ?widen@?$basic_ios@DU?$char_traits@D@std@@@std@@QBEDD@Z 00422640 f i BootEncryption.obj
 0001:00021700       ??$use_facet@V?$num_put@DV?$ostreambuf_iterator@DU?$char_traits@D@std@@@std@@@std@@@std@@YAABV?$num_put@DV?$ostreambuf_iterator@DU?$char_traits@D@std@@@std@@@0@ABVlocale@0@@Z 00422700 f i BootEncryption.obj
 0001:00021850       ??$use_facet@V?$numpunct@D@std@@@std@@YAABV?$numpunct@D@0@ABVlocale@0@@Z 00422850 f i BootEncryption.obj
 0001:000219a0       ?SetDriverServiceStartType@BootEncryption@CipherShed@@QAEXK@Z 004229a0 f   BootEncryption.obj
 0001:00021d20       ?InitialSecurityChecksForHiddenOS@BootEncryption@CipherShed@@QAEXXZ 00422d20 f   BootEncryption.obj
 0001:00022260       ??1ErrorException@CipherShed@@QAE@XZ 00423260 f i BootEncryption.obj
 0001:00022290       ??0ErrorException@CipherShed@@QAE@ABU01@@Z 00423290 f i BootEncryption.obj
 0001:000222d0       ?erase@?$list@UPartition@CipherShed@@V?$allocator@UPartition@CipherShed@@@std@@@std@@QAE?AV?$_Iterator@$00@12@V?$_Const_iterator@$00@12@@Z 004232d0 f i BootEncryption.obj
 0001:00022360       ?do_put@?$num_put@DV?$ostreambuf_iterator@DU?$char_traits@D@std@@@std@@@std@@MBE?AV?$ostreambuf_iterator@DU?$char_traits@D@std@@@2@V32@AAVios_base@2@D_N@Z 00423360 f i BootEncryption.obj
 0001:00022580       ?_Buynode@?$list@UPartition@CipherShed@@V?$allocator@UPartition@CipherShed@@@std@@@std@@IAEPAU_Node@?$_List_nod@UPartition@CipherShed@@V?$allocator@UPartition@CipherShed@@@std@@@2@PAU342@0ABUPartition@CipherShed@@@Z 00423580 f i BootEncryption.obj
 0001:00022620       ?_Fput@?$num_put@DV?$ostreambuf_iterator@DU?$char_traits@D@std@@@std@@@std@@ABA?AV?$ostreambuf_iterator@DU?$char_traits@D@std@@@2@V32@AAVios_base@2@DPBDIIII@Z 00423620 f i BootEncryption.obj
 0001:00022cb0       ?_Iput@?$num_put@DV?$ostreambuf_iterator@DU?$char_traits@D@std@@@std@@@std@@ABA?AV?$ostreambuf_iterator@DU?$char_traits@D@std@@@2@V32@AAVios_base@2@DPADI@Z 00423cb0 f i BootEncryption.obj
 0001:00022fa0       ?flush@?$basic_ostream@_WU?$char_traits@_W@std@@@std@@QAEAAV12@XZ 00423fa0 f i Tcformat.obj
 0001:00022fa0       ?flush@?$basic_ostream@DU?$char_traits@D@std@@@std@@QAEAAV12@XZ 00423fa0 f i BootEncryption.obj
 0001:00022ff0       ??0sentry@?$basic_ostream@_WU?$char_traits@_W@std@@@std@@QAE@AAV12@@Z 00423ff0 f i Tcformat.obj
 0001:00022ff0       ??0sentry@?$basic_ostream@DU?$char_traits@D@std@@@std@@QAE@AAV12@@Z 00423ff0 f i BootEncryption.obj
 0001:00023080       ?do_put@?$num_put@DV?$ostreambuf_iterator@DU?$char_traits@D@std@@@std@@@std@@MBE?AV?$ostreambuf_iterator@DU?$char_traits@D@std@@@2@V32@AAVios_base@2@DJ@Z 00424080 f i BootEncryption.obj
 0001:00023100       ?do_put@?$num_put@DV?$ostreambuf_iterator@DU?$char_traits@D@std@@@std@@@std@@MBE?AV?$ostreambuf_iterator@DU?$char_traits@D@std@@@2@V32@AAVios_base@2@DK@Z 00424100 f i BootEncryption.obj
 0001:00023180       ?do_put@?$num_put@DV?$ostreambuf_iterator@DU?$char_traits@D@std@@@std@@@std@@MBE?AV?$ostreambuf_iterator@DU?$char_traits@D@std@@@2@V32@AAVios_base@2@D_J@Z 00424180 f i BootEncryption.obj
 0001:00023210       ?do_put@?$num_put@DV?$ostreambuf_iterator@DU?$char_traits@D@std@@@std@@@std@@MBE?AV?$ostreambuf_iterator@DU?$char_traits@D@std@@@2@V32@AAVios_base@2@D_K@Z 00424210 f i BootEncryption.obj
 0001:000232a0       ?do_put@?$num_put@DV?$ostreambuf_iterator@DU?$char_traits@D@std@@@std@@@std@@MBE?AV?$ostreambuf_iterator@DU?$char_traits@D@std@@@2@V32@AAVios_base@2@DN@Z 004242a0 f i BootEncryption.obj
 0001:00023490       ?do_put@?$num_put@DV?$ostreambuf_iterator@DU?$char_traits@D@std@@@std@@@std@@MBE?AV?$ostreambuf_iterator@DU?$char_traits@D@std@@@2@V32@AAVios_base@2@DO@Z 00424490 f i BootEncryption.obj
 0001:00023670       ?do_put@?$num_put@DV?$ostreambuf_iterator@DU?$char_traits@D@std@@@std@@@std@@MBE?AV?$ostreambuf_iterator@DU?$char_traits@D@std@@@2@V32@AAVios_base@2@DPBX@Z 00424670 f i BootEncryption.obj
 0001:000236e0       ??$_Insert@V?$_Const_iterator@$00@?$list@UPartition@CipherShed@@V?$allocator@UPartition@CipherShed@@@std@@@std@@@?$list@UPartition@CipherShed@@V?$allocator@UPartition@CipherShed@@@std@@@std@@QAEXV?$_Const_iterator@$00@01@00Uforward_iterator_tag@1@@Z 004246e0 f i BootEncryption.obj
 0001:00023840       ??0?$basic_iostream@DU?$char_traits@D@std@@@std@@QAE@PAV?$basic_streambuf@DU?$char_traits@D@std@@@1@@Z 00424840 f i BootEncryption.obj
 0001:00023920       ??1sentry@?$basic_ostream@DU?$char_traits@D@std@@@std@@QAE@XZ 00424920 f i BootEncryption.obj
 0001:00023920       ??1sentry@?$basic_ostream@_WU?$char_traits@_W@std@@@std@@QAE@XZ 00424920 f i Tcformat.obj
 0001:00023990       ??$?6U?$char_traits@D@std@@@std@@YAAAV?$basic_ostream@DU?$char_traits@D@std@@@0@AAV10@PBD@Z 00424990 f i BootEncryption.obj
 0001:00023ba0       ??$?6_WU?$char_traits@_W@std@@@std@@YAAAV?$basic_ostream@_WU?$char_traits@_W@std@@@0@AAV10@PBD@Z 00424ba0 f i BootEncryption.obj
 0001:00023e70       ??0SystemDriveConfiguration@CipherShed@@QAE@XZ 00424e70 f i BootEncryption.obj
 0001:00023f50       ??1BootEncryption@CipherShed@@QAE@XZ 00424f50 f   BootEncryption.obj
 0001:00023ff0       ??1?$ContainerForward@V?$list@UPartition@CipherShed@@V?$allocator@UPartition@CipherShed@@@std@@@std@@@ForEach@CipherShed@@UAE@XZ 00424ff0 f i BootEncryption.obj
 0001:00024030       ??6?$basic_ostream@DU?$char_traits@D@std@@@std@@QAEAAV01@H@Z 00425030 f i BootEncryption.obj
 0001:00024180       ??0?$list@UPartition@CipherShed@@V?$allocator@UPartition@CipherShed@@@std@@@std@@QAE@ABV01@@Z 00425180 f i BootEncryption.obj
 0001:00024230       ??0?$basic_stringstream@DU?$char_traits@D@std@@V?$allocator@D@2@@std@@QAE@H@Z 00425230 f i BootEncryption.obj
 0001:000242d0       ??0?$ContainerForward@V?$list@UPartition@CipherShed@@V?$allocator@UPartition@CipherShed@@@std@@@std@@@ForEach@CipherShed@@QAE@ABV?$list@UPartition@CipherShed@@V?$allocator@UPartition@CipherShed@@@std@@@std@@@Z 004252d0 f i BootEncryption.obj
 0001:00024360       ??_G?$ContainerForward@V?$list@UPartition@CipherShed@@V?$allocator@UPartition@CipherShed@@@std@@@std@@@ForEach@CipherShed@@UAEPAXI@Z 00425360 f i BootEncryption.obj
 0001:00024360       ??_E?$ContainerForward@V?$list@UPartition@CipherShed@@V?$allocator@UPartition@CipherShed@@@std@@@std@@@ForEach@CipherShed@@UAEPAXI@Z 00425360 f i BootEncryption.obj
 0001:000243b0       ??0BootEncryption@CipherShed@@QAE@PAUHWND__@@@Z 004253b0 f   BootEncryption.obj
 0001:00024440       ?GetDrivePartitions@BootEncryption@CipherShed@@IAE?AV?$list@UPartition@CipherShed@@V?$allocator@UPartition@CipherShed@@@std@@@std@@H@Z 00425440 f   BootEncryption.obj
 0001:00024b10       ?GetDriveGeometry@BootEncryption@CipherShed@@IAE?AU_DISK_GEOMETRY@@H@Z 00425b10 f   BootEncryption.obj
 0001:00024c40       ??0SystemDriveConfiguration@CipherShed@@QAE@ABU01@@Z 00425c40 f i BootEncryption.obj
 0001:00024d50       ??$GetContainerForward@V?$list@UPartition@CipherShed@@V?$allocator@UPartition@CipherShed@@@std@@@std@@@ForEach@CipherShed@@SA?AU?$ContainerForward@V?$list@UPartition@CipherShed@@V?$allocator@UPartition@CipherShed@@@std@@@std@@@01@ABV?$list@UPartition@CipherShed@@V?$allocator@UPartition@CipherShed@@@std@@@std@@@Z 00425d50 f i BootEncryption.obj
 0001:00024d70       ?Write@File@CipherShed@@QAEXPAEK@Z 00425d70 f   BootEncryption.obj
 0001:00024f00       ??4SystemDriveConfiguration@CipherShed@@QAEAAU01@ABU01@@Z 00425f00 f i BootEncryption.obj
 0001:00024ff0       ?RegisterFilter@BootEncryption@CipherShed@@IAEX_NW4FilterType@12@PBU_GUID@@@Z 00425ff0 f   BootEncryption.obj
 0001:00025770       ?RegisterFilterDriver@BootEncryption@CipherShed@@QAEX_NW4FilterType@12@@Z 00426770 f   BootEncryption.obj
 0001:00025830       ?RegisterBootDriver@BootEncryption@CipherShed@@QAEX_N@Z 00426830 f   BootEncryption.obj
 0001:00025bf0       ?GetSystemDriveConfiguration@BootEncryption@CipherShed@@QAE?AUSystemDriveConfiguration@2@XZ 00426bf0 f   BootEncryption.obj
 0001:00026950       ?SystemPartitionCoversWholeDrive@BootEncryption@CipherShed@@QAE_NXZ 00427950 f   BootEncryption.obj
 0001:00026a30       ?CreateBootLoaderInMemory@BootEncryption@CipherShed@@IAEXPAEI_N1@Z 00427a30 f   BootEncryption.obj
 0001:00026ef0       ?ReadBootSectorConfig@BootEncryption@CipherShed@@QAEXPAEI0PAV?$basic_string@DU?$char_traits@D@std@@V?$allocator@D@2@@std@@PAG@Z 00427ef0 f   BootEncryption.obj
 0001:000270a0       ?WriteBootSectorConfig@BootEncryption@CipherShed@@QAEXQBE@Z 004280a0 f   BootEncryption.obj
 0001:00027340       ?GetHiddenOSCreationPhase@BootEncryption@CipherShed@@QAEIXZ 00428340 f   BootEncryption.obj
 0001:00027360       ?SetHiddenOSCreationPhase@BootEncryption@CipherShed@@QAEXI@Z 00428360 f   BootEncryption.obj
 0001:00027420       ?InstallBootLoader@BootEncryption@CipherShed@@QAEX_N0@Z 00428420 f   BootEncryption.obj
 0001:000277f0       ?CreateRescueIsoImage@BootEncryption@CipherShed@@QAEX_NABV?$basic_string@DU?$char_traits@D@std@@V?$allocator@D@2@@std@@@Z 004287f0 f   BootEncryption.obj
 0001:00027c40       ?InstallVolumeHeader@BootEncryption@CipherShed@@IAEXXZ 00428c40 f   BootEncryption.obj
 0001:00027dd0       ?BackupSystemLoader@BootEncryption@CipherShed@@IAEXXZ 00428dd0 f   BootEncryption.obj
 0001:00028070       ?RestoreSystemLoader@BootEncryption@CipherShed@@IAEXXZ 00429070 f   BootEncryption.obj
 0001:00028320       ?Deinstall@BootEncryption@CipherShed@@QAEX_N@Z 00429320 f   BootEncryption.obj
 0001:00028680       ?Install@BootEncryption@CipherShed@@QAEX_N@Z 00429680 f   BootEncryption.obj
 0001:00028760       ?GetPartitionForHiddenOS@BootEncryption@CipherShed@@QAE?AUPartition@2@XZ 00429760 f   BootEncryption.obj
 0001:000292e0       ?ProbeRealSystemDriveSize@BootEncryption@CipherShed@@QAEXXZ 0042a2e0 f   BootEncryption.obj
 0001:000293c0       ??0TimeOut@CipherShed@@QAE@ABU01@@Z 0042a3c0 f i BootEncryption.obj
 0001:000293d0       ?SystemDriveContainsPartitionType@BootEncryption@CipherShed@@QAE_NE@Z 0042a3d0 f   BootEncryption.obj
 0001:000295d0       ?SystemDriveContainsExtendedPartition@BootEncryption@CipherShed@@QAE_NXZ 0042a5d0 f   BootEncryption.obj
 0001:00029600       ?SystemDriveContainsNonStandardPartitions@BootEncryption@CipherShed@@QAE_NXZ 0042a600 f   BootEncryption.obj
 0001:00029660       ?SystemDriveIsDynamic@BootEncryption@CipherShed@@QAE_NXZ 0042a660 f   BootEncryption.obj
 0001:00029700       ?WipeHiddenOSCreationConfig@BootEncryption@CipherShed@@QAEXXZ 0042a700 f   BootEncryption.obj
 0001:00029a50       ?CheckRequirements@BootEncryption@CipherShed@@QAEXXZ 0042aa50 f   BootEncryption.obj
 0001:00029d60       ?CheckRequirementsHiddenOS@BootEncryption@CipherShed@@QAEXXZ 0042ad60 f   BootEncryption.obj
 0001:00029d90       ?PrepareHiddenOSCreation@BootEncryption@CipherShed@@QAEXHHH@Z 0042ad90 f   BootEncryption.obj
 0001:00029df0       ?PrepareInstallation@BootEncryption@CipherShed@@QAEX_NAAUPassword@@HHHABV?$basic_string@DU?$char_traits@D@std@@V?$allocator@D@2@@std@@@Z 0042adf0 f   BootEncryption.obj
 0001:0002a050       _CommandHelpDlgProc@16     0042b050 f   Cmdline.obj
 0001:0002a1c0       _Win32CommandLine          0042b1c0 f   Cmdline.obj
 0001:0002a300       _GetArgumentID             0042b300 f   Cmdline.obj
 0001:0002a670       _GetArgumentValue          0042b670 f   Cmdline.obj
 0001:0002a6f0       _AddComboItem              0042b6f0 f   Combo.obj
 0001:0002a7b0       _MoveEditToCombo           0042b7b0 f   Combo.obj
 0001:0002a910       _GetOrderComboIdx          0042b910 f   Combo.obj
 0001:0002a9b0       _UpdateComboOrder          0042b9b0 f   Combo.obj
 0001:0002aa00       _LoadCombo                 0042ba00 f   Combo.obj
 0001:0002aac0       _DumpCombo                 0042bac0 f   Combo.obj
 0001:0002ac50       _ClearCombo                0042bc50 f   Combo.obj
 0001:0002ac80       _crc32int                  0042bc80 f   Crc.obj
 0001:0002ad20       _crc32_selfTestLarge       0042bd20 f   Crc.obj
 0001:0002adf0       _GetCrc32                  0042bdf0 f   Crc.obj
 0001:0002ae00       _crc32_selftests           0042be00 f   Crc.obj
 0001:0002ae10       _CipherGetName             0042be10 f   Crypto.obj
 0001:0002ae50       _CipherGetBlockSize        0042be50 f   Crypto.obj
 0001:0002ae90       _CipherGetKeySize          0042be90 f   Crypto.obj
 0001:0002aed0       _CipherGetKeyScheduleSize  0042bed0 f   Crypto.obj
 0001:0002af10       _EAGetFirst                0042bf10 f   Crypto.obj
 0001:0002af20       _EAGetNext                 0042bf20 f   Crypto.obj
 0001:0002af40       _EAGetFirstMode            0042bf40 f   Crypto.obj
 0001:0002af50       _EAGetNextMode             0042bf50 f   Crypto.obj
 0001:0002afa0       _EAGetCipherCount          0042bfa0 f   Crypto.obj
 0001:0002afc0       _EAGetFirstCipher          0042bfc0 f   Crypto.obj
 0001:0002afd0       _EAGetLastCipher           0042bfd0 f   Crypto.obj
 0001:0002b000       _EAGetNextCipher           0042c000 f   Crypto.obj
 0001:0002b050       _EAGetPreviousCipher       0042c050 f   Crypto.obj
 0001:0002b0a0       _EAIsFormatEnabled         0042c0a0 f   Crypto.obj
 0001:0002b0b0       _EAIsModeSupported         0042c0b0 f   Crypto.obj
 0001:0002b130       _HashGetName               0042c130 f   Crypto.obj
 0001:0002b170       _HashIsDeprecated          0042c170 f   Crypto.obj
 0001:0002b1b0       _crypto_open               0042c1b0 f   Crypto.obj
 0001:0002b1f0       _crypto_loadkey            0042c1f0 f   Crypto.obj
 0001:0002b240       _crypto_close              0042c240 f   Crypto.obj
 0001:0002b390       _EncryptDataUnits          0042c390 f   Crypto.obj
 0001:0002b3b0       _DecryptDataUnits          0042c3b0 f   Crypto.obj
 0001:0002b3d0       _IsAesHwCpuSupported       0042c3d0 f   Crypto.obj
 0001:0002b410       _EnableHwEncryption        0042c410 f   Crypto.obj
 0001:0002b420       _IsHwEncryptionEnabled     0042c420 f   Crypto.obj
 0001:0002b430       _CipherInit                0042c430 f   Crypto.obj
 0001:0002b5c0       _EncipherBlock             0042c5c0 f   Crypto.obj
 0001:0002b680       _EncipherBlocks            0042c680 f   Crypto.obj
 0001:0002b700       _DecipherBlock             0042c700 f   Crypto.obj
 0001:0002b7e0       _DecipherBlocks            0042c7e0 f   Crypto.obj
 0001:0002b860       _CipherSupportsIntraDataUnitParallelization 0042c860 f   Crypto.obj
 0001:0002b8b0       _EAInit                    0042c8b0 f   Crypto.obj
 0001:0002b990       _EAInitMode                0042c990 f   Crypto.obj
 0001:0002ba40       _EAGetName                 0042ca40 f   Crypto.obj
 0001:0002bb80       _EAGetByName               0042cb80 f   Crypto.obj
 0001:0002bc40       _EAGetKeySize              0042cc40 f   Crypto.obj
 0001:0002bcd0       _EAGetKeyScheduleSize      0042ccd0 f   Crypto.obj
 0001:0002bd60       _EAGetLargestKeyForMode    0042cd60 f   Crypto.obj
 0001:0002bdb0       _EncryptBufferLRW128       0042cdb0 f   Crypto.obj
 0001:0002bfe0       _EncryptBufferLRW64        0042cfe0 f   Crypto.obj
 0001:0002c120       _DecryptBufferLRW128       0042d120 f   Crypto.obj
 0001:0002c390       _DecryptBufferLRW64        0042d390 f   Crypto.obj
 0001:0002c8e0       _EncryptBuffer             0042d8e0 f   Crypto.obj
 0001:0002ca80       _EncryptDataUnitsCurrentThread 0042da80 f   Crypto.obj
 0001:0002ce80       _DecryptBuffer             0042de80 f   Crypto.obj
 0001:0002d040       _DecryptDataUnitsCurrentThread 0042e040 f   Crypto.obj
 0001:0002d3d0       _GetMaxPkcs5OutSize        0042e3d0 f   Crypto.obj
 0001:0002d480       _AddPoolData               0042e480 f   Dictionary.obj
 0001:0002d4f0       ?_Max@?$_Tree@V?$_Tmap_traits@V?$basic_string@DU?$char_traits@D@std@@V?$allocator@D@2@@std@@PAXU?$less@V?$basic_string@DU?$char_traits@D@std@@V?$allocator@D@2@@std@@@2@V?$allocator@U?$pair@$$CBV?$basic_string@DU?$char_traits@D@std@@V?$allocator@D@2@@std@@PAX@std@@@2@$0A@@std@@@std@@KAPAU_Node@?$_Tree_nod@V?$_Tmap_traits@V?$basic_string@DU?$char_traits@D@std@@V?$allocator@D@2@@std@@PAXU?$less@V?$basic_string@DU?$char_traits@D@std@@V?$allocator@D@2@@std@@@2@V?$allocator@U?$pair@$$CBV?$basic_string@DU?$char_traits@D@std@@V?$allocator@D@2@@std@@PAX@std@@@2@$0A@@std@@@2@PAU342@@Z 0042e4f0 f i Dictionary.obj
 0001:0002d510       ?_Min@?$_Tree@V?$_Tmap_traits@V?$basic_string@DU?$char_traits@D@std@@V?$allocator@D@2@@std@@PAXU?$less@V?$basic_string@DU?$char_traits@D@std@@V?$allocator@D@2@@std@@@2@V?$allocator@U?$pair@$$CBV?$basic_string@DU?$char_traits@D@std@@V?$allocator@D@2@@std@@PAX@std@@@2@$0A@@std@@@std@@KAPAU_Node@?$_Tree_nod@V?$_Tmap_traits@V?$basic_string@DU?$char_traits@D@std@@V?$allocator@D@2@@std@@PAXU?$less@V?$basic_string@DU?$char_traits@D@std@@V?$allocator@D@2@@std@@@2@V?$allocator@U?$pair@$$CBV?$basic_string@DU?$char_traits@D@std@@V?$allocator@D@2@@std@@PAX@std@@@2@$0A@@std@@@2@PAU342@@Z 0042e510 f i Dictionary.obj
 0001:0002d530       ?_Max@?$_Tree@V?$_Tmap_traits@HPAXU?$less@H@std@@V?$allocator@U?$pair@$$CBHPAX@std@@@2@$0A@@std@@@std@@KAPAU_Node@?$_Tree_nod@V?$_Tmap_traits@HPAXU?$less@H@std@@V?$allocator@U?$pair@$$CBHPAX@std@@@2@$0A@@std@@@2@PAU342@@Z 0042e530 f i Dictionary.obj
 0001:0002d550       ?_Min@?$_Tree@V?$_Tmap_traits@HPAXU?$less@H@std@@V?$allocator@U?$pair@$$CBHPAX@std@@@2@$0A@@std@@@std@@KAPAU_Node@?$_Tree_nod@V?$_Tmap_traits@HPAXU?$less@H@std@@V?$allocator@U?$pair@$$CBHPAX@std@@@2@$0A@@std@@@2@PAU342@@Z 0042e550 f i Dictionary.obj
 0001:0002d570       ?compare@?$basic_string@DU?$char_traits@D@std@@V?$allocator@D@2@@std@@QBEHIIPBDI@Z 0042e570 f i Dictionary.obj
 0001:0002d5e0       ?_Lrotate@?$_Tree@V?$_Tmap_traits@V?$basic_string@DU?$char_traits@D@std@@V?$allocator@D@2@@std@@PAXU?$less@V?$basic_string@DU?$char_traits@D@std@@V?$allocator@D@2@@std@@@2@V?$allocator@U?$pair@$$CBV?$basic_string@DU?$char_traits@D@std@@V?$allocator@D@2@@std@@PAX@std@@@2@$0A@@std@@@std@@IAEXPAU_Node@?$_Tree_nod@V?$_Tmap_traits@V?$basic_string@DU?$char_traits@D@std@@V?$allocator@D@2@@std@@PAXU?$less@V?$basic_string@DU?$char_traits@D@std@@V?$allocator@D@2@@std@@@2@V?$allocator@U?$pair@$$CBV?$basic_string@DU?$char_traits@D@std@@V?$allocator@D@2@@std@@PAX@std@@@2@$0A@@std@@@2@@Z 0042e5e0 f i Dictionary.obj
 0001:0002d630       ?_Rrotate@?$_Tree@V?$_Tmap_traits@V?$basic_string@DU?$char_traits@D@std@@V?$allocator@D@2@@std@@PAXU?$less@V?$basic_string@DU?$char_traits@D@std@@V?$allocator@D@2@@std@@@2@V?$allocator@U?$pair@$$CBV?$basic_string@DU?$char_traits@D@std@@V?$allocator@D@2@@std@@PAX@std@@@2@$0A@@std@@@std@@IAEXPAU_Node@?$_Tree_nod@V?$_Tmap_traits@V?$basic_string@DU?$char_traits@D@std@@V?$allocator@D@2@@std@@PAXU?$less@V?$basic_string@DU?$char_traits@D@std@@V?$allocator@D@2@@std@@@2@V?$allocator@U?$pair@$$CBV?$basic_string@DU?$char_traits@D@std@@V?$allocator@D@2@@std@@PAX@std@@@2@$0A@@std@@@2@@Z 0042e630 f i Dictionary.obj
 0001:0002d690       ?_Lrotate@?$_Tree@V?$_Tmap_traits@HPAXU?$less@H@std@@V?$allocator@U?$pair@$$CBHPAX@std@@@2@$0A@@std@@@std@@IAEXPAU_Node@?$_Tree_nod@V?$_Tmap_traits@HPAXU?$less@H@std@@V?$allocator@U?$pair@$$CBHPAX@std@@@2@$0A@@std@@@2@@Z 0042e690 f i Dictionary.obj
[...]
 0001:0008d550       __unwindfunclet$??1?$ContainerForward@V?$map@KUPkcs11Session@CipherShed@@U?$less@K@std@@V?$allocator@U?$pair@$$CBKUPkcs11Session@CipherShed@@@std@@@4@@std@@@ForEach@CipherShed@@UAE@XZ$0 0048e550 f   SecurityToken.obj
 0001:0008d558       __ehhandler$??1?$ContainerForward@V?$vector@UHostDevice@@V?$allocator@UHostDevice@@@std@@@std@@@ForEach@CipherShed@@UAE@XZ 0048e558 f   SecurityToken.obj
 0001:0008d558       __ehhandler$??1?$ContainerForward@V?$map@KUPkcs11Session@CipherShed@@U?$less@K@std@@V?$allocator@U?$pair@$$CBKUPkcs11Session@CipherShed@@@std@@@4@@std@@@ForEach@CipherShed@@UAE@XZ 0048e558 f   SecurityToken.obj
 0001:0008d580       __ehhandler$??1Finally331@?5??GetObjects@SecurityToken@CipherShed@@KA?AV?$vector@KV?$allocator@K@std@@@std@@KK@Z@QAE@XZ 0048e580 f   SecurityToken.obj
 0001:0008d5a0       __unwindfunclet$?GetObjectAttribute@SecurityToken@CipherShed@@KAXKKKAAV?$vector@EV?$allocator@E@std@@@std@@@Z$0 0048e5a0 f   SecurityToken.obj
 0001:0008d5a8       __ehhandler$?GetObjectAttribute@SecurityToken@CipherShed@@KAXKKKAAV?$vector@EV?$allocator@E@std@@@std@@@Z 0048e5a8 f   SecurityToken.obj
 0001:0008d5d0       __unwindfunclet$?GetTokenSlots@SecurityToken@CipherShed@@KA?AV?$list@KV?$allocator@K@std@@@std@@XZ$0 0048e5d0 f   SecurityToken.obj
 0001:0008d5f2       __unwindfunclet$?GetTokenSlots@SecurityToken@CipherShed@@KA?AV?$list@KV?$allocator@K@std@@@std@@XZ$1 0048e5f2 f   SecurityToken.obj
 0001:0008d5fd       __ehhandler$?GetTokenSlots@SecurityToken@CipherShed@@KA?AV?$list@KV?$allocator@K@std@@@std@@XZ 0048e5fd f   SecurityToken.obj
 0001:0008d630       __unwindfunclet$?CloseAllSessions@SecurityToken@CipherShed@@SAXXZ$2 0048e630 f   SecurityToken.obj
 0001:0008d638       __unwindfunclet$?CloseAllSessions@SecurityToken@CipherShed@@SAXXZ$3 0048e638 f   SecurityToken.obj
 0001:0008d640       __ehhandler$?CloseAllSessions@SecurityToken@CipherShed@@SAXXZ 0048e640 f   SecurityToken.obj
 0001:0008d660       __unwindfunclet$?GetObjects@SecurityToken@CipherShed@@KA?AV?$vector@KV?$allocator@K@std@@@std@@KK@Z$0 0048e660 f   SecurityToken.obj
 0001:0008d66a       __unwindfunclet$?GetObjects@SecurityToken@CipherShed@@KA?AV?$vector@KV?$allocator@K@std@@@std@@KK@Z$1 0048e66a f   SecurityToken.obj
 0001:0008d683       __ehhandler$?GetObjects@SecurityToken@CipherShed@@KA?AV?$vector@KV?$allocator@K@std@@@std@@KK@Z 0048e683 f   SecurityToken.obj
 0001:0008d6a0       __unwindfunclet$??6?$basic_ostream@_WU?$char_traits@_W@std@@@std@@QAEAAV01@_K@Z$2 0048e6a0 f   SecurityToken.obj
 0001:0008d6a8       __unwindfunclet$??6?$basic_ostream@_WU?$char_traits@_W@std@@@std@@QAEAAV01@_K@Z$3 0048e6a8 f   SecurityToken.obj
 0001:0008d6b0       __ehhandler$??6?$basic_ostream@_WU?$char_traits@_W@std@@@std@@QAEAAV01@_K@Z 0048e6b0 f   SecurityToken.obj
 0001:0008d6d0       __unwindfunclet$??BSecurityTokenKeyfile@CipherShed@@QBE?AUSecurityTokenKeyfilePath@1@XZ$0 0048e6d0 f   SecurityToken.obj
 0001:0008d6db       __unwindfunclet$??BSecurityTokenKeyfile@CipherShed@@QBE?AUSecurityTokenKeyfilePath@1@XZ$1 0048e6db f   SecurityToken.obj
 0001:0008d6e6       __unwindfunclet$??BSecurityTokenKeyfile@CipherShed@@QBE?AUSecurityTokenKeyfilePath@1@XZ$2 0048e6e6 f   SecurityToken.obj
 0001:0008d705       __ehhandler$??BSecurityTokenKeyfile@CipherShed@@QBE?AUSecurityTokenKeyfilePath@1@XZ 0048e705 f   SecurityToken.obj
 0001:0008d730       __unwindfunclet$?GetAvailableTokens@SecurityToken@CipherShed@@SA?AV?$list@USecurityTokenInfo@CipherShed@@V?$allocator@USecurityTokenInfo@CipherShed@@@std@@@std@@XZ$2 0048e730 f   SecurityToken.obj
 0001:0008d749       __unwindfunclet$?GetAvailableTokens@SecurityToken@CipherShed@@SA?AV?$list@USecurityTokenInfo@CipherShed@@V?$allocator@USecurityTokenInfo@CipherShed@@@std@@@std@@XZ$3 0048e749 f   SecurityToken.obj
 0001:0008d754       __unwindfunclet$?GetAvailableTokens@SecurityToken@CipherShed@@SA?AV?$list@USecurityTokenInfo@CipherShed@@V?$allocator@USecurityTokenInfo@CipherShed@@@std@@@std@@XZ$4 0048e754 f   SecurityToken.obj
 0001:0008d75c       __unwindfunclet$?GetAvailableTokens@SecurityToken@CipherShed@@SA?AV?$list@USecurityTokenInfo@CipherShed@@V?$allocator@USecurityTokenInfo@CipherShed@@@std@@@std@@XZ$6 0048e75c f   SecurityToken.obj
 0001:0008d764       __ehhandler$?GetAvailableTokens@SecurityToken@CipherShed@@SA?AV?$list@USecurityTokenInfo@CipherShed@@V?$allocator@USecurityTokenInfo@CipherShed@@@std@@@std@@XZ 0048e764 f   SecurityToken.obj
 0001:0008d790       __unwindfunclet$?LoginUserIfRequired@SecurityToken@CipherShed@@KAXK@Z$4 0048e790 f   SecurityToken.obj
 0001:0008d798       __unwindfunclet$?LoginUserIfRequired@SecurityToken@CipherShed@@KAXK@Z$5 0048e798 f   SecurityToken.obj
 0001:0008d7a0       __unwindfunclet$?LoginUserIfRequired@SecurityToken@CipherShed@@KAXK@Z$6 0048e7a0 f   SecurityToken.obj
 0001:0008d7ab       __unwindfunclet$?LoginUserIfRequired@SecurityToken@CipherShed@@KAXK@Z$7 0048e7ab f   SecurityToken.obj
 0001:0008d7b3       __unwindfunclet$?LoginUserIfRequired@SecurityToken@CipherShed@@KAXK@Z$8 0048e7b3 f   SecurityToken.obj
 0001:0008d7bb       __ehhandler$?LoginUserIfRequired@SecurityToken@CipherShed@@KAXK@Z 0048e7bb f   SecurityToken.obj
 0001:0008d7f0       __unwindfunclet$?InitLibrary@SecurityToken@CipherShed@@SAXABV?$basic_string@DU?$char_traits@D@std@@V?$allocator@D@2@@std@@V?$auto_ptr@UGetPinFunctor@CipherShed@@@4@V?$auto_ptr@USendExceptionFunctor@CipherShed@@@4@@Z$0 0048e7f0 f   SecurityToken.obj
 0001:0008d7f8       __unwindfunclet$?InitLibrary@SecurityToken@CipherShed@@SAXABV?$basic_string@DU?$char_traits@D@std@@V?$allocator@D@2@@std@@V?$auto_ptr@UGetPinFunctor@CipherShed@@@4@V?$auto_ptr@USendExceptionFunctor@CipherShed@@@4@@Z$1 0048e7f8 f   SecurityToken.obj
 0001:0008d800       __ehhandler$?InitLibrary@SecurityToken@CipherShed@@SAXABV?$basic_string@DU?$char_traits@D@std@@V?$allocator@D@2@@std@@V?$auto_ptr@UGetPinFunctor@CipherShed@@@4@V?$auto_ptr@USendExceptionFunctor@CipherShed@@@4@@Z 0048e800 f   SecurityToken.obj
 0001:0008d820       __unwindfunclet$??BPkcs11Exception@CipherShed@@QBE?AV?$basic_string@DU?$char_traits@D@std@@V?$allocator@D@2@@std@@XZ$0 0048e820 f   SecurityToken.obj
 0001:0008d83f       __unwindfunclet$??BPkcs11Exception@CipherShed@@QBE?AV?$basic_string@DU?$char_traits@D@std@@V?$allocator@D@2@@std@@XZ$1 0048e83f f   SecurityToken.obj
 0001:0008d84a       __ehhandler$??BPkcs11Exception@CipherShed@@QBE?AV?$basic_string@DU?$char_traits@D@std@@V?$allocator@D@2@@std@@XZ 0048e84a f   SecurityToken.obj
 0001:0008d870       __unwindfunclet$?Show@Pkcs11Exception@CipherShed@@UBEXPAUHWND__@@@Z$0 0048e870 f   SecurityToken.obj
 0001:0008d87b       __unwindfunclet$?Show@Pkcs11Exception@CipherShed@@UBEXPAUHWND__@@@Z$1 0048e87b f   SecurityToken.obj
 0001:0008d886       __unwindfunclet$?Show@Pkcs11Exception@CipherShed@@UBEXPAUHWND__@@@Z$2 0048e886 f   SecurityToken.obj
 0001:0008d891       __unwindfunclet$?Show@Pkcs11Exception@CipherShed@@UBEXPAUHWND__@@@Z$3 0048e891 f   SecurityToken.obj
 0001:0008d89c       __unwindfunclet$?Show@Pkcs11Exception@CipherShed@@UBEXPAUHWND__@@@Z$5 0048e89c f   SecurityToken.obj
 0001:0008d8a7       __unwindfunclet$?Show@Pkcs11Exception@CipherShed@@UBEXPAUHWND__@@@Z$6 0048e8a7 f   SecurityToken.obj
 0001:0008d8b2       __unwindfunclet$?Show@Pkcs11Exception@CipherShed@@UBEXPAUHWND__@@@Z$7 0048e8b2 f   SecurityToken.obj
 0001:0008d8bd       __ehhandler$?Show@Pkcs11Exception@CipherShed@@UBEXPAUHWND__@@@Z 0048e8bd f   SecurityToken.obj
 0001:0008d8f0       __unwindfunclet$?_Insert_n@?$vector@USecurityTokenKeyfile@CipherShed@@V?$allocator@USecurityTokenKeyfile@CipherShed@@@std@@@std@@IAEXV?$_Vector_const_iterator@USecurityTokenKeyfile@CipherShed@@V?$allocator@USecurityTokenKeyfile@CipherShed@@@std@@@2@IABUSecurityTokenKeyfile@CipherShed@@@Z$4 0048e8f0 f   SecurityToken.obj
 0001:0008d8fb       __unwindfunclet$?_Insert_n@?$vector@USecurityTokenKeyfile@CipherShed@@V?$allocator@USecurityTokenKeyfile@CipherShed@@@std@@@std@@IAEXV?$_Vector_const_iterator@USecurityTokenKeyfile@CipherShed@@V?$allocator@USecurityTokenKeyfile@CipherShed@@@std@@@2@IABUSecurityTokenKeyfile@CipherShed@@@Z$5 0048e8fb f   SecurityToken.obj
 0001:0008d903       __ehhandler$?_Insert_n@?$vector@USecurityTokenKeyfile@CipherShed@@V?$allocator@USecurityTokenKeyfile@CipherShed@@@std@@@std@@IAEXV?$_Vector_const_iterator@USecurityTokenKeyfile@CipherShed@@V?$allocator@USecurityTokenKeyfile@CipherShed@@@std@@@2@IABUSecurityTokenKeyfile@CipherShed@@@Z 0048e903 f   SecurityToken.obj
 0001:0008d930       __unwindfunclet$?GetAvailableKeyfiles@SecurityToken@CipherShed@@SA?AV?$vector@USecurityTokenKeyfile@CipherShed@@V?$allocator@USecurityTokenKeyfile@CipherShed@@@std@@@std@@PAKV?$basic_string@_WU?$char_traits@_W@std@@V?$allocator@_W@2@@4@@Z$3 0048e930 f   SecurityToken.obj
 0001:0008d93b       __unwindfunclet$?GetAvailableKeyfiles@SecurityToken@CipherShed@@SA?AV?$vector@USecurityTokenKeyfile@CipherShed@@V?$allocator@USecurityTokenKeyfile@CipherShed@@@std@@@std@@PAKV?$basic_string@_WU?$char_traits@_W@std@@V?$allocator@_W@2@@4@@Z$4 0048e93b f   SecurityToken.obj
 0001:0008d954       __unwindfunclet$?GetAvailableKeyfiles@SecurityToken@CipherShed@@SA?AV?$vector@USecurityTokenKeyfile@CipherShed@@V?$allocator@USecurityTokenKeyfile@CipherShed@@@std@@@std@@PAKV?$basic_string@_WU?$char_traits@_W@std@@V?$allocator@_W@2@@4@@Z$5 0048e954 f   SecurityToken.obj
 0001:0008d95f       __unwindfunclet$?GetAvailableKeyfiles@SecurityToken@CipherShed@@SA?AV?$vector@USecurityTokenKeyfile@CipherShed@@V?$allocator@USecurityTokenKeyfile@CipherShed@@@std@@@std@@PAKV?$basic_string@_WU?$char_traits@_W@std@@V?$allocator@_W@2@@4@@Z$6 0048e95f f   SecurityToken.obj
 0001:0008d96a       __unwindfunclet$?GetAvailableKeyfiles@SecurityToken@CipherShed@@SA?AV?$vector@USecurityTokenKeyfile@CipherShed@@V?$allocator@USecurityTokenKeyfile@CipherShed@@@std@@@std@@PAKV?$basic_string@_WU?$char_traits@_W@std@@V?$allocator@_W@2@@4@@Z$8 0048e96a f   SecurityToken.obj
 0001:0008d972       __unwindfunclet$?GetAvailableKeyfiles@SecurityToken@CipherShed@@SA?AV?$vector@USecurityTokenKeyfile@CipherShed@@V?$allocator@USecurityTokenKeyfile@CipherShed@@@std@@@std@@PAKV?$basic_string@_WU?$char_traits@_W@std@@V?$allocator@_W@2@@4@@Z$9 0048e972 f   SecurityToken.obj
 0001:0008d97d       __unwindfunclet$?GetAvailableKeyfiles@SecurityToken@CipherShed@@SA?AV?$vector@USecurityTokenKeyfile@CipherShed@@V?$allocator@USecurityTokenKeyfile@CipherShed@@@std@@@std@@PAKV?$basic_string@_WU?$char_traits@_W@std@@V?$allocator@_W@2@@4@@Z$10 0048e97d f   SecurityToken.obj
 0001:0008d988       __unwindfunclet$?GetAvailableKeyfiles@SecurityToken@CipherShed@@SA?AV?$vector@USecurityTokenKeyfile@CipherShed@@V?$allocator@USecurityTokenKeyfile@CipherShed@@@std@@@std@@PAKV?$basic_string@_WU?$char_traits@_W@std@@V?$allocator@_W@2@@4@@Z$11 0048e988 f   SecurityToken.obj
 0001:0008d993       __unwindfunclet$?GetAvailableKeyfiles@SecurityToken@CipherShed@@SA?AV?$vector@USecurityTokenKeyfile@CipherShed@@V?$allocator@USecurityTokenKeyfile@CipherShed@@@std@@@std@@PAKV?$basic_string@_WU?$char_traits@_W@std@@V?$allocator@_W@2@@4@@Z$13 0048e993 f   SecurityToken.obj
 0001:0008d99b       __unwindfunclet$?GetAvailableKeyfiles@SecurityToken@CipherShed@@SA?AV?$vector@USecurityTokenKeyfile@CipherShed@@V?$allocator@USecurityTokenKeyfile@CipherShed@@@std@@@std@@PAKV?$basic_string@_WU?$char_traits@_W@std@@V?$allocator@_W@2@@4@@Z$18 0048e99b f   SecurityToken.obj
 0001:0008d9a3       __unwindfunclet$?GetAvailableKeyfiles@SecurityToken@CipherShed@@SA?AV?$vector@USecurityTokenKeyfile@CipherShed@@V?$allocator@USecurityTokenKeyfile@CipherShed@@@std@@@std@@PAKV?$basic_string@_WU?$char_traits@_W@std@@V?$allocator@_W@2@@4@@Z$14 0048e9a3 f   SecurityToken.obj
 0001:0008d9ab       __unwindfunclet$?GetAvailableKeyfiles@SecurityToken@CipherShed@@SA?AV?$vector@USecurityTokenKeyfile@CipherShed@@V?$allocator@USecurityTokenKeyfile@CipherShed@@@std@@@std@@PAKV?$basic_string@_WU?$char_traits@_W@std@@V?$allocator@_W@2@@4@@Z$21 0048e9ab f   SecurityToken.obj
 0001:0008d9b3       __unwindfunclet$?GetAvailableKeyfiles@SecurityToken@CipherShed@@SA?AV?$vector@USecurityTokenKeyfile@CipherShed@@V?$allocator@USecurityTokenKeyfile@CipherShed@@@std@@@std@@PAKV?$basic_string@_WU?$char_traits@_W@std@@V?$allocator@_W@2@@4@@Z$15 0048e9b3 f   SecurityToken.obj
 0001:0008d9bb       __unwindfunclet$?GetAvailableKeyfiles@SecurityToken@CipherShed@@SA?AV?$vector@USecurityTokenKeyfile@CipherShed@@V?$allocator@USecurityTokenKeyfile@CipherShed@@@std@@@std@@PAKV?$basic_string@_WU?$char_traits@_W@std@@V?$allocator@_W@2@@4@@Z$16 0048e9bb f   SecurityToken.obj
 0001:0008d9c6       __unwindfunclet$?GetAvailableKeyfiles@SecurityToken@CipherShed@@SA?AV?$vector@USecurityTokenKeyfile@CipherShed@@V?$allocator@USecurityTokenKeyfile@CipherShed@@@std@@@std@@PAKV?$basic_string@_WU?$char_traits@_W@std@@V?$allocator@_W@2@@4@@Z$17 0048e9c6 f   SecurityToken.obj
 0001:0008d9d1       __ehhandler$?GetAvailableKeyfiles@SecurityToken@CipherShed@@SA?AV?$vector@USecurityTokenKeyfile@CipherShed@@V?$allocator@USecurityTokenKeyfile@CipherShed@@@std@@@std@@PAKV?$basic_string@_WU?$char_traits@_W@std@@V?$allocator@_W@2@@4@@Z 0048e9d1 f   SecurityToken.obj
 0001:0008da00       __unwindfunclet$??0SecurityTokenKeyfile@CipherShed@@QAE@ABUSecurityTokenKeyfilePath@1@@Z$0 0048ea00 f   SecurityToken.obj
 0001:0008da0e       __unwindfunclet$??0SecurityTokenKeyfile@CipherShed@@QAE@ABUSecurityTokenKeyfilePath@1@@Z$1 0048ea0e f   SecurityToken.obj
 0001:0008da1c       __unwindfunclet$??0SecurityTokenKeyfile@CipherShed@@QAE@ABUSecurityTokenKeyfilePath@1@@Z$2 0048ea1c f   SecurityToken.obj
 0001:0008da2a       __unwindfunclet$??0SecurityTokenKeyfile@CipherShed@@QAE@ABUSecurityTokenKeyfilePath@1@@Z$3 0048ea2a f   SecurityToken.obj
 0001:0008da35       __unwindfunclet$??0SecurityTokenKeyfile@CipherShed@@QAE@ABUSecurityTokenKeyfilePath@1@@Z$4 0048ea35 f   SecurityToken.obj
 0001:0008da3d       __unwindfunclet$??0SecurityTokenKeyfile@CipherShed@@QAE@ABUSecurityTokenKeyfilePath@1@@Z$5 0048ea3d f   SecurityToken.obj
 0001:0008da45       __unwindfunclet$??0SecurityTokenKeyfile@CipherShed@@QAE@ABUSecurityTokenKeyfilePath@1@@Z$6 0048ea45 f   SecurityToken.obj
 0001:0008da4d       __unwindfunclet$??0SecurityTokenKeyfile@CipherShed@@QAE@ABUSecurityTokenKeyfilePath@1@@Z$8 0048ea4d f   SecurityToken.obj
 0001:0008da55       __ehhandler$??0SecurityTokenKeyfile@CipherShed@@QAE@ABUSecurityTokenKeyfilePath@1@@Z 0048ea55 f   SecurityToken.obj
 0001:0008da90       __unwindfunclet$?CreateKeyfile@SecurityToken@CipherShed@@SAXKAAV?$vector@EV?$allocator@E@std@@@std@@ABV?$basic_string@DU?$char_traits@D@std@@V?$allocator@D@2@@4@@Z$1 0048ea90 f   SecurityToken.obj
 0001:0008da98       __unwindfunclet$?CreateKeyfile@SecurityToken@CipherShed@@SAXKAAV?$vector@EV?$allocator@E@std@@@std@@ABV?$basic_string@DU?$char_traits@D@std@@V?$allocator@D@2@@4@@Z$2 0048ea98 f   SecurityToken.obj
 0001:0008daa3       __unwindfunclet$?CreateKeyfile@SecurityToken@CipherShed@@SAXKAAV?$vector@EV?$allocator@E@std@@@std@@ABV?$basic_string@DU?$char_traits@D@std@@V?$allocator@D@2@@4@@Z$5 0048eaa3 f   SecurityToken.obj
 0001:0008daae       __unwindfunclet$?CreateKeyfile@SecurityToken@CipherShed@@SAXKAAV?$vector@EV?$allocator@E@std@@@std@@ABV?$basic_string@DU?$char_traits@D@std@@V?$allocator@D@2@@4@@Z$6 0048eaae f   SecurityToken.obj
 0001:0008dab9       __ehhandler$?CreateKeyfile@SecurityToken@CipherShed@@SAXKAAV?$vector@EV?$allocator@E@std@@@std@@ABV?$basic_string@DU?$char_traits@D@std@@V?$allocator@D@2@@4@@Z 0048eab9 f   SecurityToken.obj
 0001:0008dada       __unwindfunclet$?_Xlen@_String_base@std@@SAXXZ$0 0048eada f   libcpmt:string.obj
 0001:0008dada       __unwindfunclet$?_Xran@_String_base@std@@SAXXZ$0 0048eada f   libcpmt:string.obj
 0001:0008dae2       __ehhandler$?_Xran@_String_base@std@@SAXXZ 0048eae2 f   libcpmt:string.obj
 0001:0008dae2       __ehhandler$?_Xlen@_String_base@std@@SAXXZ 0048eae2 f   libcpmt:string.obj
 0001:0008dafd       __unwindfunclet$?_Locimp_dtor@_Locimp@locale@std@@CAXPAV123@@Z$0 0048eafd f   libcpmt:locale0.obj
 0001:0008db05       __ehhandler$?_Locimp_dtor@_Locimp@locale@std@@CAXPAV123@@Z 0048eb05 f   libcpmt:locale0.obj
 0001:0008db20       __unwindfunclet$??0_Locimp@locale@std@@AAE@_N@Z$0 0048eb20 f   libcpmt:locale0.obj
 0001:0008db28       __ehhandler$??0_Locimp@locale@std@@AAE@_N@Z 0048eb28 f   libcpmt:locale0.obj
 0001:0008db43       __unwindfunclet$??1_Locimp@locale@std@@MAE@XZ$0 0048eb43 f   libcpmt:locale0.obj
 0001:0008db4b       __unwindfunclet$??1_Locimp@locale@std@@MAE@XZ$1 0048eb4b f   libcpmt:locale0.obj
 0001:0008db56       __ehhandler$??1_Locimp@locale@std@@MAE@XZ 0048eb56 f   libcpmt:locale0.obj
 0001:0008db71       __unwindfunclet$?_Init@locale@std@@CAPAV_Locimp@12@XZ$0 0048eb71 f   libcpmt:locale0.obj
 0001:0008db79       __unwindfunclet$?_Init@locale@std@@CAPAV_Locimp@12@XZ$1 0048eb79 f   libcpmt:locale0.obj
 0001:0008db83       __ehhandler$?_Init@locale@std@@CAPAV_Locimp@12@XZ 0048eb83 f   libcpmt:locale0.obj
 0001:0008db9e       __ehhandler$?CallUnexpected@@YAXPBU_s_ESTypeList@@@Z 0048eb9e f   LIBCMT:frame.obj
 0001:0008dbc0       ??__EDeferredNonSysInPlaceEncDevices@@YAXXZ 0048ebc0 f   Tcformat.obj
 0001:0008dc30       ??__EStringKeyMap@@YAXXZ   0048ec30 f   Dictionary.obj
 0001:0008dc60       ??__EIntKeyMap@@YAXXZ      0048ec60 f   Dictionary.obj
 0001:0008dc90       ??__EExtraBootPartitionDevicePath@@YAXXZ 0048ec90 f   Dlgcode.obj
 0001:0008dca0       ??__E?PinCallback@SecurityToken@CipherShed@@1V?$auto_ptr@UGetPinFunctor@CipherShed@@@std@@A@@YAXXZ 0048eca0 f   SecurityToken.obj
 0001:0008dcb0       ??__E?WarningCallback@SecurityToken@CipherShed@@1V?$auto_ptr@USendExceptionFunctor@CipherShed@@@std@@A@@YAXXZ 0048ecb0 f   SecurityToken.obj
 0001:0008dcc0       ??__E?Sessions@SecurityToken@CipherShed@@1V?$map@KUPkcs11Session@CipherShed@@U?$less@K@std@@V?$allocator@U?$pair@$$CBKUPkcs11Session@CipherShed@@@std@@@4@@std@@A@@YAXXZ 0048ecc0 f   SecurityToken.obj
 0001:0008dce3       ??__Einitlocks@std@@YAXXZ  0048ece3 f   libcpmt:xlock.obj
 0001:0008dcf9       ??__Eclassic_locale@std@@YAXXZ 0048ecf9 f   libcpmt:locale0.obj
 0001:0008dd05       ??__Einitlocks@std@@YAXXZ  0048ed05 f   libcpmt:iosptrs.obj
 0001:0008dd1b       ??__Einit_atexit@@YAXXZ    0048ed1b f   libcpmt:iosptrs.obj
 0001:0008dd30       ??__FDeferredNonSysInPlaceEncDevices@@YAXXZ 0048ed30 f   Tcformat.obj
 0001:0008dd40       ??__FIntKeyMap@@YAXXZ      0048ed40 f   Dictionary.obj
 0001:0008dd50       ??__FStringKeyMap@@YAXXZ   0048ed50 f   Dictionary.obj
 0001:0008dd60       ??__FExtraBootPartitionDevicePath@@YAXXZ 0048ed60 f   Dlgcode.obj
 0001:0008dd90       ??__Fdevices@?1??RawDevicesDlgProc@@9@16@YAXXZ 0048ed90 f   Dlgcode.obj
 0001:0008dda0       ??__Fkeyfiles@?1??SecurityTokenKeyfileDlgProc@@9@16@YAXXZ 0048eda0 f   Dlgcode.obj
 0001:0008de00       ??__FitemToDeviceMap@?1??RawDevicesDlgProc@@9@16@YAXXZ 0048ee00 f   Dlgcode.obj
 0001:0008de10       ??__F?PinCallback@SecurityToken@CipherShed@@1V?$auto_ptr@UGetPinFunctor@CipherShed@@@std@@A@@YAXXZ 0048ee10 f   SecurityToken.obj
 0001:0008de30       ??__F?WarningCallback@SecurityToken@CipherShed@@1V?$auto_ptr@USendExceptionFunctor@CipherShed@@@std@@A@@YAXXZ 0048ee30 f   SecurityToken.obj
 0001:0008de50       ??__F?Sessions@SecurityToken@CipherShed@@1V?$map@KUPkcs11Session@CipherShed@@U?$less@K@std@@V?$allocator@U?$pair@$$CBKUPkcs11Session@CipherShed@@@std@@@4@@std@@A@@YAXXZ 0048ee50 f   SecurityToken.obj
 0001:0008de5a       ??__Finitlocks@std@@YAXXZ  0048ee5a f   libcpmt:xlock.obj
 0001:0008de64       ??__Fclassic_locale@std@@YAXXZ 0048ee64 f   libcpmt:locale0.obj
 0001:0008de6e       ??__Finitlocks@std@@YAXXZ  0048ee6e f   libcpmt:iosptrs.obj
 0001:0008de78       ??__Finit_atexit@@YAXXZ    0048ee78 f   libcpmt:iosptrs.obj
 0001:0008de82       ??__Fnomem@?5???2@YAPAXI@Z@YAXXZ 0048ee82 f   LIBCMT:new.obj
