
 Start  Stop   Length Name                   Class
 00000H 054AFH 054B0H _TEXT                  CODE
 054B0H 05A82H 005D3H _DATA                  DATA
 05A84H 05A8FH 0000CH CONST                  CONST
 05A90H 063D7H 00948H _BSS                   BSS
 063E0H 06869H 0048AH c_common               BSS

 Origin   Group
 0000:0   DGROUP

  Address         Publics by Name

 0000:250A       ??5@YA?ATUINT64_STRUCT@@ABT0@H@Z
 0000:255E       ??6@YA?ATUINT64_STRUCT@@ABT0@H@Z
 0000:25BE       ??8@YADABTUINT64_STRUCT@@0@Z
 0000:259E       ??E@YAAATUINT64_STRUCT@@AAT0@@Z
 0000:2458       ??G@YA?ATUINT64_STRUCT@@ABT0@0@Z
 0000:24B8       ??G@YA?ATUINT64_STRUCT@@ABT0@K@Z
 0000:23A6       ??H@YA?ATUINT64_STRUCT@@ABT0@0@Z
 0000:2406       ??H@YA?ATUINT64_STRUCT@@ABT0@K@Z
 0000:2618       ??M@YADABTUINT64_STRUCT@@0@Z
 0000:2676       ??N@YADABTUINT64_STRUCT@@0@Z
 0000:25E4       ??O@YADABTUINT64_STRUCT@@0@Z
 0000:264C       ??P@YADABTUINT64_STRUCT@@0@Z
 0000:2432       ??Y@YAAATUINT64_STRUCT@@AAT0@ABT0@@Z
 0000:24E4       ??Z@YAAATUINT64_STRUCT@@AAT0@ABT0@@Z
 0000:567C       ??_C@_00A@?$AA@
 0000:573C       ??_C@_01KHLB@?$FL?$AA@
 0000:577C       ??_C@_02HFBK@?3?5?$AA@
 0000:5628       ??_C@_02PIMC@?$AN?6?$AA@
 0000:5738       ??_C@_03EDHP@n?$AN?6?$AA@
 0000:5734       ??_C@_03NMHE@y?$AN?6?$AA@
 0000:5660       ??_C@_04HAAB@?5MB?5?$AA@
 0000:563A       ??_C@_04KCBC@Read?$AA@
 0000:5A6C       ??_C@_04PLFG@MMP?3?$AA@
 0000:565A       ??_C@_05CLDD@?5CHS?3?$AA@
 0000:5634       ??_C@_05DHHK@Write?$AA@
 0000:59F2       ??_C@_05DILO@Abort?$AA@
 0000:573E       ??_C@_05EFLO@?$FN?5?5?5?5?$AA@
 0000:5666       ??_C@_06OLBI@Drive?5?$AA@
 0000:5640       ??_C@_07EIJM@?5error?3?$AA@
 0000:5648       ??_C@_07JBEK@?5Drive?3?$AA@
 0000:58D4       ??_C@_07MCKD@Drive?3?5?$AA@
 0000:562C       ??_C@_07MKMO@Error?3?5?$AA@
 0000:5650       ??_C@_08NNOK@?5Sector?3?$AA@
 0000:58EA       ??_C@_08PFEJ@?0?5Size?3?5?$AA@
 0000:572A       ??_C@_09LGPG@?$DP?5?$CIy?1n?$CJ?3?5?$AA@
 0000:5A72       ??_C@_0BB@EEAO@Memory?5corrupted?$AA@
 0000:5744       ??_C@_0BC@DHAO@?$FLEsc?$FN?5?5Cancel?$AN?6?$AN?6?$AA@
 0000:5A58       ??_C@_0BE@KCNB@?$ANCopying?5completed?4?$AA@
 0000:5766       ??_C@_0BG@GEFN@?5for?5hidden?5system?3?$AN?6?$AA@
 0000:58BC       ??_C@_0BH@CKJE@Bootable?5Partitions?3?$AN?6?$AA@
 0000:594A       ??_C@_0BH@EGEK@?$AN?6?9?5Enable?5LBA?5in?5BIOS?$AA@
 0000:5806       ??_C@_0BI@KFOG@Incorrect?5password?4?$AN?6?$AN?6?$AA@
 0000:56BA       ??_C@_0BJ@CIJ@?5?5?5?5Keyboard?5Controls?3?$AN?6?$AA@
 0000:567E       ??_C@_0BM@IDKA@No?5bootable?5partition?5found?$AA@
 0000:57EA       ??_C@_0BM@NMNK@Warning?3?5Caps?5Lock?5is?5on?4?$AN?6?$AA@
 0000:569A       ??_C@_0CA@BGAH@?5CipherShed?5Boot?5Loader?50?47?43?$AN?6?$AA@
 0000:578E       ??_C@_0CA@FBFB@BIOS?5reserved?5too?5much?5memory?3?5?$AA@
 0000:58F4       ??_C@_0CA@HAB@Press?51?99?5to?5select?5partition?3?5?$AA@
 0000:5706       ??_C@_0CD@GJAD@Skip?5Authentication?5?$CIBoot?5Manage@
 0000:56E0       ??_C@_0CG@HLF@Boot?5Non?9Hidden?5System?5?$CIBoot?5Man@
 0000:5914       ??_C@_0CI@CHP@Your?5BIOS?5does?5not?5support?5large@
 0000:57AE       ??_C@_0DM@HBD@?9?5Upgrade?5BIOS?$AN?6?9?5Use?5a?5differen@
 0000:5962       ??_C@_0DM@NDEP@?$AN?6Copying?5system?5to?5hidden?5volum@
 0000:59F8       ??_C@_0FB@DHKC@To?5fix?5bad?5sectors?3?51?$CJ?5Terminate@
 0000:599E       ??_C@_0FD@OPN@?$ANIf?5aborted?0?5copying?5will?5have?5t@
 0000:581E       ??_C@_0JO@GLOI@If?5you?5are?5sure?5the?5password?5is?5@
 0000:56D4       ??_C@_0M@NCBA@?5?5?5?5?$FLEsc?$FN?5?5?$AA@
 0000:5A4A       ??_C@_0N@BNAP@?$ANRemaining?3?5?$AA@
 0000:5780       ??_C@_0N@DGHN@Booting?4?4?4?$AN?6?$AA@
 0000:566E       ??_C@_0N@JJKN@?5not?5found?3?5?$AA@
 0000:58DC       ??_C@_0O@LEMN@?0?5Partition?3?5?$AA@
 0000:593C       ??_C@_0O@PLFN@?5due?5to?5a?5bug?$AA@
 0000:5756       ??_C@_0P@EOMF@Enter?5password?$AA@
 0000:5AD8       ?ActivePartition@@3UPartition@@A
 0000:049A       ?Beep@@YAXXZ
 0000:5D52       ?BiosMemoryMap@@3QAUBiosMemoryMapEntry@@A
 0000:5AB6       ?BootCryptoInfo@@3PAUCRYPTO_INFO_t@@A
 0000:5A92       ?BootDrive@@3EA
 0000:5A94       ?BootDriveGeometry@@3UDriveGeometry@@A
 0000:54B0       ?BootDriveGeometryValid@@3DA
 0000:5A91       ?BootLoaderDrive@@3EA
 0000:5A90       ?BootSectorFlags@@3EA
 0000:54B3       ?BootStarted@@3DA
 0000:0A30       ?ChsToLba@@YAXABUDriveGeometry@@ABUChsAddress@@AATUINT64_STRUCT@@@Z
 0000:059C       ?ClearBiosKeystrokeBuffer@@YAXXZ
 0000:04B8       ?ClearScreen@@YAXXZ
 0000:26BE       ?CopyMemory@@YAXIIPAXI@Z
 0000:26A0       ?CopyMemory@@YAXPAXIII@Z
 0000:5A98       ?CustomUserMessage@@3QADA
 0000:02FC       ?DisableScreenOutput@@YAXXZ
 0000:0000  Unr  ?EnableScreenOutput@@YAXXZ
 0000:5AB8       ?EncryptedVirtualPartition@@3UPartition@@A
 0000:057A       ?EscKeyPressed@@YADXZ
 0000:54B4       ?ExtraBootPartitionPresent@@3DA
 0000:0DA8       ?GetActivePartition@@YADE@Z
 0000:09A8       ?GetDriveGeometry@@YAEEAAUDriveGeometry@@D@Z
 0000:0B82       ?GetDrivePartitions@@YAEEPAUPartition@@IAAID0D@Z
 0000:1CF6       ?GetFirstBiosMemoryMapEntry@@YADAAUBiosMemoryMapEntry@@@Z
 0000:0534       ?GetKeyboardChar@@YAEPAE@Z
 0000:0526       ?GetKeyboardChar@@YAEXZ
 0000:26F2       ?GetLinearAddress@@YAKII@Z
 0000:1D0C       ?GetNextBiosMemoryMapEntry@@YADAAUBiosMemoryMapEntry@@@Z
 0000:0516       ?GetShiftFlags@@YAEXZ
 0000:05CC       ?GetString@@YAHPADI@Z
 0000:5B20       ?HiddenVolumeStartSector@@3TUINT64_STRUCT@@A
 0000:5B18       ?HiddenVolumeStartUnitNo@@3TUINT64_STRUCT@@A
 0000:04A2       ?InitVideoMode@@YAXXZ
 0000:230A       ?InstallInterruptFilters@@YADXZ
 0000:1D26       ?Int13Filter@@YADXZ
 0000:22E6       ?Int13FilterEntry@@YAXXZ
 0000:211C       ?Int15Filter@@YADXZ
 0000:21D6       ?IntFilterEntry@@YAXXZ
 0000:0562       ?IsKeyboardCharAvailable@@YADXZ
 0000:0620       ?IsLbaSupported@@YADE@Z
 0000:05B4       ?IsPrintable@@YADD@Z
 0000:0A78       ?LbaToChs@@YAXABUDriveGeometry@@ABTUINT64_STRUCT@@AAUChsAddress@@@Z
 0000:5AB2       ?OuterVolumeBackupHeaderCrc@@3KA
 0000:0ADC       ?PartitionEntryMBRToPartition@@YAXABUPartitionEntryMBR@@AAUPartition@@@Z
 0000:5AF8       ?PartitionFollowingActive@@3UPartition@@A
 0000:54B2       ?PreventBootMenu@@3DA
 0000:54B1       ?PreventNormalSystemBoot@@3DA
 0000:03B4       ?Print@@YAXABTUINT64_STRUCT@@@Z
 0000:06D2       ?Print@@YAXABUChsAddress@@@Z
 0000:0350       ?Print@@YAXK@Z
 0000:0332       ?Print@@YAXPBD@Z
 0000:04D8       ?PrintBackspace@@YAXXZ
 0000:0302       ?PrintChar@@YAXD@Z
 0000:0318       ?PrintCharAtCursor@@YAXD@Z
 0000:065C       ?PrintDiskError@@YAXEDEPBTUINT64_STRUCT@@PBUChsAddress@@@Z
 0000:0484       ?PrintEndl@@YAXH@Z
 0000:047C       ?PrintEndl@@YAXXZ
 0000:04E6       ?PrintError@@YAXPBD@Z
 0000:0500       ?PrintErrorNoEndl@@YAXPBD@Z
 0000:0442       ?PrintHex@@YAXABTUINT64_STRUCT@@@Z
 0000:03D6       ?PrintHex@@YAXE@Z
 0000:0416       ?PrintHex@@YAXI@Z
 0000:042E       ?PrintHex@@YAXK@Z
 0000:0460       ?PrintRepeatedChar@@YAXDH@Z
 0000:070E       ?PrintSectorCountInMB@@YAXABTUINT64_STRUCT@@@Z
 0000:0272       ?ReadBootSectorUserConfiguration@@YAXXZ
 0000:0DE4       ?ReadEncryptedSectors@@YAEIIETUINT64_STRUCT@@I@Z
 0000:0926       ?ReadSectors@@YAEIIEABTUINT64_STRUCT@@ID@Z
 0000:0940       ?ReadSectors@@YAEPAEEABTUINT64_STRUCT@@ID@Z
 0000:0000  Unr  ?ReadSectors@@YAEPAEEABUChsAddress@@ED@Z
 0000:0B42       ?ReadWriteMBR@@YAEDED@Z
 0000:08FC       ?ReadWriteSectors@@YAEDIIEABTUINT64_STRUCT@@ID@Z
 0000:0730       ?ReadWriteSectors@@YAEDIIEABUChsAddress@@ED@Z
 0000:07C4       ?ReadWriteSectors@@YAEDPAEEABUChsAddress@@ED@Z
 0000:2708       ?RegionsIntersect@@YADABTUINT64_STRUCT@@K00@Z
 0000:5B28       ?SectorBuffer@@3QAEA
 0000:0000  Unr  ?TestInt64@@YADXZ
 0000:02CA       ?UpdateBootSectorConfiguration@@YAEE@Z
 0000:0F28       ?WriteEncryptedSectors@@YAEIIETUINT64_STRUCT@@I@Z
 0000:098E       ?WriteSectors@@YAEPAEEABTUINT64_STRUCT@@ID@Z
 0000:0000  Unr  ?WriteSectors@@YAEPAEEABUChsAddress@@ED@Z
 0000:052E       ?yield@@YAXXZ
 0000:0000  Unr  _crc32_selftests
 0000:63E0       _CryptoInfoBuffer
 0000:28B0       _crypto_close
 0000:0000  Unr  _crypto_loadkey
 0000:28A6       _crypto_open
 0000:28D8       _DecipherBlock
 0000:2970       _DecryptBuffer
 0000:31F4       _DecryptBufferXTS
 0000:29A4       _DecryptDataUnits
 0000:2C42       _derive_key_ripemd160
 0000:2B7A       _derive_u_ripemd160
 0000:28EE       _EAGetFirst
 0000:0000  Unr  _EAGetFirstCipher
 0000:290A       _EAGetKeySize
 0000:28F2       _EAGetNext
 0000:28F6       _EAInit
 0000:5A90       _edata
 0000:28C2       _EncipherBlock
 0000:290E       _EncryptBuffer
 0000:31DA       _EncryptBufferXTS
 0000:2942       _EncryptDataUnits
 0000:686A       _end
 0000:26E2       _EraseMemory
 0000:289A       _GetCrc32
 0000:2CDE       _GetHeaderField16
 0000:2CF2       _GetHeaderField32
 0000:2D08       _GetHeaderField64
 0000:0000  Unr  _get_pkcs5_iteration_count
 0000:2A3A       _hmac_ripemd160
 0000:0000  Unr  _hmac_truncate
 0000:1BB8       _main
 0000:0104       _memcpy
 0000:0130       _memset
 0000:29D2       _MirrorBytes16
 0000:29E2       _MirrorBytes32
 0000:2D48       _ReadVolumeHeader
 0000:335A       _RMD160Final
 0000:320E       _RMD160Init
 0000:33CC       _RMD160Transform
 0000:324A       _RMD160Update
 0000:44BC       _serpent_decrypt
 0000:41C4       _serpent_encrypt
 0000:3C80       _serpent_set_key
 0000:27CC       _ThrowFatalException
 0000:1BB6       __acrtused
 0000:015E       __aNlmul
 0000:0190       __aNlshl
 0000:019C       __aNuldiv
 0000:015E       __aNulmul
 0000:01FC       __aNulrem
 0000:0266       __aNulshr
 0000:5A90       __edata
 0000:686A       __end
 0000:6862       __mbac

  Address         Publics by Value

 0000:0000  Unr  ?EnableScreenOutput@@YAXXZ
 0000:0000  Unr  ?WriteSectors@@YAEPAEEABUChsAddress@@ED@Z
 0000:0000  Unr  _get_pkcs5_iteration_count
 0000:0000  Unr  _hmac_truncate
 0000:0000  Unr  _crypto_loadkey
 0000:0000  Unr  ?TestInt64@@YADXZ
 0000:0000  Unr  _EAGetFirstCipher
 0000:0000  Unr  ?ReadSectors@@YAEPAEEABUChsAddress@@ED@Z
 0000:0000  Unr  _crc32_selftests
 0000:0104       _memcpy
 0000:0130       _memset
 0000:015E       __aNlmul
 0000:015E       __aNulmul
 0000:0190       __aNlshl
 0000:019C       __aNuldiv
 0000:01FC       __aNulrem
 0000:0266       __aNulshr
 0000:0272       ?ReadBootSectorUserConfiguration@@YAXXZ
 0000:02CA       ?UpdateBootSectorConfiguration@@YAEE@Z
 0000:02FC       ?DisableScreenOutput@@YAXXZ
 0000:0302       ?PrintChar@@YAXD@Z
 0000:0318       ?PrintCharAtCursor@@YAXD@Z
 0000:0332       ?Print@@YAXPBD@Z
 0000:0350       ?Print@@YAXK@Z
 0000:03B4       ?Print@@YAXABTUINT64_STRUCT@@@Z
 0000:03D6       ?PrintHex@@YAXE@Z
 0000:0416       ?PrintHex@@YAXI@Z
 0000:042E       ?PrintHex@@YAXK@Z
 0000:0442       ?PrintHex@@YAXABTUINT64_STRUCT@@@Z
 0000:0460       ?PrintRepeatedChar@@YAXDH@Z
 0000:047C       ?PrintEndl@@YAXXZ
 0000:0484       ?PrintEndl@@YAXH@Z
 0000:049A       ?Beep@@YAXXZ
 0000:04A2       ?InitVideoMode@@YAXXZ
 0000:04B8       ?ClearScreen@@YAXXZ
 0000:04D8       ?PrintBackspace@@YAXXZ
 0000:04E6       ?PrintError@@YAXPBD@Z
 0000:0500       ?PrintErrorNoEndl@@YAXPBD@Z
 0000:0516       ?GetShiftFlags@@YAEXZ
 0000:0526       ?GetKeyboardChar@@YAEXZ
 0000:052E       ?yield@@YAXXZ
 0000:0534       ?GetKeyboardChar@@YAEPAE@Z
 0000:0562       ?IsKeyboardCharAvailable@@YADXZ
 0000:057A       ?EscKeyPressed@@YADXZ
 0000:059C       ?ClearBiosKeystrokeBuffer@@YAXXZ
 0000:05B4       ?IsPrintable@@YADD@Z
 0000:05CC       ?GetString@@YAHPADI@Z
 0000:0620       ?IsLbaSupported@@YADE@Z
 0000:065C       ?PrintDiskError@@YAXEDEPBTUINT64_STRUCT@@PBUChsAddress@@@Z
 0000:06D2       ?Print@@YAXABUChsAddress@@@Z
 0000:070E       ?PrintSectorCountInMB@@YAXABTUINT64_STRUCT@@@Z
 0000:0730       ?ReadWriteSectors@@YAEDIIEABUChsAddress@@ED@Z
 0000:07C4       ?ReadWriteSectors@@YAEDPAEEABUChsAddress@@ED@Z
 0000:08FC       ?ReadWriteSectors@@YAEDIIEABTUINT64_STRUCT@@ID@Z
 0000:0926       ?ReadSectors@@YAEIIEABTUINT64_STRUCT@@ID@Z
 0000:0940       ?ReadSectors@@YAEPAEEABTUINT64_STRUCT@@ID@Z
 0000:098E       ?WriteSectors@@YAEPAEEABTUINT64_STRUCT@@ID@Z
 0000:09A8       ?GetDriveGeometry@@YAEEAAUDriveGeometry@@D@Z
 0000:0A30       ?ChsToLba@@YAXABUDriveGeometry@@ABUChsAddress@@AATUINT64_STRUCT@@@Z
 0000:0A78       ?LbaToChs@@YAXABUDriveGeometry@@ABTUINT64_STRUCT@@AAUChsAddress@@@Z
 0000:0ADC       ?PartitionEntryMBRToPartition@@YAXABUPartitionEntryMBR@@AAUPartition@@@Z
 0000:0B42       ?ReadWriteMBR@@YAEDED@Z
 0000:0B82       ?GetDrivePartitions@@YAEEPAUPartition@@IAAID0D@Z
 0000:0DA8       ?GetActivePartition@@YADE@Z
 0000:0DE4       ?ReadEncryptedSectors@@YAEIIETUINT64_STRUCT@@I@Z
 0000:0F28       ?WriteEncryptedSectors@@YAEIIETUINT64_STRUCT@@I@Z
 0000:1BB6       __acrtused
 0000:1BB8       _main
 0000:1CF6       ?GetFirstBiosMemoryMapEntry@@YADAAUBiosMemoryMapEntry@@@Z
 0000:1D0C       ?GetNextBiosMemoryMapEntry@@YADAAUBiosMemoryMapEntry@@@Z
 0000:1D26       ?Int13Filter@@YADXZ
 0000:211C       ?Int15Filter@@YADXZ
 0000:21D6       ?IntFilterEntry@@YAXXZ
 0000:22E6       ?Int13FilterEntry@@YAXXZ
 0000:230A       ?InstallInterruptFilters@@YADXZ
 0000:23A6       ??H@YA?ATUINT64_STRUCT@@ABT0@0@Z
 0000:2406       ??H@YA?ATUINT64_STRUCT@@ABT0@K@Z
 0000:2432       ??Y@YAAATUINT64_STRUCT@@AAT0@ABT0@@Z
 0000:2458       ??G@YA?ATUINT64_STRUCT@@ABT0@0@Z
 0000:24B8       ??G@YA?ATUINT64_STRUCT@@ABT0@K@Z
 0000:24E4       ??Z@YAAATUINT64_STRUCT@@AAT0@ABT0@@Z
 0000:250A       ??5@YA?ATUINT64_STRUCT@@ABT0@H@Z
 0000:255E       ??6@YA?ATUINT64_STRUCT@@ABT0@H@Z
 0000:259E       ??E@YAAATUINT64_STRUCT@@AAT0@@Z
 0000:25BE       ??8@YADABTUINT64_STRUCT@@0@Z
 0000:25E4       ??O@YADABTUINT64_STRUCT@@0@Z
 0000:2618       ??M@YADABTUINT64_STRUCT@@0@Z
 0000:264C       ??P@YADABTUINT64_STRUCT@@0@Z
 0000:2676       ??N@YADABTUINT64_STRUCT@@0@Z
 0000:26A0       ?CopyMemory@@YAXPAXIII@Z
 0000:26BE       ?CopyMemory@@YAXIIPAXI@Z
 0000:26E2       _EraseMemory
 0000:26F2       ?GetLinearAddress@@YAKII@Z
 0000:2708       ?RegionsIntersect@@YADABTUINT64_STRUCT@@K00@Z
 0000:27CC       _ThrowFatalException
 0000:289A       _GetCrc32
 0000:28A6       _crypto_open
 0000:28B0       _crypto_close
 0000:28C2       _EncipherBlock
 0000:28D8       _DecipherBlock
 0000:28EE       _EAGetFirst
 0000:28F2       _EAGetNext
 0000:28F6       _EAInit
 0000:290A       _EAGetKeySize
 0000:290E       _EncryptBuffer
 0000:2942       _EncryptDataUnits
 0000:2970       _DecryptBuffer
 0000:29A4       _DecryptDataUnits
 0000:29D2       _MirrorBytes16
 0000:29E2       _MirrorBytes32
 0000:2A3A       _hmac_ripemd160
 0000:2B7A       _derive_u_ripemd160
 0000:2C42       _derive_key_ripemd160
 0000:2CDE       _GetHeaderField16
 0000:2CF2       _GetHeaderField32
 0000:2D08       _GetHeaderField64
 0000:2D48       _ReadVolumeHeader
 0000:31DA       _EncryptBufferXTS
 0000:31F4       _DecryptBufferXTS
 0000:320E       _RMD160Init
 0000:324A       _RMD160Update
 0000:335A       _RMD160Final
 0000:33CC       _RMD160Transform
 0000:3C80       _serpent_set_key
 0000:41C4       _serpent_encrypt
 0000:44BC       _serpent_decrypt
 0000:54B0       ?BootDriveGeometryValid@@3DA
 0000:54B1       ?PreventNormalSystemBoot@@3DA
 0000:54B2       ?PreventBootMenu@@3DA
 0000:54B3       ?BootStarted@@3DA
 0000:54B4       ?ExtraBootPartitionPresent@@3DA
 0000:5628       ??_C@_02PIMC@?$AN?6?$AA@
 0000:562C       ??_C@_07MKMO@Error?3?5?$AA@
 0000:5634       ??_C@_05DHHK@Write?$AA@
 0000:563A       ??_C@_04KCBC@Read?$AA@
 0000:5640       ??_C@_07EIJM@?5error?3?$AA@
 0000:5648       ??_C@_07JBEK@?5Drive?3?$AA@
 0000:5650       ??_C@_08NNOK@?5Sector?3?$AA@
 0000:565A       ??_C@_05CLDD@?5CHS?3?$AA@
 0000:5660       ??_C@_04HAAB@?5MB?5?$AA@
 0000:5666       ??_C@_06OLBI@Drive?5?$AA@
 0000:566E       ??_C@_0N@JJKN@?5not?5found?3?5?$AA@
 0000:567C       ??_C@_00A@?$AA@
 0000:567E       ??_C@_0BM@IDKA@No?5bootable?5partition?5found?$AA@
 0000:569A       ??_C@_0CA@BGAH@?5CipherShed?5Boot?5Loader?50?47?43?$AN?6?$AA@
 0000:56BA       ??_C@_0BJ@CIJ@?5?5?5?5Keyboard?5Controls?3?$AN?6?$AA@
 0000:56D4       ??_C@_0M@NCBA@?5?5?5?5?$FLEsc?$FN?5?5?$AA@
 0000:56E0       ??_C@_0CG@HLF@Boot?5Non?9Hidden?5System?5?$CIBoot?5Man@
 0000:5706       ??_C@_0CD@GJAD@Skip?5Authentication?5?$CIBoot?5Manage@
 0000:572A       ??_C@_09LGPG@?$DP?5?$CIy?1n?$CJ?3?5?$AA@
 0000:5734       ??_C@_03NMHE@y?$AN?6?$AA@
 0000:5738       ??_C@_03EDHP@n?$AN?6?$AA@
 0000:573C       ??_C@_01KHLB@?$FL?$AA@
 0000:573E       ??_C@_05EFLO@?$FN?5?5?5?5?$AA@
 0000:5744       ??_C@_0BC@DHAO@?$FLEsc?$FN?5?5Cancel?$AN?6?$AN?6?$AA@
 0000:5756       ??_C@_0P@EOMF@Enter?5password?$AA@
 0000:5766       ??_C@_0BG@GEFN@?5for?5hidden?5system?3?$AN?6?$AA@
 0000:577C       ??_C@_02HFBK@?3?5?$AA@
 0000:5780       ??_C@_0N@DGHN@Booting?4?4?4?$AN?6?$AA@
 0000:578E       ??_C@_0CA@FBFB@BIOS?5reserved?5too?5much?5memory?3?5?$AA@
 0000:57AE       ??_C@_0DM@HBD@?9?5Upgrade?5BIOS?$AN?6?9?5Use?5a?5differen@
 0000:57EA       ??_C@_0BM@NMNK@Warning?3?5Caps?5Lock?5is?5on?4?$AN?6?$AA@
 0000:5806       ??_C@_0BI@KFOG@Incorrect?5password?4?$AN?6?$AN?6?$AA@
 0000:581E       ??_C@_0JO@GLOI@If?5you?5are?5sure?5the?5password?5is?5@
 0000:58BC       ??_C@_0BH@CKJE@Bootable?5Partitions?3?$AN?6?$AA@
 0000:58D4       ??_C@_07MCKD@Drive?3?5?$AA@
 0000:58DC       ??_C@_0O@LEMN@?0?5Partition?3?5?$AA@
 0000:58EA       ??_C@_08PFEJ@?0?5Size?3?5?$AA@
 0000:58F4       ??_C@_0CA@HAB@Press?51?99?5to?5select?5partition?3?5?$AA@
 0000:5914       ??_C@_0CI@CHP@Your?5BIOS?5does?5not?5support?5large@
 0000:593C       ??_C@_0O@PLFN@?5due?5to?5a?5bug?$AA@
 0000:594A       ??_C@_0BH@EGEK@?$AN?6?9?5Enable?5LBA?5in?5BIOS?$AA@
 0000:5962       ??_C@_0DM@NDEP@?$AN?6Copying?5system?5to?5hidden?5volum@
 0000:599E       ??_C@_0FD@OPN@?$ANIf?5aborted?0?5copying?5will?5have?5t@
 0000:59F2       ??_C@_05DILO@Abort?$AA@
 0000:59F8       ??_C@_0FB@DHKC@To?5fix?5bad?5sectors?3?51?$CJ?5Terminate@
 0000:5A4A       ??_C@_0N@BNAP@?$ANRemaining?3?5?$AA@
 0000:5A58       ??_C@_0BE@KCNB@?$ANCopying?5completed?4?$AA@
 0000:5A6C       ??_C@_04PLFG@MMP?3?$AA@
 0000:5A72       ??_C@_0BB@EEAO@Memory?5corrupted?$AA@
 0000:5A90       __edata
 0000:5A90       _edata
 0000:5A90       ?BootSectorFlags@@3EA
 0000:5A91       ?BootLoaderDrive@@3EA
 0000:5A92       ?BootDrive@@3EA
 0000:5A94       ?BootDriveGeometry@@3UDriveGeometry@@A
 0000:5A98       ?CustomUserMessage@@3QADA
 0000:5AB2       ?OuterVolumeBackupHeaderCrc@@3KA
 0000:5AB6       ?BootCryptoInfo@@3PAUCRYPTO_INFO_t@@A
 0000:5AB8       ?EncryptedVirtualPartition@@3UPartition@@A
 0000:5AD8       ?ActivePartition@@3UPartition@@A
 0000:5AF8       ?PartitionFollowingActive@@3UPartition@@A
 0000:5B18       ?HiddenVolumeStartUnitNo@@3TUINT64_STRUCT@@A
 0000:5B20       ?HiddenVolumeStartSector@@3TUINT64_STRUCT@@A
 0000:5B28       ?SectorBuffer@@3QAEA
 0000:5D52       ?BiosMemoryMap@@3QAUBiosMemoryMapEntry@@A
 0000:63E0       _CryptoInfoBuffer
 0000:6862       __mbac
 0000:686A       _end
 0000:686A       __end

Program entry point at 0000:0100
