 CipherShedFormat

 Timestamp is 54e87d1d (Sat Feb 21 12:42:05 2015)

 Preferred load address is 00400000

 Start         Length     Name                   Class
 0001:00000000 00089deeH .text                   CODE
 0001:00089df0 000039c8H .text$x                 CODE
 0001:0008d7c0 00000167H .text$yc                CODE
 0001:0008d930 00000166H .text$yd                CODE
 0002:00000000 00000568H .idata$5                DATA
 0002:00000568 00000004H .CRT$XCA                DATA
 0002:0000056c 0000000cH .CRT$XCC                DATA
 0002:00000578 00000020H .CRT$XCU                DATA
 0002:00000598 00000004H .CRT$XCZ                DATA
 0002:0000059c 00000004H .CRT$XIA                DATA
 0002:000005a0 00000014H .CRT$XIC                DATA
 0002:000005b4 00000004H .CRT$XID                DATA
 0002:000005b8 00000004H .CRT$XIY                DATA
 0002:000005bc 00000004H .CRT$XIZ                DATA
 0002:000005c0 00000004H .CRT$XPA                DATA
 0002:000005c4 00000004H .CRT$XPX                DATA
 0002:000005c8 00000004H .CRT$XPXA               DATA
 0002:000005cc 00000004H .CRT$XPZ                DATA
 0002:000005d0 00000004H .CRT$XTA                DATA
 0002:000005d4 00000004H .CRT$XTZ                DATA
 0002:000005e0 000191e8H .rdata                  DATA
 0002:000197c8 00001488H .rdata$r                DATA
 0002:0001ac50 0000036cH .rdata$sxdata           DATA
 0002:0001afbc 00000004H .rtc$IAA                DATA
 0002:0001afc0 00000004H .rtc$IZZ                DATA
 0002:0001afc4 00000004H .rtc$TAA                DATA
 0002:0001afc8 00000004H .rtc$TZZ                DATA
 0002:0001afd0 00005decH .xdata$x                DATA
 0002:00020dbc 00000000H ATL$__a                 DATA
 0002:00020dbc 00000000H ATL$__z                 DATA
 0002:00020dbc 000000c8H .idata$2                DATA
 0002:00020e84 00000014H .idata$3                DATA
 0002:00020e98 00000568H .idata$4                DATA
 0002:00021400 00001826H .idata$6                DATA
 0002:00022c26 00000000H .edata                  DATA
 0003:00000000 00006c4cH .data                   DATA
 0003:00006c60 0002c6e0H .bss                    DATA
 0004:00000000 00001200H .rsrc$01                DATA
 0004:00001200 000cfbd8H .rsrc$02                DATA

  Address         Publics by Value              Rva+Base       Lib:Object

 0000:00000000       __except_list              00000000     <absolute>
 0000:000000db       ___safe_se_handler_count   000000db     <absolute>
 0000:00000000       ___ImageBase               00400000     <linker-defined>
 0001:00000000       ?GetElevatedInstance@@YAPAUICipherShedFormatCom@@PAUHWND__@@@Z 00401000 f   FormatCom.obj
 0001:00000050       ??0Exception@CipherShed@@QAE@ABU01@@Z 00401050 f i FormatCom.obj
 0001:00000060       _IsEqualGUID               00401060 f i FormatCom.obj
 0001:000000d0       ?AddRef@CipherShedFormatCom@@UAGKXZ 004010d0 f i FormatCom.obj
 0001:000000f0       ?QueryInterface@CipherShedFormatCom@@UAGJABU_GUID@@PAPAX@Z 004010f0 f i FormatCom.obj
 0001:00000150       ?CallDriver@CipherShedFormatCom@@UAGKKPA_WPAPA_W@Z 00401150 f i FormatCom.obj
 0001:00000170       ?CopyFileA@CipherShedFormatCom@@UAGKPA_W0@Z 00401170 f i FormatCom.obj
 0001:00000190       ?DeleteFileA@CipherShedFormatCom@@UAGKPA_W@Z 00401190 f i FormatCom.obj
 0001:000001a0       ?FormatNtfs@CipherShedFormatCom@@UAGHHH@Z 004011a0 f i FormatCom.obj
 0001:000001c0       ?AnalyzeHiddenVolumeHost@CipherShedFormatCom@@UAGHJPAH_J0PA_J@Z 004011c0 f i FormatCom.obj
 0001:000001f0       ?ReadWriteFile@CipherShedFormatCom@@UAGKHHPA_WPAPA_W_KIPAK@Z 004011f0 f i FormatCom.obj
 0001:00000230       ?RegisterFilterDriver@CipherShedFormatCom@@UAGKHH@Z 00401230 f i FormatCom.obj
 0001:00000250       ?RegisterSystemFavoritesService@CipherShedFormatCom@@UAGKH@Z 00401250 f i FormatCom.obj
 0001:00000260       ?SetDriverServiceStartType@CipherShedFormatCom@@UAGKK@Z 00401260 f i FormatCom.obj
 0001:00000270       ?IsPagingFileActive@CipherShedFormatCom@@UAGHH@Z 00401270 f i FormatCom.obj
 0001:00000280       ?WriteLocalMachineRegistryDwordValue@CipherShedFormatCom@@UAGKPA_W0K@Z 00401280 f i FormatCom.obj
 0001:000002a0       ?AddRef@?$CipherShedFactory@VCipherShedFormatCom@@@@UAGKXZ 004012a0 f i FormatCom.obj
 0001:000002c0       ?QueryInterface@?$CipherShedFactory@VCipherShedFormatCom@@@@UAGJABU_GUID@@PAPAX@Z 004012c0 f i FormatCom.obj
 0001:00000320       ?LockServer@?$CipherShedFactory@VCipherShedFormatCom@@@@UAGJH@Z 00401320 f i FormatCom.obj
 0001:00000370       ?IsServerLocked@?$CipherShedFactory@VCipherShedFormatCom@@@@UAE_NXZ 00401370 f i FormatCom.obj
 0001:00000380       ?Release@CipherShedFormatCom@@UAGKXZ 00401380 f i FormatCom.obj
 0001:000003e0       ??0UserAbort@CipherShed@@QAE@ABU01@@Z 004013e0 f i FormatCom.obj
 0001:000003f0       ?Release@?$CipherShedFactory@VCipherShedFormatCom@@@@UAGKXZ 004013f0 f i FormatCom.obj
 0001:00000430       _ComServerFormat           00401430 f   FormatCom.obj
 0001:00000520       _UacFormatNtfs             00401520 f   FormatCom.obj
 0001:00000590       _UacAnalyzeHiddenVolumeHost 00401590 f   FormatCom.obj
 0001:00000610       ?CreateInstance@?$CipherShedFactory@VCipherShedFormatCom@@@@UAGJPAUIUnknown@@ABU_GUID@@PAPAX@Z 00401610 f i FormatCom.obj
 0001:000006b0       ??1bad_alloc@std@@UAE@XZ   004016b0 f i InPlace.obj
 0001:000006c0       ??_Gbad_alloc@std@@UAEPAXI@Z 004016c0 f i InPlace.obj
 0001:000006c0       ??_Ebad_alloc@std@@UAEPAXI@Z 004016c0 f i InPlace.obj
 0001:000006f0       _wmemcmp                   004016f0 f i InPlace.obj
 0001:000007d0       _FastVolumeHeaderUpdate    004017d0 f   InPlace.obj
 0001:00000b80       _ShowInPlaceEncErrMsgWAltSteps 00401b80 f   InPlace.obj
 0001:00000cb0       _SetNonSysInplaceEncUIStatus 00401cb0 f   InPlace.obj
 0001:00000cc0       _SaveNonSysInPlaceEncSettings 00401cc0 f   InPlace.obj
 0001:00000df0       _ZeroUnreadableSectors     00401df0 f   InPlace.obj
 0001:000011e0       ??$_Allocate@_W@std@@YAPA_WIPA_W@Z 004021e0 f i InPlace.obj
 0001:00001240       ??0bad_alloc@std@@QAE@ABV01@@Z 00402240 f i InPlace.obj
 0001:00001260       ?compare@?$basic_string@_WU?$char_traits@_W@std@@V?$allocator@_W@2@@std@@QBEHIIPB_WI@Z 00402260 f i InPlace.obj
 0001:000012d0       ??$copy_s@U?$char_traits@_W@std@@@_Traits_helper@std@@YAPA_WPA_WIPB_WI@Z 004022d0 f i InPlace.obj
 0001:00001300       _CheckRequirementsForNonSysInPlaceEnc 00402300 f   InPlace.obj
 0001:00001730       _EncryptPartitionInPlaceResume 00402730 f   InPlace.obj
 0001:00002340       ?erase@?$basic_string@_WU?$char_traits@_W@std@@V?$allocator@_W@2@@std@@QAEAAV12@II@Z 00403340 f i InPlace.obj
 0001:000023e0       ?_Copy@?$basic_string@_WU?$char_traits@_W@std@@V?$allocator@_W@2@@std@@IAEXII@Z 004033e0 f i InPlace.obj
 0001:00002530       ??1?$basic_string@_WU?$char_traits@_W@std@@V?$allocator@_W@2@@std@@QAE@XZ 00403530 f i InPlace.obj
 0001:00002530       ??1SecurityTokenKeyfilePath@CipherShed@@QAE@XZ 00403530 f i Dlgcode.obj
 0001:00002560       ?append@?$basic_string@_WU?$char_traits@_W@std@@V?$allocator@_W@2@@std@@QAEAAV12@ABV12@II@Z 00403560 f i InPlace.obj
 0001:00002670       ?append@?$basic_string@_WU?$char_traits@_W@std@@V?$allocator@_W@2@@std@@QAEAAV12@PB_WI@Z 00403670 f i InPlace.obj
 0001:00002790       ?assign@?$basic_string@_WU?$char_traits@_W@std@@V?$allocator@_W@2@@std@@QAEAAV12@ABV12@II@Z 00403790 f i InPlace.obj
 0001:00002890       ?assign@?$basic_string@_WU?$char_traits@_W@std@@V?$allocator@_W@2@@std@@QAEAAV12@PB_WI@Z 00403890 f i InPlace.obj
 0001:00002980       ??$?H_WU?$char_traits@_W@std@@V?$allocator@_W@1@@std@@YA?AV?$basic_string@_WU?$char_traits@_W@std@@V?$allocator@_W@2@@0@ABV10@PB_W@Z 00403980 f i InPlace.obj
 0001:00002a50       ??$?H_WU?$char_traits@_W@std@@V?$allocator@_W@1@@std@@YA?AV?$basic_string@_WU?$char_traits@_W@std@@V?$allocator@_W@2@@0@ABV10@0@Z 00403a50 f i InPlace.obj
 0001:00002b00       ??0?$basic_string@_WU?$char_traits@_W@std@@V?$allocator@_W@2@@std@@QAE@PB_W@Z 00403b00 f i InPlace.obj
 0001:00002b40       ??$?H_WU?$char_traits@_W@std@@V?$allocator@_W@1@@std@@YA?AV?$basic_string@_WU?$char_traits@_W@std@@V?$allocator@_W@2@@0@PB_WABV10@@Z 00403b40 f i InPlace.obj
 0001:00003290       _MoveClustersBeforeThreshold 00404290 f   InPlace.obj
 0001:00003350       _EncryptPartitionInPlaceBegin 00404350 f   InPlace.obj
 0001:00003a90       ?swprintf@@YAHPA_WPB_WZZ   00404a90 f i Tcformat.obj
 0001:00003ab0       ??3@YAXPAX0@Z              00404ab0 f i Tcformat.obj
 0001:00003ac0       ?_Incref@facet@locale@std@@QAEXXZ 00404ac0 f i Tcformat.obj
 0001:00003af0       ?_Decref@facet@locale@std@@QAEPAV123@XZ 00404af0 f i Tcformat.obj
 0001:00003b30       ??1facet@locale@std@@UAE@XZ 00404b30 f i Tcformat.obj
 0001:00003b40       ??1locale@std@@QAE@XZ      00404b40 f i Tcformat.obj
 0001:00003b90       ?getloc@ios_base@std@@QBE?AVlocale@2@XZ 00404b90 f i Tcformat.obj
 0001:00003bd0       ??1Container@ForEach@CipherShed@@UAE@XZ 00404bd0 f i Tcformat.obj
 0001:00003be0       ??_EContainer@ForEach@CipherShed@@UAEPAXI@Z 00404be0 f i Tcformat.obj
 0001:00003be0       ??_GContainer@ForEach@CipherShed@@UAEPAXI@Z 00404be0 f i Tcformat.obj
 0001:00003c00       _ConvertUTF16toUTF8s       00404c00 f i Tcformat.obj
 0001:00004680       _ComboSelChangeEA          00405680 f   Tcformat.obj
 0001:00005690       _ShowNonSysInPlaceEncUIStatus 00406690 f   Tcformat.obj
 0001:000058b0       _DisplayRandPool           004068b0 f   Tcformat.obj
 0001:00005e40       _PrintFreeSpace            00406e40 f   Tcformat.obj
 0001:00006060       _DisplaySizingErrorText    00407060 f   Tcformat.obj
 0001:00006110       _EnableDisableFileNext     00407110 f   Tcformat.obj
 0001:00006160       _IsSparseFile              00407160 f   Tcformat.obj
 0001:00006220       _GetFileVolSize            00407220 f   Tcformat.obj
 0001:00006980       _HandleOldAssignedDriveLetter 00407980 f   Tcformat.obj
 0001:00006a50       _DetermineMaxHiddenVolSize 00407a50 f   Tcformat.obj
 0001:00006c10       _MountHiddenVolHost        00407c10 f   Tcformat.obj
 0001:00006d00       _ScanVolClusterBitmap      00407d00 f   Tcformat.obj
 0001:00006f90       ??1?$basic_istream@_WU?$char_traits@_W@std@@@std@@UAE@XZ 00407f90 f i Tcformat.obj
 0001:00006fa0       ??A?$vector@UHostDevice@@V?$allocator@UHostDevice@@@std@@@std@@QAEAAUHostDevice@@I@Z 00407fa0 f i Tcformat.obj
 0001:00006fe0       ??D?$_Vector_const_iterator@UHostDevice@@V?$allocator@UHostDevice@@@std@@@std@@QBEABUHostDevice@@XZ 00407fe0 f i Tcformat.obj
 0001:00007010       ??1?$basic_iostream@_WU?$char_traits@_W@std@@@std@@UAE@XZ 00408010 f i Tcformat.obj
 0001:00007040       ??_Glocale@std@@QAEPAXI@Z  00408040 f i Tcformat.obj
 0001:000070b0       ?_Myptr@?$basic_string@DU?$char_traits@D@std@@V?$allocator@D@2@@std@@IBEPBDXZ 004080b0 f i Tcformat.obj
 0001:000070c0       ?setg@?$basic_streambuf@_WU?$char_traits@_W@std@@@std@@IAEXPA_W00@Z 004080c0 f i Tcformat.obj
 0001:000070f0       ?setp@?$basic_streambuf@_WU?$char_traits@_W@std@@@std@@IAEXPA_W00@Z 004080f0 f i Tcformat.obj
 0001:00007120       ??$_Allocate@UHostDevice@@@std@@YAPAUHostDevice@@IPAU1@@Z 00408120 f i Tcformat.obj
 0001:00007180       ??$_Allocate@E@std@@YAPAEIPAE@Z 00408180 f i Dlgcode.obj
 0001:00007180       ??$_Allocate@D@std@@YAPADIPAD@Z 00408180 f i Tcformat.obj
 0001:000071e0       ??$_Copy_opt@PAUHostDevice@@PAU1@Uforward_iterator_tag@std@@@std@@YAPAUHostDevice@@PAU1@00Uforward_iterator_tag@0@U_Nonscalar_ptr_iterator_tag@0@U_Range_checked_iterator_tag@0@@Z 004081e0 f i Tcformat.obj
 0001:00007220       ??0?$ctype@_W@std@@QAE@ABV_Locinfo@1@I@Z 00408220 f i Tcformat.obj
 0001:00007270       ?do_is@?$ctype@_W@std@@MBE_NF_W@Z 00408270 f i Tcformat.obj
 0001:000072a0       ?do_is@?$ctype@_W@std@@MBEPB_WPB_W0PAF@Z 004082a0 f i Tcformat.obj
 0001:000072c0       ?do_scan_is@?$ctype@_W@std@@MBEPB_WFPB_W0@Z 004082c0 f i Tcformat.obj
 0001:00007300       ?do_scan_not@?$ctype@_W@std@@MBEPB_WFPB_W0@Z 00408300 f i Tcformat.obj
 0001:00007340       ?do_tolower@?$ctype@_W@std@@MBE_W_W@Z 00408340 f i Tcformat.obj
 0001:00007360       ?do_tolower@?$ctype@_W@std@@MBEPB_WPA_WPB_W@Z 00408360 f i Tcformat.obj
 0001:000073a0       ?do_toupper@?$ctype@_W@std@@MBE_W_W@Z 004083a0 f i Tcformat.obj
 0001:000073c0       ?do_toupper@?$ctype@_W@std@@MBEPB_WPA_WPB_W@Z 004083c0 f i Tcformat.obj
 0001:00007400       ?do_widen@?$ctype@_W@std@@MBE_WD@Z 00408400 f i Tcformat.obj
 0001:00007450       ?do_widen@?$ctype@_W@std@@MBEPBDPBD0PA_W@Z 00408450 f i Tcformat.obj
 0001:00007480       ?_Do_widen_s@?$ctype@_W@std@@MBEPBDPBD0PA_WI@Z 00408480 f i Tcformat.obj
 0001:00007500       ?do_narrow@?$ctype@_W@std@@MBED_WD@Z 00408500 f i Tcformat.obj
 0001:00007550       ?do_narrow@?$ctype@_W@std@@MBEPB_WPB_W0DPAD@Z 00408550 f i Tcformat.obj
 0001:00007580       ?_Do_narrow_s@?$ctype@_W@std@@MBEPB_WPB_W0DPADI@Z 00408580 f i Tcformat.obj
 0001:00007610       ??_G?$ctype@_W@std@@MAEPAXI@Z 00408610 f i Tcformat.obj
 0001:00007610       ??_E?$ctype@_W@std@@MAEPAXI@Z 00408610 f i Tcformat.obj
 0001:00008590       _QueryFreeSpace            00409590 f   Tcformat.obj
 0001:00008930       _AnalyzeHiddenVolumeHost   00409930 f   Tcformat.obj
 0001:00008e00       ??1?$basic_streambuf@_WU?$char_traits@_W@std@@@std@@UAE@XZ 00409e00 f i Tcformat.obj
 0001:00008e70       ?overflow@?$basic_streambuf@_WU?$char_traits@_W@std@@@std@@MAEGG@Z 00409e70 f i Tcformat.obj
 0001:00008e70       ?pbackfail@?$basic_streambuf@_WU?$char_traits@_W@std@@@std@@MAEGG@Z 00409e70 f i Tcformat.obj
 0001:00008e80       ?showmanyc@?$basic_streambuf@_WU?$char_traits@_W@std@@@std@@MAEHXZ 00409e80 f i Tcformat.obj
 0001:00008e80       ?sync@?$basic_streambuf@_WU?$char_traits@_W@std@@@std@@MAEHXZ 00409e80 f i Tcformat.obj
 0001:00008e80       ?sync@?$basic_streambuf@DU?$char_traits@D@std@@@std@@MAEHXZ 00409e80 f i BootEncryption.obj
 0001:00008e80       ?showmanyc@?$basic_streambuf@DU?$char_traits@D@std@@@std@@MAEHXZ 00409e80 f i BootEncryption.obj
 0001:00008e90       ?underflow@?$basic_streambuf@_WU?$char_traits@_W@std@@@std@@MAEGXZ 00409e90 f i Tcformat.obj
 0001:00008ea0       ?setbuf@?$basic_streambuf@DU?$char_traits@D@std@@@std@@MAEPAV12@PADH@Z 00409ea0 f i BootEncryption.obj
 0001:00008ea0       ?setbuf@?$basic_streambuf@_WU?$char_traits@_W@std@@@std@@MAEPAV12@PA_WH@Z 00409ea0 f i Tcformat.obj
 0001:00008eb0       ?_Gnavail@?$basic_streambuf@DU?$char_traits@D@std@@@std@@IBEHXZ 00409eb0 f i BootEncryption.obj
 0001:00008eb0       ?_Gnavail@?$basic_streambuf@_WU?$char_traits@_W@std@@@std@@IBEHXZ 00409eb0 f i Tcformat.obj
 0001:00008ed0       ?uflow@?$basic_streambuf@_WU?$char_traits@_W@std@@@std@@MAEGXZ 00409ed0 f i Tcformat.obj
 0001:00008f00       ?pbackfail@?$basic_stringbuf@_WU?$char_traits@_W@std@@V?$allocator@_W@2@@std@@MAEGG@Z 00409f00 f i Tcformat.obj
 0001:00008f60       ?underflow@?$basic_stringbuf@_WU?$char_traits@_W@std@@V?$allocator@_W@2@@std@@MAEGXZ 00409f60 f i Tcformat.obj
 0001:00008fd0       ?seekoff@?$basic_stringbuf@_WU?$char_traits@_W@std@@V?$allocator@_W@2@@std@@MAE?AV?$fpos@H@2@JHH@Z 00409fd0 f i Tcformat.obj
 0001:00009140       ?seekpos@?$basic_stringbuf@_WU?$char_traits@_W@std@@V?$allocator@_W@2@@std@@MAE?AV?$fpos@H@2@V32@H@Z 0040a140 f i Tcformat.obj
 0001:00009220       ??_G?$basic_ostream@_WU?$char_traits@_W@std@@@std@@UAEPAXI@Z 0040a220 f i Tcformat.obj
 0001:00009220       ??_E?$basic_ostream@_WU?$char_traits@_W@std@@@std@@UAEPAXI@Z 0040a220 f i Tcformat.obj
 0001:00009260       ??_G?$basic_istream@_WU?$char_traits@_W@std@@@std@@UAEPAXI@Z 0040a260 f i Tcformat.obj
 0001:00009260       ??_E?$basic_istream@_WU?$char_traits@_W@std@@@std@@UAEPAXI@Z 0040a260 f i Tcformat.obj
 0001:000092a0       ??_E?$basic_streambuf@_WU?$char_traits@_W@std@@@std@@UAEPAXI@Z 0040a2a0 f i Tcformat.obj
 0001:000092a0       ??_G?$basic_streambuf@_WU?$char_traits@_W@std@@@std@@UAEPAXI@Z 0040a2a0 f i Tcformat.obj
 0001:000092c0       ??_G?$basic_iostream@_WU?$char_traits@_W@std@@@std@@UAEPAXI@Z 0040a2c0 f i Tcformat.obj
 0001:000092c0       ??_E?$basic_iostream@_WU?$char_traits@_W@std@@@std@@UAEPAXI@Z 0040a2c0 f i Tcformat.obj
 0001:00009320       ??_E?$basic_stringbuf@_WU?$char_traits@_W@std@@V?$allocator@_W@2@@std@@UAEPAXI@Z 0040a320 f i Tcformat.obj
 0001:00009320       ??_G?$basic_stringbuf@_WU?$char_traits@_W@std@@V?$allocator@_W@2@@std@@UAEPAXI@Z 0040a320 f i Tcformat.obj
 0001:00009350       ??0?$basic_streambuf@_WU?$char_traits@_W@std@@@std@@IAE@XZ 0040a350 f i Tcformat.obj
 0001:00009400       ??$copy_s@U?$char_traits@D@std@@@_Traits_helper@std@@YAPADPADIPBDI@Z 0040a400 f i Tcformat.obj
 0001:00009430       ??$_Maklocstr@_W@std@@YAPA_WPBDPA_WABU_Cvtvec@@@Z 0040a430 f i Tcformat.obj
 0001:000094f0       ?_Chassign@?$basic_string@DU?$char_traits@D@std@@V?$allocator@D@2@@std@@IAEXIID@Z 0040a4f0 f i Tcformat.obj
 0001:00009550       ??$_Maklocstr@D@std@@YAPADPBDPADABU_Cvtvec@@@Z 0040a550 f i Tcformat.obj
 0001:00009590       ?_Init@?$numpunct@_W@std@@IAEXABV_Locinfo@2@_N@Z 0040a590 f i Tcformat.obj
 0001:00009790       ??$_Copy_opt@PAUHostDevice@@PAU1@@std@@YAPAUHostDevice@@PAU1@00Urandom_access_iterator_tag@0@U_Nonscalar_ptr_iterator_tag@0@U_Range_checked_iterator_tag@0@@Z 0040a790 f i Tcformat.obj
 0001:00009cb0       _UpdateNonSysInPlaceEncControls 0040acb0 f   Tcformat.obj
 0001:0000a100       ?_Xsgetn_s@?$basic_streambuf@_WU?$char_traits@_W@std@@@std@@MAEHPA_WIH@Z 0040b100 f i Tcformat.obj
 0001:0000a1b0       ?xsputn@?$basic_streambuf@_WU?$char_traits@_W@std@@@std@@MAEHPB_WH@Z 0040b1b0 f i Tcformat.obj
 0001:0000a260       ??1?$basic_stringstream@_WU?$char_traits@_W@std@@V?$allocator@_W@2@@std@@UAE@XZ 0040b260 f i Tcformat.obj
 0001:0000a2f0       ?overflow@?$basic_stringbuf@_WU?$char_traits@_W@std@@V?$allocator@_W@2@@std@@MAEGG@Z 0040b2f0 f i Tcformat.obj
 0001:0000a4e0       ?_Tidy@?$basic_string@DU?$char_traits@D@std@@V?$allocator@D@2@@std@@IAEX_NI@Z 0040b4e0 f i Tcformat.obj
 0001:0000a530       ?erase@?$basic_string@DU?$char_traits@D@std@@V?$allocator@D@2@@std@@QAEAAV12@II@Z 0040b530 f i Tcformat.obj
 0001:0000a5c0       ?_Put@?$num_put@_WV?$ostreambuf_iterator@_WU?$char_traits@_W@std@@@std@@@std@@ABA?AV?$ostreambuf_iterator@_WU?$char_traits@_W@std@@@2@V32@PB_WI@Z 0040b5c0 f i Tcformat.obj
 0001:0000a640       ?_Rep@?$num_put@_WV?$ostreambuf_iterator@_WU?$char_traits@_W@std@@@std@@@std@@ABA?AV?$ostreambuf_iterator@_WU?$char_traits@_W@std@@@2@V32@_WI@Z 0040b640 f i Tcformat.obj
 0001:0000a6b0       ?_Copy@?$basic_string@DU?$char_traits@D@std@@V?$allocator@D@2@@std@@IAEXII@Z 0040b6b0 f i Tcformat.obj
 0001:0000a7f0       ?_Putc@?$num_put@_WV?$ostreambuf_iterator@_WU?$char_traits@_W@std@@@std@@@std@@ABA?AV?$ostreambuf_iterator@_WU?$char_traits@_W@std@@@2@V32@PBDI@Z 0040b7f0 f i Tcformat.obj
 0001:0000a8d0       ?_Putgrouped@?$num_put@_WV?$ostreambuf_iterator@_WU?$char_traits@_W@std@@@std@@@std@@ABA?AV?$ostreambuf_iterator@_WU?$char_traits@_W@std@@@2@V32@PBDI_W@Z 0040b8d0 f i Tcformat.obj
 0001:0000a970       ??$unchecked_copy@PAUHostDevice@@PAU1@@stdext@@YAPAUHostDevice@@PAU1@00@Z 0040b970 f i Tcformat.obj
 0001:0000a9a0       ??0?$numpunct@_W@std@@QAE@ABV_Locinfo@1@I_N@Z 0040b9a0 f i Tcformat.obj
 0001:0000aa10       ?do_decimal_point@?$numpunct@_W@std@@MBE_WXZ 0040ba10 f i Tcformat.obj
 0001:0000aa20       ?do_thousands_sep@?$numpunct@_W@std@@MBE_WXZ 0040ba20 f i Tcformat.obj
 0001:0000aa30       ??_G?$numpunct@_W@std@@MAEPAXI@Z 0040ba30 f i Tcformat.obj
 0001:0000aa30       ??_E?$numpunct@_W@std@@MAEPAXI@Z 0040ba30 f i Tcformat.obj
 0001:0000ab20       ??_D?$basic_stringstream@_WU?$char_traits@_W@std@@V?$allocator@_W@2@@std@@QAEXXZ 0040bb20 f i Tcformat.obj
 0001:0000ab40       ??1?$vector@UHostDevice@@V?$allocator@UHostDevice@@@std@@@std@@QAE@XZ 0040bb40 f i Tcformat.obj
 0001:0000aba0       ??_G?$basic_stringstream@_WU?$char_traits@_W@std@@V?$allocator@_W@2@@std@@UAEPAXI@Z 0040bba0 f i Tcformat.obj
 0001:0000aba0       ??_E?$basic_stringstream@_WU?$char_traits@_W@std@@V?$allocator@_W@2@@std@@UAEPAXI@Z 0040bba0 f i Tcformat.obj
 0001:0000abe0       ??0?$basic_stringbuf@_WU?$char_traits@_W@std@@V?$allocator@_W@2@@std@@QAE@H@Z 0040bbe0 f i Tcformat.obj
 0001:0000ac60       ?falsename@?$numpunct@D@std@@QBE?AV?$basic_string@DU?$char_traits@D@std@@V?$allocator@D@2@@2@XZ 0040bc60 f i BootEncryption.obj
 0001:0000ac60       ?falsename@?$numpunct@_W@std@@QBE?AV?$basic_string@_WU?$char_traits@_W@std@@V?$allocator@_W@2@@2@XZ 0040bc60 f i Tcformat.obj
 0001:0000ac80       ?truename@?$numpunct@_W@std@@QBE?AV?$basic_string@_WU?$char_traits@_W@std@@V?$allocator@_W@2@@2@XZ 0040bc80 f i Tcformat.obj
 0001:0000ac80       ?truename@?$numpunct@D@std@@QBE?AV?$basic_string@DU?$char_traits@D@std@@V?$allocator@D@2@@2@XZ 0040bc80 f i BootEncryption.obj
 0001:0000aca0       ?append@?$basic_string@DU?$char_traits@D@std@@V?$allocator@D@2@@std@@QAEAAV12@ID@Z 0040bca0 f i Tcformat.obj
 0001:0000ad50       ?insert@?$basic_string@DU?$char_traits@D@std@@V?$allocator@D@2@@std@@QAEAAV12@IID@Z 0040bd50 f i Tcformat.obj
 0001:0000ae50       ?grouping@?$numpunct@D@std@@QBE?AV?$basic_string@DU?$char_traits@D@std@@V?$allocator@D@2@@2@XZ 0040be50 f i BootEncryption.obj
 0001:0000ae50       ?grouping@?$numpunct@_W@std@@QBE?AV?$basic_string@DU?$char_traits@D@std@@V?$allocator@D@2@@2@XZ 0040be50 f i Tcformat.obj
 0001:0000ae70       ?append@?$basic_string@DU?$char_traits@D@std@@V?$allocator@D@2@@std@@QAEAAV12@ABV12@II@Z 0040be70 f i Tcformat.obj
 0001:0000af70       ?what@runtime_error@std@@UBEPBDXZ 0040bf70 f i Tcformat.obj
 0001:0000af70       ?what@logic_error@std@@UBEPBDXZ 0040bf70 f i Tcformat.obj
 0001:0000af80       ??0_Locinfo@std@@QAE@ABV?$basic_string@DU?$char_traits@D@std@@V?$allocator@D@2@@1@@Z 0040bf80 f i Tcformat.obj
 0001:0000b010       ??1_Locinfo@std@@QAE@XZ    0040c010 f i Tcformat.obj
 0001:0000b0f0       ??1HostDevice@@QAE@XZ      0040c0f0 f i Tcformat.obj
 0001:0000b1a0       ??1Partition@CipherShed@@QAE@XZ 0040c1a0 f i Tcformat.obj
 0001:0000b2f0       ??1?$ContainerForward@V?$vector@UHostDevice@@V?$allocator@UHostDevice@@@std@@@std@@@ForEach@CipherShed@@UAE@XZ 0040c2f0 f i Tcformat.obj
 0001:0000b340       ?assign@?$basic_string@DU?$char_traits@D@std@@V?$allocator@D@2@@std@@QAEAAV12@ABV12@II@Z 0040c340 f i Tcformat.obj
 0001:0000b420       ?assign@?$basic_string@DU?$char_traits@D@std@@V?$allocator@D@2@@std@@QAEAAV12@PBDI@Z 0040c420 f i Tcformat.obj
 0001:0000b500       ?append@?$basic_string@DU?$char_traits@D@std@@V?$allocator@D@2@@std@@QAEAAV12@PBDI@Z 0040c500 f i Tcformat.obj
 0001:0000b610       ??0?$basic_string@DU?$char_traits@D@std@@V?$allocator@D@2@@std@@QAE@ABV01@@Z 0040c610 f i Tcformat.obj
 0001:0000b640       ?front@?$vector@UHostDevice@@V?$allocator@UHostDevice@@@std@@@std@@QAEAAUHostDevice@@XZ 0040c640 f i Tcformat.obj
 0001:0000b640       ?front@?$vector@EV?$allocator@E@std@@@std@@QAEAAEXZ 0040c640 f i Dlgcode.obj
 0001:0000b640       ?front@?$vector@USecurityTokenKeyfile@CipherShed@@V?$allocator@USecurityTokenKeyfile@CipherShed@@@std@@@std@@QAEAAUSecurityTokenKeyfile@CipherShed@@XZ 0040c640 f i SecurityToken.obj
 0001:0000b670       ??$?HDU?$char_traits@D@std@@V?$allocator@D@1@@std@@YA?AV?$basic_string@DU?$char_traits@D@std@@V?$allocator@D@2@@0@ABV10@0@Z 0040c670 f i Tcformat.obj
 0001:0000b720       ??0logic_error@std@@QAE@ABV?$basic_string@DU?$char_traits@D@std@@V?$allocator@D@2@@1@@Z 0040c720 f i Tcformat.obj
 0001:0000b790       ??0length_error@std@@QAE@ABV?$basic_string@DU?$char_traits@D@std@@V?$allocator@D@2@@1@@Z 0040c790 f i Tcformat.obj
 0001:0000b7b0       ??1length_error@std@@UAE@XZ 0040c7b0 f i Tcformat.obj
 0001:0000b7b0       ??1out_of_range@std@@UAE@XZ 0040c7b0 f i Dictionary.obj
 0001:0000b7f0       ??0runtime_error@std@@QAE@ABV?$basic_string@DU?$char_traits@D@std@@V?$allocator@D@2@@1@@Z 0040c7f0 f i Tcformat.obj
 0001:0000b860       ?name@locale@std@@QBE?AV?$basic_string@DU?$char_traits@D@std@@V?$allocator@D@2@@2@XZ 0040c860 f i Tcformat.obj
 0001:0000b890       ?_Getcat@?$ctype@_W@std@@SAIPAPBVfacet@locale@2@PBV42@@Z 0040c890 f i Tcformat.obj
 0001:0000b990       ??1failure@ios_base@std@@UAE@XZ 0040c990 f i Tcformat.obj
 0001:0000b9d0       ??_Gruntime_error@std@@UAEPAXI@Z 0040c9d0 f i Tcformat.obj
 0001:0000b9d0       ??_Efailure@ios_base@std@@UAEPAXI@Z 0040c9d0 f i Tcformat.obj
 0001:0000b9d0       ??_Eruntime_error@std@@UAEPAXI@Z 0040c9d0 f i Tcformat.obj
 0001:0000b9d0       ??_Gfailure@ios_base@std@@UAEPAXI@Z 0040c9d0 f i Tcformat.obj
 0001:0000ba20       ??0?$basic_string@DU?$char_traits@D@std@@V?$allocator@D@2@@std@@QAE@PBD@Z 0040ca20 f i Tcformat.obj
 0001:0000ba60       ?str@?$basic_stringbuf@_WU?$char_traits@_W@std@@V?$allocator@_W@2@@std@@QBE?AV?$basic_string@_WU?$char_traits@_W@std@@V?$allocator@_W@2@@2@XZ 0040ca60 f i Tcformat.obj
 0001:0000bbd0       ??0logic_error@std@@QAE@ABV01@@Z 0040cbd0 f i Tcformat.obj
 0001:0000bc50       ?do_falsename@?$numpunct@_W@std@@MBE?AV?$basic_string@_WU?$char_traits@_W@std@@V?$allocator@_W@2@@2@XZ 0040cc50 f i Tcformat.obj
 0001:0000bca0       ?do_truename@?$numpunct@_W@std@@MBE?AV?$basic_string@_WU?$char_traits@_W@std@@V?$allocator@_W@2@@2@XZ 0040cca0 f i Tcformat.obj
 0001:0000bcf0       ??0length_error@std@@QAE@ABV01@@Z 0040ccf0 f i Tcformat.obj
 0001:0000bd10       ??$use_facet@V?$ctype@_W@std@@@std@@YAABV?$ctype@_W@0@ABVlocale@0@@Z 0040cd10 f i Tcformat.obj
 0001:0000be60       ?_Getcat@?$num_put@_WV?$ostreambuf_iterator@_WU?$char_traits@_W@std@@@std@@@std@@SAIPAPBVfacet@locale@2@PBV42@@Z 0040ce60 f i Tcformat.obj
 0001:0000bf70       ?_Getcat@?$numpunct@_W@std@@SAIPAPBVfacet@locale@2@PBV42@@Z 0040cf70 f i Tcformat.obj
 0001:0000c080       ?clear@ios_base@std@@QAEXH_N@Z 0040d080 f i Tcformat.obj
 0001:0000c1b0       ??0runtime_error@std@@QAE@ABV01@@Z 0040d1b0 f i Tcformat.obj
 0001:0000c230       ??0failure@ios_base@std@@QAE@ABV012@@Z 0040d230 f i Tcformat.obj
 0001:0000c250       ?_Init@ios_base@std@@IAEXXZ 0040d250 f i Tcformat.obj
 0001:0000c570       _ExtractCommandLine        0040d570 f   Tcformat.obj
 0001:0000d070       ?str@?$basic_stringstream@_WU?$char_traits@_W@std@@V?$allocator@_W@2@@std@@QBE?AV?$basic_string@_WU?$char_traits@_W@std@@V?$allocator@_W@2@@2@XZ 0040e070 f i Tcformat.obj
 0001:0000d090       ?_Buy@?$vector@UHostDevice@@V?$allocator@UHostDevice@@@std@@@std@@IAE_NI@Z 0040e090 f i Tcformat.obj
 0001:0000d0e0       ?widen@?$basic_ios@_WU?$char_traits@_W@std@@@std@@QBE_WD@Z 0040e0e0 f i Tcformat.obj
 0001:0000d1a0       ??$use_facet@V?$num_put@_WV?$ostreambuf_iterator@_WU?$char_traits@_W@std@@@std@@@std@@@std@@YAABV?$num_put@_WV?$ostreambuf_iterator@_WU?$char_traits@_W@std@@@std@@@0@ABVlocale@0@@Z 0040e1a0 f i Tcformat.obj
 0001:0000d2f0       ??$use_facet@V?$numpunct@_W@std@@@std@@YAABV?$numpunct@_W@0@ABVlocale@0@@Z 0040e2f0 f i Tcformat.obj
 0001:0000d440       _DisplayPortionsOfKeys     0040e440 f   Tcformat.obj
 0001:0000d660       ?do_put@?$num_put@_WV?$ostreambuf_iterator@_WU?$char_traits@_W@std@@@std@@@std@@MBE?AV?$ostreambuf_iterator@_WU?$char_traits@_W@std@@@2@V32@AAVios_base@2@_W_N@Z 0040e660 f i Tcformat.obj
 0001:0000d880       ?clear@?$list@UPartition@CipherShed@@V?$allocator@UPartition@CipherShed@@@std@@@std@@QAEXXZ 0040e880 f i Tcformat.obj
 0001:0000d8c0       ?_Fput@?$num_put@_WV?$ostreambuf_iterator@_WU?$char_traits@_W@std@@@std@@@std@@ABA?AV?$ostreambuf_iterator@_WU?$char_traits@_W@std@@@2@V32@AAVios_base@2@_WPBDIIII@Z 0040e8c0 f i Tcformat.obj
 0001:0000dfa0       ?_Iput@?$num_put@_WV?$ostreambuf_iterator@_WU?$char_traits@_W@std@@@std@@@std@@ABA?AV?$ostreambuf_iterator@_WU?$char_traits@_W@std@@@2@V32@AAVios_base@2@_WPADI@Z 0040efa0 f i Tcformat.obj
 0001:0000e290       ?flush@?$basic_ostream@_WU?$char_traits@_W@std@@@std@@QAEAAV12@XZ 0040f290 f i Tcformat.obj
 0001:0000e290       ?flush@?$basic_ostream@DU?$char_traits@D@std@@@std@@QAEAAV12@XZ 0040f290 f i BootEncryption.obj
 0001:0000e2e0       ?_Tidy@?$list@UPartition@CipherShed@@V?$allocator@UPartition@CipherShed@@@std@@@std@@IAEXXZ 0040f2e0 f i Tcformat.obj
 0001:0000e300       ??0sentry@?$basic_ostream@_WU?$char_traits@_W@std@@@std@@QAE@AAV12@@Z 0040f300 f i Tcformat.obj
 0001:0000e300       ??0sentry@?$basic_ostream@DU?$char_traits@D@std@@@std@@QAE@AAV12@@Z 0040f300 f i BootEncryption.obj
 0001:0000e390       ?do_put@?$num_put@_WV?$ostreambuf_iterator@_WU?$char_traits@_W@std@@@std@@@std@@MBE?AV?$ostreambuf_iterator@_WU?$char_traits@_W@std@@@2@V32@AAVios_base@2@_WJ@Z 0040f390 f i Tcformat.obj
 0001:0000e410       ?do_put@?$num_put@_WV?$ostreambuf_iterator@_WU?$char_traits@_W@std@@@std@@@std@@MBE?AV?$ostreambuf_iterator@_WU?$char_traits@_W@std@@@2@V32@AAVios_base@2@_WK@Z 0040f410 f i Tcformat.obj
 0001:0000e490       ?do_put@?$num_put@_WV?$ostreambuf_iterator@_WU?$char_traits@_W@std@@@std@@@std@@MBE?AV?$ostreambuf_iterator@_WU?$char_traits@_W@std@@@2@V32@AAVios_base@2@_W_J@Z 0040f490 f i Tcformat.obj
 0001:0000e520       ?do_put@?$num_put@_WV?$ostreambuf_iterator@_WU?$char_traits@_W@std@@@std@@@std@@MBE?AV?$ostreambuf_iterator@_WU?$char_traits@_W@std@@@2@V32@AAVios_base@2@_W_K@Z 0040f520 f i Tcformat.obj
 0001:0000e5b0       ?do_put@?$num_put@_WV?$ostreambuf_iterator@_WU?$char_traits@_W@std@@@std@@@std@@MBE?AV?$ostreambuf_iterator@_WU?$char_traits@_W@std@@@2@V32@AAVios_base@2@_WN@Z 0040f5b0 f i Tcformat.obj
 0001:0000e7a0       ?do_put@?$num_put@_WV?$ostreambuf_iterator@_WU?$char_traits@_W@std@@@std@@@std@@MBE?AV?$ostreambuf_iterator@_WU?$char_traits@_W@std@@@2@V32@AAVios_base@2@_WO@Z 0040f7a0 f i Tcformat.obj
 0001:0000e980       ?do_put@?$num_put@_WV?$ostreambuf_iterator@_WU?$char_traits@_W@std@@@std@@@std@@MBE?AV?$ostreambuf_iterator@_WU?$char_traits@_W@std@@@2@V32@AAVios_base@2@_WPBX@Z 0040f980 f i Tcformat.obj
 0001:0000e9f0       ?_Destroy@?$vector@UHostDevice@@V?$allocator@UHostDevice@@@std@@@std@@IAEXPAUHostDevice@@0@Z 0040f9f0 f i Tcformat.obj
 0001:0000ea20       ??1?$list@UPartition@CipherShed@@V?$allocator@UPartition@CipherShed@@@std@@@std@@QAE@XZ 0040fa20 f i Tcformat.obj
 0001:0000ea50       ?erase@?$vector@UHostDevice@@V?$allocator@UHostDevice@@@std@@@std@@QAE?AV?$_Vector_iterator@UHostDevice@@V?$allocator@UHostDevice@@@std@@@2@V?$_Vector_const_iterator@UHostDevice@@V?$allocator@UHostDevice@@@std@@@2@0@Z 0040fa50 f i Tcformat.obj
 0001:0000eb10       ?_Tidy@?$vector@UHostDevice@@V?$allocator@UHostDevice@@@std@@@std@@IAEXXZ 0040fb10 f i Tcformat.obj
 0001:0000eb60       ??0?$basic_iostream@_WU?$char_traits@_W@std@@@std@@QAE@PAV?$basic_streambuf@_WU?$char_traits@_W@std@@@1@@Z 0040fb60 f i Tcformat.obj
 0001:0000ec40       ??0?$vector@UHostDevice@@V?$allocator@UHostDevice@@@std@@@std@@QAE@ABV01@@Z 0040fc40 f i Tcformat.obj
 0001:0000ed50       ??$?6_WU?$char_traits@_W@std@@@std@@YAAAV?$basic_ostream@_WU?$char_traits@_W@std@@@0@AAV10@PB_W@Z 0040fd50 f i Tcformat.obj
 0001:0000ef70       ??0?$ContainerForward@V?$vector@UHostDevice@@V?$allocator@UHostDevice@@@std@@@std@@@ForEach@CipherShed@@QAE@ABV?$vector@UHostDevice@@V?$allocator@UHostDevice@@@std@@@std@@@Z 0040ff70 f i Tcformat.obj
 0001:0000f010       ?Next@?$ContainerForward@V?$vector@UHostDevice@@V?$allocator@UHostDevice@@@std@@@std@@@ForEach@CipherShed@@UBEXXZ 00410010 f i Tcformat.obj
 0001:0000f050       ??_G?$ContainerForward@V?$vector@UHostDevice@@V?$allocator@UHostDevice@@@std@@@std@@@ForEach@CipherShed@@UAEPAXI@Z 00410050 f i Tcformat.obj
 0001:0000f050       ??_E?$ContainerForward@V?$vector@UHostDevice@@V?$allocator@UHostDevice@@@std@@@std@@@ForEach@CipherShed@@UAEPAXI@Z 00410050 f i Tcformat.obj
 0001:0000f070       ??1SystemDriveConfiguration@CipherShed@@QAE@XZ 00410070 f i Tcformat.obj
 0001:0000f1e0       ??6?$basic_ostream@_WU?$char_traits@_W@std@@@std@@QAEAAV01@_J@Z 004101e0 f i Tcformat.obj
 0001:0000f330       ?clear@?$vector@UHostDevice@@V?$allocator@UHostDevice@@@std@@@std@@QAEXXZ 00410330 f i Tcformat.obj
 0001:0000f370       ??0?$basic_stringstream@_WU?$char_traits@_W@std@@V?$allocator@_W@2@@std@@QAE@H@Z 00410370 f i Tcformat.obj
 0001:0000f410       ??0HostDevice@@QAE@ABU0@@Z 00410410 f i Tcformat.obj
 0001:0000f510       ??$GetContainerForward@V?$vector@UHostDevice@@V?$allocator@UHostDevice@@@std@@@std@@@ForEach@CipherShed@@SA?AU?$ContainerForward@V?$vector@UHostDevice@@V?$allocator@UHostDevice@@@std@@@std@@@01@ABV?$vector@UHostDevice@@V?$allocator@UHostDevice@@@std@@@std@@@Z 00410510 f i Tcformat.obj
 0001:0000f530       ?GetSystemPartitionSize@@YA_JXZ 00410530 f   Tcformat.obj
 0001:0000f5d0       _PageDialogProc@16         004105d0 f   Tcformat.obj
 0001:00014a40       ??$_Uninit_copy@PAUHostDevice@@PAU1@V?$allocator@UHostDevice@@@std@@@std@@YAPAUHostDevice@@PAU1@00AAV?$allocator@UHostDevice@@@0@U_Nonscalar_ptr_iterator_tag@0@U_Range_checked_iterator_tag@0@@Z 00415a40 f i Tcformat.obj
 0001:00014a40       ??$_Uninit_copy@PBUHostDevice@@PAU1@V?$allocator@UHostDevice@@@std@@@std@@YAPAUHostDevice@@PBU1@0PAU1@AAV?$allocator@UHostDevice@@@0@U_Nonscalar_ptr_iterator_tag@0@U_Range_checked_iterator_tag@0@@Z 00415a40 f i Tcformat.obj
 0001:00014fd0       ??$_Uninit_fill_n@PAUHostDevice@@IU1@V?$allocator@UHostDevice@@@std@@@std@@YAXPAUHostDevice@@IABU1@AAV?$allocator@UHostDevice@@@0@U_Nonscalar_ptr_iterator_tag@0@U_Range_checked_iterator_tag@0@@Z 00415fd0 f i Tcformat.obj
 0001:00015080       _SwitchWizardToSysEncMode  00416080 f   Tcformat.obj
 0001:00015850       _SwitchWizardToFileContainerMode 00416850 f   Tcformat.obj
 0001:00015a60       ?SwitchWizardToNonSysDeviceMode@@YAXXZ 00416a60 f   Tcformat.obj
 0001:00015c50       ?SwitchWizardToHiddenOSMode@@YAHXZ 00416c50 f   Tcformat.obj
 0001:00015f60       ?SwitchWizardToNonSysInplaceEncResumeMode@@YAXXZ 00416f60 f   Tcformat.obj
 0001:00017090       ??$_Umove@PAUHostDevice@@@?$vector@UHostDevice@@V?$allocator@UHostDevice@@@std@@@std@@IAEPAUHostDevice@@PAU2@00@Z 00418090 f i Tcformat.obj
 0001:00017090       ??$_Ucopy@PAUHostDevice@@@?$vector@UHostDevice@@V?$allocator@UHostDevice@@@std@@@std@@IAEPAUHostDevice@@PAU2@00@Z 00418090 f i Tcformat.obj
 0001:000170c0       ?_Ufill@?$vector@UHostDevice@@V?$allocator@UHostDevice@@@std@@@std@@IAEPAUHostDevice@@PAU3@IABU3@@Z 004180c0 f i Tcformat.obj
 0001:00017100       ??4?$vector@UHostDevice@@V?$allocator@UHostDevice@@@std@@@std@@QAEAAV01@ABV01@@Z 00418100 f i Tcformat.obj
 0001:00017270       ??4HostDevice@@QAEAAU0@ABU0@@Z 00418270 f i Tcformat.obj
 0001:00017310       ??$_Copy_backward_opt@PAUHostDevice@@PAU1@Uforward_iterator_tag@std@@@std@@YAPAUHostDevice@@PAU1@00Uforward_iterator_tag@0@U_Nonscalar_ptr_iterator_tag@0@U_Range_checked_iterator_tag@0@@Z 00418310 f i Tcformat.obj
 0001:00017350       ??$_Copy_backward_opt@PAUHostDevice@@PAU1@@std@@YAPAUHostDevice@@PAU1@00Urandom_access_iterator_tag@0@U_Nonscalar_ptr_iterator_tag@0@U_Range_checked_iterator_tag@0@@Z 00418350 f i Tcformat.obj
 0001:000173b0       ??$fill@PAUHostDevice@@U1@@std@@YAXPAUHostDevice@@0ABU1@@Z 004183b0 f i Tcformat.obj
 0001:000173e0       ??$_Unchecked_move_backward@PAUHostDevice@@PAU1@@stdext@@YAPAUHostDevice@@PAU1@00@Z 004183e0 f i Tcformat.obj
 0001:00017410       ?_Insert_n@?$vector@UHostDevice@@V?$allocator@UHostDevice@@@std@@@std@@IAEXV?$_Vector_const_iterator@UHostDevice@@V?$allocator@UHostDevice@@@std@@@2@IABUHostDevice@@@Z 00418410 f i Tcformat.obj
 0001:000177c0       ?insert@?$vector@UHostDevice@@V?$allocator@UHostDevice@@@std@@@std@@QAE?AV?$_Vector_iterator@UHostDevice@@V?$allocator@UHostDevice@@@std@@@2@V?$_Vector_const_iterator@UHostDevice@@V?$allocator@UHostDevice@@@std@@@2@ABUHostDevice@@@Z 004187c0 f i Tcformat.obj
 0001:00017890       ?push_back@?$vector@UHostDevice@@V?$allocator@UHostDevice@@@std@@@std@@QAEXABUHostDevice@@@Z 00418890 f i Tcformat.obj
 0001:00017940       _MainDialogProc@16         00418940 f   Tcformat.obj
 0001:0001c460       _WinMain@16                0041d460 f   Tcformat.obj
 0001:0001c640       ?AtlThrowImpl@ATL@@YGXJ@Z  0041d640 f i BaseCom.obj
 0001:0001c660       ?AtlThrowLastWin32@ATL@@YGXXZ 0041d660 f i BaseCom.obj
 0001:0001c680       ?CreateElevatedComObject@@YAJPAUHWND__@@ABU_GUID@@1PAPAX@Z 0041d680 f   BaseCom.obj
 0001:0001c760       ?ComGetInstanceBase@@YAHPAUHWND__@@ABU_GUID@@1PAPAX@Z 0041d760 f   BaseCom.obj
 0001:0001c7c0       ?CallDriver@BaseCom@@SAKKPA_WPAPA_W@Z 0041d7c0 f   BaseCom.obj
 0001:0001c8a0       ?IsPagingFileActive@BaseCom@@SAHH@Z 0041d8a0 f   BaseCom.obj
 0001:0001c8b0       ?RegisterFilterDriver@BaseCom@@SAKHH@Z 0041d8b0 f   BaseCom.obj
 0001:0001c980       ?RegisterSystemFavoritesService@BaseCom@@SAKH@Z 0041d980 f   BaseCom.obj
 0001:0001ca40       ?SetDriverServiceStartType@BaseCom@@SAKK@Z 0041da40 f   BaseCom.obj
 0001:0001cb00       ??$AtlConvAllocMemory@D@ATL@@YAXPAPADHPADH@Z 0041db00 f i BaseCom.obj
 0001:0001cb90       ??1?$CW2AEX@$0IA@@ATL@@QAE@XZ 0041db90 f i BaseCom.obj
 0001:0001cbb0       ?Init@?$CW2AEX@$0IA@@ATL@@AAEXPB_WI@Z 0041dbb0 f i BaseCom.obj
 0001:0001cc70       ?CopyFileA@BaseCom@@SAKPA_W0@Z 0041dc70 f   BaseCom.obj
 0001:0001cd70       ?DeleteFileA@BaseCom@@SAKPA_W@Z 0041dd70 f   BaseCom.obj
 0001:0001cde0       ?WriteLocalMachineRegistryDwordValue@BaseCom@@SAKPA_W0K@Z 0041dde0 f   BaseCom.obj
 0001:0001cee0       ??1File@CipherShed@@QAE@XZ 0041dee0 f i BaseCom.obj
 0001:0001cf50       ??1?$auto_ptr@VFile@CipherShed@@@std@@QAE@XZ 0041df50 f i BaseCom.obj
 0001:0001cf70       ?ReadWriteFile@BaseCom@@SAKHHPA_WPAPA_W_KIPAK@Z 0041df70 f   BaseCom.obj
 0001:0001d190       ??0bad_alloc@std@@QAE@XZ   0041e190 f i BootEncryption.obj
 0001:0001d1b0       ?compare@?$char_traits@D@std@@SAHPBD0I@Z 0041e1b0 f i BootEncryption.obj
 0001:0001d230       ?AtlCrtErrorCheck@ATL@@YAHH@Z 0041e230 f i BootEncryption.obj
 0001:0001d2d0       ?memcpy_s@Checked@ATL@@YAXPAXIPBXI@Z 0041e2d0 f i BootEncryption.obj
 0001:0001d300       ?AppendBytes@CComBSTR@ATL@@QAEJPBDH@Z 0041e300 f i BootEncryption.obj
 0001:0001d390       ??1CComBSTR@ATL@@QAE@XZ    0041e390 f i BootEncryption.obj
 0001:0001d3a0       ?Show@TimeOut@CipherShed@@UBEXPAUHWND__@@@Z 0041e3a0 f i BootEncryption.obj
 0001:0001d3b0       ??0Buffer@CipherShed@@QAE@I@Z 0041e3b0 f i BootEncryption.obj
 0001:0001d400       ??1Buffer@CipherShed@@QAE@XZ 0041e400 f i BootEncryption.obj
 0001:0001d410       ?Close@File@CipherShed@@QAEXXZ 0041e410 f   BootEncryption.obj
 0001:0001d440       ?InvalidateCachedSysDriveProperties@BootEncryption@CipherShed@@QAEXXZ 0041e440 f   BootEncryption.obj
 0001:0001d450       ?GetChecksum@BootEncryption@CipherShed@@IAEIPAEI@Z 0041e450 f   BootEncryption.obj
 0001:0001d4c0       ?ReadDriverConfigurationFlags@BootEncryption@CipherShed@@QAEIXZ 0041e4c0 f   BootEncryption.obj
 0001:0001d4c0       _ReadDriverConfigurationFlags 0041e4c0 f   Dlgcode.obj
 0001:0001d4f0       ?RestartComputer@BootEncryption@CipherShed@@QAE_NXZ 0041e4f0 f   BootEncryption.obj
 0001:0001d500       ??1?$basic_ios@DU?$char_traits@D@std@@@std@@UAE@XZ 0041e500 f i BootEncryption.obj
 0001:0001d500       ??1?$basic_ios@_WU?$char_traits@_W@std@@@std@@UAE@XZ 0041e500 f i Tcformat.obj
 0001:0001d510       ??1?$basic_istream@DU?$char_traits@D@std@@@std@@UAE@XZ 0041e510 f i BootEncryption.obj
 0001:0001d520       ??1?$CAtlSafeAllocBufferManager@VCCRTAllocator@ATL@@@_ATL_SAFE_ALLOCA_IMPL@ATL@@QAE@XZ 0041e520 f i BootEncryption.obj
 0001:0001d540       ??1?$basic_iostream@DU?$char_traits@D@std@@@std@@UAE@XZ 0041e540 f i BootEncryption.obj
 0001:0001d570       ??_E?$basic_ios@DU?$char_traits@D@std@@@std@@UAEPAXI@Z 0041e570 f i BootEncryption.obj
 0001:0001d570       ??_Gios_base@std@@UAEPAXI@Z 0041e570 f i Tcformat.obj
 0001:0001d570       ??_G?$basic_ios@_WU?$char_traits@_W@std@@@std@@UAEPAXI@Z 0041e570 f i Tcformat.obj
 0001:0001d570       ??_Eios_base@std@@UAEPAXI@Z 0041e570 f i Tcformat.obj
 0001:0001d570       ??_E?$basic_ios@_WU?$char_traits@_W@std@@@std@@UAEPAXI@Z 0041e570 f i Tcformat.obj
 0001:0001d570       ??_G?$basic_ios@DU?$char_traits@D@std@@@std@@UAEPAXI@Z 0041e570 f i BootEncryption.obj
 0001:0001d5a0       ?_Pnavail@?$basic_streambuf@DU?$char_traits@D@std@@@std@@IBEHXZ 0041e5a0 f i BootEncryption.obj
 0001:0001d5a0       ?_Pnavail@?$basic_streambuf@_WU?$char_traits@_W@std@@@std@@IBEHXZ 0041e5a0 f i Tcformat.obj
 0001:0001d5c0       ?_Tidy@?$basic_stringbuf@DU?$char_traits@D@std@@V?$allocator@D@2@@std@@IAEXXZ 0041e5c0 f i BootEncryption.obj
 0001:0001d5c0       ?_Tidy@?$basic_stringbuf@_WU?$char_traits@_W@std@@V?$allocator@_W@2@@std@@IAEXXZ 0041e5c0 f i Tcformat.obj
 0001:0001d620       ??1_Sentry_base@?$basic_ostream@_WU?$char_traits@_W@std@@@std@@QAE@XZ 0041e620 f i Tcformat.obj
 0001:0001d620       ??1_Sentry_base@?$basic_ostream@DU?$char_traits@D@std@@@std@@QAE@XZ 0041e620 f i BootEncryption.obj
 0001:0001d640       ?_Init@?$basic_streambuf@_WU?$char_traits@_W@std@@@std@@IAEXXZ 0041e640 f i Tcformat.obj
 0001:0001d640       ?_Init@?$basic_streambuf@DU?$char_traits@D@std@@@std@@IAEXXZ 0041e640 f i BootEncryption.obj
 0001:0001d6a0       ??F?$_Const_iterator@$00@?$list@UPartition@CipherShed@@V?$allocator@UPartition@CipherShed@@@std@@@std@@QAEAAV012@XZ 0041e6a0 f i BootEncryption.obj
 0001:0001d6a0       ??F?$_Const_iterator@$00@?$list@USecurityTokenKeyfilePath@CipherShed@@V?$allocator@USecurityTokenKeyfilePath@CipherShed@@@std@@@std@@QAEAAV012@XZ 0041e6a0 f i Keyfiles.obj
 0001:0001d6a0       ??F?$_Const_iterator@$00@?$list@USecurityTokenKeyfile@CipherShed@@V?$allocator@USecurityTokenKeyfile@CipherShed@@@std@@@std@@QAEAAV012@XZ 0041e6a0 f i Dlgcode.obj
 0001:0001d6a0       ??F?$_Const_iterator@$00@?$list@KV?$allocator@K@std@@@std@@QAEAAV012@XZ 0041e6a0 f i Dlgcode.obj
 0001:0001d6a0       ??F?$_Const_iterator@$00@?$list@USecurityTokenInfo@CipherShed@@V?$allocator@USecurityTokenInfo@CipherShed@@@std@@@std@@QAEAAV012@XZ 0041e6a0 f i Dlgcode.obj
 0001:0001d6d0       ??0?$ctype@D@std@@QAE@ABV_Locinfo@1@I@Z 0041e6d0 f i BootEncryption.obj
 0001:0001d710       ?do_tolower@?$ctype@D@std@@MBEDD@Z 0041e710 f i BootEncryption.obj
 0001:0001d730       ?do_tolower@?$ctype@D@std@@MBEPBDPADPBD@Z 0041e730 f i BootEncryption.obj
 0001:0001d760       ?do_toupper@?$ctype@D@std@@MBEDD@Z 0041e760 f i BootEncryption.obj
 0001:0001d780       ?do_toupper@?$ctype@D@std@@MBEPBDPADPBD@Z 0041e780 f i BootEncryption.obj
 0001:0001d7b0       ?do_widen@?$ctype@D@std@@MBEDD@Z 0041e7b0 f i BootEncryption.obj
 0001:0001d7c0       ?do_widen@?$ctype@D@std@@MBEPBDPBD0PAD@Z 0041e7c0 f i BootEncryption.obj
 0001:0001d7f0       ?_Do_widen_s@?$ctype@D@std@@MBEPBDPBD0PADI@Z 0041e7f0 f i BootEncryption.obj
 0001:0001d830       ?do_narrow@?$ctype@D@std@@MBEDDD@Z 0041e830 f i BootEncryption.obj
 0001:0001d840       ?do_narrow@?$ctype@D@std@@MBEPBDPBD0DPAD@Z 0041e840 f i BootEncryption.obj
 0001:0001d870       ?_Do_narrow_s@?$ctype@D@std@@MBEPBDPBD0DPADI@Z 0041e870 f i BootEncryption.obj
 0001:0001d8b0       ??_E?$ctype@D@std@@MAEPAXI@Z 0041e8b0 f i BootEncryption.obj
 0001:0001d8b0       ??_G?$ctype@D@std@@MAEPAXI@Z 0041e8b0 f i BootEncryption.obj
 0001:0001d900       ??0CComBSTR@ATL@@QAE@PBD@Z 0041e900 f i BootEncryption.obj
 0001:0001d9a0       ??0SystemException@CipherShed@@QAE@XZ 0041e9a0 f i BootEncryption.obj
 0001:0001d9c0       ?Show@SystemException@CipherShed@@UBEXPAUHWND__@@@Z 0041e9c0 f i BootEncryption.obj
 0001:0001d9e0       ?Elevate@Elevator@CipherShed@@KAXXZ 0041e9e0 f i BootEncryption.obj
 0001:0001da70       ??0SystemException@CipherShed@@QAE@ABU01@@Z 0041ea70 f i BootEncryption.obj
 0001:0001da90       ?SeekAt@File@CipherShed@@QAEX_J@Z 0041ea90 f   BootEncryption.obj
 0001:0001dae0       ?CreateVolumeHeader@BootEncryption@CipherShed@@IAEX_K0PAUPassword@@HHH@Z 0041eae0 f   BootEncryption.obj
 0001:0001dd00       ??0ParameterIncorrect@CipherShed@@QAE@ABU01@@Z 0041ed00 f i BootEncryption.obj
 0001:0001dd20       ??1?$basic_streambuf@DU?$char_traits@D@std@@@std@@UAE@XZ 0041ed20 f i BootEncryption.obj
 0001:0001dd90       ?pbackfail@?$basic_streambuf@DU?$char_traits@D@std@@@std@@MAEHH@Z 0041ed90 f i BootEncryption.obj
 0001:0001dd90       ?overflow@?$basic_streambuf@DU?$char_traits@D@std@@@std@@MAEHH@Z 0041ed90 f i BootEncryption.obj
 0001:0001dda0       ?underflow@?$basic_streambuf@DU?$char_traits@D@std@@@std@@MAEHXZ 0041eda0 f i BootEncryption.obj
 0001:0001ddb0       ?xsgetn@?$basic_streambuf@DU?$char_traits@D@std@@@std@@MAEHPADH@Z 0041edb0 f i BootEncryption.obj
 0001:0001ddb0       ?xsgetn@?$basic_streambuf@_WU?$char_traits@_W@std@@@std@@MAEHPA_WH@Z 0041edb0 f i Tcformat.obj
 0001:0001ddd0       ?imbue@?$basic_streambuf@_WU?$char_traits@_W@std@@@std@@MAEXABVlocale@2@@Z 0041edd0 f i Tcformat.obj
 0001:0001ddd0       ?Show@UserAbort@CipherShed@@UBEXPAUHWND__@@@Z 0041edd0 f i FormatCom.obj
 0001:0001ddd0       ?imbue@?$basic_streambuf@DU?$char_traits@D@std@@@std@@MAEXABVlocale@2@@Z 0041edd0 f i BootEncryption.obj
 0001:0001dde0       ?uflow@?$basic_streambuf@DU?$char_traits@D@std@@@std@@MAEHXZ 0041ede0 f i BootEncryption.obj
 0001:0001de10       ?seekoff@?$basic_streambuf@_WU?$char_traits@_W@std@@@std@@MAE?AV?$fpos@H@2@JHH@Z 0041ee10 f i Tcformat.obj
 0001:0001de10       ?seekoff@?$basic_streambuf@DU?$char_traits@D@std@@@std@@MAE?AV?$fpos@H@2@JHH@Z 0041ee10 f i BootEncryption.obj
 0001:0001de30       ?seekpos@?$basic_streambuf@DU?$char_traits@D@std@@@std@@MAE?AV?$fpos@H@2@V32@H@Z 0041ee30 f i BootEncryption.obj
 0001:0001de30       ?seekpos@?$basic_streambuf@_WU?$char_traits@_W@std@@@std@@MAE?AV?$fpos@H@2@V32@H@Z 0041ee30 f i Tcformat.obj
 0001:0001de50       ??D?$_Const_iterator@$00@?$list@USecurityTokenKeyfilePath@CipherShed@@V?$allocator@USecurityTokenKeyfilePath@CipherShed@@@std@@@std@@QBEABUSecurityTokenKeyfilePath@CipherShed@@XZ 0041ee50 f i Keyfiles.obj
 0001:0001de50       ??D?$_Const_iterator@$00@?$list@UPartition@CipherShed@@V?$allocator@UPartition@CipherShed@@@std@@@std@@QBEABUPartition@CipherShed@@XZ 0041ee50 f i BootEncryption.obj
 0001:0001de50       ??D?$_Const_iterator@$00@?$list@USecurityTokenKeyfile@CipherShed@@V?$allocator@USecurityTokenKeyfile@CipherShed@@@std@@@std@@QBEABUSecurityTokenKeyfile@CipherShed@@XZ 0041ee50 f i Dlgcode.obj
 0001:0001de80       ?pbackfail@?$basic_stringbuf@DU?$char_traits@D@std@@V?$allocator@D@2@@std@@MAEHH@Z 0041ee80 f i BootEncryption.obj
 0001:0001ded0       ?underflow@?$basic_stringbuf@DU?$char_traits@D@std@@V?$allocator@D@2@@std@@MAEHXZ 0041eed0 f i BootEncryption.obj
 0001:0001df40       ?seekoff@?$basic_stringbuf@DU?$char_traits@D@std@@V?$allocator@D@2@@std@@MAE?AV?$fpos@H@2@JHH@Z 0041ef40 f i BootEncryption.obj
 0001:0001e0a0       ?seekpos@?$basic_stringbuf@DU?$char_traits@D@std@@V?$allocator@D@2@@std@@MAE?AV?$fpos@H@2@V32@H@Z 0041f0a0 f i BootEncryption.obj
 0001:0001e170       ??_E?$basic_ostream@DU?$char_traits@D@std@@@std@@UAEPAXI@Z 0041f170 f i BootEncryption.obj
 0001:0001e170       ??_G?$basic_ostream@DU?$char_traits@D@std@@@std@@UAEPAXI@Z 0041f170 f i BootEncryption.obj
 0001:0001e1b0       ??_G?$basic_istream@DU?$char_traits@D@std@@@std@@UAEPAXI@Z 0041f1b0 f i BootEncryption.obj
 0001:0001e1b0       ??_E?$basic_istream@DU?$char_traits@D@std@@@std@@UAEPAXI@Z 0041f1b0 f i BootEncryption.obj
 0001:0001e1f0       ??_G?$basic_streambuf@DU?$char_traits@D@std@@@std@@UAEPAXI@Z 0041f1f0 f i BootEncryption.obj
 0001:0001e1f0       ??_E?$basic_streambuf@DU?$char_traits@D@std@@@std@@UAEPAXI@Z 0041f1f0 f i BootEncryption.obj
 0001:0001e210       ??_E?$basic_iostream@DU?$char_traits@D@std@@@std@@UAEPAXI@Z 0041f210 f i BootEncryption.obj
 0001:0001e210       ??_G?$basic_iostream@DU?$char_traits@D@std@@@std@@UAEPAXI@Z 0041f210 f i BootEncryption.obj
 0001:0001e270       ??_E?$basic_stringbuf@DU?$char_traits@D@std@@V?$allocator@D@2@@std@@UAEPAXI@Z 0041f270 f i BootEncryption.obj
 0001:0001e270       ??_G?$basic_stringbuf@DU?$char_traits@D@std@@V?$allocator@D@2@@std@@UAEPAXI@Z 0041f270 f i BootEncryption.obj
 0001:0001e2a0       ?find@?$basic_string@DU?$char_traits@D@std@@V?$allocator@D@2@@std@@QBEIPBDII@Z 0041f2a0 f i BootEncryption.obj
 0001:0001e360       ?rfind@?$basic_string@DU?$char_traits@D@std@@V?$allocator@D@2@@std@@QBEIPBDII@Z 0041f360 f i BootEncryption.obj
 0001:0001e410       ??0?$basic_streambuf@DU?$char_traits@D@std@@@std@@IAE@XZ 0041f410 f i BootEncryption.obj
 0001:0001e4c0       ??0?$_String_const_iterator@DU?$char_traits@D@std@@V?$allocator@D@2@@std@@QAE@PBDPBV_Container_base_secure@1@@Z 0041f4c0 f i BootEncryption.obj
 0001:0001e520       ??_G?$num_put@_WV?$ostreambuf_iterator@_WU?$char_traits@_W@std@@@std@@@std@@MAEPAXI@Z 0041f520 f i Tcformat.obj
 0001:0001e520       ??_G?$num_put@DV?$ostreambuf_iterator@DU?$char_traits@D@std@@@std@@@std@@MAEPAXI@Z 0041f520 f i BootEncryption.obj
 0001:0001e520       ??_E?$num_put@DV?$ostreambuf_iterator@DU?$char_traits@D@std@@@std@@@std@@MAEPAXI@Z 0041f520 f i BootEncryption.obj
 0001:0001e520       ??_Efacet@locale@std@@UAEPAXI@Z 0041f520 f i Tcformat.obj
 0001:0001e520       ??_Gfacet@locale@std@@UAEPAXI@Z 0041f520 f i Tcformat.obj
 0001:0001e520       ??_E?$num_put@_WV?$ostreambuf_iterator@_WU?$char_traits@_W@std@@@std@@@std@@MAEPAXI@Z 0041f520 f i Tcformat.obj
 0001:0001e540       ?_Ifmt@?$num_put@DV?$ostreambuf_iterator@DU?$char_traits@D@std@@@std@@@std@@ABAPADPADPBDH@Z 0041f540 f i BootEncryption.obj
 0001:0001e540       ?_Ifmt@?$num_put@_WV?$ostreambuf_iterator@_WU?$char_traits@_W@std@@@std@@@std@@ABAPADPADPBDH@Z 0041f540 f i Tcformat.obj
 0001:0001e5d0       ?_Tidy@?$numpunct@D@std@@AAEXXZ 0041f5d0 f i BootEncryption.obj
 0001:0001e5d0       ?_Tidy@?$numpunct@_W@std@@AAEXXZ 0041f5d0 f i Tcformat.obj
 0001:0001e600       ?_Init@?$numpunct@D@std@@IAEXABV_Locinfo@2@_N@Z 0041f600 f i BootEncryption.obj
 0001:0001e770       ?CallDriver@Elevator@CipherShed@@SAXKPAXK0K@Z 0041f770 f i BootEncryption.obj
 0001:0001e8b0       ?ReadWriteFile@Elevator@CipherShed@@SAXHHABV?$basic_string@DU?$char_traits@D@std@@V?$allocator@D@2@@std@@PAE_KIPAK@Z 0041f8b0 f i BootEncryption.obj
 0001:0001e9e0       ?WriteLocalMachineRegistryDwordValue@Elevator@CipherShed@@SAXPAD0K@Z 0041f9e0 f i BootEncryption.obj
 0001:0001eab0       ?RegisterFilterDriver@Elevator@CipherShed@@SAX_NW4FilterType@BootEncryption@2@@Z 0041fab0 f i BootEncryption.obj
 0001:0001eb10       ?RegisterSystemFavoritesService@Elevator@CipherShed@@SAXH@Z 0041fb10 f i BootEncryption.obj
 0001:0001eb60       ?SetDriverServiceStartType@Elevator@CipherShed@@SAXK@Z 0041fb60 f i BootEncryption.obj
 0001:0001ebb0       ?Read@File@CipherShed@@QAEKPAEK@Z 0041fbb0 f   BootEncryption.obj
 0001:0001ec50       ?CallDriver@BootEncryption@CipherShed@@QAEXKPAXK0K@Z 0041fc50 f   BootEncryption.obj
 0001:0001ed20       ?GetStatus@BootEncryption@CipherShed@@QAE?AUBootEncryptionStatus@@XZ 0041fd20 f   BootEncryption.obj
 0001:0001ed40       ?GetVolumeProperties@BootEncryption@CipherShed@@QAEXPAUVOLUME_PROPERTIES_STRUCT@@@Z 0041fd40 f   BootEncryption.obj
 0001:0001ed90       ?IsHiddenSystemRunning@BootEncryption@CipherShed@@QAE_NXZ 0041fd90 f   BootEncryption.obj
 0001:0001edb0       ?StartDecoyOSWipe@BootEncryption@CipherShed@@QAEXW4WipeAlgorithmId@@@Z 0041fdb0 f   BootEncryption.obj
 0001:0001eee0       ?AbortDecoyOSWipe@BootEncryption@CipherShed@@QAEXXZ 0041fee0 f   BootEncryption.obj
 0001:0001ef00       ?GetDecoyOSWipeStatus@BootEncryption@CipherShed@@QAE?AUDecoySystemWipeStatus@@XZ 0041ff00 f   BootEncryption.obj
 0001:0001ef20       ?CheckDecoyOSWipeResult@BootEncryption@CipherShed@@QAEXXZ 0041ff20 f   BootEncryption.obj
 0001:0001ef40       ?AbortSetup@BootEncryption@CipherShed@@QAEXXZ 0041ff40 f   BootEncryption.obj
 0001:0001ef60       ?AbortSetupWait@BootEncryption@CipherShed@@QAEXXZ 0041ff60 f   BootEncryption.obj
 0001:0001eff0       ?CheckEncryptionSetupResult@BootEncryption@CipherShed@@QAEXXZ 0041fff0 f   BootEncryption.obj
 0001:0001f010       ?WriteLocalMachineRegistryDwordValue@BootEncryption@CipherShed@@QAEXPAD0K@Z 00420010 f   BootEncryption.obj
 0001:0001f080       ?SetDriverConfigurationFlag@BootEncryption@CipherShed@@QAEXI_N@Z 00420080 f   BootEncryption.obj
 0001:0001f0e0       ?StartDecryption@BootEncryption@CipherShed@@QAEXH@Z 004200e0 f   BootEncryption.obj
 0001:0001f180       ?StartEncryption@BootEncryption@CipherShed@@QAEXW4WipeAlgorithmId@@_N@Z 00420180 f   BootEncryption.obj
 0001:0001f220       ?WriteBootDriveSector@BootEncryption@CipherShed@@QAEX_KPAE@Z 00420220 f   BootEncryption.obj
 0001:0001f290       ?rfind@?$basic_string@DU?$char_traits@D@std@@V?$allocator@D@2@@std@@QBEIPBDI@Z 00420290 f i BootEncryption.obj
 0001:0001f2c0       ?_Xsgetn_s@?$basic_streambuf@DU?$char_traits@D@std@@@std@@MAEHPADIH@Z 004202c0 f i BootEncryption.obj
 0001:0001f350       ?xsputn@?$basic_streambuf@DU?$char_traits@D@std@@@std@@MAEHPBDH@Z 00420350 f i BootEncryption.obj
 0001:0001f3e0       ??1?$basic_stringstream@DU?$char_traits@D@std@@V?$allocator@D@2@@std@@UAE@XZ 004203e0 f i BootEncryption.obj
 0001:0001f470       ?overflow@?$basic_stringbuf@DU?$char_traits@D@std@@V?$allocator@D@2@@std@@MAEHH@Z 00420470 f i BootEncryption.obj
 0001:0001f640       ?_Put@?$num_put@DV?$ostreambuf_iterator@DU?$char_traits@D@std@@@std@@@std@@ABA?AV?$ostreambuf_iterator@DU?$char_traits@D@std@@@2@V32@PBDI@Z 00420640 f i BootEncryption.obj
 0001:0001f640       ?_Putc@?$num_put@DV?$ostreambuf_iterator@DU?$char_traits@D@std@@@std@@@std@@ABA?AV?$ostreambuf_iterator@DU?$char_traits@D@std@@@2@V32@PBDI@Z 00420640 f i BootEncryption.obj
 0001:0001f6b0       ?_Rep@?$num_put@DV?$ostreambuf_iterator@DU?$char_traits@D@std@@@std@@@std@@ABA?AV?$ostreambuf_iterator@DU?$char_traits@D@std@@@2@V32@DI@Z 004206b0 f i BootEncryption.obj
 0001:0001f720       ?_Putgrouped@?$num_put@DV?$ostreambuf_iterator@DU?$char_traits@D@std@@@std@@@std@@ABA?AV?$ostreambuf_iterator@DU?$char_traits@D@std@@@2@V32@PBDID@Z 00420720 f i BootEncryption.obj
 0001:0001f7c0       ??0?$numpunct@D@std@@QAE@ABV_Locinfo@1@I_N@Z 004207c0 f i BootEncryption.obj
 0001:0001f830       ?do_decimal_point@?$numpunct@D@std@@MBEDXZ 00420830 f i BootEncryption.obj
 0001:0001f840       ?do_thousands_sep@?$numpunct@D@std@@MBEDXZ 00420840 f i BootEncryption.obj
 0001:0001f850       ??_G?$numpunct@D@std@@MAEPAXI@Z 00420850 f i BootEncryption.obj
 0001:0001f850       ??_E?$numpunct@D@std@@MAEPAXI@Z 00420850 f i BootEncryption.obj
 0001:0001f8a0       ??_D?$basic_stringstream@DU?$char_traits@D@std@@V?$allocator@D@2@@std@@QAEXXZ 004208a0 f i BootEncryption.obj
 0001:0001f8c0       ??_G?$basic_stringstream@DU?$char_traits@D@std@@V?$allocator@D@2@@std@@UAEPAXI@Z 004208c0 f i BootEncryption.obj
 0001:0001f8c0       ??_E?$basic_stringstream@DU?$char_traits@D@std@@V?$allocator@D@2@@std@@UAEPAXI@Z 004208c0 f i BootEncryption.obj
 0001:0001f900       ??0?$basic_stringbuf@DU?$char_traits@D@std@@V?$allocator@D@2@@std@@QAE@H@Z 00420900 f i BootEncryption.obj
 0001:0001f980       ??0ErrorException@CipherShed@@QAE@PAD@Z 00420980 f i BootEncryption.obj
 0001:0001f9b0       ?Show@ErrorException@CipherShed@@UBEXPAUHWND__@@@Z 004209b0 f i BootEncryption.obj
 0001:0001f9f0       ??1Device@CipherShed@@QAE@XZ 004209f0 f i BootEncryption.obj
 0001:0001fa80       ?erase@?$basic_string@DU?$char_traits@D@std@@V?$allocator@D@2@@std@@QAE?AV?$_String_iterator@DU?$char_traits@D@std@@V?$allocator@D@2@@2@V?$_String_const_iterator@DU?$char_traits@D@std@@V?$allocator@D@2@@2@0@Z 00420a80 f i BootEncryption.obj
 0001:0001fb60       ?clear@?$basic_string@DU?$char_traits@D@std@@V?$allocator@D@2@@std@@QAEXXZ 00420b60 f i BootEncryption.obj
 0001:0001fc00       ??0?$list@UPartition@CipherShed@@V?$allocator@UPartition@CipherShed@@@std@@@std@@QAE@XZ 00420c00 f i BootEncryption.obj
 0001:0001fc00       ??0?$list@USecurityTokenKeyfile@CipherShed@@V?$allocator@USecurityTokenKeyfile@CipherShed@@@std@@@std@@QAE@XZ 00420c00 f i Dlgcode.obj
 0001:0001fc70       ??$?HDU?$char_traits@D@std@@V?$allocator@D@1@@std@@YA?AV?$basic_string@DU?$char_traits@D@std@@V?$allocator@D@2@@0@ABV10@D@Z 00420c70 f i BootEncryption.obj
 0001:0001fd20       ?_Getcat@?$ctype@D@std@@SAIPAPBVfacet@locale@2@PBV42@@Z 00420d20 f i BootEncryption.obj
 0001:0001fe20       ??0ErrorException@CipherShed@@QAE@ABV?$basic_string@_WU?$char_traits@_W@std@@V?$allocator@_W@2@@std@@@Z 00420e20 f i BootEncryption.obj
 0001:0001fe60       ??0Partition@CipherShed@@QAE@ABU01@@Z 00420e60 f i BootEncryption.obj
 0001:0001ff90       ?assign@?$basic_string@DU?$char_traits@D@std@@V?$allocator@D@2@@std@@QAEAAV12@PBD@Z 00420f90 f i Tcformat.obj
 0001:0001ff90       ??4?$basic_string@DU?$char_traits@D@std@@V?$allocator@D@2@@std@@QAEAAV01@PBD@Z 00420f90 f i BootEncryption.obj
 0001:0001ffc0       ??Y?$basic_string@DU?$char_traits@D@std@@V?$allocator@D@2@@std@@QAEAAV01@PBD@Z 00420fc0 f i BootEncryption.obj
 0001:0001fff0       ?substr@?$basic_string@DU?$char_traits@D@std@@V?$allocator@D@2@@std@@QBE?AV12@II@Z 00420ff0 f i BootEncryption.obj
 0001:00020030       ?substr@?$basic_string@_WU?$char_traits@_W@std@@V?$allocator@_W@2@@std@@QBE?AV12@II@Z 00421030 f i BootEncryption.obj
 0001:00020070       ?str@?$basic_stringbuf@DU?$char_traits@D@std@@V?$allocator@D@2@@std@@QBE?AV?$basic_string@DU?$char_traits@D@std@@V?$allocator@D@2@@2@XZ 00421070 f i BootEncryption.obj
 0001:000201c0       ?_Incsize@?$list@USecurityTokenKeyfile@CipherShed@@V?$allocator@USecurityTokenKeyfile@CipherShed@@@std@@@std@@IAEXI@Z 004211c0 f i Dlgcode.obj
 0001:000201c0       ?_Incsize@?$list@UPartition@CipherShed@@V?$allocator@UPartition@CipherShed@@@std@@@std@@IAEXI@Z 004211c0 f i BootEncryption.obj
 0001:00020260       ?do_grouping@?$numpunct@D@std@@MBE?AV?$basic_string@DU?$char_traits@D@std@@V?$allocator@D@2@@2@XZ 00421260 f i BootEncryption.obj
 0001:00020260       ?do_grouping@?$numpunct@_W@std@@MBE?AV?$basic_string@DU?$char_traits@D@std@@V?$allocator@D@2@@2@XZ 00421260 f i Tcformat.obj
 0001:000202b0       ?do_falsename@?$numpunct@D@std@@MBE?AV?$basic_string@DU?$char_traits@D@std@@V?$allocator@D@2@@2@XZ 004212b0 f i BootEncryption.obj
 0001:00020300       ?do_truename@?$numpunct@D@std@@MBE?AV?$basic_string@DU?$char_traits@D@std@@V?$allocator@D@2@@2@XZ 00421300 f i BootEncryption.obj
 0001:00020350       ??$use_facet@V?$ctype@D@std@@@std@@YAABV?$ctype@D@0@ABVlocale@0@@Z 00421350 f i BootEncryption.obj
 0001:000204a0       ??$?HDU?$char_traits@D@std@@V?$allocator@D@1@@std@@YA?AV?$basic_string@DU?$char_traits@D@std@@V?$allocator@D@2@@0@PBDABV10@@Z 004214a0 f i BootEncryption.obj
 0001:00020560       ??$?HDU?$char_traits@D@std@@V?$allocator@D@1@@std@@YA?AV?$basic_string@DU?$char_traits@D@std@@V?$allocator@D@2@@0@ABV10@PBD@Z 00421560 f i BootEncryption.obj
 0001:00020620       ??$_Construct@UPartition@CipherShed@@U12@@std@@YAXPAUPartition@CipherShed@@ABU12@@Z 00421620 f i BootEncryption.obj
 0001:00020680       ?_Getcat@?$num_put@DV?$ostreambuf_iterator@DU?$char_traits@D@std@@@std@@@std@@SAIPAPBVfacet@locale@2@PBV42@@Z 00421680 f i BootEncryption.obj
 0001:00020790       ?_Getcat@?$numpunct@D@std@@SAIPAPBVfacet@locale@2@PBV42@@Z 00421790 f i BootEncryption.obj
 0001:000208a0       ?Show@ParameterIncorrect@CipherShed@@UBEXPAUHWND__@@@Z 004218a0 f i BootEncryption.obj
 0001:000209d0       ??0File@CipherShed@@QAE@V?$basic_string@DU?$char_traits@D@std@@V?$allocator@D@2@@std@@_N1@Z 004219d0 f   BootEncryption.obj
 0001:00020b00       ??0Device@CipherShed@@QAE@V?$basic_string@DU?$char_traits@D@std@@V?$allocator@D@2@@std@@_N@Z 00421b00 f   BootEncryption.obj
 0001:00020ca0       ??4Partition@CipherShed@@QAEAAU01@ABU01@@Z 00421ca0 f i BootEncryption.obj
 0001:00020d00       ?GetRemarksOnHiddenOS@BootEncryption@CipherShed@@IAE?AV?$basic_string@_WU?$char_traits@_W@std@@V?$allocator@_W@2@@std@@XZ 00421d00 f   BootEncryption.obj
 0001:00020e30       ?GetWindowsDirectoryA@BootEncryption@CipherShed@@IAE?AV?$basic_string@DU?$char_traits@D@std@@V?$allocator@D@2@@std@@XZ 00421e30 f   BootEncryption.obj
 0001:00020ee0       ?GetTempPathA@BootEncryption@CipherShed@@QAE?AV?$basic_string@DU?$char_traits@D@std@@V?$allocator@D@2@@std@@XZ 00421ee0 f   BootEncryption.obj
 0001:00020f90       ?GetSystemLoaderBackupPath@BootEncryption@CipherShed@@IAE?AV?$basic_string@DU?$char_traits@D@std@@V?$allocator@D@2@@std@@XZ 00421f90 f   BootEncryption.obj
 0001:00021130       ?IsCDDrivePresent@BootEncryption@CipherShed@@QAE_NXZ 00422130 f   BootEncryption.obj
 0001:000211f0       ?VerifyRescueDisk@BootEncryption@CipherShed@@QAE_NXZ 004221f0 f   BootEncryption.obj
 0001:000214a0       ?RegisterSystemFavoritesService@BootEncryption@CipherShed@@QAEXH@Z 004224a0 f   BootEncryption.obj
 0001:00021830       ?RestrictPagingFilesToSystemPartition@BootEncryption@CipherShed@@QAEXXZ 00422830 f   BootEncryption.obj
 0001:00021900       ?str@?$basic_stringstream@DU?$char_traits@D@std@@V?$allocator@D@2@@std@@QBE?AV?$basic_string@DU?$char_traits@D@std@@V?$allocator@D@2@@2@XZ 00422900 f i BootEncryption.obj
 0001:00021920       ?widen@?$basic_ios@DU?$char_traits@D@std@@@std@@QBEDD@Z 00422920 f i BootEncryption.obj
 0001:000219e0       ??$use_facet@V?$num_put@DV?$ostreambuf_iterator@DU?$char_traits@D@std@@@std@@@std@@@std@@YAABV?$num_put@DV?$ostreambuf_iterator@DU?$char_traits@D@std@@@std@@@0@ABVlocale@0@@Z 004229e0 f i BootEncryption.obj
 0001:00021b30       ??$use_facet@V?$numpunct@D@std@@@std@@YAABV?$numpunct@D@0@ABVlocale@0@@Z 00422b30 f i BootEncryption.obj
 0001:00021c80       ?SetDriverServiceStartType@BootEncryption@CipherShed@@QAEXK@Z 00422c80 f   BootEncryption.obj
 0001:00022000       ?InitialSecurityChecksForHiddenOS@BootEncryption@CipherShed@@QAEXXZ 00423000 f   BootEncryption.obj
 0001:00022540       ??1ErrorException@CipherShed@@QAE@XZ 00423540 f i BootEncryption.obj
 0001:00022570       ??0ErrorException@CipherShed@@QAE@ABU01@@Z 00423570 f i BootEncryption.obj
 0001:000225b0       ?erase@?$list@UPartition@CipherShed@@V?$allocator@UPartition@CipherShed@@@std@@@std@@QAE?AV?$_Iterator@$00@12@V?$_Const_iterator@$00@12@@Z 004235b0 f i BootEncryption.obj
 0001:00022640       ?do_put@?$num_put@DV?$ostreambuf_iterator@DU?$char_traits@D@std@@@std@@@std@@MBE?AV?$ostreambuf_iterator@DU?$char_traits@D@std@@@2@V32@AAVios_base@2@D_N@Z 00423640 f i BootEncryption.obj
 0001:00022860       ?_Buynode@?$list@UPartition@CipherShed@@V?$allocator@UPartition@CipherShed@@@std@@@std@@IAEPAU_Node@?$_List_nod@UPartition@CipherShed@@V?$allocator@UPartition@CipherShed@@@std@@@2@PAU342@0ABUPartition@CipherShed@@@Z 00423860 f i BootEncryption.obj
 0001:00022900       ?_Fput@?$num_put@DV?$ostreambuf_iterator@DU?$char_traits@D@std@@@std@@@std@@ABA?AV?$ostreambuf_iterator@DU?$char_traits@D@std@@@2@V32@AAVios_base@2@DPBDIIII@Z 00423900 f i BootEncryption.obj
 0001:00022f90       ?_Iput@?$num_put@DV?$ostreambuf_iterator@DU?$char_traits@D@std@@@std@@@std@@ABA?AV?$ostreambuf_iterator@DU?$char_traits@D@std@@@2@V32@AAVios_base@2@DPADI@Z 00423f90 f i BootEncryption.obj
 0001:00023280       ?do_put@?$num_put@DV?$ostreambuf_iterator@DU?$char_traits@D@std@@@std@@@std@@MBE?AV?$ostreambuf_iterator@DU?$char_traits@D@std@@@2@V32@AAVios_base@2@DJ@Z 00424280 f i BootEncryption.obj
 0001:00023300       ?do_put@?$num_put@DV?$ostreambuf_iterator@DU?$char_traits@D@std@@@std@@@std@@MBE?AV?$ostreambuf_iterator@DU?$char_traits@D@std@@@2@V32@AAVios_base@2@DK@Z 00424300 f i BootEncryption.obj
 0001:00023380       ?do_put@?$num_put@DV?$ostreambuf_iterator@DU?$char_traits@D@std@@@std@@@std@@MBE?AV?$ostreambuf_iterator@DU?$char_traits@D@std@@@2@V32@AAVios_base@2@D_J@Z 00424380 f i BootEncryption.obj
 0001:00023410       ?do_put@?$num_put@DV?$ostreambuf_iterator@DU?$char_traits@D@std@@@std@@@std@@MBE?AV?$ostreambuf_iterator@DU?$char_traits@D@std@@@2@V32@AAVios_base@2@D_K@Z 00424410 f i BootEncryption.obj
 0001:000234a0       ?do_put@?$num_put@DV?$ostreambuf_iterator@DU?$char_traits@D@std@@@std@@@std@@MBE?AV?$ostreambuf_iterator@DU?$char_traits@D@std@@@2@V32@AAVios_base@2@DN@Z 004244a0 f i BootEncryption.obj
 0001:00023690       ?do_put@?$num_put@DV?$ostreambuf_iterator@DU?$char_traits@D@std@@@std@@@std@@MBE?AV?$ostreambuf_iterator@DU?$char_traits@D@std@@@2@V32@AAVios_base@2@DO@Z 00424690 f i BootEncryption.obj
 0001:00023870       ?do_put@?$num_put@DV?$ostreambuf_iterator@DU?$char_traits@D@std@@@std@@@std@@MBE?AV?$ostreambuf_iterator@DU?$char_traits@D@std@@@2@V32@AAVios_base@2@DPBX@Z 00424870 f i BootEncryption.obj
 0001:000238e0       ?_Osfx@?$basic_ostream@DU?$char_traits@D@std@@@std@@QAEXXZ 004248e0 f i BootEncryption.obj
 0001:000238e0       ?_Osfx@?$basic_ostream@_WU?$char_traits@_W@std@@@std@@QAEXXZ 004248e0 f i Tcformat.obj
 0001:00023940       ??$_Insert@V?$_Const_iterator@$00@?$list@UPartition@CipherShed@@V?$allocator@UPartition@CipherShed@@@std@@@std@@@?$list@UPartition@CipherShed@@V?$allocator@UPartition@CipherShed@@@std@@@std@@QAEXV?$_Const_iterator@$00@01@00Uforward_iterator_tag@1@@Z 00424940 f i BootEncryption.obj
 0001:00023aa0       ??0?$basic_iostream@DU?$char_traits@D@std@@@std@@QAE@PAV?$basic_streambuf@DU?$char_traits@D@std@@@1@@Z 00424aa0 f i BootEncryption.obj
 0001:00023b80       ??1sentry@?$basic_ostream@_WU?$char_traits@_W@std@@@std@@QAE@XZ 00424b80 f i Tcformat.obj
 0001:00023b80       ??1sentry@?$basic_ostream@DU?$char_traits@D@std@@@std@@QAE@XZ 00424b80 f i BootEncryption.obj
 0001:00023bf0       ??$?6U?$char_traits@D@std@@@std@@YAAAV?$basic_ostream@DU?$char_traits@D@std@@@0@AAV10@PBD@Z 00424bf0 f i BootEncryption.obj
 0001:00023e00       ??$?6_WU?$char_traits@_W@std@@@std@@YAAAV?$basic_ostream@_WU?$char_traits@_W@std@@@0@AAV10@PBD@Z 00424e00 f i BootEncryption.obj
 0001:000240d0       ??0SystemDriveConfiguration@CipherShed@@QAE@XZ 004250d0 f i BootEncryption.obj
 0001:000241b0       ??1BootEncryption@CipherShed@@QAE@XZ 004251b0 f   BootEncryption.obj
 0001:00024250       ??1?$ContainerForward@V?$list@UPartition@CipherShed@@V?$allocator@UPartition@CipherShed@@@std@@@std@@@ForEach@CipherShed@@UAE@XZ 00425250 f i BootEncryption.obj
 0001:00024290       ??6?$basic_ostream@DU?$char_traits@D@std@@@std@@QAEAAV01@H@Z 00425290 f i BootEncryption.obj
 0001:000243e0       ??0?$list@UPartition@CipherShed@@V?$allocator@UPartition@CipherShed@@@std@@@std@@QAE@ABV01@@Z 004253e0 f i BootEncryption.obj
 0001:00024490       ??0?$basic_stringstream@DU?$char_traits@D@std@@V?$allocator@D@2@@std@@QAE@H@Z 00425490 f i BootEncryption.obj
 0001:00024530       ??0?$ContainerForward@V?$list@UPartition@CipherShed@@V?$allocator@UPartition@CipherShed@@@std@@@std@@@ForEach@CipherShed@@QAE@ABV?$list@UPartition@CipherShed@@V?$allocator@UPartition@CipherShed@@@std@@@std@@@Z 00425530 f i BootEncryption.obj
 0001:000245c0       ??_E?$ContainerForward@V?$list@UPartition@CipherShed@@V?$allocator@UPartition@CipherShed@@@std@@@std@@@ForEach@CipherShed@@UAEPAXI@Z 004255c0 f i BootEncryption.obj
 0001:000245c0       ??_G?$ContainerForward@V?$list@UPartition@CipherShed@@V?$allocator@UPartition@CipherShed@@@std@@@std@@@ForEach@CipherShed@@UAEPAXI@Z 004255c0 f i BootEncryption.obj
 0001:00024610       ??0BootEncryption@CipherShed@@QAE@PAUHWND__@@@Z 00425610 f   BootEncryption.obj
 0001:000246a0       ?GetDrivePartitions@BootEncryption@CipherShed@@IAE?AV?$list@UPartition@CipherShed@@V?$allocator@UPartition@CipherShed@@@std@@@std@@H@Z 004256a0 f   BootEncryption.obj
 0001:00024d70       ?GetDriveGeometry@BootEncryption@CipherShed@@IAE?AU_DISK_GEOMETRY@@H@Z 00425d70 f   BootEncryption.obj
 0001:00024ea0       ??0SystemDriveConfiguration@CipherShed@@QAE@ABU01@@Z 00425ea0 f i BootEncryption.obj
 0001:00024fb0       ??$GetContainerForward@V?$list@UPartition@CipherShed@@V?$allocator@UPartition@CipherShed@@@std@@@std@@@ForEach@CipherShed@@SA?AU?$ContainerForward@V?$list@UPartition@CipherShed@@V?$allocator@UPartition@CipherShed@@@std@@@std@@@01@ABV?$list@UPartition@CipherShed@@V?$allocator@UPartition@CipherShed@@@std@@@std@@@Z 00425fb0 f i BootEncryption.obj
 0001:00024fd0       ?Write@File@CipherShed@@QAEXPAEK@Z 00425fd0 f   BootEncryption.obj
 0001:00025160       ??4SystemDriveConfiguration@CipherShed@@QAEAAU01@ABU01@@Z 00426160 f i BootEncryption.obj
 0001:00025250       ?RegisterFilter@BootEncryption@CipherShed@@IAEX_NW4FilterType@12@PBU_GUID@@@Z 00426250 f   BootEncryption.obj
 0001:000259d0       ?RegisterFilterDriver@BootEncryption@CipherShed@@QAEX_NW4FilterType@12@@Z 004269d0 f   BootEncryption.obj
 0001:00025a90       ?RegisterBootDriver@BootEncryption@CipherShed@@QAEX_N@Z 00426a90 f   BootEncryption.obj
 0001:00025e50       ?GetSystemDriveConfiguration@BootEncryption@CipherShed@@QAE?AUSystemDriveConfiguration@2@XZ 00426e50 f   BootEncryption.obj
 0001:00026bb0       ?SystemPartitionCoversWholeDrive@BootEncryption@CipherShed@@QAE_NXZ 00427bb0 f   BootEncryption.obj
 0001:00026c90       ?CreateBootLoaderInMemory@BootEncryption@CipherShed@@IAEXPAEI_N1@Z 00427c90 f   BootEncryption.obj
 0001:00027150       ?ReadBootSectorConfig@BootEncryption@CipherShed@@QAEXPAEI0PAV?$basic_string@DU?$char_traits@D@std@@V?$allocator@D@2@@std@@PAG@Z 00428150 f   BootEncryption.obj
 0001:00027300       ?WriteBootSectorConfig@BootEncryption@CipherShed@@QAEXQBE@Z 00428300 f   BootEncryption.obj
 0001:000275a0       ?GetHiddenOSCreationPhase@BootEncryption@CipherShed@@QAEIXZ 004285a0 f   BootEncryption.obj
 0001:000275c0       ?SetHiddenOSCreationPhase@BootEncryption@CipherShed@@QAEXI@Z 004285c0 f   BootEncryption.obj
 0001:00027680       ?InstallBootLoader@BootEncryption@CipherShed@@QAEX_N0@Z 00428680 f   BootEncryption.obj
 0001:00027a50       ?CreateRescueIsoImage@BootEncryption@CipherShed@@QAEX_NABV?$basic_string@DU?$char_traits@D@std@@V?$allocator@D@2@@std@@@Z 00428a50 f   BootEncryption.obj
 0001:00027ea0       ?InstallVolumeHeader@BootEncryption@CipherShed@@IAEXXZ 00428ea0 f   BootEncryption.obj
 0001:00028030       ?BackupSystemLoader@BootEncryption@CipherShed@@IAEXXZ 00429030 f   BootEncryption.obj
 0001:000282d0       ?RestoreSystemLoader@BootEncryption@CipherShed@@IAEXXZ 004292d0 f   BootEncryption.obj
 0001:00028580       ?Deinstall@BootEncryption@CipherShed@@QAEX_N@Z 00429580 f   BootEncryption.obj
 0001:000288e0       ?Install@BootEncryption@CipherShed@@QAEX_N@Z 004298e0 f   BootEncryption.obj
 0001:000289c0       ?GetPartitionForHiddenOS@BootEncryption@CipherShed@@QAE?AUPartition@2@XZ 004299c0 f   BootEncryption.obj
 0001:00029540       ?ProbeRealSystemDriveSize@BootEncryption@CipherShed@@QAEXXZ 0042a540 f   BootEncryption.obj
 0001:00029620       ??0TimeOut@CipherShed@@QAE@ABU01@@Z 0042a620 f i BootEncryption.obj
 0001:00029630       ?SystemDriveContainsPartitionType@BootEncryption@CipherShed@@QAE_NE@Z 0042a630 f   BootEncryption.obj
 0001:00029830       ?SystemDriveContainsExtendedPartition@BootEncryption@CipherShed@@QAE_NXZ 0042a830 f   BootEncryption.obj
 0001:00029860       ?SystemDriveContainsNonStandardPartitions@BootEncryption@CipherShed@@QAE_NXZ 0042a860 f   BootEncryption.obj
 0001:000298c0       ?SystemDriveIsDynamic@BootEncryption@CipherShed@@QAE_NXZ 0042a8c0 f   BootEncryption.obj
 0001:00029960       ?WipeHiddenOSCreationConfig@BootEncryption@CipherShed@@QAEXXZ 0042a960 f   BootEncryption.obj
 0001:00029cb0       ?CheckRequirements@BootEncryption@CipherShed@@QAEXXZ 0042acb0 f   BootEncryption.obj
 0001:00029fc0       ?CheckRequirementsHiddenOS@BootEncryption@CipherShed@@QAEXXZ 0042afc0 f   BootEncryption.obj
 0001:00029ff0       ?PrepareHiddenOSCreation@BootEncryption@CipherShed@@QAEXHHH@Z 0042aff0 f   BootEncryption.obj
 0001:0002a050       ?PrepareInstallation@BootEncryption@CipherShed@@QAEX_NAAUPassword@@HHHABV?$basic_string@DU?$char_traits@D@std@@V?$allocator@D@2@@std@@@Z 0042b050 f   BootEncryption.obj
 0001:0002a2b0       _CommandHelpDlgProc@16     0042b2b0 f   Cmdline.obj
 0001:0002a420       _Win32CommandLine          0042b420 f   Cmdline.obj
 0001:0002a560       _GetArgumentID             0042b560 f   Cmdline.obj
 0001:0002a8d0       _GetArgumentValue          0042b8d0 f   Cmdline.obj
 0001:0002a950       _AddComboItem              0042b950 f   Combo.obj
 0001:0002aa10       _MoveEditToCombo           0042ba10 f   Combo.obj
 0001:0002ab70       _GetOrderComboIdx          0042bb70 f   Combo.obj
 0001:0002ac10       _UpdateComboOrder          0042bc10 f   Combo.obj
 0001:0002ac60       _LoadCombo                 0042bc60 f   Combo.obj
 0001:0002ad20       _DumpCombo                 0042bd20 f   Combo.obj
 0001:0002aeb0       _ClearCombo                0042beb0 f   Combo.obj
 0001:0002aee0       _crc32int                  0042bee0 f   Crc.obj
 0001:0002af80       _crc32_selfTestLarge       0042bf80 f   Crc.obj
 0001:0002b050       _GetCrc32                  0042c050 f   Crc.obj
 0001:0002b060       _crc32_selftests           0042c060 f   Crc.obj
 0001:0002b070       _CipherGetName             0042c070 f   Crypto.obj
 0001:0002b0b0       _CipherGetBlockSize        0042c0b0 f   Crypto.obj
 0001:0002b0f0       _CipherGetKeySize          0042c0f0 f   Crypto.obj
 0001:0002b130       _CipherGetKeyScheduleSize  0042c130 f   Crypto.obj
 0001:0002b170       _EAGetFirst                0042c170 f   Crypto.obj
 0001:0002b180       _EAGetNext                 0042c180 f   Crypto.obj
 0001:0002b1a0       _EAGetFirstMode            0042c1a0 f   Crypto.obj
 0001:0002b1b0       _EAGetNextMode             0042c1b0 f   Crypto.obj
 0001:0002b200       _EAGetCipherCount          0042c200 f   Crypto.obj
 0001:0002b220       _EAGetFirstCipher          0042c220 f   Crypto.obj
 0001:0002b230       _EAGetLastCipher           0042c230 f   Crypto.obj
 0001:0002b260       _EAGetNextCipher           0042c260 f   Crypto.obj
 0001:0002b2b0       _EAGetPreviousCipher       0042c2b0 f   Crypto.obj
 0001:0002b300       _EAIsFormatEnabled         0042c300 f   Crypto.obj
 0001:0002b310       _EAIsModeSupported         0042c310 f   Crypto.obj
 0001:0002b390       _HashGetName               0042c390 f   Crypto.obj
 0001:0002b3d0       _HashIsDeprecated          0042c3d0 f   Crypto.obj
 0001:0002b410       _crypto_open               0042c410 f   Crypto.obj
 0001:0002b450       _crypto_loadkey            0042c450 f   Crypto.obj
 0001:0002b4a0       _crypto_close              0042c4a0 f   Crypto.obj
 0001:0002b5f0       _EncryptDataUnits          0042c5f0 f   Crypto.obj
 0001:0002b610       _DecryptDataUnits          0042c610 f   Crypto.obj
 0001:0002b630       _IsAesHwCpuSupported       0042c630 f   Crypto.obj
 0001:0002b670       _EnableHwEncryption        0042c670 f   Crypto.obj
 0001:0002b680       _IsHwEncryptionEnabled     0042c680 f   Crypto.obj
 0001:0002b690       _CipherInit                0042c690 f   Crypto.obj
 0001:0002b820       _EncipherBlock             0042c820 f   Crypto.obj
 0001:0002b8e0       _EncipherBlocks            0042c8e0 f   Crypto.obj
 0001:0002b960       _DecipherBlock             0042c960 f   Crypto.obj
 0001:0002ba40       _DecipherBlocks            0042ca40 f   Crypto.obj
 0001:0002bac0       _CipherSupportsIntraDataUnitParallelization 0042cac0 f   Crypto.obj
 0001:0002bb10       _EAInit                    0042cb10 f   Crypto.obj
 0001:0002bbf0       _EAInitMode                0042cbf0 f   Crypto.obj
 0001:0002bca0       _EAGetName                 0042cca0 f   Crypto.obj
 0001:0002bde0       _EAGetByName               0042cde0 f   Crypto.obj
 0001:0002bea0       _EAGetKeySize              0042cea0 f   Crypto.obj
 0001:0002bf30       _EAGetKeyScheduleSize      0042cf30 f   Crypto.obj
 0001:0002bfc0       _EAGetLargestKeyForMode    0042cfc0 f   Crypto.obj
 0001:0002c010       _EncryptBufferLRW128       0042d010 f   Crypto.obj
 0001:0002c240       _EncryptBufferLRW64        0042d240 f   Crypto.obj
 0001:0002c380       _DecryptBufferLRW128       0042d380 f   Crypto.obj
 0001:0002c5f0       _DecryptBufferLRW64        0042d5f0 f   Crypto.obj
 0001:0002cb40       _EncryptBuffer             0042db40 f   Crypto.obj
 0001:0002cce0       _EncryptDataUnitsCurrentThread 0042dce0 f   Crypto.obj
 0001:0002d0e0       _DecryptBuffer             0042e0e0 f   Crypto.obj
 0001:0002d2a0       _DecryptDataUnitsCurrentThread 0042e2a0 f   Crypto.obj
 0001:0002d630       _GetMaxPkcs5OutSize        0042e630 f   Crypto.obj
 0001:0002d6e0       _AddPoolData               0042e6e0 f   Dictionary.obj
 0001:0002d750       ?_Max@?$_Tree@V?$_Tmap_traits@V?$basic_string@DU?$char_traits@D@std@@V?$allocator@D@2@@std@@PAXU?$less@V?$basic_string@DU?$char_traits@D@std@@V?$allocator@D@2@@std@@@2@V?$allocator@U?$pair@$$CBV?$basic_string@DU?$char_traits@D@std@@V?$allocator@D@2@@std@@PAX@std@@@2@$0A@@std@@@std@@KAPAU_Node@?$_Tree_nod@V?$_Tmap_traits@V?$basic_string@DU?$char_traits@D@std@@V?$allocator@D@2@@std@@PAXU?$less@V?$basic_string@DU?$char_traits@D@std@@V?$allocator@D@2@@std@@@2@V?$allocator@U?$pair@$$CBV?$basic_string@DU?$char_traits@D@std@@V?$allocator@D@2@@std@@PAX@std@@@2@$0A@@std@@@2@PAU342@@Z 0042e750 f i Dictionary.obj
 0001:0002d770       ?_Min@?$_Tree@V?$_Tmap_traits@V?$basic_string@DU?$char_traits@D@std@@V?$allocator@D@2@@std@@PAXU?$less@V?$basic_string@DU?$char_traits@D@std@@V?$allocator@D@2@@std@@@2@V?$allocator@U?$pair@$$CBV?$basic_string@DU?$char_traits@D@std@@V?$allocator@D@2@@std@@PAX@std@@@2@$0A@@std@@@std@@KAPAU_Node@?$_Tree_nod@V?$_Tmap_traits@V?$basic_string@DU?$char_traits@D@std@@V?$allocator@D@2@@std@@PAXU?$less@V?$basic_string@DU?$char_traits@D@std@@V?$allocator@D@2@@std@@@2@V?$allocator@U?$pair@$$CBV?$basic_string@DU?$char_traits@D@std@@V?$allocator@D@2@@std@@PAX@std@@@2@$0A@@std@@@2@PAU342@@Z 0042e770 f i Dictionary.obj
 0001:0002d790       ?_Max@?$_Tree@V?$_Tmap_traits@HPAXU?$less@H@std@@V?$allocator@U?$pair@$$CBHPAX@std@@@2@$0A@@std@@@std@@KAPAU_Node@?$_Tree_nod@V?$_Tmap_traits@HPAXU?$less@H@std@@V?$allocator@U?$pair@$$CBHPAX@std@@@2@$0A@@std@@@2@PAU342@@Z 0042e790 f i Dictionary.obj
 0001:0002d7b0       ?_Min@?$_Tree@V?$_Tmap_traits@HPAXU?$less@H@std@@V?$allocator@U?$pair@$$CBHPAX@std@@@2@$0A@@std@@@std@@KAPAU_Node@?$_Tree_nod@V?$_Tmap_traits@HPAXU?$less@H@std@@V?$allocator@U?$pair@$$CBHPAX@std@@@2@$0A@@std@@@2@PAU342@@Z 0042e7b0 f i Dictionary.obj
 0001:0002d7d0       ?compare@?$basic_string@DU?$char_traits@D@std@@V?$allocator@D@2@@std@@QBEHIIPBDI@Z 0042e7d0 f i Dictionary.obj
 0001:0002d840       ?_Lrotate@?$_Tree@V?$_Tmap_traits@V?$basic_string@DU?$char_traits@D@std@@V?$allocator@D@2@@std@@PAXU?$less@V?$basic_string@DU?$char_traits@D@std@@V?$allocator@D@2@@std@@@2@V?$allocator@U?$pair@$$CBV?$basic_string@DU?$char_traits@D@std@@V?$allocator@D@2@@std@@PAX@std@@@2@$0A@@std@@@std@@IAEXPAU_Node@?$_Tree_nod@V?$_Tmap_traits@V?$basic_string@DU?$char_traits@D@std@@V?$allocator@D@2@@std@@PAXU?$less@V?$basic_string@DU?$char_traits@D@std@@V?$allocator@D@2@@std@@@2@V?$allocator@U?$pair@$$CBV?$basic_string@DU?$char_traits@D@std@@V?$allocator@D@2@@std@@PAX@std@@@2@$0A@@std@@@2@@Z 0042e840 f i Dictionary.obj
 0001:0002d890       ?_Rrotate@?$_Tree@V?$_Tmap_traits@V?$basic_string@DU?$char_traits@D@std@@V?$allocator@D@2@@std@@PAXU?$less@V?$basic_string@DU?$char_traits@D@std@@V?$allocator@D@2@@std@@@2@V?$allocator@U?$pair@$$CBV?$basic_string@DU?$char_traits@D@std@@V?$allocator@D@2@@std@@PAX@std@@@2@$0A@@std@@@std@@IAEXPAU_Node@?$_Tree_nod@V?$_Tmap_traits@V?$basic_string@DU?$char_traits@D@std@@V?$allocator@D@2@@std@@PAXU?$less@V?$basic_string@DU?$char_traits@D@std@@V?$allocator@D@2@@std@@@2@V?$allocator@U?$pair@$$CBV?$basic_string@DU?$char_traits@D@std@@V?$allocator@D@2@@std@@PAX@std@@@2@$0A@@std@@@2@@Z 0042e890 f i Dictionary.obj
 0001:0002d8f0       ?_Lrotate@?$_Tree@V?$_Tmap_traits@HPAXU?$less@H@std@@V?$allocator@U?$pair@$$CBHPAX@std@@@2@$0A@@std@@@std@@IAEXPAU_Node@?$_Tree_nod@V?$_Tmap_traits@HPAXU?$less@H@std@@V?$allocator@U?$pair@$$CBHPAX@std@@@2@$0A@@std@@@2@@Z 0042e8f0 f i Dictionary.obj
[...]
 0001:0008d158       __unwindfunclet$??6?$basic_ostream@_WU?$char_traits@_W@std@@@std@@QAEAAV01@_K@Z$3 0048e158 f   SecurityToken.obj
 0001:0008d160       __ehhandler$??6?$basic_ostream@_WU?$char_traits@_W@std@@@std@@QAEAAV01@_K@Z 0048e160 f   SecurityToken.obj
 0001:0008d180       __unwindfunclet$??BSecurityTokenKeyfile@CipherShed@@QBE?AUSecurityTokenKeyfilePath@1@XZ$0 0048e180 f   SecurityToken.obj
 0001:0008d18b       __unwindfunclet$??BSecurityTokenKeyfile@CipherShed@@QBE?AUSecurityTokenKeyfilePath@1@XZ$1 0048e18b f   SecurityToken.obj
 0001:0008d196       __unwindfunclet$??BSecurityTokenKeyfile@CipherShed@@QBE?AUSecurityTokenKeyfilePath@1@XZ$2 0048e196 f   SecurityToken.obj
 0001:0008d1b5       __ehhandler$??BSecurityTokenKeyfile@CipherShed@@QBE?AUSecurityTokenKeyfilePath@1@XZ 0048e1b5 f   SecurityToken.obj
 0001:0008d1e0       __unwindfunclet$?GetAvailableTokens@SecurityToken@CipherShed@@SA?AV?$list@USecurityTokenInfo@CipherShed@@V?$allocator@USecurityTokenInfo@CipherShed@@@std@@@std@@XZ$2 0048e1e0 f   SecurityToken.obj
 0001:0008d1f9       __unwindfunclet$?GetAvailableTokens@SecurityToken@CipherShed@@SA?AV?$list@USecurityTokenInfo@CipherShed@@V?$allocator@USecurityTokenInfo@CipherShed@@@std@@@std@@XZ$3 0048e1f9 f   SecurityToken.obj
 0001:0008d204       __unwindfunclet$?GetAvailableTokens@SecurityToken@CipherShed@@SA?AV?$list@USecurityTokenInfo@CipherShed@@V?$allocator@USecurityTokenInfo@CipherShed@@@std@@@std@@XZ$4 0048e204 f   SecurityToken.obj
 0001:0008d20c       __unwindfunclet$?GetAvailableTokens@SecurityToken@CipherShed@@SA?AV?$list@USecurityTokenInfo@CipherShed@@V?$allocator@USecurityTokenInfo@CipherShed@@@std@@@std@@XZ$6 0048e20c f   SecurityToken.obj
 0001:0008d214       __ehhandler$?GetAvailableTokens@SecurityToken@CipherShed@@SA?AV?$list@USecurityTokenInfo@CipherShed@@V?$allocator@USecurityTokenInfo@CipherShed@@@std@@@std@@XZ 0048e214 f   SecurityToken.obj
 0001:0008d240       __unwindfunclet$?LoginUserIfRequired@SecurityToken@CipherShed@@KAXK@Z$4 0048e240 f   SecurityToken.obj
 0001:0008d248       __unwindfunclet$?LoginUserIfRequired@SecurityToken@CipherShed@@KAXK@Z$5 0048e248 f   SecurityToken.obj
 0001:0008d250       __unwindfunclet$?LoginUserIfRequired@SecurityToken@CipherShed@@KAXK@Z$6 0048e250 f   SecurityToken.obj
 0001:0008d25b       __unwindfunclet$?LoginUserIfRequired@SecurityToken@CipherShed@@KAXK@Z$7 0048e25b f   SecurityToken.obj
 0001:0008d263       __unwindfunclet$?LoginUserIfRequired@SecurityToken@CipherShed@@KAXK@Z$8 0048e263 f   SecurityToken.obj
 0001:0008d26b       __ehhandler$?LoginUserIfRequired@SecurityToken@CipherShed@@KAXK@Z 0048e26b f   SecurityToken.obj
 0001:0008d2a0       __unwindfunclet$?InitLibrary@SecurityToken@CipherShed@@SAXABV?$basic_string@DU?$char_traits@D@std@@V?$allocator@D@2@@std@@V?$auto_ptr@UGetPinFunctor@CipherShed@@@4@V?$auto_ptr@USendExceptionFunctor@CipherShed@@@4@@Z$0 0048e2a0 f   SecurityToken.obj
 0001:0008d2a8       __unwindfunclet$?InitLibrary@SecurityToken@CipherShed@@SAXABV?$basic_string@DU?$char_traits@D@std@@V?$allocator@D@2@@std@@V?$auto_ptr@UGetPinFunctor@CipherShed@@@4@V?$auto_ptr@USendExceptionFunctor@CipherShed@@@4@@Z$1 0048e2a8 f   SecurityToken.obj
 0001:0008d2b0       __ehhandler$?InitLibrary@SecurityToken@CipherShed@@SAXABV?$basic_string@DU?$char_traits@D@std@@V?$allocator@D@2@@std@@V?$auto_ptr@UGetPinFunctor@CipherShed@@@4@V?$auto_ptr@USendExceptionFunctor@CipherShed@@@4@@Z 0048e2b0 f   SecurityToken.obj
 0001:0008d2d0       __unwindfunclet$??BPkcs11Exception@CipherShed@@QBE?AV?$basic_string@DU?$char_traits@D@std@@V?$allocator@D@2@@std@@XZ$0 0048e2d0 f   SecurityToken.obj
 0001:0008d2ef       __unwindfunclet$??BPkcs11Exception@CipherShed@@QBE?AV?$basic_string@DU?$char_traits@D@std@@V?$allocator@D@2@@std@@XZ$1 0048e2ef f   SecurityToken.obj
 0001:0008d2fa       __ehhandler$??BPkcs11Exception@CipherShed@@QBE?AV?$basic_string@DU?$char_traits@D@std@@V?$allocator@D@2@@std@@XZ 0048e2fa f   SecurityToken.obj
 0001:0008d320       __unwindfunclet$?Show@Pkcs11Exception@CipherShed@@UBEXPAUHWND__@@@Z$0 0048e320 f   SecurityToken.obj
 0001:0008d32b       __unwindfunclet$?Show@Pkcs11Exception@CipherShed@@UBEXPAUHWND__@@@Z$1 0048e32b f   SecurityToken.obj
 0001:0008d336       __unwindfunclet$?Show@Pkcs11Exception@CipherShed@@UBEXPAUHWND__@@@Z$2 0048e336 f   SecurityToken.obj
 0001:0008d341       __unwindfunclet$?Show@Pkcs11Exception@CipherShed@@UBEXPAUHWND__@@@Z$3 0048e341 f   SecurityToken.obj
 0001:0008d34c       __unwindfunclet$?Show@Pkcs11Exception@CipherShed@@UBEXPAUHWND__@@@Z$5 0048e34c f   SecurityToken.obj
 0001:0008d357       __unwindfunclet$?Show@Pkcs11Exception@CipherShed@@UBEXPAUHWND__@@@Z$6 0048e357 f   SecurityToken.obj
 0001:0008d362       __unwindfunclet$?Show@Pkcs11Exception@CipherShed@@UBEXPAUHWND__@@@Z$7 0048e362 f   SecurityToken.obj
 0001:0008d36d       __ehhandler$?Show@Pkcs11Exception@CipherShed@@UBEXPAUHWND__@@@Z 0048e36d f   SecurityToken.obj
 0001:0008d3a0       __unwindfunclet$?_Insert_n@?$vector@USecurityTokenKeyfile@CipherShed@@V?$allocator@USecurityTokenKeyfile@CipherShed@@@std@@@std@@IAEXV?$_Vector_const_iterator@USecurityTokenKeyfile@CipherShed@@V?$allocator@USecurityTokenKeyfile@CipherShed@@@std@@@2@IABUSecurityTokenKeyfile@CipherShed@@@Z$4 0048e3a0 f   SecurityToken.obj
 0001:0008d3ab       __unwindfunclet$?_Insert_n@?$vector@USecurityTokenKeyfile@CipherShed@@V?$allocator@USecurityTokenKeyfile@CipherShed@@@std@@@std@@IAEXV?$_Vector_const_iterator@USecurityTokenKeyfile@CipherShed@@V?$allocator@USecurityTokenKeyfile@CipherShed@@@std@@@2@IABUSecurityTokenKeyfile@CipherShed@@@Z$5 0048e3ab f   SecurityToken.obj
 0001:0008d3b3       __ehhandler$?_Insert_n@?$vector@USecurityTokenKeyfile@CipherShed@@V?$allocator@USecurityTokenKeyfile@CipherShed@@@std@@@std@@IAEXV?$_Vector_const_iterator@USecurityTokenKeyfile@CipherShed@@V?$allocator@USecurityTokenKeyfile@CipherShed@@@std@@@2@IABUSecurityTokenKeyfile@CipherShed@@@Z 0048e3b3 f   SecurityToken.obj
 0001:0008d3e0       __unwindfunclet$?GetAvailableKeyfiles@SecurityToken@CipherShed@@SA?AV?$vector@USecurityTokenKeyfile@CipherShed@@V?$allocator@USecurityTokenKeyfile@CipherShed@@@std@@@std@@PAKV?$basic_string@_WU?$char_traits@_W@std@@V?$allocator@_W@2@@4@@Z$3 0048e3e0 f   SecurityToken.obj
 0001:0008d3eb       __unwindfunclet$?GetAvailableKeyfiles@SecurityToken@CipherShed@@SA?AV?$vector@USecurityTokenKeyfile@CipherShed@@V?$allocator@USecurityTokenKeyfile@CipherShed@@@std@@@std@@PAKV?$basic_string@_WU?$char_traits@_W@std@@V?$allocator@_W@2@@4@@Z$4 0048e3eb f   SecurityToken.obj
 0001:0008d404       __unwindfunclet$?GetAvailableKeyfiles@SecurityToken@CipherShed@@SA?AV?$vector@USecurityTokenKeyfile@CipherShed@@V?$allocator@USecurityTokenKeyfile@CipherShed@@@std@@@std@@PAKV?$basic_string@_WU?$char_traits@_W@std@@V?$allocator@_W@2@@4@@Z$5 0048e404 f   SecurityToken.obj
 0001:0008d40f       __unwindfunclet$?GetAvailableKeyfiles@SecurityToken@CipherShed@@SA?AV?$vector@USecurityTokenKeyfile@CipherShed@@V?$allocator@USecurityTokenKeyfile@CipherShed@@@std@@@std@@PAKV?$basic_string@_WU?$char_traits@_W@std@@V?$allocator@_W@2@@4@@Z$6 0048e40f f   SecurityToken.obj
 0001:0008d41a       __unwindfunclet$?GetAvailableKeyfiles@SecurityToken@CipherShed@@SA?AV?$vector@USecurityTokenKeyfile@CipherShed@@V?$allocator@USecurityTokenKeyfile@CipherShed@@@std@@@std@@PAKV?$basic_string@_WU?$char_traits@_W@std@@V?$allocator@_W@2@@4@@Z$8 0048e41a f   SecurityToken.obj
 0001:0008d422       __unwindfunclet$?GetAvailableKeyfiles@SecurityToken@CipherShed@@SA?AV?$vector@USecurityTokenKeyfile@CipherShed@@V?$allocator@USecurityTokenKeyfile@CipherShed@@@std@@@std@@PAKV?$basic_string@_WU?$char_traits@_W@std@@V?$allocator@_W@2@@4@@Z$9 0048e422 f   SecurityToken.obj
 0001:0008d42d       __unwindfunclet$?GetAvailableKeyfiles@SecurityToken@CipherShed@@SA?AV?$vector@USecurityTokenKeyfile@CipherShed@@V?$allocator@USecurityTokenKeyfile@CipherShed@@@std@@@std@@PAKV?$basic_string@_WU?$char_traits@_W@std@@V?$allocator@_W@2@@4@@Z$10 0048e42d f   SecurityToken.obj
 0001:0008d438       __unwindfunclet$?GetAvailableKeyfiles@SecurityToken@CipherShed@@SA?AV?$vector@USecurityTokenKeyfile@CipherShed@@V?$allocator@USecurityTokenKeyfile@CipherShed@@@std@@@std@@PAKV?$basic_string@_WU?$char_traits@_W@std@@V?$allocator@_W@2@@4@@Z$11 0048e438 f   SecurityToken.obj
 0001:0008d443       __unwindfunclet$?GetAvailableKeyfiles@SecurityToken@CipherShed@@SA?AV?$vector@USecurityTokenKeyfile@CipherShed@@V?$allocator@USecurityTokenKeyfile@CipherShed@@@std@@@std@@PAKV?$basic_string@_WU?$char_traits@_W@std@@V?$allocator@_W@2@@4@@Z$13 0048e443 f   SecurityToken.obj
 0001:0008d44b       __unwindfunclet$?GetAvailableKeyfiles@SecurityToken@CipherShed@@SA?AV?$vector@USecurityTokenKeyfile@CipherShed@@V?$allocator@USecurityTokenKeyfile@CipherShed@@@std@@@std@@PAKV?$basic_string@_WU?$char_traits@_W@std@@V?$allocator@_W@2@@4@@Z$18 0048e44b f   SecurityToken.obj
 0001:0008d453       __unwindfunclet$?GetAvailableKeyfiles@SecurityToken@CipherShed@@SA?AV?$vector@USecurityTokenKeyfile@CipherShed@@V?$allocator@USecurityTokenKeyfile@CipherShed@@@std@@@std@@PAKV?$basic_string@_WU?$char_traits@_W@std@@V?$allocator@_W@2@@4@@Z$14 0048e453 f   SecurityToken.obj
 0001:0008d45b       __unwindfunclet$?GetAvailableKeyfiles@SecurityToken@CipherShed@@SA?AV?$vector@USecurityTokenKeyfile@CipherShed@@V?$allocator@USecurityTokenKeyfile@CipherShed@@@std@@@std@@PAKV?$basic_string@_WU?$char_traits@_W@std@@V?$allocator@_W@2@@4@@Z$21 0048e45b f   SecurityToken.obj
 0001:0008d463       __unwindfunclet$?GetAvailableKeyfiles@SecurityToken@CipherShed@@SA?AV?$vector@USecurityTokenKeyfile@CipherShed@@V?$allocator@USecurityTokenKeyfile@CipherShed@@@std@@@std@@PAKV?$basic_string@_WU?$char_traits@_W@std@@V?$allocator@_W@2@@4@@Z$15 0048e463 f   SecurityToken.obj
 0001:0008d46b       __unwindfunclet$?GetAvailableKeyfiles@SecurityToken@CipherShed@@SA?AV?$vector@USecurityTokenKeyfile@CipherShed@@V?$allocator@USecurityTokenKeyfile@CipherShed@@@std@@@std@@PAKV?$basic_string@_WU?$char_traits@_W@std@@V?$allocator@_W@2@@4@@Z$16 0048e46b f   SecurityToken.obj
 0001:0008d476       __unwindfunclet$?GetAvailableKeyfiles@SecurityToken@CipherShed@@SA?AV?$vector@USecurityTokenKeyfile@CipherShed@@V?$allocator@USecurityTokenKeyfile@CipherShed@@@std@@@std@@PAKV?$basic_string@_WU?$char_traits@_W@std@@V?$allocator@_W@2@@4@@Z$17 0048e476 f   SecurityToken.obj
 0001:0008d481       __ehhandler$?GetAvailableKeyfiles@SecurityToken@CipherShed@@SA?AV?$vector@USecurityTokenKeyfile@CipherShed@@V?$allocator@USecurityTokenKeyfile@CipherShed@@@std@@@std@@PAKV?$basic_string@_WU?$char_traits@_W@std@@V?$allocator@_W@2@@4@@Z 0048e481 f   SecurityToken.obj
 0001:0008d4b0       __unwindfunclet$??0SecurityTokenKeyfile@CipherShed@@QAE@ABUSecurityTokenKeyfilePath@1@@Z$0 0048e4b0 f   SecurityToken.obj
 0001:0008d4be       __unwindfunclet$??0SecurityTokenKeyfile@CipherShed@@QAE@ABUSecurityTokenKeyfilePath@1@@Z$1 0048e4be f   SecurityToken.obj
 0001:0008d4cc       __unwindfunclet$??0SecurityTokenKeyfile@CipherShed@@QAE@ABUSecurityTokenKeyfilePath@1@@Z$2 0048e4cc f   SecurityToken.obj
 0001:0008d4da       __unwindfunclet$??0SecurityTokenKeyfile@CipherShed@@QAE@ABUSecurityTokenKeyfilePath@1@@Z$3 0048e4da f   SecurityToken.obj
 0001:0008d4e5       __unwindfunclet$??0SecurityTokenKeyfile@CipherShed@@QAE@ABUSecurityTokenKeyfilePath@1@@Z$4 0048e4e5 f   SecurityToken.obj
 0001:0008d4ed       __unwindfunclet$??0SecurityTokenKeyfile@CipherShed@@QAE@ABUSecurityTokenKeyfilePath@1@@Z$5 0048e4ed f   SecurityToken.obj
 0001:0008d4f5       __unwindfunclet$??0SecurityTokenKeyfile@CipherShed@@QAE@ABUSecurityTokenKeyfilePath@1@@Z$6 0048e4f5 f   SecurityToken.obj
 0001:0008d4fd       __unwindfunclet$??0SecurityTokenKeyfile@CipherShed@@QAE@ABUSecurityTokenKeyfilePath@1@@Z$8 0048e4fd f   SecurityToken.obj
 0001:0008d505       __ehhandler$??0SecurityTokenKeyfile@CipherShed@@QAE@ABUSecurityTokenKeyfilePath@1@@Z 0048e505 f   SecurityToken.obj
 0001:0008d540       __unwindfunclet$?CreateKeyfile@SecurityToken@CipherShed@@SAXKAAV?$vector@EV?$allocator@E@std@@@std@@ABV?$basic_string@DU?$char_traits@D@std@@V?$allocator@D@2@@4@@Z$1 0048e540 f   SecurityToken.obj
 0001:0008d548       __unwindfunclet$?CreateKeyfile@SecurityToken@CipherShed@@SAXKAAV?$vector@EV?$allocator@E@std@@@std@@ABV?$basic_string@DU?$char_traits@D@std@@V?$allocator@D@2@@4@@Z$2 0048e548 f   SecurityToken.obj
 0001:0008d553       __unwindfunclet$?CreateKeyfile@SecurityToken@CipherShed@@SAXKAAV?$vector@EV?$allocator@E@std@@@std@@ABV?$basic_string@DU?$char_traits@D@std@@V?$allocator@D@2@@4@@Z$5 0048e553 f   SecurityToken.obj
 0001:0008d55e       __unwindfunclet$?CreateKeyfile@SecurityToken@CipherShed@@SAXKAAV?$vector@EV?$allocator@E@std@@@std@@ABV?$basic_string@DU?$char_traits@D@std@@V?$allocator@D@2@@4@@Z$6 0048e55e f   SecurityToken.obj
 0001:0008d569       __ehhandler$?CreateKeyfile@SecurityToken@CipherShed@@SAXKAAV?$vector@EV?$allocator@E@std@@@std@@ABV?$basic_string@DU?$char_traits@D@std@@V?$allocator@D@2@@4@@Z 0048e569 f   SecurityToken.obj
 0001:0008d590       __unwindfunclet$??0?$ContainerForward@V?$basic_string@DU?$char_traits@D@std@@V?$allocator@D@2@@std@@@ForEach@CipherShed@@QAE@ABV?$basic_string@DU?$char_traits@D@std@@V?$allocator@D@2@@std@@@Z$0 0048e590 f   csstringutil.obj
 0001:0008d598       __ehhandler$??0?$ContainerForward@V?$basic_string@DU?$char_traits@D@std@@V?$allocator@D@2@@std@@@ForEach@CipherShed@@QAE@ABV?$basic_string@DU?$char_traits@D@std@@V?$allocator@D@2@@std@@@Z 0048e598 f   csstringutil.obj
 0001:0008d5c0       __unwindfunclet$?ToUpperCase@@YA?AV?$basic_string@DU?$char_traits@D@std@@V?$allocator@D@2@@std@@ABV12@@Z$0 0048e5c0 f   csstringutil.obj
 0001:0008d5d9       __unwindfunclet$?ToUpperCase@@YA?AV?$basic_string@DU?$char_traits@D@std@@V?$allocator@D@2@@std@@ABV12@@Z$1 0048e5d9 f   csstringutil.obj
 0001:0008d5e1       __ehhandler$?ToUpperCase@@YA?AV?$basic_string@DU?$char_traits@D@std@@V?$allocator@D@2@@std@@ABV12@@Z 0048e5e1 f   csstringutil.obj
 0001:0008d610       __unwindfunclet$?HarddiskVolumePathToPartitionPath@@YA?AV?$basic_string@DU?$char_traits@D@std@@V?$allocator@D@2@@std@@ABV12@@Z$0 0048e610 f   volutil.obj
 0001:0008d61b       __unwindfunclet$?HarddiskVolumePathToPartitionPath@@YA?AV?$basic_string@DU?$char_traits@D@std@@V?$allocator@D@2@@std@@ABV12@@Z$1 0048e61b f   volutil.obj
 0001:0008d626       __ehhandler$?HarddiskVolumePathToPartitionPath@@YA?AV?$basic_string@DU?$char_traits@D@std@@V?$allocator@D@2@@std@@ABV12@@Z 0048e626 f   volutil.obj
 0001:0008d660       __unwindfunclet$?VolumeGuidPathToDevicePath@@YA?AV?$basic_string@DU?$char_traits@D@std@@V?$allocator@D@2@@std@@V12@@Z$0 0048e660 f   volutil.obj
 0001:0008d668       __unwindfunclet$?VolumeGuidPathToDevicePath@@YA?AV?$basic_string@DU?$char_traits@D@std@@V?$allocator@D@2@@std@@V12@@Z$1 0048e668 f   volutil.obj
 0001:0008d673       __unwindfunclet$?VolumeGuidPathToDevicePath@@YA?AV?$basic_string@DU?$char_traits@D@std@@V?$allocator@D@2@@std@@V12@@Z$4 0048e673 f   volutil.obj
 0001:0008d67e       __unwindfunclet$?VolumeGuidPathToDevicePath@@YA?AV?$basic_string@DU?$char_traits@D@std@@V?$allocator@D@2@@std@@V12@@Z$5 0048e67e f   volutil.obj
 0001:0008d689       __unwindfunclet$?VolumeGuidPathToDevicePath@@YA?AV?$basic_string@DU?$char_traits@D@std@@V?$allocator@D@2@@std@@V12@@Z$6 0048e689 f   volutil.obj
 0001:0008d6ab       __ehhandler$?VolumeGuidPathToDevicePath@@YA?AV?$basic_string@DU?$char_traits@D@std@@V?$allocator@D@2@@std@@V12@@Z 0048e6ab f   volutil.obj
 0001:0008d6d9       __unwindfunclet$?_Xran@_String_base@std@@SAXXZ$0 0048e6d9 f   libcpmt:string.obj
 0001:0008d6d9       __unwindfunclet$?_Xlen@_String_base@std@@SAXXZ$0 0048e6d9 f   libcpmt:string.obj
 0001:0008d6e1       __ehhandler$?_Xran@_String_base@std@@SAXXZ 0048e6e1 f   libcpmt:string.obj
 0001:0008d6e1       __ehhandler$?_Xlen@_String_base@std@@SAXXZ 0048e6e1 f   libcpmt:string.obj
 0001:0008d6fc       __unwindfunclet$?_Locimp_dtor@_Locimp@locale@std@@CAXPAV123@@Z$0 0048e6fc f   libcpmt:locale0.obj
 0001:0008d704       __ehhandler$?_Locimp_dtor@_Locimp@locale@std@@CAXPAV123@@Z 0048e704 f   libcpmt:locale0.obj
 0001:0008d71f       __unwindfunclet$??0_Locimp@locale@std@@AAE@_N@Z$0 0048e71f f   libcpmt:locale0.obj
 0001:0008d727       __ehhandler$??0_Locimp@locale@std@@AAE@_N@Z 0048e727 f   libcpmt:locale0.obj
 0001:0008d742       __unwindfunclet$??1_Locimp@locale@std@@MAE@XZ$0 0048e742 f   libcpmt:locale0.obj
 0001:0008d74a       __unwindfunclet$??1_Locimp@locale@std@@MAE@XZ$1 0048e74a f   libcpmt:locale0.obj
 0001:0008d755       __ehhandler$??1_Locimp@locale@std@@MAE@XZ 0048e755 f   libcpmt:locale0.obj
 0001:0008d770       __unwindfunclet$?_Init@locale@std@@CAPAV_Locimp@12@XZ$0 0048e770 f   libcpmt:locale0.obj
 0001:0008d778       __unwindfunclet$?_Init@locale@std@@CAPAV_Locimp@12@XZ$1 0048e778 f   libcpmt:locale0.obj
 0001:0008d782       __ehhandler$?_Init@locale@std@@CAPAV_Locimp@12@XZ 0048e782 f   libcpmt:locale0.obj
 0001:0008d79d       __ehhandler$?CallUnexpected@@YAXPBU_s_ESTypeList@@@Z 0048e79d f   LIBCMT:frame.obj
 0001:0008d7c0       ??__EDeferredNonSysInPlaceEncDevices@@YAXXZ 0048e7c0 f   Tcformat.obj
 0001:0008d830       ??__EStringKeyMap@@YAXXZ   0048e830 f   Dictionary.obj
 0001:0008d860       ??__EIntKeyMap@@YAXXZ      0048e860 f   Dictionary.obj
 0001:0008d890       ??__EExtraBootPartitionDevicePath@@YAXXZ 0048e890 f   Dlgcode.obj
 0001:0008d8a0       ??__E?PinCallback@SecurityToken@CipherShed@@1V?$auto_ptr@UGetPinFunctor@CipherShed@@@std@@A@@YAXXZ 0048e8a0 f   SecurityToken.obj
 0001:0008d8b0       ??__E?WarningCallback@SecurityToken@CipherShed@@1V?$auto_ptr@USendExceptionFunctor@CipherShed@@@std@@A@@YAXXZ 0048e8b0 f   SecurityToken.obj
 0001:0008d8c0       ??__E?Sessions@SecurityToken@CipherShed@@1V?$map@KUPkcs11Session@CipherShed@@U?$less@K@std@@V?$allocator@U?$pair@$$CBKUPkcs11Session@CipherShed@@@std@@@4@@std@@A@@YAXXZ 0048e8c0 f   SecurityToken.obj
 0001:0008d8e3       ??__Einitlocks@std@@YAXXZ  0048e8e3 f   libcpmt:xlock.obj
 0001:0008d8f9       ??__Eclassic_locale@std@@YAXXZ 0048e8f9 f   libcpmt:locale0.obj
 0001:0008d905       ??__Einitlocks@std@@YAXXZ  0048e905 f   libcpmt:iosptrs.obj
 0001:0008d91b       ??__Einit_atexit@@YAXXZ    0048e91b f   libcpmt:iosptrs.obj
 0001:0008d930       ??__FDeferredNonSysInPlaceEncDevices@@YAXXZ 0048e930 f   Tcformat.obj
 0001:0008d940       ??__FIntKeyMap@@YAXXZ      0048e940 f   Dictionary.obj
 0001:0008d950       ??__FStringKeyMap@@YAXXZ   0048e950 f   Dictionary.obj
 0001:0008d960       ??__FExtraBootPartitionDevicePath@@YAXXZ 0048e960 f   Dlgcode.obj
 0001:0008d990       ??__Fdevices@?1??RawDevicesDlgProc@@9@16@YAXXZ 0048e990 f   Dlgcode.obj
 0001:0008d9a0       ??__Fkeyfiles@?1??SecurityTokenKeyfileDlgProc@@9@16@YAXXZ 0048e9a0 f   Dlgcode.obj
 0001:0008da00       ??__FitemToDeviceMap@?1??RawDevicesDlgProc@@9@16@YAXXZ 0048ea00 f   Dlgcode.obj
 0001:0008da10       ??__F?PinCallback@SecurityToken@CipherShed@@1V?$auto_ptr@UGetPinFunctor@CipherShed@@@std@@A@@YAXXZ 0048ea10 f   SecurityToken.obj
 0001:0008da30       ??__F?WarningCallback@SecurityToken@CipherShed@@1V?$auto_ptr@USendExceptionFunctor@CipherShed@@@std@@A@@YAXXZ 0048ea30 f   SecurityToken.obj
 0001:0008da50       ??__F?Sessions@SecurityToken@CipherShed@@1V?$map@KUPkcs11Session@CipherShed@@U?$less@K@std@@V?$allocator@U?$pair@$$CBKUPkcs11Session@CipherShed@@@std@@@4@@std@@A@@YAXXZ 0048ea50 f   SecurityToken.obj
 0001:0008da5a       ??__Finitlocks@std@@YAXXZ  0048ea5a f   libcpmt:xlock.obj
 0001:0008da64       ??__Fclassic_locale@std@@YAXXZ 0048ea64 f   libcpmt:locale0.obj
 0001:0008da6e       ??__Finitlocks@std@@YAXXZ  0048ea6e f   libcpmt:iosptrs.obj
 0001:0008da78       ??__Finit_atexit@@YAXXZ    0048ea78 f   libcpmt:iosptrs.obj
 0001:0008da82       ??__Fnomem@?5???2@YAPAXI@Z@YAXXZ 0048ea82 f   LIBCMT:new.obj
